<?xml version="1.0" encoding="utf-8"?>
<CoverageSession xmlns:xsd="http://www.w3.org/2001/XMLSchema" xmlns:xsi="http://www.w3.org/2001/XMLSchema-instance">
  <Summary numSequencePoints="1733" visitedSequencePoints="16" numBranchPoints="953" visitedBranchPoints="7" sequenceCoverage="0.92" branchCoverage="0.73" maxCyclomaticComplexity="22" minCyclomaticComplexity="1" visitedClasses="2" numClasses="50" visitedMethods="6" numMethods="214" />
  <Modules>
    <Module skippedDueTo="Filter" hash="4C-39-F2-37-40-B1-C4-8A-F9-84-DB-18-56-B5-F9-F6-90-0B-5C-58">
      <FullName>C:\Windows\assembly\GAC_64\mscorlib\2.0.0.0__b77a5c561934e089\mscorlib.dll</FullName>
      <ModuleName>mscorlib</ModuleName>
      <Classes />
    </Module>
    <Module skippedDueTo="Filter" hash="F9-04-A8-31-CD-FB-23-72-95-63-5D-14-9A-A0-66-8E-7F-44-93-7A">
      <FullName>C:\Windows\assembly\GAC_64\mscorlib\2.0.0.0__b77a5c561934e089\sorttbls.nlp</FullName>
      <ModuleName>mscorlib</ModuleName>
      <Classes />
    </Module>
    <Module skippedDueTo="Filter" hash="6E-30-2E-50-36-FB-60-2C-8E-50-C0-83-54-8B-CC-EA-A8-91-B6-CC">
      <FullName>C:\Windows\assembly\GAC_64\mscorlib\2.0.0.0__b77a5c561934e089\sortkey.nlp</FullName>
      <ModuleName>mscorlib</ModuleName>
      <Classes />
    </Module>
    <Module skippedDueTo="Filter" hash="9F-C3-2E-51-B5-EB-69-B9-60-21-42-1F-17-25-12-07-16-11-20-50">
      <FullName>E:\GitHub\RMWebAPI\packages\NUnit.Runners.2.6.4\tools\nunit-console.exe</FullName>
      <ModuleName>nunit-console</ModuleName>
      <Classes />
    </Module>
    <Module skippedDueTo="Filter" hash="F2-ED-FF-09-01-C9-D7-BC-29-AC-A6-93-C5-97-8A-0D-43-DD-8D-F2">
      <FullName>E:\GitHub\RMWebAPI\packages\NUnit.Runners.2.6.4\tools\lib\nunit-console-runner.dll</FullName>
      <ModuleName>nunit-console-runner</ModuleName>
      <Classes />
    </Module>
    <Module skippedDueTo="Filter" hash="36-B9-FF-C0-07-EA-59-4D-23-2E-FD-CD-5A-45-CF-C0-2C-42-2A-98">
      <FullName>E:\GitHub\RMWebAPI\packages\NUnit.Runners.2.6.4\tools\lib\nunit.core.dll</FullName>
      <ModuleName>nunit.core</ModuleName>
      <Classes />
    </Module>
    <Module skippedDueTo="Filter" hash="14-C3-4B-3E-39-7A-EE-C0-B9-2F-83-44-2F-04-8A-F7-48-7B-67-DE">
      <FullName>E:\GitHub\RMWebAPI\packages\NUnit.Runners.2.6.4\tools\lib\nunit.util.dll</FullName>
      <ModuleName>nunit.util</ModuleName>
      <Classes />
    </Module>
    <Module skippedDueTo="Filter" hash="5E-95-A6-AD-88-48-98-B1-62-7F-4E-5A-C1-0E-F3-B7-85-56-44-E8">
      <FullName>E:\GitHub\RMWebAPI\packages\NUnit.Runners.2.6.4\tools\lib\nunit.core.interfaces.dll</FullName>
      <ModuleName>nunit.core.interfaces</ModuleName>
      <Classes />
    </Module>
    <Module skippedDueTo="Filter" hash="55-BA-A4-A1-F6-E9-77-45-55-59-ED-C2-F7-90-65-6A-E2-0A-F0-D1">
      <FullName>C:\Windows\assembly\GAC_MSIL\System.Configuration\2.0.0.0__b03f5f7f11d50a3a\System.Configuration.dll</FullName>
      <ModuleName>System.Configuration</ModuleName>
      <Classes />
    </Module>
    <Module skippedDueTo="Filter" hash="5B-58-14-72-A0-28-85-4B-B5-A1-BA-11-BB-9D-9D-05-65-A3-5E-54">
      <FullName>C:\Windows\assembly\GAC_MSIL\System\2.0.0.0__b77a5c561934e089\System.dll</FullName>
      <ModuleName>System</ModuleName>
      <Classes />
    </Module>
    <Module skippedDueTo="Filter" hash="06-27-0C-FC-C3-23-F5-AA-2C-D5-FE-4B-08-2E-CE-01-09-7B-2F-D1">
      <FullName>C:\Windows\assembly\GAC_MSIL\System.Xml\2.0.0.0__b77a5c561934e089\System.Xml.dll</FullName>
      <ModuleName>System.Xml</ModuleName>
      <Classes />
    </Module>
    <Module skippedDueTo="Filter" hash="CB-29-2C-91-2E-AE-28-D8-A5-84-C7-B9-DB-F2-0B-51-CC-CD-72-80">
      <FullName>C:\Windows\assembly\GAC_MSIL\System.Runtime.Remoting\2.0.0.0__b77a5c561934e089\System.Runtime.Remoting.dll</FullName>
      <ModuleName>System.Runtime.Remoting</ModuleName>
      <Classes />
    </Module>
    <Module skippedDueTo="Filter" hash="1C-14-EF-7D-5A-01-7B-5A-59-2C-0B-20-CA-15-5F-9F-6F-18-E5-6C">
      <FullName>C:\Windows\Microsoft.Net\assembly\GAC_64\mscorlib\v4.0_4.0.0.0__b77a5c561934e089\mscorlib.dll</FullName>
      <ModuleName>mscorlib</ModuleName>
      <Classes />
    </Module>
    <Module skippedDueTo="Filter" hash="E8-07-A4-A1-06-33-5B-A6-17-CF-DC-6F-28-47-58-85-D6-9F-6B-46">
      <FullName>E:\GitHub\RMWebAPI\packages\NUnit.Runners.2.6.4\tools\nunit-agent.exe</FullName>
      <ModuleName>nunit-agent</ModuleName>
      <Classes />
    </Module>
    <Module skippedDueTo="Filter" hash="04-DF-13-16-0B-F4-57-A9-D9-9C-5A-63-DC-51-CD-BF-FD-3A-AF-DA">
      <FullName>C:\Windows\Microsoft.Net\assembly\GAC_MSIL\System\v4.0_4.0.0.0__b77a5c561934e089\System.dll</FullName>
      <ModuleName>System</ModuleName>
      <Classes />
    </Module>
    <Module skippedDueTo="Filter" hash="ED-BE-5C-45-66-32-AB-2E-1E-B4-6F-0D-47-35-C3-3C-95-AA-09-B3">
      <FullName>C:\Windows\Microsoft.Net\assembly\GAC_MSIL\System.Runtime.Remoting\v4.0_4.0.0.0__b77a5c561934e089\System.Runtime.Remoting.dll</FullName>
      <ModuleName>System.Runtime.Remoting</ModuleName>
      <Classes />
    </Module>
    <Module skippedDueTo="Filter" hash="3B-FD-DC-EB-D9-C6-34-64-C7-D5-6A-D1-A0-04-93-80-2B-B0-C7-73">
      <FullName>C:\Windows\Microsoft.Net\assembly\GAC_MSIL\System.Configuration\v4.0_4.0.0.0__b03f5f7f11d50a3a\System.Configuration.dll</FullName>
      <ModuleName>System.Configuration</ModuleName>
      <Classes />
    </Module>
    <Module skippedDueTo="Filter" hash="2C-B8-8B-0E-27-14-38-8E-71-A5-1D-A0-EE-33-D9-22-5F-A4-AF-79">
      <FullName>C:\Windows\Microsoft.Net\assembly\GAC_MSIL\System.Xml\v4.0_4.0.0.0__b77a5c561934e089\System.Xml.dll</FullName>
      <ModuleName>System.Xml</ModuleName>
      <Classes />
    </Module>
    <Module skippedDueTo="Filter" hash="2A-DA-02-12-E3-84-C9-D6-7E-6C-96-EC-6A-BF-C7-79-BE-E1-90-F3">
      <FullName>C:\Windows\Microsoft.Net\assembly\GAC_64\System.Web\v4.0_4.0.0.0__b03f5f7f11d50a3a\System.Web.dll</FullName>
      <ModuleName>System.Web</ModuleName>
      <Classes />
    </Module>
    <Module skippedDueTo="Filter" hash="F0-D8-E5-F3-92-9D-DD-88-FB-F0-1F-35-BE-A4-55-4B-28-80-8F-88">
      <FullName>C:\Windows\assembly\GAC_64\System.Web\2.0.0.0__b03f5f7f11d50a3a\System.Web.dll</FullName>
      <ModuleName>System.Web</ModuleName>
      <Classes />
    </Module>
    <Module skippedDueTo="Filter" hash="53-25-23-C6-63-70-35-C6-0C-82-04-1A-0A-BF-1A-E7-1F-EA-74-A3">
      <FullName>E:\GitHub\RMWebAPI\packages\NUnit.Runners.2.6.4\tools\pnunit.framework.dll</FullName>
      <ModuleName>pnunit.framework</ModuleName>
      <Classes />
    </Module>
    <Module skippedDueTo="Filter" hash="21-69-E9-47-C6-F8-02-12-31-E6-18-DE-8E-43-24-C9-AB-F7-C2-BE">
      <FullName>E:\GitHub\RMWebAPI\packages\NUnit.Runners.2.6.4\tools\pnunit-agent.exe</FullName>
      <ModuleName>pnunit-agent</ModuleName>
      <Classes />
    </Module>
    <Module skippedDueTo="Filter" hash="9D-47-AC-28-8F-F8-C9-23-4B-81-9B-0D-D5-E9-1C-5D-AD-D6-DE-E7">
      <FullName>E:\GitHub\RMWebAPI\RMWebAPI.Tests\bin\Debug\RMWebAPI.Tests.dll</FullName>
      <ModuleName>RMWebAPI.Tests</ModuleName>
      <Classes />
    </Module>
    <Module skippedDueTo="Filter" hash="A2-D0-DB-C9-20-FB-37-90-D4-D6-25-E5-C4-7B-E0-42-CA-32-C0-51">
      <FullName>E:\GitHub\RMWebAPI\RMWebAPI.Tests\bin\Debug\nunit.framework.dll</FullName>
      <ModuleName>nunit.framework</ModuleName>
      <Classes />
    </Module>
    <Module hash="E4-D8-3C-EF-3E-B5-66-75-D3-EA-40-EE-C7-DE-7E-CC-B9-DF-68-56">
      <Summary numSequencePoints="1733" visitedSequencePoints="16" numBranchPoints="953" visitedBranchPoints="7" sequenceCoverage="0.92" branchCoverage="0.73" maxCyclomaticComplexity="22" minCyclomaticComplexity="1" visitedClasses="2" numClasses="50" visitedMethods="6" numMethods="214" />
      <FullName>E:\GitHub\RMWebAPI\RMWebAPI.Tests\bin\Debug\RMWebAPI.dll</FullName>
      <ModuleName>RMWebAPI</ModuleName>
      <Files>
        <File uid="1" fullPath="e:\GitHub\RMWebAPI\RMWebAPI\App_Start\BundleConfig.cs" />
        <File uid="2" fullPath="e:\GitHub\RMWebAPI\RMWebAPI\App_Start\FilterConfig.cs" />
        <File uid="3" fullPath="e:\GitHub\RMWebAPI\RMWebAPI\App_Start\IdentityConfig.cs" />
        <File uid="4" fullPath="e:\GitHub\RMWebAPI\RMWebAPI\App_Start\RouteConfig.cs" />
        <File uid="5" fullPath="e:\GitHub\RMWebAPI\RMWebAPI\App_Start\Startup.Auth.cs" />
        <File uid="6" fullPath="e:\GitHub\RMWebAPI\RMWebAPI\Startup.cs" />
        <File uid="7" fullPath="e:\GitHub\RMWebAPI\RMWebAPI\App_Start\WebApiConfig.cs" />
        <File uid="8" fullPath="e:\GitHub\RMWebAPI\RMWebAPI\Areas\HelpPage\ApiDescriptionExtensions.cs" />
        <File uid="9" fullPath="e:\GitHub\RMWebAPI\RMWebAPI\Areas\HelpPage\App_Start\HelpPageConfig.cs" />
        <File uid="10" fullPath="e:\GitHub\RMWebAPI\RMWebAPI\Areas\HelpPage\Controllers\HelpController.cs" />
        <File uid="11" fullPath="e:\GitHub\RMWebAPI\RMWebAPI\Areas\HelpPage\HelpPageAreaRegistration.cs" />
        <File uid="12" fullPath="e:\GitHub\RMWebAPI\RMWebAPI\Areas\HelpPage\HelpPageConfigurationExtensions.cs" />
        <File uid="16" fullPath="e:\GitHub\RMWebAPI\RMWebAPI\Areas\HelpPage\ModelDescriptions\ComplexTypeModelDescription.cs" />
        <File uid="17" fullPath="e:\GitHub\RMWebAPI\RMWebAPI\Areas\HelpPage\ModelDescriptions\EnumTypeModelDescription.cs" />
        <File uid="18" fullPath="e:\GitHub\RMWebAPI\RMWebAPI\Areas\HelpPage\ModelDescriptions\ModelDescriptionGenerator.cs" />
        <File uid="20" fullPath="e:\GitHub\RMWebAPI\RMWebAPI\Areas\HelpPage\ModelDescriptions\ModelNameAttribute.cs" />
        <File uid="21" fullPath="e:\GitHub\RMWebAPI\RMWebAPI\Areas\HelpPage\ModelDescriptions\ModelNameHelper.cs" />
        <File uid="22" fullPath="e:\GitHub\RMWebAPI\RMWebAPI\Areas\HelpPage\ModelDescriptions\ParameterDescription.cs" />
        <File uid="23" fullPath="e:\GitHub\RMWebAPI\RMWebAPI\Areas\HelpPage\Models\HelpPageApiModel.cs" />
        <File uid="24" fullPath="e:\GitHub\RMWebAPI\RMWebAPI\Areas\HelpPage\SampleGeneration\HelpPageSampleGenerator.cs" />
        <File uid="26" fullPath="e:\GitHub\RMWebAPI\RMWebAPI\Areas\HelpPage\SampleGeneration\HelpPageSampleKey.cs" />
        <File uid="27" fullPath="e:\GitHub\RMWebAPI\RMWebAPI\Areas\HelpPage\SampleGeneration\ImageSample.cs" />
        <File uid="28" fullPath="e:\GitHub\RMWebAPI\RMWebAPI\Areas\HelpPage\SampleGeneration\InvalidSample.cs" />
        <File uid="29" fullPath="e:\GitHub\RMWebAPI\RMWebAPI\Areas\HelpPage\SampleGeneration\ObjectGenerator.cs" />
        <File uid="31" fullPath="e:\GitHub\RMWebAPI\RMWebAPI\Areas\HelpPage\SampleGeneration\TextSample.cs" />
        <File uid="32" fullPath="e:\GitHub\RMWebAPI\RMWebAPI\Areas\HelpPage\XmlDocumentationProvider.cs" />
        <File uid="33" fullPath="e:\GitHub\RMWebAPI\RMWebAPI\Controllers\AccountController.cs" />
        <File uid="44" fullPath="e:\GitHub\RMWebAPI\RMWebAPI\Controllers\HomeController.cs" />
        <File uid="45" fullPath="e:\GitHub\RMWebAPI\RMWebAPI\Controllers\ValuesController.cs" />
        <File uid="46" fullPath="e:\GitHub\RMWebAPI\RMWebAPI\Global.asax.cs" />
        <File uid="47" fullPath="e:\GitHub\RMWebAPI\RMWebAPI\Models\IdentityModels.cs" />
        <File uid="49" fullPath="e:\GitHub\RMWebAPI\RMWebAPI\Providers\ApplicationOAuthProvider.cs" />
        <File uid="51" fullPath="e:\GitHub\RMWebAPI\RMWebAPI\Results\ChallengeResult.cs" />
      </Files>
      <Classes>
        <Class>
          <Summary numSequencePoints="0" visitedSequencePoints="0" numBranchPoints="0" visitedBranchPoints="0" sequenceCoverage="0" branchCoverage="0" maxCyclomaticComplexity="0" minCyclomaticComplexity="0" visitedClasses="0" numClasses="0" visitedMethods="0" numMethods="0" />
          <FullName>&lt;Module&gt;</FullName>
          <Methods />
        </Class>
        <Class>
          <Summary numSequencePoints="6" visitedSequencePoints="0" numBranchPoints="1" visitedBranchPoints="0" sequenceCoverage="0" branchCoverage="0" maxCyclomaticComplexity="1" minCyclomaticComplexity="1" visitedClasses="0" numClasses="1" visitedMethods="0" numMethods="1" />
          <FullName>RMWebAPI.BundleConfig</FullName>
          <Methods>
            <Method visited="false" cyclomaticComplexity="1" sequenceCoverage="0" branchCoverage="0" isConstructor="false" isStatic="true" isGetter="false" isSetter="false">
              <Summary numSequencePoints="6" visitedSequencePoints="0" numBranchPoints="1" visitedBranchPoints="0" sequenceCoverage="0" branchCoverage="0" maxCyclomaticComplexity="1" minCyclomaticComplexity="1" visitedClasses="0" numClasses="0" visitedMethods="0" numMethods="1" />
              <MetadataToken>100663297</MetadataToken>
              <Name>System.Void RMWebAPI.BundleConfig::RegisterBundles(System.Web.Optimization.BundleCollection)</Name>
              <FileRef uid="1" />
              <SequencePoints>
                <SequencePoint vc="0" uspid="1" ordinal="0" offset="0" sl="10" sc="9" el="10" ec="10" bec="0" bev="0" fileid="1" />
                <SequencePoint vc="0" uspid="2" ordinal="1" offset="1" sl="11" sc="13" el="12" ec="59" bec="0" bev="0" fileid="1" />
                <SequencePoint vc="0" uspid="3" ordinal="2" offset="34" sl="16" sc="13" el="17" ec="51" bec="0" bev="0" fileid="1" />
                <SequencePoint vc="0" uspid="4" ordinal="3" offset="67" sl="19" sc="13" el="21" ec="48" bec="0" bev="0" fileid="1" />
                <SequencePoint vc="0" uspid="5" ordinal="4" offset="113" sl="23" sc="13" el="25" ec="46" bec="0" bev="0" fileid="1" />
                <SequencePoint vc="0" uspid="6" ordinal="5" offset="159" sl="26" sc="9" el="26" ec="10" bec="0" bev="0" fileid="1" />
              </SequencePoints>
              <BranchPoints />
              <MethodPoint xsi:type="SequencePoint" vc="0" uspid="1" ordinal="0" offset="0" sl="10" sc="9" el="10" ec="10" bec="0" bev="0" fileid="1" />
            </Method>
            <Method visited="false" cyclomaticComplexity="1" sequenceCoverage="0" branchCoverage="0" isConstructor="true" isStatic="false" isGetter="false" isSetter="false">
              <Summary numSequencePoints="0" visitedSequencePoints="0" numBranchPoints="0" visitedBranchPoints="0" sequenceCoverage="0" branchCoverage="0" maxCyclomaticComplexity="1" minCyclomaticComplexity="1" visitedClasses="0" numClasses="0" visitedMethods="0" numMethods="0" />
              <MetadataToken>100663298</MetadataToken>
              <Name>System.Void RMWebAPI.BundleConfig::.ctor()</Name>
              <SequencePoints />
              <BranchPoints />
              <MethodPoint vc="0" uspid="7" ordinal="0" offset="0" />
            </Method>
          </Methods>
        </Class>
        <Class>
          <Summary numSequencePoints="3" visitedSequencePoints="0" numBranchPoints="1" visitedBranchPoints="0" sequenceCoverage="0" branchCoverage="0" maxCyclomaticComplexity="1" minCyclomaticComplexity="1" visitedClasses="0" numClasses="1" visitedMethods="0" numMethods="1" />
          <FullName>RMWebAPI.FilterConfig</FullName>
          <Methods>
            <Method visited="false" cyclomaticComplexity="1" sequenceCoverage="0" branchCoverage="0" isConstructor="false" isStatic="true" isGetter="false" isSetter="false">
              <Summary numSequencePoints="3" visitedSequencePoints="0" numBranchPoints="1" visitedBranchPoints="0" sequenceCoverage="0" branchCoverage="0" maxCyclomaticComplexity="1" minCyclomaticComplexity="1" visitedClasses="0" numClasses="0" visitedMethods="0" numMethods="1" />
              <MetadataToken>100663299</MetadataToken>
              <Name>System.Void RMWebAPI.FilterConfig::RegisterGlobalFilters(System.Web.Mvc.GlobalFilterCollection)</Name>
              <FileRef uid="2" />
              <SequencePoints>
                <SequencePoint vc="0" uspid="8" ordinal="0" offset="0" sl="9" sc="9" el="9" ec="10" bec="0" bev="0" fileid="2" />
                <SequencePoint vc="0" uspid="9" ordinal="1" offset="1" sl="10" sc="13" el="10" ec="53" bec="0" bev="0" fileid="2" />
                <SequencePoint vc="0" uspid="10" ordinal="2" offset="13" sl="11" sc="9" el="11" ec="10" bec="0" bev="0" fileid="2" />
              </SequencePoints>
              <BranchPoints />
              <MethodPoint xsi:type="SequencePoint" vc="0" uspid="8" ordinal="0" offset="0" sl="9" sc="9" el="9" ec="10" bec="0" bev="0" fileid="2" />
            </Method>
            <Method visited="false" cyclomaticComplexity="1" sequenceCoverage="0" branchCoverage="0" isConstructor="true" isStatic="false" isGetter="false" isSetter="false">
              <Summary numSequencePoints="0" visitedSequencePoints="0" numBranchPoints="0" visitedBranchPoints="0" sequenceCoverage="0" branchCoverage="0" maxCyclomaticComplexity="1" minCyclomaticComplexity="1" visitedClasses="0" numClasses="0" visitedMethods="0" numMethods="0" />
              <MetadataToken>100663300</MetadataToken>
              <Name>System.Void RMWebAPI.FilterConfig::.ctor()</Name>
              <SequencePoints />
              <BranchPoints />
              <MethodPoint vc="0" uspid="11" ordinal="0" offset="0" />
            </Method>
          </Methods>
        </Class>
        <Class>
          <Summary numSequencePoints="14" visitedSequencePoints="0" numBranchPoints="4" visitedBranchPoints="0" sequenceCoverage="0" branchCoverage="0" maxCyclomaticComplexity="2" minCyclomaticComplexity="1" visitedClasses="0" numClasses="1" visitedMethods="0" numMethods="2" />
          <FullName>RMWebAPI.ApplicationUserManager</FullName>
          <Methods>
            <Method visited="false" cyclomaticComplexity="1" sequenceCoverage="0" branchCoverage="0" isConstructor="true" isStatic="false" isGetter="false" isSetter="false">
              <Summary numSequencePoints="3" visitedSequencePoints="0" numBranchPoints="1" visitedBranchPoints="0" sequenceCoverage="0" branchCoverage="0" maxCyclomaticComplexity="1" minCyclomaticComplexity="1" visitedClasses="0" numClasses="0" visitedMethods="0" numMethods="1" />
              <MetadataToken>100663301</MetadataToken>
              <Name>System.Void RMWebAPI.ApplicationUserManager::.ctor(Microsoft.AspNet.Identity.IUserStore`1&lt;RMWebAPI.Models.ApplicationUser&gt;)</Name>
              <FileRef uid="3" />
              <SequencePoints>
                <SequencePoint vc="0" uspid="12" ordinal="0" offset="0" sl="14" sc="9" el="15" ec="26" bec="0" bev="0" fileid="3" />
                <SequencePoint vc="0" uspid="13" ordinal="1" offset="8" sl="16" sc="9" el="16" ec="10" bec="0" bev="0" fileid="3" />
                <SequencePoint vc="0" uspid="14" ordinal="2" offset="9" sl="17" sc="9" el="17" ec="10" bec="0" bev="0" fileid="3" />
              </SequencePoints>
              <BranchPoints />
              <MethodPoint xsi:type="SequencePoint" vc="0" uspid="12" ordinal="0" offset="0" sl="14" sc="9" el="15" ec="26" bec="0" bev="0" fileid="3" />
            </Method>
            <Method visited="false" cyclomaticComplexity="2" sequenceCoverage="0" branchCoverage="0" isConstructor="false" isStatic="true" isGetter="false" isSetter="false">
              <Summary numSequencePoints="11" visitedSequencePoints="0" numBranchPoints="3" visitedBranchPoints="0" sequenceCoverage="0" branchCoverage="0" maxCyclomaticComplexity="2" minCyclomaticComplexity="2" visitedClasses="0" numClasses="0" visitedMethods="0" numMethods="1" />
              <MetadataToken>100663302</MetadataToken>
              <Name>RMWebAPI.ApplicationUserManager RMWebAPI.ApplicationUserManager::Create(Microsoft.AspNet.Identity.Owin.IdentityFactoryOptions`1&lt;RMWebAPI.ApplicationUserManager&gt;,Microsoft.Owin.IOwinContext)</Name>
              <FileRef uid="3" />
              <SequencePoints>
                <SequencePoint vc="0" uspid="15" ordinal="0" offset="0" sl="20" sc="9" el="20" ec="10" bec="0" bev="0" fileid="3" />
                <SequencePoint vc="0" uspid="16" ordinal="1" offset="1" sl="21" sc="13" el="21" ec="123" bec="0" bev="0" fileid="3" />
                <SequencePoint vc="0" uspid="17" ordinal="2" offset="18" sl="23" sc="13" el="27" ec="15" bec="0" bev="0" fileid="3" />
                <SequencePoint vc="0" uspid="18" ordinal="3" offset="49" sl="29" sc="13" el="36" ec="15" bec="0" bev="0" fileid="3" />
                <SequencePoint vc="0" uspid="19" ordinal="4" offset="103" sl="37" sc="13" el="37" ec="73" bec="0" bev="0" fileid="3" />
                <SequencePoint vc="0" uspid="20" ordinal="5" offset="110" sl="38" sc="13" el="38" ec="48" bec="2" bev="0" fileid="3" />
                <SequencePoint vc="0" uspid="21" ordinal="6" offset="120" sl="39" sc="13" el="39" ec="14" bec="0" bev="0" fileid="3" />
                <SequencePoint vc="0" uspid="22" ordinal="7" offset="121" sl="40" sc="17" el="40" ec="144" bec="0" bev="0" fileid="3" />
                <SequencePoint vc="0" uspid="23" ordinal="8" offset="158" sl="41" sc="13" el="41" ec="14" bec="0" bev="0" fileid="3" />
                <SequencePoint vc="0" uspid="24" ordinal="9" offset="159" sl="42" sc="13" el="42" ec="28" bec="0" bev="0" fileid="3" />
                <SequencePoint vc="0" uspid="25" ordinal="10" offset="164" sl="43" sc="9" el="43" ec="10" bec="0" bev="0" fileid="3" />
              </SequencePoints>
              <BranchPoints>
                <BranchPoint vc="0" uspid="26" ordinal="0" offset="118" sl="38" path="0" offsetend="120" fileid="3" />
                <BranchPoint vc="0" uspid="27" ordinal="1" offset="118" sl="38" path="1" offsetend="159" fileid="3" />
              </BranchPoints>
              <MethodPoint xsi:type="SequencePoint" vc="0" uspid="15" ordinal="0" offset="0" sl="20" sc="9" el="20" ec="10" bec="0" bev="0" fileid="3" />
            </Method>
          </Methods>
        </Class>
        <Class>
          <Summary numSequencePoints="4" visitedSequencePoints="0" numBranchPoints="1" visitedBranchPoints="0" sequenceCoverage="0" branchCoverage="0" maxCyclomaticComplexity="1" minCyclomaticComplexity="1" visitedClasses="0" numClasses="1" visitedMethods="0" numMethods="1" />
          <FullName>RMWebAPI.RouteConfig</FullName>
          <Methods>
            <Method visited="false" cyclomaticComplexity="1" sequenceCoverage="0" branchCoverage="0" isConstructor="false" isStatic="true" isGetter="false" isSetter="false">
              <Summary numSequencePoints="4" visitedSequencePoints="0" numBranchPoints="1" visitedBranchPoints="0" sequenceCoverage="0" branchCoverage="0" maxCyclomaticComplexity="1" minCyclomaticComplexity="1" visitedClasses="0" numClasses="0" visitedMethods="0" numMethods="1" />
              <MetadataToken>100663303</MetadataToken>
              <Name>System.Void RMWebAPI.RouteConfig::RegisterRoutes(System.Web.Routing.RouteCollection)</Name>
              <FileRef uid="4" />
              <SequencePoints>
                <SequencePoint vc="0" uspid="28" ordinal="0" offset="0" sl="13" sc="9" el="13" ec="10" bec="0" bev="0" fileid="4" />
                <SequencePoint vc="0" uspid="29" ordinal="1" offset="1" sl="14" sc="13" el="14" ec="62" bec="0" bev="0" fileid="4" />
                <SequencePoint vc="0" uspid="30" ordinal="2" offset="13" sl="16" sc="13" el="20" ec="15" bec="0" bev="0" fileid="4" />
                <SequencePoint vc="0" uspid="31" ordinal="3" offset="50" sl="21" sc="9" el="21" ec="10" bec="0" bev="0" fileid="4" />
              </SequencePoints>
              <BranchPoints />
              <MethodPoint xsi:type="SequencePoint" vc="0" uspid="28" ordinal="0" offset="0" sl="13" sc="9" el="13" ec="10" bec="0" bev="0" fileid="4" />
            </Method>
            <Method visited="false" cyclomaticComplexity="1" sequenceCoverage="0" branchCoverage="0" isConstructor="true" isStatic="false" isGetter="false" isSetter="false">
              <Summary numSequencePoints="0" visitedSequencePoints="0" numBranchPoints="0" visitedBranchPoints="0" sequenceCoverage="0" branchCoverage="0" maxCyclomaticComplexity="1" minCyclomaticComplexity="1" visitedClasses="0" numClasses="0" visitedMethods="0" numMethods="0" />
              <MetadataToken>100663304</MetadataToken>
              <Name>System.Void RMWebAPI.RouteConfig::.ctor()</Name>
              <SequencePoints />
              <BranchPoints />
              <MethodPoint vc="0" uspid="32" ordinal="0" offset="0" />
            </Method>
          </Methods>
        </Class>
        <Class>
          <Summary numSequencePoints="12" visitedSequencePoints="0" numBranchPoints="2" visitedBranchPoints="0" sequenceCoverage="0" branchCoverage="0" maxCyclomaticComplexity="1" minCyclomaticComplexity="1" visitedClasses="0" numClasses="1" visitedMethods="0" numMethods="2" />
          <FullName>RMWebAPI.Startup</FullName>
          <Methods>
            <Method visited="false" cyclomaticComplexity="1" sequenceCoverage="0" branchCoverage="0" isConstructor="false" isStatic="true" isGetter="true" isSetter="false">
              <Summary numSequencePoints="0" visitedSequencePoints="0" numBranchPoints="0" visitedBranchPoints="0" sequenceCoverage="0" branchCoverage="0" maxCyclomaticComplexity="1" minCyclomaticComplexity="1" visitedClasses="0" numClasses="0" visitedMethods="0" numMethods="0" />
              <MetadataToken>100663305</MetadataToken>
              <Name>Microsoft.Owin.Security.OAuth.OAuthAuthorizationServerOptions RMWebAPI.Startup::get_OAuthOptions()</Name>
              <SequencePoints />
              <BranchPoints />
              <MethodPoint vc="0" uspid="33" ordinal="0" offset="0" />
            </Method>
            <Method visited="false" cyclomaticComplexity="1" sequenceCoverage="0" branchCoverage="0" isConstructor="false" isStatic="true" isGetter="false" isSetter="true">
              <Summary numSequencePoints="0" visitedSequencePoints="0" numBranchPoints="0" visitedBranchPoints="0" sequenceCoverage="0" branchCoverage="0" maxCyclomaticComplexity="1" minCyclomaticComplexity="1" visitedClasses="0" numClasses="0" visitedMethods="0" numMethods="0" />
              <MetadataToken>100663306</MetadataToken>
              <Name>System.Void RMWebAPI.Startup::set_OAuthOptions(Microsoft.Owin.Security.OAuth.OAuthAuthorizationServerOptions)</Name>
              <SequencePoints />
              <BranchPoints />
              <MethodPoint vc="0" uspid="34" ordinal="0" offset="0" />
            </Method>
            <Method visited="false" cyclomaticComplexity="1" sequenceCoverage="0" branchCoverage="0" isConstructor="false" isStatic="true" isGetter="true" isSetter="false">
              <Summary numSequencePoints="0" visitedSequencePoints="0" numBranchPoints="0" visitedBranchPoints="0" sequenceCoverage="0" branchCoverage="0" maxCyclomaticComplexity="1" minCyclomaticComplexity="1" visitedClasses="0" numClasses="0" visitedMethods="0" numMethods="0" />
              <MetadataToken>100663307</MetadataToken>
              <Name>System.String RMWebAPI.Startup::get_PublicClientId()</Name>
              <SequencePoints />
              <BranchPoints />
              <MethodPoint vc="0" uspid="35" ordinal="0" offset="0" />
            </Method>
            <Method visited="false" cyclomaticComplexity="1" sequenceCoverage="0" branchCoverage="0" isConstructor="false" isStatic="true" isGetter="false" isSetter="true">
              <Summary numSequencePoints="0" visitedSequencePoints="0" numBranchPoints="0" visitedBranchPoints="0" sequenceCoverage="0" branchCoverage="0" maxCyclomaticComplexity="1" minCyclomaticComplexity="1" visitedClasses="0" numClasses="0" visitedMethods="0" numMethods="0" />
              <MetadataToken>100663308</MetadataToken>
              <Name>System.Void RMWebAPI.Startup::set_PublicClientId(System.String)</Name>
              <SequencePoints />
              <BranchPoints />
              <MethodPoint vc="0" uspid="36" ordinal="0" offset="0" />
            </Method>
            <Method visited="false" cyclomaticComplexity="1" sequenceCoverage="0" branchCoverage="0" isConstructor="false" isStatic="false" isGetter="false" isSetter="false">
              <Summary numSequencePoints="9" visitedSequencePoints="0" numBranchPoints="1" visitedBranchPoints="0" sequenceCoverage="0" branchCoverage="0" maxCyclomaticComplexity="1" minCyclomaticComplexity="1" visitedClasses="0" numClasses="0" visitedMethods="0" numMethods="1" />
              <MetadataToken>100663309</MetadataToken>
              <Name>System.Void RMWebAPI.Startup::ConfigureAuth(Owin.IAppBuilder)</Name>
              <FileRef uid="5" />
              <SequencePoints>
                <SequencePoint vc="0" uspid="37" ordinal="0" offset="0" sl="24" sc="9" el="24" ec="10" bec="0" bev="0" fileid="5" />
                <SequencePoint vc="0" uspid="38" ordinal="1" offset="1" sl="26" sc="13" el="26" ec="67" bec="0" bev="0" fileid="5" />
                <SequencePoint vc="0" uspid="39" ordinal="2" offset="20" sl="27" sc="13" el="27" ec="93" bec="0" bev="0" fileid="5" />
                <SequencePoint vc="0" uspid="40" ordinal="3" offset="39" sl="31" sc="13" el="31" ec="76" bec="0" bev="0" fileid="5" />
                <SequencePoint vc="0" uspid="41" ordinal="4" offset="51" sl="32" sc="13" el="32" ec="84" bec="0" bev="0" fileid="5" />
                <SequencePoint vc="0" uspid="42" ordinal="5" offset="63" sl="35" sc="13" el="35" ec="37" bec="0" bev="0" fileid="5" />
                <SequencePoint vc="0" uspid="43" ordinal="6" offset="74" sl="36" sc="13" el="43" ec="15" bec="0" bev="0" fileid="5" />
                <SequencePoint vc="0" uspid="44" ordinal="7" offset="167" sl="46" sc="13" el="46" ec="52" bec="0" bev="0" fileid="5" />
                <SequencePoint vc="0" uspid="45" ordinal="8" offset="179" sl="66" sc="9" el="66" ec="10" bec="0" bev="0" fileid="5" />
              </SequencePoints>
              <BranchPoints />
              <MethodPoint xsi:type="SequencePoint" vc="0" uspid="37" ordinal="0" offset="0" sl="24" sc="9" el="24" ec="10" bec="0" bev="0" fileid="5" />
            </Method>
            <Method visited="false" cyclomaticComplexity="1" sequenceCoverage="0" branchCoverage="0" isConstructor="false" isStatic="false" isGetter="false" isSetter="false">
              <Summary numSequencePoints="3" visitedSequencePoints="0" numBranchPoints="1" visitedBranchPoints="0" sequenceCoverage="0" branchCoverage="0" maxCyclomaticComplexity="1" minCyclomaticComplexity="1" visitedClasses="0" numClasses="0" visitedMethods="0" numMethods="1" />
              <MetadataToken>100663310</MetadataToken>
              <Name>System.Void RMWebAPI.Startup::Configuration(Owin.IAppBuilder)</Name>
              <FileRef uid="6" />
              <SequencePoints>
                <SequencePoint vc="0" uspid="46" ordinal="0" offset="0" sl="14" sc="9" el="14" ec="10" bec="0" bev="0" fileid="6" />
                <SequencePoint vc="0" uspid="47" ordinal="1" offset="1" sl="15" sc="13" el="15" ec="32" bec="0" bev="0" fileid="6" />
                <SequencePoint vc="0" uspid="48" ordinal="2" offset="9" sl="16" sc="9" el="16" ec="10" bec="0" bev="0" fileid="6" />
              </SequencePoints>
              <BranchPoints />
              <MethodPoint xsi:type="SequencePoint" vc="0" uspid="46" ordinal="0" offset="0" sl="14" sc="9" el="14" ec="10" bec="0" bev="0" fileid="6" />
            </Method>
            <Method visited="false" cyclomaticComplexity="1" sequenceCoverage="0" branchCoverage="0" isConstructor="true" isStatic="false" isGetter="false" isSetter="false">
              <Summary numSequencePoints="0" visitedSequencePoints="0" numBranchPoints="0" visitedBranchPoints="0" sequenceCoverage="0" branchCoverage="0" maxCyclomaticComplexity="1" minCyclomaticComplexity="1" visitedClasses="0" numClasses="0" visitedMethods="0" numMethods="0" />
              <MetadataToken>100663311</MetadataToken>
              <Name>System.Void RMWebAPI.Startup::.ctor()</Name>
              <SequencePoints />
              <BranchPoints />
              <MethodPoint vc="0" uspid="49" ordinal="0" offset="0" />
            </Method>
          </Methods>
        </Class>
        <Class>
          <Summary numSequencePoints="6" visitedSequencePoints="0" numBranchPoints="1" visitedBranchPoints="0" sequenceCoverage="0" branchCoverage="0" maxCyclomaticComplexity="1" minCyclomaticComplexity="1" visitedClasses="0" numClasses="1" visitedMethods="0" numMethods="1" />
          <FullName>RMWebAPI.WebApiConfig</FullName>
          <Methods>
            <Method visited="false" cyclomaticComplexity="1" sequenceCoverage="0" branchCoverage="0" isConstructor="false" isStatic="true" isGetter="false" isSetter="false">
              <Summary numSequencePoints="6" visitedSequencePoints="0" numBranchPoints="1" visitedBranchPoints="0" sequenceCoverage="0" branchCoverage="0" maxCyclomaticComplexity="1" minCyclomaticComplexity="1" visitedClasses="0" numClasses="0" visitedMethods="0" numMethods="1" />
              <MetadataToken>100663312</MetadataToken>
              <Name>System.Void RMWebAPI.WebApiConfig::Register(System.Web.Http.HttpConfiguration)</Name>
              <FileRef uid="7" />
              <SequencePoints>
                <SequencePoint vc="0" uspid="50" ordinal="0" offset="0" sl="14" sc="9" el="14" ec="10" bec="0" bev="0" fileid="7" />
                <SequencePoint vc="0" uspid="51" ordinal="1" offset="1" sl="17" sc="13" el="17" ec="56" bec="0" bev="0" fileid="7" />
                <SequencePoint vc="0" uspid="52" ordinal="2" offset="8" sl="18" sc="13" el="18" ec="96" bec="0" bev="0" fileid="7" />
                <SequencePoint vc="0" uspid="53" ordinal="3" offset="30" sl="21" sc="13" el="21" ec="45" bec="0" bev="0" fileid="7" />
                <SequencePoint vc="0" uspid="54" ordinal="4" offset="37" sl="23" sc="13" el="27" ec="15" bec="0" bev="0" fileid="7" />
                <SequencePoint vc="0" uspid="55" ordinal="5" offset="69" sl="28" sc="9" el="28" ec="10" bec="0" bev="0" fileid="7" />
              </SequencePoints>
              <BranchPoints />
              <MethodPoint xsi:type="SequencePoint" vc="0" uspid="50" ordinal="0" offset="0" sl="14" sc="9" el="14" ec="10" bec="0" bev="0" fileid="7" />
            </Method>
          </Methods>
        </Class>
        <Class>
          <Summary numSequencePoints="19" visitedSequencePoints="0" numBranchPoints="5" visitedBranchPoints="0" sequenceCoverage="0" branchCoverage="0" maxCyclomaticComplexity="3" minCyclomaticComplexity="3" visitedClasses="0" numClasses="1" visitedMethods="0" numMethods="1" />
          <FullName>RMWebAPI.Areas.HelpPage.ApiDescriptionExtensions</FullName>
          <Methods>
            <Method visited="false" cyclomaticComplexity="3" sequenceCoverage="0" branchCoverage="0" isConstructor="false" isStatic="true" isGetter="false" isSetter="false">
              <Summary numSequencePoints="19" visitedSequencePoints="0" numBranchPoints="5" visitedBranchPoints="0" sequenceCoverage="0" branchCoverage="0" maxCyclomaticComplexity="3" minCyclomaticComplexity="3" visitedClasses="0" numClasses="0" visitedMethods="0" numMethods="1" />
              <MetadataToken>100663313</MetadataToken>
              <Name>System.String RMWebAPI.Areas.HelpPage.ApiDescriptionExtensions::GetFriendlyId(System.Web.Http.Description.ApiDescription)</Name>
              <FileRef uid="8" />
              <SequencePoints>
                <SequencePoint vc="0" uspid="56" ordinal="0" offset="0" sl="16" sc="9" el="16" ec="10" bec="0" bev="0" fileid="8" />
                <SequencePoint vc="0" uspid="57" ordinal="1" offset="1" sl="17" sc="13" el="17" ec="52" bec="0" bev="0" fileid="8" />
                <SequencePoint vc="0" uspid="58" ordinal="2" offset="8" sl="18" sc="13" el="18" ec="49" bec="0" bev="0" fileid="8" />
                <SequencePoint vc="0" uspid="59" ordinal="3" offset="31" sl="19" sc="13" el="19" ec="44" bec="0" bev="0" fileid="8" />
                <SequencePoint vc="0" uspid="60" ordinal="4" offset="35" sl="20" sc="13" el="20" ec="42" bec="0" bev="0" fileid="8" />
                <SequencePoint vc="0" uspid="61" ordinal="5" offset="37" sl="21" sc="13" el="21" ec="37" bec="2" bev="0" fileid="8" />
                <SequencePoint vc="0" uspid="62" ordinal="6" offset="52" sl="22" sc="13" el="22" ec="14" bec="0" bev="0" fileid="8" />
                <SequencePoint vc="0" uspid="63" ordinal="7" offset="53" sl="23" sc="17" el="23" ec="44" bec="0" bev="0" fileid="8" />
                <SequencePoint vc="0" uspid="64" ordinal="8" offset="58" sl="24" sc="17" el="24" ec="82" bec="0" bev="0" fileid="8" />
                <SequencePoint vc="0" uspid="65" ordinal="9" offset="72" sl="25" sc="17" el="25" ec="62" bec="0" bev="0" fileid="8" />
                <SequencePoint vc="0" uspid="66" ordinal="10" offset="85" sl="26" sc="13" el="26" ec="14" bec="0" bev="0" fileid="8" />
                <SequencePoint vc="0" uspid="67" ordinal="11" offset="86" sl="28" sc="13" el="28" ec="62" bec="0" bev="0" fileid="8" />
                <SequencePoint vc="0" uspid="68" ordinal="12" offset="93" sl="29" sc="13" el="31" ec="100" bec="0" bev="0" fileid="8" />
                <SequencePoint vc="0" uspid="69" ordinal="13" offset="163" sl="32" sc="13" el="32" ec="40" bec="2" bev="0" fileid="8" />
                <SequencePoint vc="0" uspid="70" ordinal="14" offset="173" sl="33" sc="13" el="33" ec="14" bec="0" bev="0" fileid="8" />
                <SequencePoint vc="0" uspid="71" ordinal="15" offset="174" sl="34" sc="17" el="34" ec="85" bec="0" bev="0" fileid="8" />
                <SequencePoint vc="0" uspid="72" ordinal="16" offset="197" sl="35" sc="13" el="35" ec="14" bec="0" bev="0" fileid="8" />
                <SequencePoint vc="0" uspid="73" ordinal="17" offset="198" sl="36" sc="13" el="36" ec="44" bec="0" bev="0" fileid="8" />
                <SequencePoint vc="0" uspid="74" ordinal="18" offset="209" sl="37" sc="9" el="37" ec="10" bec="0" bev="0" fileid="8" />
              </SequencePoints>
              <BranchPoints>
                <BranchPoint vc="0" uspid="75" ordinal="0" offset="50" sl="21" path="0" offsetend="52" fileid="8" />
                <BranchPoint vc="0" uspid="76" ordinal="1" offset="50" sl="21" path="1" offsetend="86" fileid="8" />
                <BranchPoint vc="0" uspid="77" ordinal="2" offset="171" sl="32" path="0" offsetend="173" fileid="8" />
                <BranchPoint vc="0" uspid="78" ordinal="3" offset="171" sl="32" path="1" offsetend="198" fileid="8" />
              </BranchPoints>
              <MethodPoint xsi:type="SequencePoint" vc="0" uspid="56" ordinal="0" offset="0" sl="16" sc="9" el="16" ec="10" bec="0" bev="0" fileid="8" />
            </Method>
          </Methods>
        </Class>
        <Class>
          <Summary numSequencePoints="3" visitedSequencePoints="0" numBranchPoints="1" visitedBranchPoints="0" sequenceCoverage="0" branchCoverage="0" maxCyclomaticComplexity="1" minCyclomaticComplexity="1" visitedClasses="0" numClasses="1" visitedMethods="0" numMethods="1" />
          <FullName>RMWebAPI.Areas.HelpPage.HelpPageConfig</FullName>
          <Methods>
            <Method visited="false" cyclomaticComplexity="1" sequenceCoverage="0" branchCoverage="0" isConstructor="false" isStatic="true" isGetter="false" isSetter="false">
              <Summary numSequencePoints="3" visitedSequencePoints="0" numBranchPoints="1" visitedBranchPoints="0" sequenceCoverage="0" branchCoverage="0" maxCyclomaticComplexity="1" minCyclomaticComplexity="1" visitedClasses="0" numClasses="0" visitedMethods="0" numMethods="1" />
              <MetadataToken>100663314</MetadataToken>
              <Name>System.Void RMWebAPI.Areas.HelpPage.HelpPageConfig::Register(System.Web.Http.HttpConfiguration)</Name>
              <FileRef uid="9" />
              <SequencePoints>
                <SequencePoint vc="0" uspid="79" ordinal="0" offset="0" sl="35" sc="9" el="35" ec="10" bec="0" bev="0" fileid="9" />
                <SequencePoint vc="0" uspid="80" ordinal="1" offset="1" sl="58" sc="13" el="60" ec="63" bec="0" bev="0" fileid="9" />
                <SequencePoint vc="0" uspid="81" ordinal="2" offset="28" sl="81" sc="9" el="81" ec="10" bec="0" bev="0" fileid="9" />
              </SequencePoints>
              <BranchPoints />
              <MethodPoint xsi:type="SequencePoint" vc="0" uspid="79" ordinal="0" offset="0" sl="35" sc="9" el="35" ec="10" bec="0" bev="0" fileid="9" />
            </Method>
          </Methods>
        </Class>
        <Class>
          <Summary numSequencePoints="31" visitedSequencePoints="0" numBranchPoints="15" visitedBranchPoints="0" sequenceCoverage="0" branchCoverage="0" maxCyclomaticComplexity="3" minCyclomaticComplexity="1" visitedClasses="0" numClasses="1" visitedMethods="0" numMethods="5" />
          <FullName>RMWebAPI.Areas.HelpPage.Controllers.HelpController</FullName>
          <Methods>
            <Method visited="false" cyclomaticComplexity="1" sequenceCoverage="0" branchCoverage="0" isConstructor="false" isStatic="false" isGetter="true" isSetter="false">
              <Summary numSequencePoints="0" visitedSequencePoints="0" numBranchPoints="0" visitedBranchPoints="0" sequenceCoverage="0" branchCoverage="0" maxCyclomaticComplexity="1" minCyclomaticComplexity="1" visitedClasses="0" numClasses="0" visitedMethods="0" numMethods="0" />
              <MetadataToken>100663317</MetadataToken>
              <Name>System.Web.Http.HttpConfiguration RMWebAPI.Areas.HelpPage.Controllers.HelpController::get_Configuration()</Name>
              <SequencePoints />
              <BranchPoints />
              <MethodPoint vc="0" uspid="82" ordinal="0" offset="0" />
            </Method>
            <Method visited="false" cyclomaticComplexity="1" sequenceCoverage="0" branchCoverage="0" isConstructor="false" isStatic="false" isGetter="false" isSetter="true">
              <Summary numSequencePoints="0" visitedSequencePoints="0" numBranchPoints="0" visitedBranchPoints="0" sequenceCoverage="0" branchCoverage="0" maxCyclomaticComplexity="1" minCyclomaticComplexity="1" visitedClasses="0" numClasses="0" visitedMethods="0" numMethods="0" />
              <MetadataToken>100663318</MetadataToken>
              <Name>System.Void RMWebAPI.Areas.HelpPage.Controllers.HelpController::set_Configuration(System.Web.Http.HttpConfiguration)</Name>
              <SequencePoints />
              <BranchPoints />
              <MethodPoint vc="0" uspid="83" ordinal="0" offset="0" />
            </Method>
            <Method visited="false" cyclomaticComplexity="1" sequenceCoverage="0" branchCoverage="0" isConstructor="true" isStatic="false" isGetter="false" isSetter="false">
              <Summary numSequencePoints="3" visitedSequencePoints="0" numBranchPoints="1" visitedBranchPoints="0" sequenceCoverage="0" branchCoverage="0" maxCyclomaticComplexity="1" minCyclomaticComplexity="1" visitedClasses="0" numClasses="0" visitedMethods="0" numMethods="1" />
              <MetadataToken>100663315</MetadataToken>
              <Name>System.Void RMWebAPI.Areas.HelpPage.Controllers.HelpController::.ctor()</Name>
              <FileRef uid="10" />
              <SequencePoints>
                <SequencePoint vc="0" uspid="84" ordinal="0" offset="0" sl="16" sc="9" el="17" ec="54" bec="0" bev="0" fileid="10" />
                <SequencePoint vc="0" uspid="85" ordinal="1" offset="12" sl="18" sc="9" el="18" ec="10" bec="0" bev="0" fileid="10" />
                <SequencePoint vc="0" uspid="86" ordinal="2" offset="13" sl="19" sc="9" el="19" ec="10" bec="0" bev="0" fileid="10" />
              </SequencePoints>
              <BranchPoints />
              <MethodPoint xsi:type="SequencePoint" vc="0" uspid="84" ordinal="0" offset="0" sl="16" sc="9" el="17" ec="54" bec="0" bev="0" fileid="10" />
            </Method>
            <Method visited="false" cyclomaticComplexity="1" sequenceCoverage="0" branchCoverage="0" isConstructor="true" isStatic="false" isGetter="false" isSetter="false">
              <Summary numSequencePoints="4" visitedSequencePoints="0" numBranchPoints="1" visitedBranchPoints="0" sequenceCoverage="0" branchCoverage="0" maxCyclomaticComplexity="1" minCyclomaticComplexity="1" visitedClasses="0" numClasses="0" visitedMethods="0" numMethods="1" />
              <MetadataToken>100663316</MetadataToken>
              <Name>System.Void RMWebAPI.Areas.HelpPage.Controllers.HelpController::.ctor(System.Web.Http.HttpConfiguration)</Name>
              <FileRef uid="10" />
              <SequencePoints>
                <SequencePoint vc="0" uspid="87" ordinal="0" offset="0" sl="21" sc="9" el="21" ec="56" bec="0" bev="0" fileid="10" />
                <SequencePoint vc="0" uspid="88" ordinal="1" offset="7" sl="22" sc="9" el="22" ec="10" bec="0" bev="0" fileid="10" />
                <SequencePoint vc="0" uspid="89" ordinal="2" offset="8" sl="23" sc="13" el="23" ec="36" bec="0" bev="0" fileid="10" />
                <SequencePoint vc="0" uspid="90" ordinal="3" offset="16" sl="24" sc="9" el="24" ec="10" bec="0" bev="0" fileid="10" />
              </SequencePoints>
              <BranchPoints />
              <MethodPoint xsi:type="SequencePoint" vc="0" uspid="87" ordinal="0" offset="0" sl="21" sc="9" el="21" ec="56" bec="0" bev="0" fileid="10" />
            </Method>
            <Method visited="false" cyclomaticComplexity="2" sequenceCoverage="0" branchCoverage="0" isConstructor="false" isStatic="false" isGetter="false" isSetter="false">
              <Summary numSequencePoints="4" visitedSequencePoints="0" numBranchPoints="3" visitedBranchPoints="0" sequenceCoverage="0" branchCoverage="0" maxCyclomaticComplexity="2" minCyclomaticComplexity="2" visitedClasses="0" numClasses="0" visitedMethods="0" numMethods="1" />
              <MetadataToken>100663319</MetadataToken>
              <Name>System.Web.Mvc.ActionResult RMWebAPI.Areas.HelpPage.Controllers.HelpController::Index()</Name>
              <FileRef uid="10" />
              <SequencePoints>
                <SequencePoint vc="0" uspid="91" ordinal="0" offset="0" sl="29" sc="9" el="29" ec="10" bec="0" bev="0" fileid="10" />
                <SequencePoint vc="0" uspid="92" ordinal="1" offset="1" sl="30" sc="13" el="30" ec="95" bec="2" bev="0" fileid="10" />
                <SequencePoint vc="0" uspid="93" ordinal="2" offset="112" sl="31" sc="13" el="31" ec="82" bec="0" bev="0" fileid="10" />
                <SequencePoint vc="0" uspid="94" ordinal="3" offset="142" sl="32" sc="9" el="32" ec="10" bec="0" bev="0" fileid="10" />
              </SequencePoints>
              <BranchPoints>
                <BranchPoint vc="0" uspid="95" ordinal="0" offset="6" sl="30" path="0" offsetend="8" fileid="10" />
                <BranchPoint vc="0" uspid="96" ordinal="1" offset="6" sl="30" path="1" offsetend="69" fileid="10" />
              </BranchPoints>
              <MethodPoint xsi:type="SequencePoint" vc="0" uspid="91" ordinal="0" offset="0" sl="29" sc="9" el="29" ec="10" bec="0" bev="0" fileid="10" />
            </Method>
            <Method visited="false" cyclomaticComplexity="3" sequenceCoverage="0" branchCoverage="0" isConstructor="false" isStatic="false" isGetter="false" isSetter="false">
              <Summary numSequencePoints="10" visitedSequencePoints="0" numBranchPoints="5" visitedBranchPoints="0" sequenceCoverage="0" branchCoverage="0" maxCyclomaticComplexity="3" minCyclomaticComplexity="3" visitedClasses="0" numClasses="0" visitedMethods="0" numMethods="1" />
              <MetadataToken>100663320</MetadataToken>
              <Name>System.Web.Mvc.ActionResult RMWebAPI.Areas.HelpPage.Controllers.HelpController::Api(System.String)</Name>
              <FileRef uid="10" />
              <SequencePoints>
                <SequencePoint vc="0" uspid="97" ordinal="0" offset="0" sl="35" sc="9" el="35" ec="10" bec="0" bev="0" fileid="10" />
                <SequencePoint vc="0" uspid="98" ordinal="1" offset="1" sl="36" sc="13" el="36" ec="46" bec="2" bev="0" fileid="10" />
                <SequencePoint vc="0" uspid="99" ordinal="2" offset="11" sl="37" sc="13" el="37" ec="14" bec="0" bev="0" fileid="10" />
                <SequencePoint vc="0" uspid="100" ordinal="3" offset="12" sl="38" sc="17" el="38" ec="86" bec="0" bev="0" fileid="10" />
                <SequencePoint vc="0" uspid="101" ordinal="4" offset="25" sl="39" sc="17" el="39" ec="38" bec="2" bev="0" fileid="10" />
                <SequencePoint vc="0" uspid="102" ordinal="5" offset="33" sl="40" sc="17" el="40" ec="18" bec="0" bev="0" fileid="10" />
                <SequencePoint vc="0" uspid="103" ordinal="6" offset="34" sl="41" sc="21" el="41" ec="43" bec="0" bev="0" fileid="10" />
                <SequencePoint vc="0" uspid="104" ordinal="7" offset="44" sl="43" sc="13" el="43" ec="14" bec="0" bev="0" fileid="10" />
                <SequencePoint vc="0" uspid="105" ordinal="8" offset="45" sl="45" sc="13" el="45" ec="40" bec="0" bev="0" fileid="10" />
                <SequencePoint vc="0" uspid="106" ordinal="9" offset="59" sl="46" sc="9" el="46" ec="10" bec="0" bev="0" fileid="10" />
              </SequencePoints>
              <BranchPoints>
                <BranchPoint vc="0" uspid="107" ordinal="0" offset="9" sl="36" path="0" offsetend="11" fileid="10" />
                <BranchPoint vc="0" uspid="108" ordinal="1" offset="9" sl="36" path="1" offsetend="45" fileid="10" />
                <BranchPoint vc="0" uspid="109" ordinal="2" offset="31" sl="39" path="0" offsetend="33" fileid="10" />
                <BranchPoint vc="0" uspid="110" ordinal="3" offset="31" sl="39" path="1" offsetend="44" fileid="10" />
              </BranchPoints>
              <MethodPoint xsi:type="SequencePoint" vc="0" uspid="97" ordinal="0" offset="0" sl="35" sc="9" el="35" ec="10" bec="0" bev="0" fileid="10" />
            </Method>
            <Method visited="false" cyclomaticComplexity="3" sequenceCoverage="0" branchCoverage="0" isConstructor="false" isStatic="false" isGetter="false" isSetter="false">
              <Summary numSequencePoints="10" visitedSequencePoints="0" numBranchPoints="5" visitedBranchPoints="0" sequenceCoverage="0" branchCoverage="0" maxCyclomaticComplexity="3" minCyclomaticComplexity="3" visitedClasses="0" numClasses="0" visitedMethods="0" numMethods="1" />
              <MetadataToken>100663321</MetadataToken>
              <Name>System.Web.Mvc.ActionResult RMWebAPI.Areas.HelpPage.Controllers.HelpController::ResourceModel(System.String)</Name>
              <FileRef uid="10" />
              <SequencePoints>
                <SequencePoint vc="0" uspid="111" ordinal="0" offset="0" sl="49" sc="9" el="49" ec="10" bec="0" bev="0" fileid="10" />
                <SequencePoint vc="0" uspid="112" ordinal="1" offset="1" sl="50" sc="13" el="50" ec="50" bec="2" bev="0" fileid="10" />
                <SequencePoint vc="0" uspid="113" ordinal="2" offset="11" sl="51" sc="13" el="51" ec="14" bec="0" bev="0" fileid="10" />
                <SequencePoint vc="0" uspid="114" ordinal="3" offset="12" sl="52" sc="17" el="52" ec="116" bec="0" bev="0" fileid="10" />
                <SequencePoint vc="0" uspid="115" ordinal="4" offset="24" sl="54" sc="17" el="54" ec="108" bec="2" bev="0" fileid="10" />
                <SequencePoint vc="0" uspid="116" ordinal="5" offset="45" sl="55" sc="17" el="55" ec="18" bec="0" bev="0" fileid="10" />
                <SequencePoint vc="0" uspid="117" ordinal="6" offset="46" sl="56" sc="21" el="56" ec="51" bec="0" bev="0" fileid="10" />
                <SequencePoint vc="0" uspid="118" ordinal="7" offset="56" sl="58" sc="13" el="58" ec="14" bec="0" bev="0" fileid="10" />
                <SequencePoint vc="0" uspid="119" ordinal="8" offset="57" sl="60" sc="13" el="60" ec="40" bec="0" bev="0" fileid="10" />
                <SequencePoint vc="0" uspid="120" ordinal="9" offset="71" sl="61" sc="9" el="61" ec="10" bec="0" bev="0" fileid="10" />
              </SequencePoints>
              <BranchPoints>
                <BranchPoint vc="0" uspid="121" ordinal="0" offset="9" sl="50" path="0" offsetend="11" fileid="10" />
                <BranchPoint vc="0" uspid="122" ordinal="1" offset="9" sl="50" path="1" offsetend="57" fileid="10" />
                <BranchPoint vc="0" uspid="123" ordinal="2" offset="43" sl="54" path="0" offsetend="45" fileid="10" />
                <BranchPoint vc="0" uspid="124" ordinal="3" offset="43" sl="54" path="1" offsetend="56" fileid="10" />
              </BranchPoints>
              <MethodPoint xsi:type="SequencePoint" vc="0" uspid="111" ordinal="0" offset="0" sl="49" sc="9" el="49" ec="10" bec="0" bev="0" fileid="10" />
            </Method>
          </Methods>
        </Class>
        <Class>
          <Summary numSequencePoints="0" visitedSequencePoints="0" numBranchPoints="0" visitedBranchPoints="0" sequenceCoverage="0" branchCoverage="0" maxCyclomaticComplexity="0" minCyclomaticComplexity="0" visitedClasses="0" numClasses="0" visitedMethods="0" numMethods="0" />
          <FullName>RMWebAPI.Areas.HelpPage.Controllers.HelpController/&lt;Index&gt;o__SiteContainer0</FullName>
          <Methods />
        </Class>
        <Class>
          <Summary numSequencePoints="7" visitedSequencePoints="0" numBranchPoints="2" visitedBranchPoints="0" sequenceCoverage="0" branchCoverage="0" maxCyclomaticComplexity="1" minCyclomaticComplexity="1" visitedClasses="0" numClasses="1" visitedMethods="0" numMethods="2" />
          <FullName>RMWebAPI.Areas.HelpPage.HelpPageAreaRegistration</FullName>
          <Methods>
            <Method visited="false" cyclomaticComplexity="1" sequenceCoverage="0" branchCoverage="0" isConstructor="false" isStatic="false" isGetter="true" isSetter="false">
              <Summary numSequencePoints="3" visitedSequencePoints="0" numBranchPoints="1" visitedBranchPoints="0" sequenceCoverage="0" branchCoverage="0" maxCyclomaticComplexity="1" minCyclomaticComplexity="1" visitedClasses="0" numClasses="0" visitedMethods="0" numMethods="1" />
              <MetadataToken>100663322</MetadataToken>
              <Name>System.String RMWebAPI.Areas.HelpPage.HelpPageAreaRegistration::get_AreaName()</Name>
              <FileRef uid="11" />
              <SequencePoints>
                <SequencePoint vc="0" uspid="125" ordinal="0" offset="0" sl="11" sc="13" el="11" ec="14" bec="0" bev="0" fileid="11" />
                <SequencePoint vc="0" uspid="126" ordinal="1" offset="1" sl="12" sc="17" el="12" ec="35" bec="0" bev="0" fileid="11" />
                <SequencePoint vc="0" uspid="127" ordinal="2" offset="9" sl="13" sc="13" el="13" ec="14" bec="0" bev="0" fileid="11" />
              </SequencePoints>
              <BranchPoints />
              <MethodPoint xsi:type="SequencePoint" vc="0" uspid="125" ordinal="0" offset="0" sl="11" sc="13" el="11" ec="14" bec="0" bev="0" fileid="11" />
            </Method>
            <Method visited="false" cyclomaticComplexity="1" sequenceCoverage="0" branchCoverage="0" isConstructor="false" isStatic="false" isGetter="false" isSetter="false">
              <Summary numSequencePoints="4" visitedSequencePoints="0" numBranchPoints="1" visitedBranchPoints="0" sequenceCoverage="0" branchCoverage="0" maxCyclomaticComplexity="1" minCyclomaticComplexity="1" visitedClasses="0" numClasses="0" visitedMethods="0" numMethods="1" />
              <MetadataToken>100663323</MetadataToken>
              <Name>System.Void RMWebAPI.Areas.HelpPage.HelpPageAreaRegistration::RegisterArea(System.Web.Mvc.AreaRegistrationContext)</Name>
              <FileRef uid="11" />
              <SequencePoints>
                <SequencePoint vc="0" uspid="128" ordinal="0" offset="0" sl="17" sc="9" el="17" ec="10" bec="0" bev="0" fileid="11" />
                <SequencePoint vc="0" uspid="129" ordinal="1" offset="1" sl="18" sc="13" el="21" ec="95" bec="0" bev="0" fileid="11" />
                <SequencePoint vc="0" uspid="130" ordinal="2" offset="38" sl="23" sc="13" el="23" ec="72" bec="0" bev="0" fileid="11" />
                <SequencePoint vc="0" uspid="131" ordinal="3" offset="49" sl="24" sc="9" el="24" ec="10" bec="0" bev="0" fileid="11" />
              </SequencePoints>
              <BranchPoints />
              <MethodPoint xsi:type="SequencePoint" vc="0" uspid="128" ordinal="0" offset="0" sl="17" sc="9" el="17" ec="10" bec="0" bev="0" fileid="11" />
            </Method>
            <Method visited="false" cyclomaticComplexity="1" sequenceCoverage="0" branchCoverage="0" isConstructor="true" isStatic="false" isGetter="false" isSetter="false">
              <Summary numSequencePoints="0" visitedSequencePoints="0" numBranchPoints="0" visitedBranchPoints="0" sequenceCoverage="0" branchCoverage="0" maxCyclomaticComplexity="1" minCyclomaticComplexity="1" visitedClasses="0" numClasses="0" visitedMethods="0" numMethods="0" />
              <MetadataToken>100663324</MetadataToken>
              <Name>System.Void RMWebAPI.Areas.HelpPage.HelpPageAreaRegistration::.ctor()</Name>
              <SequencePoints />
              <BranchPoints />
              <MethodPoint vc="0" uspid="132" ordinal="0" offset="0" />
            </Method>
          </Methods>
        </Class>
        <Class>
          <Summary numSequencePoints="227" visitedSequencePoints="0" numBranchPoints="94" visitedBranchPoints="0" sequenceCoverage="0" branchCoverage="0" maxCyclomaticComplexity="12" minCyclomaticComplexity="1" visitedClasses="0" numClasses="1" visitedMethods="0" numMethods="28" />
          <FullName>RMWebAPI.Areas.HelpPage.HelpPageConfigurationExtensions</FullName>
          <Methods>
            <Method visited="false" cyclomaticComplexity="1" sequenceCoverage="0" branchCoverage="0" isConstructor="false" isStatic="true" isGetter="false" isSetter="false">
              <Summary numSequencePoints="3" visitedSequencePoints="0" numBranchPoints="1" visitedBranchPoints="0" sequenceCoverage="0" branchCoverage="0" maxCyclomaticComplexity="1" minCyclomaticComplexity="1" visitedClasses="0" numClasses="0" visitedMethods="0" numMethods="1" />
              <MetadataToken>100663325</MetadataToken>
              <Name>System.Void RMWebAPI.Areas.HelpPage.HelpPageConfigurationExtensions::SetDocumentationProvider(System.Web.Http.HttpConfiguration,System.Web.Http.Description.IDocumentationProvider)</Name>
              <FileRef uid="12" />
              <SequencePoints>
                <SequencePoint vc="0" uspid="133" ordinal="0" offset="0" sl="29" sc="9" el="29" ec="10" bec="0" bev="0" fileid="12" />
                <SequencePoint vc="0" uspid="134" ordinal="1" offset="1" sl="30" sc="13" el="30" ec="92" bec="0" bev="0" fileid="12" />
                <SequencePoint vc="0" uspid="135" ordinal="2" offset="24" sl="31" sc="9" el="31" ec="10" bec="0" bev="0" fileid="12" />
              </SequencePoints>
              <BranchPoints />
              <MethodPoint xsi:type="SequencePoint" vc="0" uspid="133" ordinal="0" offset="0" sl="29" sc="9" el="29" ec="10" bec="0" bev="0" fileid="12" />
            </Method>
            <Method visited="false" cyclomaticComplexity="1" sequenceCoverage="0" branchCoverage="0" isConstructor="false" isStatic="true" isGetter="false" isSetter="false">
              <Summary numSequencePoints="3" visitedSequencePoints="0" numBranchPoints="1" visitedBranchPoints="0" sequenceCoverage="0" branchCoverage="0" maxCyclomaticComplexity="1" minCyclomaticComplexity="1" visitedClasses="0" numClasses="0" visitedMethods="0" numMethods="1" />
              <MetadataToken>100663326</MetadataToken>
              <Name>System.Void RMWebAPI.Areas.HelpPage.HelpPageConfigurationExtensions::SetSampleObjects(System.Web.Http.HttpConfiguration,System.Collections.Generic.IDictionary`2&lt;System.Type,System.Object&gt;)</Name>
              <FileRef uid="12" />
              <SequencePoints>
                <SequencePoint vc="0" uspid="136" ordinal="0" offset="0" sl="39" sc="9" el="39" ec="10" bec="0" bev="0" fileid="12" />
                <SequencePoint vc="0" uspid="137" ordinal="1" offset="1" sl="40" sc="13" el="40" ec="79" bec="0" bev="0" fileid="12" />
                <SequencePoint vc="0" uspid="138" ordinal="2" offset="14" sl="41" sc="9" el="41" ec="10" bec="0" bev="0" fileid="12" />
              </SequencePoints>
              <BranchPoints />
              <MethodPoint xsi:type="SequencePoint" vc="0" uspid="136" ordinal="0" offset="0" sl="39" sc="9" el="39" ec="10" bec="0" bev="0" fileid="12" />
            </Method>
            <Method visited="false" cyclomaticComplexity="1" sequenceCoverage="0" branchCoverage="0" isConstructor="false" isStatic="true" isGetter="false" isSetter="false">
              <Summary numSequencePoints="3" visitedSequencePoints="0" numBranchPoints="1" visitedBranchPoints="0" sequenceCoverage="0" branchCoverage="0" maxCyclomaticComplexity="1" minCyclomaticComplexity="1" visitedClasses="0" numClasses="0" visitedMethods="0" numMethods="1" />
              <MetadataToken>100663327</MetadataToken>
              <Name>System.Void RMWebAPI.Areas.HelpPage.HelpPageConfigurationExtensions::SetSampleRequest(System.Web.Http.HttpConfiguration,System.Object,System.Net.Http.Headers.MediaTypeHeaderValue,System.String,System.String)</Name>
              <FileRef uid="12" />
              <SequencePoints>
                <SequencePoint vc="0" uspid="139" ordinal="0" offset="0" sl="52" sc="9" el="52" ec="10" bec="0" bev="0" fileid="12" />
                <SequencePoint vc="0" uspid="140" ordinal="1" offset="1" sl="53" sc="13" el="53" ec="177" bec="0" bev="0" fileid="12" />
                <SequencePoint vc="0" uspid="141" ordinal="2" offset="45" sl="54" sc="9" el="54" ec="10" bec="0" bev="0" fileid="12" />
              </SequencePoints>
              <BranchPoints />
              <MethodPoint xsi:type="SequencePoint" vc="0" uspid="139" ordinal="0" offset="0" sl="52" sc="9" el="52" ec="10" bec="0" bev="0" fileid="12" />
            </Method>
            <Method visited="false" cyclomaticComplexity="1" sequenceCoverage="0" branchCoverage="0" isConstructor="false" isStatic="true" isGetter="false" isSetter="false">
              <Summary numSequencePoints="3" visitedSequencePoints="0" numBranchPoints="1" visitedBranchPoints="0" sequenceCoverage="0" branchCoverage="0" maxCyclomaticComplexity="1" minCyclomaticComplexity="1" visitedClasses="0" numClasses="0" visitedMethods="0" numMethods="1" />
              <MetadataToken>100663328</MetadataToken>
              <Name>System.Void RMWebAPI.Areas.HelpPage.HelpPageConfigurationExtensions::SetSampleRequest(System.Web.Http.HttpConfiguration,System.Object,System.Net.Http.Headers.MediaTypeHeaderValue,System.String,System.String,System.String[])</Name>
              <FileRef uid="12" />
              <SequencePoints>
                <SequencePoint vc="0" uspid="142" ordinal="0" offset="0" sl="66" sc="9" el="66" ec="10" bec="0" bev="0" fileid="12" />
                <SequencePoint vc="0" uspid="143" ordinal="1" offset="1" sl="67" sc="13" el="67" ec="178" bec="0" bev="0" fileid="12" />
                <SequencePoint vc="0" uspid="144" ordinal="2" offset="31" sl="68" sc="9" el="68" ec="10" bec="0" bev="0" fileid="12" />
              </SequencePoints>
              <BranchPoints />
              <MethodPoint xsi:type="SequencePoint" vc="0" uspid="142" ordinal="0" offset="0" sl="66" sc="9" el="66" ec="10" bec="0" bev="0" fileid="12" />
            </Method>
            <Method visited="false" cyclomaticComplexity="1" sequenceCoverage="0" branchCoverage="0" isConstructor="false" isStatic="true" isGetter="false" isSetter="false">
              <Summary numSequencePoints="3" visitedSequencePoints="0" numBranchPoints="1" visitedBranchPoints="0" sequenceCoverage="0" branchCoverage="0" maxCyclomaticComplexity="1" minCyclomaticComplexity="1" visitedClasses="0" numClasses="0" visitedMethods="0" numMethods="1" />
              <MetadataToken>100663329</MetadataToken>
              <Name>System.Void RMWebAPI.Areas.HelpPage.HelpPageConfigurationExtensions::SetSampleResponse(System.Web.Http.HttpConfiguration,System.Object,System.Net.Http.Headers.MediaTypeHeaderValue,System.String,System.String)</Name>
              <FileRef uid="12" />
              <SequencePoints>
                <SequencePoint vc="0" uspid="145" ordinal="0" offset="0" sl="79" sc="9" el="79" ec="10" bec="0" bev="0" fileid="12" />
                <SequencePoint vc="0" uspid="146" ordinal="1" offset="1" sl="80" sc="13" el="80" ec="178" bec="0" bev="0" fileid="12" />
                <SequencePoint vc="0" uspid="147" ordinal="2" offset="45" sl="81" sc="9" el="81" ec="10" bec="0" bev="0" fileid="12" />
              </SequencePoints>
              <BranchPoints />
              <MethodPoint xsi:type="SequencePoint" vc="0" uspid="145" ordinal="0" offset="0" sl="79" sc="9" el="79" ec="10" bec="0" bev="0" fileid="12" />
            </Method>
            <Method visited="false" cyclomaticComplexity="1" sequenceCoverage="0" branchCoverage="0" isConstructor="false" isStatic="true" isGetter="false" isSetter="false">
              <Summary numSequencePoints="3" visitedSequencePoints="0" numBranchPoints="1" visitedBranchPoints="0" sequenceCoverage="0" branchCoverage="0" maxCyclomaticComplexity="1" minCyclomaticComplexity="1" visitedClasses="0" numClasses="0" visitedMethods="0" numMethods="1" />
              <MetadataToken>100663330</MetadataToken>
              <Name>System.Void RMWebAPI.Areas.HelpPage.HelpPageConfigurationExtensions::SetSampleResponse(System.Web.Http.HttpConfiguration,System.Object,System.Net.Http.Headers.MediaTypeHeaderValue,System.String,System.String,System.String[])</Name>
              <FileRef uid="12" />
              <SequencePoints>
                <SequencePoint vc="0" uspid="148" ordinal="0" offset="0" sl="93" sc="9" el="93" ec="10" bec="0" bev="0" fileid="12" />
                <SequencePoint vc="0" uspid="149" ordinal="1" offset="1" sl="94" sc="13" el="94" ec="179" bec="0" bev="0" fileid="12" />
                <SequencePoint vc="0" uspid="150" ordinal="2" offset="31" sl="95" sc="9" el="95" ec="10" bec="0" bev="0" fileid="12" />
              </SequencePoints>
              <BranchPoints />
              <MethodPoint xsi:type="SequencePoint" vc="0" uspid="148" ordinal="0" offset="0" sl="93" sc="9" el="93" ec="10" bec="0" bev="0" fileid="12" />
            </Method>
            <Method visited="false" cyclomaticComplexity="1" sequenceCoverage="0" branchCoverage="0" isConstructor="false" isStatic="true" isGetter="false" isSetter="false">
              <Summary numSequencePoints="3" visitedSequencePoints="0" numBranchPoints="1" visitedBranchPoints="0" sequenceCoverage="0" branchCoverage="0" maxCyclomaticComplexity="1" minCyclomaticComplexity="1" visitedClasses="0" numClasses="0" visitedMethods="0" numMethods="1" />
              <MetadataToken>100663331</MetadataToken>
              <Name>System.Void RMWebAPI.Areas.HelpPage.HelpPageConfigurationExtensions::SetSampleForMediaType(System.Web.Http.HttpConfiguration,System.Object,System.Net.Http.Headers.MediaTypeHeaderValue)</Name>
              <FileRef uid="12" />
              <SequencePoints>
                <SequencePoint vc="0" uspid="151" ordinal="0" offset="0" sl="104" sc="9" el="104" ec="10" bec="0" bev="0" fileid="12" />
                <SequencePoint vc="0" uspid="152" ordinal="1" offset="1" sl="105" sc="13" el="105" ec="109" bec="0" bev="0" fileid="12" />
                <SequencePoint vc="0" uspid="153" ordinal="2" offset="25" sl="106" sc="9" el="106" ec="10" bec="0" bev="0" fileid="12" />
              </SequencePoints>
              <BranchPoints />
              <MethodPoint xsi:type="SequencePoint" vc="0" uspid="151" ordinal="0" offset="0" sl="104" sc="9" el="104" ec="10" bec="0" bev="0" fileid="12" />
            </Method>
            <Method visited="false" cyclomaticComplexity="1" sequenceCoverage="0" branchCoverage="0" isConstructor="false" isStatic="true" isGetter="false" isSetter="false">
              <Summary numSequencePoints="3" visitedSequencePoints="0" numBranchPoints="1" visitedBranchPoints="0" sequenceCoverage="0" branchCoverage="0" maxCyclomaticComplexity="1" minCyclomaticComplexity="1" visitedClasses="0" numClasses="0" visitedMethods="0" numMethods="1" />
              <MetadataToken>100663332</MetadataToken>
              <Name>System.Void RMWebAPI.Areas.HelpPage.HelpPageConfigurationExtensions::SetSampleForType(System.Web.Http.HttpConfiguration,System.Object,System.Net.Http.Headers.MediaTypeHeaderValue,System.Type)</Name>
              <FileRef uid="12" />
              <SequencePoints>
                <SequencePoint vc="0" uspid="154" ordinal="0" offset="0" sl="116" sc="9" el="116" ec="10" bec="0" bev="0" fileid="12" />
                <SequencePoint vc="0" uspid="155" ordinal="1" offset="1" sl="117" sc="13" el="117" ec="115" bec="0" bev="0" fileid="12" />
                <SequencePoint vc="0" uspid="156" ordinal="2" offset="26" sl="118" sc="9" el="118" ec="10" bec="0" bev="0" fileid="12" />
              </SequencePoints>
              <BranchPoints />
              <MethodPoint xsi:type="SequencePoint" vc="0" uspid="154" ordinal="0" offset="0" sl="116" sc="9" el="116" ec="10" bec="0" bev="0" fileid="12" />
            </Method>
            <Method visited="false" cyclomaticComplexity="1" sequenceCoverage="0" branchCoverage="0" isConstructor="false" isStatic="true" isGetter="false" isSetter="false">
              <Summary numSequencePoints="3" visitedSequencePoints="0" numBranchPoints="1" visitedBranchPoints="0" sequenceCoverage="0" branchCoverage="0" maxCyclomaticComplexity="1" minCyclomaticComplexity="1" visitedClasses="0" numClasses="0" visitedMethods="0" numMethods="1" />
              <MetadataToken>100663333</MetadataToken>
              <Name>System.Void RMWebAPI.Areas.HelpPage.HelpPageConfigurationExtensions::SetActualRequestType(System.Web.Http.HttpConfiguration,System.Type,System.String,System.String)</Name>
              <FileRef uid="12" />
              <SequencePoints>
                <SequencePoint vc="0" uspid="157" ordinal="0" offset="0" sl="129" sc="9" el="129" ec="10" bec="0" bev="0" fileid="12" />
                <SequencePoint vc="0" uspid="158" ordinal="1" offset="1" sl="130" sc="13" el="130" ec="173" bec="0" bev="0" fileid="12" />
                <SequencePoint vc="0" uspid="159" ordinal="2" offset="43" sl="131" sc="9" el="131" ec="10" bec="0" bev="0" fileid="12" />
              </SequencePoints>
              <BranchPoints />
              <MethodPoint xsi:type="SequencePoint" vc="0" uspid="157" ordinal="0" offset="0" sl="129" sc="9" el="129" ec="10" bec="0" bev="0" fileid="12" />
            </Method>
            <Method visited="false" cyclomaticComplexity="1" sequenceCoverage="0" branchCoverage="0" isConstructor="false" isStatic="true" isGetter="false" isSetter="false">
              <Summary numSequencePoints="3" visitedSequencePoints="0" numBranchPoints="1" visitedBranchPoints="0" sequenceCoverage="0" branchCoverage="0" maxCyclomaticComplexity="1" minCyclomaticComplexity="1" visitedClasses="0" numClasses="0" visitedMethods="0" numMethods="1" />
              <MetadataToken>100663334</MetadataToken>
              <Name>System.Void RMWebAPI.Areas.HelpPage.HelpPageConfigurationExtensions::SetActualRequestType(System.Web.Http.HttpConfiguration,System.Type,System.String,System.String,System.String[])</Name>
              <FileRef uid="12" />
              <SequencePoints>
                <SequencePoint vc="0" uspid="160" ordinal="0" offset="0" sl="143" sc="9" el="143" ec="10" bec="0" bev="0" fileid="12" />
                <SequencePoint vc="0" uspid="161" ordinal="1" offset="1" sl="144" sc="13" el="144" ec="174" bec="0" bev="0" fileid="12" />
                <SequencePoint vc="0" uspid="162" ordinal="2" offset="29" sl="145" sc="9" el="145" ec="10" bec="0" bev="0" fileid="12" />
              </SequencePoints>
              <BranchPoints />
              <MethodPoint xsi:type="SequencePoint" vc="0" uspid="160" ordinal="0" offset="0" sl="143" sc="9" el="143" ec="10" bec="0" bev="0" fileid="12" />
            </Method>
            <Method visited="false" cyclomaticComplexity="1" sequenceCoverage="0" branchCoverage="0" isConstructor="false" isStatic="true" isGetter="false" isSetter="false">
              <Summary numSequencePoints="3" visitedSequencePoints="0" numBranchPoints="1" visitedBranchPoints="0" sequenceCoverage="0" branchCoverage="0" maxCyclomaticComplexity="1" minCyclomaticComplexity="1" visitedClasses="0" numClasses="0" visitedMethods="0" numMethods="1" />
              <MetadataToken>100663335</MetadataToken>
              <Name>System.Void RMWebAPI.Areas.HelpPage.HelpPageConfigurationExtensions::SetActualResponseType(System.Web.Http.HttpConfiguration,System.Type,System.String,System.String)</Name>
              <FileRef uid="12" />
              <SequencePoints>
                <SequencePoint vc="0" uspid="163" ordinal="0" offset="0" sl="156" sc="9" el="156" ec="10" bec="0" bev="0" fileid="12" />
                <SequencePoint vc="0" uspid="164" ordinal="1" offset="1" sl="157" sc="13" el="157" ec="174" bec="0" bev="0" fileid="12" />
                <SequencePoint vc="0" uspid="165" ordinal="2" offset="43" sl="158" sc="9" el="158" ec="10" bec="0" bev="0" fileid="12" />
              </SequencePoints>
              <BranchPoints />
              <MethodPoint xsi:type="SequencePoint" vc="0" uspid="163" ordinal="0" offset="0" sl="156" sc="9" el="156" ec="10" bec="0" bev="0" fileid="12" />
            </Method>
            <Method visited="false" cyclomaticComplexity="1" sequenceCoverage="0" branchCoverage="0" isConstructor="false" isStatic="true" isGetter="false" isSetter="false">
              <Summary numSequencePoints="3" visitedSequencePoints="0" numBranchPoints="1" visitedBranchPoints="0" sequenceCoverage="0" branchCoverage="0" maxCyclomaticComplexity="1" minCyclomaticComplexity="1" visitedClasses="0" numClasses="0" visitedMethods="0" numMethods="1" />
              <MetadataToken>100663336</MetadataToken>
              <Name>System.Void RMWebAPI.Areas.HelpPage.HelpPageConfigurationExtensions::SetActualResponseType(System.Web.Http.HttpConfiguration,System.Type,System.String,System.String,System.String[])</Name>
              <FileRef uid="12" />
              <SequencePoints>
                <SequencePoint vc="0" uspid="166" ordinal="0" offset="0" sl="170" sc="9" el="170" ec="10" bec="0" bev="0" fileid="12" />
                <SequencePoint vc="0" uspid="167" ordinal="1" offset="1" sl="171" sc="13" el="171" ec="175" bec="0" bev="0" fileid="12" />
                <SequencePoint vc="0" uspid="168" ordinal="2" offset="29" sl="172" sc="9" el="172" ec="10" bec="0" bev="0" fileid="12" />
              </SequencePoints>
              <BranchPoints />
              <MethodPoint xsi:type="SequencePoint" vc="0" uspid="166" ordinal="0" offset="0" sl="170" sc="9" el="170" ec="10" bec="0" bev="0" fileid="12" />
            </Method>
            <Method visited="false" cyclomaticComplexity="2" sequenceCoverage="0" branchCoverage="0" isConstructor="false" isStatic="true" isGetter="false" isSetter="false">
              <Summary numSequencePoints="3" visitedSequencePoints="0" numBranchPoints="3" visitedBranchPoints="0" sequenceCoverage="0" branchCoverage="0" maxCyclomaticComplexity="2" minCyclomaticComplexity="2" visitedClasses="0" numClasses="0" visitedMethods="0" numMethods="1" />
              <MetadataToken>100663337</MetadataToken>
              <Name>RMWebAPI.Areas.HelpPage.HelpPageSampleGenerator RMWebAPI.Areas.HelpPage.HelpPageConfigurationExtensions::GetHelpPageSampleGenerator(System.Web.Http.HttpConfiguration)</Name>
              <FileRef uid="12" />
              <SequencePoints>
                <SequencePoint vc="0" uspid="169" ordinal="0" offset="0" sl="180" sc="9" el="180" ec="10" bec="0" bev="0" fileid="12" />
                <SequencePoint vc="0" uspid="170" ordinal="1" offset="1" sl="181" sc="13" el="183" ec="53" bec="2" bev="0" fileid="12" />
                <SequencePoint vc="0" uspid="171" ordinal="2" offset="61" sl="184" sc="9" el="184" ec="10" bec="0" bev="0" fileid="12" />
              </SequencePoints>
              <BranchPoints>
                <BranchPoint vc="0" uspid="172" ordinal="0" offset="22" sl="181" path="0" offsetend="24" fileid="12" />
                <BranchPoint vc="0" uspid="173" ordinal="1" offset="22" sl="181" path="1" offsetend="43" fileid="12" />
              </BranchPoints>
              <MethodPoint xsi:type="SequencePoint" vc="0" uspid="169" ordinal="0" offset="0" sl="180" sc="9" el="180" ec="10" bec="0" bev="0" fileid="12" />
            </Method>
            <Method visited="false" cyclomaticComplexity="1" sequenceCoverage="0" branchCoverage="0" isConstructor="false" isStatic="true" isGetter="false" isSetter="false">
              <Summary numSequencePoints="3" visitedSequencePoints="0" numBranchPoints="1" visitedBranchPoints="0" sequenceCoverage="0" branchCoverage="0" maxCyclomaticComplexity="1" minCyclomaticComplexity="1" visitedClasses="0" numClasses="0" visitedMethods="0" numMethods="1" />
              <MetadataToken>100663338</MetadataToken>
              <Name>System.Void RMWebAPI.Areas.HelpPage.HelpPageConfigurationExtensions::SetHelpPageSampleGenerator(System.Web.Http.HttpConfiguration,RMWebAPI.Areas.HelpPage.HelpPageSampleGenerator)</Name>
              <FileRef uid="12" />
              <SequencePoints>
                <SequencePoint vc="0" uspid="174" ordinal="0" offset="13" sl="192" sc="9" el="192" ec="10" bec="0" bev="0" fileid="12" />
                <SequencePoint vc="0" uspid="175" ordinal="1" offset="14" sl="193" sc="13" el="196" ec="44" bec="0" bev="0" fileid="12" />
                <SequencePoint vc="0" uspid="176" ordinal="2" offset="60" sl="197" sc="9" el="197" ec="10" bec="0" bev="0" fileid="12" />
              </SequencePoints>
              <BranchPoints />
              <MethodPoint vc="0" uspid="177" ordinal="0" offset="0" />
            </Method>
            <Method visited="false" cyclomaticComplexity="1" sequenceCoverage="0" branchCoverage="0" isConstructor="false" isStatic="true" isGetter="false" isSetter="false">
              <Summary numSequencePoints="3" visitedSequencePoints="0" numBranchPoints="1" visitedBranchPoints="0" sequenceCoverage="0" branchCoverage="0" maxCyclomaticComplexity="1" minCyclomaticComplexity="1" visitedClasses="0" numClasses="0" visitedMethods="0" numMethods="1" />
              <MetadataToken>100663339</MetadataToken>
              <Name>RMWebAPI.Areas.HelpPage.ModelDescriptions.ModelDescriptionGenerator RMWebAPI.Areas.HelpPage.HelpPageConfigurationExtensions::GetModelDescriptionGenerator(System.Web.Http.HttpConfiguration)</Name>
              <FileRef uid="12" />
              <SequencePoints>
                <SequencePoint vc="0" uspid="178" ordinal="0" offset="13" sl="205" sc="9" el="205" ec="10" bec="0" bev="0" fileid="12" />
                <SequencePoint vc="0" uspid="179" ordinal="1" offset="14" sl="206" sc="13" el="208" ec="67" bec="0" bev="0" fileid="12" />
                <SequencePoint vc="0" uspid="180" ordinal="2" offset="60" sl="209" sc="9" el="209" ec="10" bec="0" bev="0" fileid="12" />
              </SequencePoints>
              <BranchPoints />
              <MethodPoint vc="0" uspid="181" ordinal="0" offset="0" />
            </Method>
            <Method visited="false" cyclomaticComplexity="4" sequenceCoverage="0" branchCoverage="0" isConstructor="false" isStatic="true" isGetter="false" isSetter="false">
              <Summary numSequencePoints="14" visitedSequencePoints="0" numBranchPoints="7" visitedBranchPoints="0" sequenceCoverage="0" branchCoverage="0" maxCyclomaticComplexity="4" minCyclomaticComplexity="4" visitedClasses="0" numClasses="0" visitedMethods="0" numMethods="1" />
              <MetadataToken>100663340</MetadataToken>
              <Name>RMWebAPI.Areas.HelpPage.Models.HelpPageApiModel RMWebAPI.Areas.HelpPage.HelpPageConfigurationExtensions::GetHelpPageApiModel(System.Web.Http.HttpConfiguration,System.String)</Name>
              <FileRef uid="12" />
              <SequencePoints>
                <SequencePoint vc="0" uspid="182" ordinal="0" offset="18" sl="220" sc="9" el="220" ec="10" bec="0" bev="0" fileid="12" />
                <SequencePoint vc="0" uspid="183" ordinal="1" offset="19" sl="222" sc="13" el="222" ec="64" bec="0" bev="0" fileid="12" />
                <SequencePoint vc="0" uspid="184" ordinal="2" offset="37" sl="223" sc="13" el="223" ec="68" bec="2" bev="0" fileid="12" />
                <SequencePoint vc="0" uspid="185" ordinal="3" offset="57" sl="224" sc="13" el="224" ec="14" bec="0" bev="0" fileid="12" />
                <SequencePoint vc="0" uspid="186" ordinal="4" offset="58" sl="225" sc="17" el="225" ec="111" bec="0" bev="0" fileid="12" />
                <SequencePoint vc="0" uspid="187" ordinal="5" offset="75" sl="226" sc="17" el="226" ec="177" bec="2" bev="0" fileid="12" />
                <SequencePoint vc="0" uspid="188" ordinal="6" offset="105" sl="227" sc="17" el="227" ec="44" bec="2" bev="0" fileid="12" />
                <SequencePoint vc="0" uspid="189" ordinal="7" offset="115" sl="228" sc="17" el="228" ec="18" bec="0" bev="0" fileid="12" />
                <SequencePoint vc="0" uspid="190" ordinal="8" offset="116" sl="229" sc="21" el="229" ec="70" bec="0" bev="0" fileid="12" />
                <SequencePoint vc="0" uspid="191" ordinal="9" offset="124" sl="230" sc="21" el="230" ec="62" bec="0" bev="0" fileid="12" />
                <SequencePoint vc="0" uspid="192" ordinal="10" offset="138" sl="231" sc="17" el="231" ec="18" bec="0" bev="0" fileid="12" />
                <SequencePoint vc="0" uspid="193" ordinal="11" offset="139" sl="232" sc="13" el="232" ec="14" bec="0" bev="0" fileid="12" />
                <SequencePoint vc="0" uspid="194" ordinal="12" offset="140" sl="234" sc="13" el="234" ec="44" bec="0" bev="0" fileid="12" />
                <SequencePoint vc="0" uspid="195" ordinal="13" offset="150" sl="235" sc="9" el="235" ec="10" bec="0" bev="0" fileid="12" />
              </SequencePoints>
              <BranchPoints>
                <BranchPoint vc="0" uspid="196" ordinal="0" offset="55" sl="223" path="0" offsetend="57" fileid="12" />
                <BranchPoint vc="0" uspid="197" ordinal="1" offset="55" sl="223" path="1" offsetend="140" fileid="12" />
                <BranchPoint vc="0" uspid="198" ordinal="2" offset="78" sl="226" path="0" offsetend="80" fileid="12" />
                <BranchPoint vc="0" uspid="199" ordinal="3" offset="78" sl="226" path="1" offsetend="97" fileid="12" />
                <BranchPoint vc="0" uspid="200" ordinal="4" offset="113" sl="227" path="0" offsetend="115" fileid="12" />
                <BranchPoint vc="0" uspid="201" ordinal="5" offset="113" sl="227" path="1" offsetend="139" fileid="12" />
              </BranchPoints>
              <MethodPoint vc="0" uspid="202" ordinal="0" offset="0" />
            </Method>
            <Method visited="false" cyclomaticComplexity="1" sequenceCoverage="0" branchCoverage="0" isConstructor="false" isStatic="true" isGetter="false" isSetter="false">
              <Summary numSequencePoints="10" visitedSequencePoints="0" numBranchPoints="1" visitedBranchPoints="0" sequenceCoverage="0" branchCoverage="0" maxCyclomaticComplexity="1" minCyclomaticComplexity="1" visitedClasses="0" numClasses="0" visitedMethods="0" numMethods="1" />
              <MetadataToken>100663341</MetadataToken>
              <Name>RMWebAPI.Areas.HelpPage.Models.HelpPageApiModel RMWebAPI.Areas.HelpPage.HelpPageConfigurationExtensions::GenerateApiModel(System.Web.Http.Description.ApiDescription,System.Web.Http.HttpConfiguration)</Name>
              <FileRef uid="12" />
              <SequencePoints>
                <SequencePoint vc="0" uspid="203" ordinal="0" offset="0" sl="238" sc="9" el="238" ec="10" bec="0" bev="0" fileid="12" />
                <SequencePoint vc="0" uspid="204" ordinal="1" offset="1" sl="239" sc="13" el="242" ec="15" bec="0" bev="0" fileid="12" />
                <SequencePoint vc="0" uspid="205" ordinal="2" offset="17" sl="244" sc="13" el="244" ec="94" bec="0" bev="0" fileid="12" />
                <SequencePoint vc="0" uspid="206" ordinal="3" offset="24" sl="245" sc="13" el="245" ec="91" bec="0" bev="0" fileid="12" />
                <SequencePoint vc="0" uspid="207" ordinal="4" offset="31" sl="246" sc="13" el="246" ec="61" bec="0" bev="0" fileid="12" />
                <SequencePoint vc="0" uspid="208" ordinal="5" offset="39" sl="247" sc="13" el="247" ec="88" bec="0" bev="0" fileid="12" />
                <SequencePoint vc="0" uspid="209" ordinal="6" offset="48" sl="248" sc="13" el="248" ec="67" bec="0" bev="0" fileid="12" />
                <SequencePoint vc="0" uspid="210" ordinal="7" offset="56" sl="249" sc="13" el="249" ec="56" bec="0" bev="0" fileid="12" />
                <SequencePoint vc="0" uspid="211" ordinal="8" offset="64" sl="251" sc="13" el="251" ec="29" bec="0" bev="0" fileid="12" />
                <SequencePoint vc="0" uspid="212" ordinal="9" offset="69" sl="252" sc="9" el="252" ec="10" bec="0" bev="0" fileid="12" />
              </SequencePoints>
              <BranchPoints />
              <MethodPoint xsi:type="SequencePoint" vc="0" uspid="203" ordinal="0" offset="0" sl="238" sc="9" el="238" ec="10" bec="0" bev="0" fileid="12" />
            </Method>
            <Method visited="false" cyclomaticComplexity="12" sequenceCoverage="0" branchCoverage="0" isConstructor="false" isStatic="true" isGetter="false" isSetter="false">
              <Summary numSequencePoints="50" visitedSequencePoints="0" numBranchPoints="19" visitedBranchPoints="0" sequenceCoverage="0" branchCoverage="0" maxCyclomaticComplexity="12" minCyclomaticComplexity="12" visitedClasses="0" numClasses="0" visitedMethods="0" numMethods="1" />
              <MetadataToken>100663342</MetadataToken>
              <Name>System.Void RMWebAPI.Areas.HelpPage.HelpPageConfigurationExtensions::GenerateUriParameters(RMWebAPI.Areas.HelpPage.Models.HelpPageApiModel,RMWebAPI.Areas.HelpPage.ModelDescriptions.ModelDescriptionGenerator)</Name>
              <FileRef uid="12" />
              <SequencePoints>
                <SequencePoint vc="0" uspid="213" ordinal="0" offset="0" sl="255" sc="9" el="255" ec="10" bec="0" bev="0" fileid="12" />
                <SequencePoint vc="0" uspid="214" ordinal="1" offset="1" sl="256" sc="13" el="256" ec="69" bec="0" bev="0" fileid="12" />
                <SequencePoint vc="0" uspid="215" ordinal="2" offset="8" sl="257" sc="13" el="257" ec="20" bec="0" bev="0" fileid="12" />
                <SequencePoint vc="0" uspid="216" ordinal="3" offset="9" sl="257" sc="62" el="257" ec="98" bec="0" bev="0" fileid="12" />
                <SequencePoint vc="0" uspid="217" ordinal="4" offset="27" sl="257" sc="22" el="257" ec="58" bec="0" bev="0" fileid="12" />
                <SequencePoint vc="0" uspid="218" ordinal="5" offset="35" sl="258" sc="13" el="258" ec="14" bec="0" bev="0" fileid="12" />
                <SequencePoint vc="0" uspid="219" ordinal="6" offset="36" sl="259" sc="17" el="259" ec="71" bec="2" bev="0" fileid="12" />
                <SequencePoint vc="0" uspid="220" ordinal="7" offset="57" sl="260" sc="17" el="260" ec="18" bec="0" bev="0" fileid="12" />
                <SequencePoint vc="0" uspid="221" ordinal="8" offset="58" sl="261" sc="21" el="261" ec="100" bec="0" bev="0" fileid="12" />
                <SequencePoint vc="0" uspid="222" ordinal="9" offset="65" sl="262" sc="21" el="262" ec="47" bec="0" bev="0" fileid="12" />
                <SequencePoint vc="0" uspid="223" ordinal="10" offset="67" sl="263" sc="21" el="263" ec="61" bec="0" bev="0" fileid="12" />
                <SequencePoint vc="0" uspid="224" ordinal="11" offset="70" sl="264" sc="21" el="264" ec="79" bec="0" bev="0" fileid="12" />
                <SequencePoint vc="0" uspid="225" ordinal="12" offset="73" sl="265" sc="21" el="265" ec="53" bec="2" bev="0" fileid="12" />
                <SequencePoint vc="0" uspid="226" ordinal="13" offset="83" sl="266" sc="21" el="266" ec="22" bec="0" bev="0" fileid="12" />
                <SequencePoint vc="0" uspid="227" ordinal="14" offset="84" sl="267" sc="25" el="267" ec="75" bec="0" bev="0" fileid="12" />
                <SequencePoint vc="0" uspid="228" ordinal="15" offset="91" sl="268" sc="25" el="268" ec="101" bec="0" bev="0" fileid="12" />
                <SequencePoint vc="0" uspid="229" ordinal="16" offset="100" sl="269" sc="25" el="269" ec="97" bec="0" bev="0" fileid="12" />
                <SequencePoint vc="0" uspid="230" ordinal="17" offset="109" sl="270" sc="21" el="270" ec="22" bec="0" bev="0" fileid="12" />
                <SequencePoint vc="0" uspid="231" ordinal="18" offset="110" sl="292" sc="21" el="293" ec="72" bec="4" bev="0" fileid="12" />
                <SequencePoint vc="0" uspid="232" ordinal="19" offset="130" sl="294" sc="21" el="294" ec="22" bec="0" bev="0" fileid="12" />
                <SequencePoint vc="0" uspid="233" ordinal="20" offset="131" sl="295" sc="25" el="295" ec="32" bec="0" bev="0" fileid="12" />
                <SequencePoint vc="0" uspid="234" ordinal="21" offset="132" sl="295" sc="71" el="295" ec="104" bec="0" bev="0" fileid="12" />
                <SequencePoint vc="0" uspid="235" ordinal="22" offset="148" sl="295" sc="34" el="295" ec="67" bec="0" bev="0" fileid="12" />
                <SequencePoint vc="0" uspid="236" ordinal="23" offset="157" sl="296" sc="25" el="296" ec="26" bec="0" bev="0" fileid="12" />
                <SequencePoint vc="0" uspid="237" ordinal="24" offset="158" sl="297" sc="29" el="297" ec="70" bec="0" bev="0" fileid="12" />
                <SequencePoint vc="0" uspid="238" ordinal="25" offset="172" sl="298" sc="25" el="298" ec="26" bec="0" bev="0" fileid="12" />
                <SequencePoint vc="0" uspid="239" ordinal="26" offset="173" sl="295" sc="68" el="295" ec="70" bec="2" bev="0" fileid="12" />
                <SequencePoint vc="0" uspid="240" ordinal="27" offset="209" sl="299" sc="21" el="299" ec="22" bec="0" bev="0" fileid="12" />
                <SequencePoint vc="0" uspid="241" ordinal="28" offset="215" sl="300" sc="26" el="300" ec="58" bec="2" bev="0" fileid="12" />
                <SequencePoint vc="0" uspid="242" ordinal="29" offset="228" sl="301" sc="21" el="301" ec="22" bec="0" bev="0" fileid="12" />
                <SequencePoint vc="0" uspid="243" ordinal="30" offset="229" sl="302" sc="25" el="303" ec="94" bec="0" bev="0" fileid="12" />
                <SequencePoint vc="0" uspid="244" ordinal="31" offset="240" sl="305" sc="25" el="305" ec="61" bec="2" bev="0" fileid="12" />
                <SequencePoint vc="0" uspid="245" ordinal="32" offset="252" sl="306" sc="25" el="306" ec="26" bec="0" bev="0" fileid="12" />
                <SequencePoint vc="0" uspid="246" ordinal="33" offset="253" sl="307" sc="29" el="307" ec="116" bec="0" bev="0" fileid="12" />
                <SequencePoint vc="0" uspid="247" ordinal="34" offset="288" sl="308" sc="25" el="308" ec="26" bec="0" bev="0" fileid="12" />
                <SequencePoint vc="0" uspid="248" ordinal="35" offset="289" sl="310" sc="25" el="310" ec="80" bec="0" bev="0" fileid="12" />
                <SequencePoint vc="0" uspid="249" ordinal="36" offset="297" sl="311" sc="25" el="311" ec="50" bec="2" bev="0" fileid="12" />
                <SequencePoint vc="0" uspid="250" ordinal="37" offset="308" sl="312" sc="25" el="312" ec="26" bec="0" bev="0" fileid="12" />
                <SequencePoint vc="0" uspid="251" ordinal="38" offset="309" sl="313" sc="29" el="313" ec="188" bec="0" bev="0" fileid="12" />
                <SequencePoint vc="0" uspid="252" ordinal="39" offset="361" sl="314" sc="25" el="314" ec="26" bec="0" bev="0" fileid="12" />
                <SequencePoint vc="0" uspid="253" ordinal="40" offset="362" sl="315" sc="21" el="315" ec="22" bec="0" bev="0" fileid="12" />
                <SequencePoint vc="0" uspid="254" ordinal="41" offset="365" sl="317" sc="21" el="317" ec="22" bec="0" bev="0" fileid="12" />
                <SequencePoint vc="0" uspid="255" ordinal="42" offset="366" sl="318" sc="25" el="318" ec="67" bec="0" bev="0" fileid="12" />
                <SequencePoint vc="0" uspid="256" ordinal="43" offset="376" sl="323" sc="25" el="323" ec="120" bec="0" bev="0" fileid="12" />
                <SequencePoint vc="0" uspid="257" ordinal="44" offset="394" sl="324" sc="25" el="324" ec="91" bec="0" bev="0" fileid="12" />
                <SequencePoint vc="0" uspid="258" ordinal="45" offset="404" sl="325" sc="21" el="325" ec="22" bec="0" bev="0" fileid="12" />
                <SequencePoint vc="0" uspid="259" ordinal="46" offset="405" sl="326" sc="17" el="326" ec="18" bec="0" bev="0" fileid="12" />
                <SequencePoint vc="0" uspid="260" ordinal="47" offset="406" sl="327" sc="13" el="327" ec="14" bec="0" bev="0" fileid="12" />
                <SequencePoint vc="0" uspid="261" ordinal="48" offset="407" sl="257" sc="59" el="257" ec="61" bec="2" bev="0" fileid="12" />
                <SequencePoint vc="0" uspid="262" ordinal="49" offset="446" sl="328" sc="9" el="328" ec="10" bec="0" bev="0" fileid="12" />
              </SequencePoints>
              <BranchPoints>
                <BranchPoint vc="0" uspid="263" ordinal="0" offset="52" sl="259" path="0" offsetend="57" fileid="12" />
                <BranchPoint vc="0" uspid="264" ordinal="1" offset="52" sl="259" path="1" offsetend="406" fileid="12" />
                <BranchPoint vc="0" uspid="265" ordinal="2" offset="81" sl="265" path="0" offsetend="83" fileid="12" />
                <BranchPoint vc="0" uspid="266" ordinal="3" offset="81" sl="265" path="1" offsetend="110" fileid="12" />
                <BranchPoint vc="0" uspid="267" ordinal="4" offset="112" sl="292" path="0" offsetend="114" fileid="12" />
                <BranchPoint vc="0" uspid="268" ordinal="5" offset="112" sl="292" path="1" offsetend="122" fileid="12" />
                <BranchPoint vc="0" uspid="269" ordinal="6" offset="128" sl="292" path="0" offsetend="130" fileid="12" />
                <BranchPoint vc="0" uspid="270" ordinal="7" offset="128" sl="292" path="1" offsetend="215" fileid="12" />
                <BranchPoint vc="0" uspid="271" ordinal="8" offset="184" sl="295" path="0" offsetend="186" fileid="12" />
                <BranchPoint vc="0" uspid="272" ordinal="9" offset="184" sl="295" path="1" offsetend="148" fileid="12" />
                <BranchPoint vc="0" uspid="273" ordinal="10" offset="223" sl="300" path="0" offsetend="228" fileid="12" />
                <BranchPoint vc="0" uspid="274" ordinal="11" offset="223" sl="300" path="1" offsetend="365" fileid="12" />
                <BranchPoint vc="0" uspid="275" ordinal="12" offset="250" sl="305" path="0" offsetend="252" fileid="12" />
                <BranchPoint vc="0" uspid="276" ordinal="13" offset="250" sl="305" path="1" offsetend="289" fileid="12" />
                <BranchPoint vc="0" uspid="277" ordinal="14" offset="306" sl="311" path="0" offsetend="308" fileid="12" />
                <BranchPoint vc="0" uspid="278" ordinal="15" offset="306" sl="311" path="1" offsetend="362" fileid="12" />
                <BranchPoint vc="0" uspid="279" ordinal="16" offset="418" sl="257" path="0" offsetend="423" fileid="12" />
                <BranchPoint vc="0" uspid="280" ordinal="17" offset="418" sl="257" path="1" offsetend="27" fileid="12" />
              </BranchPoints>
              <MethodPoint xsi:type="SequencePoint" vc="0" uspid="213" ordinal="0" offset="0" sl="255" sc="9" el="255" ec="10" bec="0" bev="0" fileid="12" />
            </Method>
            <Method visited="false" cyclomaticComplexity="2" sequenceCoverage="0" branchCoverage="0" isConstructor="false" isStatic="true" isGetter="false" isSetter="false">
              <Summary numSequencePoints="6" visitedSequencePoints="0" numBranchPoints="3" visitedBranchPoints="0" sequenceCoverage="0" branchCoverage="0" maxCyclomaticComplexity="2" minCyclomaticComplexity="2" visitedClasses="0" numClasses="0" visitedMethods="0" numMethods="1" />
              <MetadataToken>100663343</MetadataToken>
              <Name>System.Boolean RMWebAPI.Areas.HelpPage.HelpPageConfigurationExtensions::IsBindableWithTypeConverter(System.Type)</Name>
              <FileRef uid="12" />
              <SequencePoints>
                <SequencePoint vc="0" uspid="281" ordinal="0" offset="0" sl="331" sc="9" el="331" ec="10" bec="0" bev="0" fileid="12" />
                <SequencePoint vc="0" uspid="282" ordinal="1" offset="1" sl="332" sc="13" el="332" ec="39" bec="2" bev="0" fileid="12" />
                <SequencePoint vc="0" uspid="283" ordinal="2" offset="15" sl="333" sc="13" el="333" ec="14" bec="0" bev="0" fileid="12" />
                <SequencePoint vc="0" uspid="284" ordinal="3" offset="16" sl="334" sc="17" el="334" ec="30" bec="0" bev="0" fileid="12" />
                <SequencePoint vc="0" uspid="285" ordinal="4" offset="20" sl="337" sc="13" el="337" ec="94" bec="0" bev="0" fileid="12" />
                <SequencePoint vc="0" uspid="286" ordinal="5" offset="44" sl="338" sc="9" el="338" ec="10" bec="0" bev="0" fileid="12" />
              </SequencePoints>
              <BranchPoints>
                <BranchPoint vc="0" uspid="287" ordinal="0" offset="13" sl="332" path="0" offsetend="15" fileid="12" />
                <BranchPoint vc="0" uspid="288" ordinal="1" offset="13" sl="332" path="1" offsetend="20" fileid="12" />
              </BranchPoints>
              <MethodPoint xsi:type="SequencePoint" vc="0" uspid="281" ordinal="0" offset="0" sl="331" sc="9" el="331" ec="10" bec="0" bev="0" fileid="12" />
            </Method>
            <Method visited="false" cyclomaticComplexity="1" sequenceCoverage="0" branchCoverage="0" isConstructor="false" isStatic="true" isGetter="false" isSetter="false">
              <Summary numSequencePoints="5" visitedSequencePoints="0" numBranchPoints="1" visitedBranchPoints="0" sequenceCoverage="0" branchCoverage="0" maxCyclomaticComplexity="1" minCyclomaticComplexity="1" visitedClasses="0" numClasses="0" visitedMethods="0" numMethods="1" />
              <MetadataToken>100663344</MetadataToken>
              <Name>RMWebAPI.Areas.HelpPage.ModelDescriptions.ParameterDescription RMWebAPI.Areas.HelpPage.HelpPageConfigurationExtensions::AddParameterDescription(RMWebAPI.Areas.HelpPage.Models.HelpPageApiModel,System.Web.Http.Description.ApiParameterDescription,RMWebAPI.Areas.HelpPage.ModelDescriptions.ModelDescription)</Name>
              <FileRef uid="12" />
              <SequencePoints>
                <SequencePoint vc="0" uspid="289" ordinal="0" offset="0" sl="342" sc="9" el="342" ec="10" bec="0" bev="0" fileid="12" />
                <SequencePoint vc="0" uspid="290" ordinal="1" offset="1" sl="343" sc="13" el="348" ec="15" bec="0" bev="0" fileid="12" />
                <SequencePoint vc="0" uspid="291" ordinal="2" offset="43" sl="350" sc="13" el="350" ec="62" bec="0" bev="0" fileid="12" />
                <SequencePoint vc="0" uspid="292" ordinal="3" offset="56" sl="351" sc="13" el="351" ec="41" bec="0" bev="0" fileid="12" />
                <SequencePoint vc="0" uspid="293" ordinal="4" offset="60" sl="352" sc="9" el="352" ec="10" bec="0" bev="0" fileid="12" />
              </SequencePoints>
              <BranchPoints />
              <MethodPoint xsi:type="SequencePoint" vc="0" uspid="289" ordinal="0" offset="0" sl="342" sc="9" el="342" ec="10" bec="0" bev="0" fileid="12" />
            </Method>
            <Method visited="false" cyclomaticComplexity="7" sequenceCoverage="0" branchCoverage="0" isConstructor="false" isStatic="true" isGetter="false" isSetter="false">
              <Summary numSequencePoints="23" visitedSequencePoints="0" numBranchPoints="11" visitedBranchPoints="0" sequenceCoverage="0" branchCoverage="0" maxCyclomaticComplexity="7" minCyclomaticComplexity="7" visitedClasses="0" numClasses="0" visitedMethods="0" numMethods="1" />
              <MetadataToken>100663345</MetadataToken>
              <Name>System.Void RMWebAPI.Areas.HelpPage.HelpPageConfigurationExtensions::GenerateRequestModelDescription(RMWebAPI.Areas.HelpPage.Models.HelpPageApiModel,RMWebAPI.Areas.HelpPage.ModelDescriptions.ModelDescriptionGenerator,RMWebAPI.Areas.HelpPage.HelpPageSampleGenerator)</Name>
              <FileRef uid="12" />
              <SequencePoints>
                <SequencePoint vc="0" uspid="294" ordinal="0" offset="0" sl="355" sc="9" el="355" ec="10" bec="0" bev="0" fileid="12" />
                <SequencePoint vc="0" uspid="295" ordinal="1" offset="1" sl="356" sc="13" el="356" ec="69" bec="0" bev="0" fileid="12" />
                <SequencePoint vc="0" uspid="296" ordinal="2" offset="8" sl="357" sc="13" el="357" ec="20" bec="0" bev="0" fileid="12" />
                <SequencePoint vc="0" uspid="297" ordinal="3" offset="9" sl="357" sc="62" el="357" ec="98" bec="0" bev="0" fileid="12" />
                <SequencePoint vc="0" uspid="298" ordinal="4" offset="26" sl="357" sc="22" el="357" ec="58" bec="0" bev="0" fileid="12" />
                <SequencePoint vc="0" uspid="299" ordinal="5" offset="33" sl="358" sc="13" el="358" ec="14" bec="0" bev="0" fileid="12" />
                <SequencePoint vc="0" uspid="300" ordinal="6" offset="34" sl="359" sc="17" el="359" ec="72" bec="2" bev="0" fileid="12" />
                <SequencePoint vc="0" uspid="301" ordinal="7" offset="52" sl="360" sc="17" el="360" ec="18" bec="0" bev="0" fileid="12" />
                <SequencePoint vc="0" uspid="302" ordinal="8" offset="53" sl="361" sc="21" el="361" ec="89" bec="0" bev="0" fileid="12" />
                <SequencePoint vc="0" uspid="303" ordinal="9" offset="65" sl="362" sc="21" el="362" ec="114" bec="0" bev="0" fileid="12" />
                <SequencePoint vc="0" uspid="304" ordinal="10" offset="79" sl="363" sc="21" el="363" ec="80" bec="0" bev="0" fileid="12" />
                <SequencePoint vc="0" uspid="305" ordinal="11" offset="92" sl="364" sc="17" el="364" ec="18" bec="0" bev="0" fileid="12" />
                <SequencePoint vc="0" uspid="306" ordinal="12" offset="95" sl="365" sc="22" el="366" ec="98" bec="4" bev="0" fileid="12" />
                <SequencePoint vc="0" uspid="307" ordinal="13" offset="142" sl="367" sc="17" el="367" ec="18" bec="0" bev="0" fileid="12" />
                <SequencePoint vc="0" uspid="308" ordinal="14" offset="143" sl="368" sc="21" el="368" ec="104" bec="0" bev="0" fileid="12" />
                <SequencePoint vc="0" uspid="309" ordinal="15" offset="151" sl="370" sc="21" el="370" ec="47" bec="2" bev="0" fileid="12" />
                <SequencePoint vc="0" uspid="310" ordinal="16" offset="167" sl="371" sc="21" el="371" ec="22" bec="0" bev="0" fileid="12" />
                <SequencePoint vc="0" uspid="311" ordinal="17" offset="168" sl="372" sc="25" el="372" ec="118" bec="0" bev="0" fileid="12" />
                <SequencePoint vc="0" uspid="312" ordinal="18" offset="182" sl="373" sc="21" el="373" ec="22" bec="0" bev="0" fileid="12" />
                <SequencePoint vc="0" uspid="313" ordinal="19" offset="183" sl="374" sc="17" el="374" ec="18" bec="0" bev="0" fileid="12" />
                <SequencePoint vc="0" uspid="314" ordinal="20" offset="184" sl="375" sc="13" el="375" ec="14" bec="0" bev="0" fileid="12" />
                <SequencePoint vc="0" uspid="315" ordinal="21" offset="185" sl="357" sc="59" el="357" ec="61" bec="2" bev="0" fileid="12" />
                <SequencePoint vc="0" uspid="316" ordinal="22" offset="221" sl="376" sc="9" el="376" ec="10" bec="0" bev="0" fileid="12" />
              </SequencePoints>
              <BranchPoints>
                <BranchPoint vc="0" uspid="317" ordinal="0" offset="50" sl="359" path="0" offsetend="52" fileid="12" />
                <BranchPoint vc="0" uspid="318" ordinal="1" offset="50" sl="359" path="1" offsetend="95" fileid="12" />
                <BranchPoint vc="0" uspid="319" ordinal="2" offset="101" sl="365" path="0" offsetend="103" fileid="12" />
                <BranchPoint vc="0" uspid="320" ordinal="3" offset="101" sl="365" path="1" offsetend="134" fileid="12" />
                <BranchPoint vc="0" uspid="321" ordinal="4" offset="140" sl="365" path="0" offsetend="142" fileid="12" />
                <BranchPoint vc="0" uspid="322" ordinal="5" offset="140" sl="365" path="1" offsetend="184" fileid="12" />
                <BranchPoint vc="0" uspid="323" ordinal="6" offset="165" sl="370" path="0" offsetend="167" fileid="12" />
                <BranchPoint vc="0" uspid="324" ordinal="7" offset="165" sl="370" path="1" offsetend="183" fileid="12" />
                <BranchPoint vc="0" uspid="325" ordinal="8" offset="195" sl="357" path="0" offsetend="200" fileid="12" />
                <BranchPoint vc="0" uspid="326" ordinal="9" offset="195" sl="357" path="1" offsetend="26" fileid="12" />
              </BranchPoints>
              <MethodPoint xsi:type="SequencePoint" vc="0" uspid="294" ordinal="0" offset="0" sl="355" sc="9" el="355" ec="10" bec="0" bev="0" fileid="12" />
            </Method>
            <Method visited="false" cyclomaticComplexity="4" sequenceCoverage="0" branchCoverage="0" isConstructor="false" isStatic="true" isGetter="false" isSetter="false">
              <Summary numSequencePoints="8" visitedSequencePoints="0" numBranchPoints="7" visitedBranchPoints="0" sequenceCoverage="0" branchCoverage="0" maxCyclomaticComplexity="4" minCyclomaticComplexity="4" visitedClasses="0" numClasses="0" visitedMethods="0" numMethods="1" />
              <MetadataToken>100663346</MetadataToken>
              <Name>System.Void RMWebAPI.Areas.HelpPage.HelpPageConfigurationExtensions::GenerateResourceDescription(RMWebAPI.Areas.HelpPage.Models.HelpPageApiModel,RMWebAPI.Areas.HelpPage.ModelDescriptions.ModelDescriptionGenerator)</Name>
              <FileRef uid="12" />
              <SequencePoints>
                <SequencePoint vc="0" uspid="327" ordinal="0" offset="0" sl="379" sc="9" el="379" ec="10" bec="0" bev="0" fileid="12" />
                <SequencePoint vc="0" uspid="328" ordinal="1" offset="1" sl="380" sc="13" el="380" ec="88" bec="0" bev="0" fileid="12" />
                <SequencePoint vc="0" uspid="329" ordinal="2" offset="13" sl="381" sc="13" el="381" ec="80" bec="2" bev="0" fileid="12" />
                <SequencePoint vc="0" uspid="330" ordinal="3" offset="30" sl="382" sc="13" el="382" ec="70" bec="4" bev="0" fileid="12" />
                <SequencePoint vc="0" uspid="331" ordinal="4" offset="66" sl="383" sc="13" el="383" ec="14" bec="0" bev="0" fileid="12" />
                <SequencePoint vc="0" uspid="332" ordinal="5" offset="67" sl="384" sc="17" el="384" ec="105" bec="0" bev="0" fileid="12" />
                <SequencePoint vc="0" uspid="333" ordinal="6" offset="81" sl="385" sc="13" el="385" ec="14" bec="0" bev="0" fileid="12" />
                <SequencePoint vc="0" uspid="334" ordinal="7" offset="82" sl="386" sc="9" el="386" ec="10" bec="0" bev="0" fileid="12" />
              </SequencePoints>
              <BranchPoints>
                <BranchPoint vc="0" uspid="335" ordinal="0" offset="20" sl="381" path="0" offsetend="22" fileid="12" />
                <BranchPoint vc="0" uspid="336" ordinal="1" offset="20" sl="381" path="1" offsetend="29" fileid="12" />
                <BranchPoint vc="0" uspid="337" ordinal="2" offset="37" sl="382" path="0" offsetend="39" fileid="12" />
                <BranchPoint vc="0" uspid="338" ordinal="3" offset="37" sl="382" path="1" offsetend="60" fileid="12" />
                <BranchPoint vc="0" uspid="339" ordinal="4" offset="64" sl="382" path="0" offsetend="66" fileid="12" />
                <BranchPoint vc="0" uspid="340" ordinal="5" offset="64" sl="382" path="1" offsetend="82" fileid="12" />
              </BranchPoints>
              <MethodPoint xsi:type="SequencePoint" vc="0" uspid="327" ordinal="0" offset="0" sl="379" sc="9" el="379" ec="10" bec="0" bev="0" fileid="12" />
            </Method>
            <Method visited="false" cyclomaticComplexity="5" sequenceCoverage="0" branchCoverage="0" isConstructor="false" isStatic="true" isGetter="false" isSetter="false">
              <Summary numSequencePoints="24" visitedSequencePoints="0" numBranchPoints="5" visitedBranchPoints="0" sequenceCoverage="0" branchCoverage="0" maxCyclomaticComplexity="5" minCyclomaticComplexity="5" visitedClasses="0" numClasses="0" visitedMethods="0" numMethods="1" />
              <MetadataToken>100663347</MetadataToken>
              <Name>System.Void RMWebAPI.Areas.HelpPage.HelpPageConfigurationExtensions::GenerateSamples(RMWebAPI.Areas.HelpPage.Models.HelpPageApiModel,RMWebAPI.Areas.HelpPage.HelpPageSampleGenerator)</Name>
              <FileRef uid="12" />
              <SequencePoints>
                <SequencePoint vc="0" uspid="341" ordinal="0" offset="0" sl="390" sc="9" el="390" ec="10" bec="0" bev="0" fileid="12" />
                <SequencePoint vc="0" uspid="342" ordinal="1" offset="1" sl="392" sc="13" el="392" ec="14" bec="0" bev="0" fileid="12" />
                <SequencePoint vc="0" uspid="343" ordinal="2" offset="2" sl="393" sc="17" el="393" ec="24" bec="0" bev="0" fileid="12" />
                <SequencePoint vc="0" uspid="344" ordinal="3" offset="3" sl="393" sc="38" el="393" ec="96" bec="0" bev="0" fileid="12" />
                <SequencePoint vc="0" uspid="345" ordinal="4" offset="23" sl="393" sc="26" el="393" ec="34" bec="0" bev="0" fileid="12" />
                <SequencePoint vc="0" uspid="346" ordinal="5" offset="30" sl="394" sc="17" el="394" ec="18" bec="0" bev="0" fileid="12" />
                <SequencePoint vc="0" uspid="347" ordinal="6" offset="31" sl="395" sc="21" el="395" ec="71" bec="0" bev="0" fileid="12" />
                <SequencePoint vc="0" uspid="348" ordinal="7" offset="57" sl="396" sc="21" el="396" ec="67" bec="0" bev="0" fileid="12" />
                <SequencePoint vc="0" uspid="349" ordinal="8" offset="71" sl="397" sc="17" el="397" ec="18" bec="0" bev="0" fileid="12" />
                <SequencePoint vc="0" uspid="350" ordinal="9" offset="72" sl="393" sc="35" el="393" ec="37" bec="2" bev="0" fileid="12" />
                <SequencePoint vc="0" uspid="351" ordinal="10" offset="101" sl="399" sc="17" el="399" ec="24" bec="0" bev="0" fileid="12" />
                <SequencePoint vc="0" uspid="352" ordinal="11" offset="102" sl="399" sc="38" el="399" ec="97" bec="0" bev="0" fileid="12" />
                <SequencePoint vc="0" uspid="353" ordinal="12" offset="122" sl="399" sc="26" el="399" ec="34" bec="0" bev="0" fileid="12" />
                <SequencePoint vc="0" uspid="354" ordinal="13" offset="129" sl="400" sc="17" el="400" ec="18" bec="0" bev="0" fileid="12" />
                <SequencePoint vc="0" uspid="355" ordinal="14" offset="130" sl="401" sc="21" el="401" ec="72" bec="0" bev="0" fileid="12" />
                <SequencePoint vc="0" uspid="356" ordinal="15" offset="156" sl="402" sc="21" el="402" ec="67" bec="0" bev="0" fileid="12" />
                <SequencePoint vc="0" uspid="357" ordinal="16" offset="170" sl="403" sc="17" el="403" ec="18" bec="0" bev="0" fileid="12" />
                <SequencePoint vc="0" uspid="358" ordinal="17" offset="171" sl="399" sc="35" el="399" ec="37" bec="2" bev="0" fileid="12" />
                <SequencePoint vc="0" uspid="359" ordinal="18" offset="200" sl="404" sc="13" el="404" ec="14" bec="0" bev="0" fileid="12" />
                <SequencePoint vc="0" uspid="360" ordinal="19" offset="203" sl="405" sc="13" el="405" ec="32" bec="0" bev="0" fileid="12" />
                <SequencePoint vc="0" uspid="361" ordinal="20" offset="204" sl="406" sc="13" el="406" ec="14" bec="0" bev="0" fileid="12" />
                <SequencePoint vc="0" uspid="362" ordinal="21" offset="205" sl="407" sc="17" el="409" ec="74" bec="0" bev="0" fileid="12" />
                <SequencePoint vc="0" uspid="363" ordinal="22" offset="257" sl="410" sc="13" el="410" ec="14" bec="0" bev="0" fileid="12" />
                <SequencePoint vc="0" uspid="364" ordinal="23" offset="261" sl="411" sc="9" el="411" ec="10" bec="0" bev="0" fileid="12" />
              </SequencePoints>
              <BranchPoints>
                <BranchPoint vc="0" uspid="365" ordinal="0" offset="80" sl="393" path="0" offsetend="82" fileid="12" />
                <BranchPoint vc="0" uspid="366" ordinal="1" offset="80" sl="393" path="1" offsetend="23" fileid="12" />
                <BranchPoint vc="0" uspid="367" ordinal="2" offset="179" sl="399" path="0" offsetend="181" fileid="12" />
                <BranchPoint vc="0" uspid="368" ordinal="3" offset="179" sl="399" path="1" offsetend="122" fileid="12" />
              </BranchPoints>
              <MethodPoint xsi:type="SequencePoint" vc="0" uspid="341" ordinal="0" offset="0" sl="390" sc="9" el="390" ec="10" bec="0" bev="0" fileid="12" />
            </Method>
            <Method visited="false" cyclomaticComplexity="5" sequenceCoverage="0" branchCoverage="0" isConstructor="false" isStatic="true" isGetter="false" isSetter="false">
              <Summary numSequencePoints="18" visitedSequencePoints="0" numBranchPoints="9" visitedBranchPoints="0" sequenceCoverage="0" branchCoverage="0" maxCyclomaticComplexity="5" minCyclomaticComplexity="5" visitedClasses="0" numClasses="0" visitedMethods="0" numMethods="1" />
              <MetadataToken>100663348</MetadataToken>
              <Name>System.Boolean RMWebAPI.Areas.HelpPage.HelpPageConfigurationExtensions::TryGetResourceParameter(System.Web.Http.Description.ApiDescription,System.Web.Http.HttpConfiguration,System.Web.Http.Description.ApiParameterDescription&amp;,System.Type&amp;)</Name>
              <FileRef uid="12" />
              <SequencePoints>
                <SequencePoint vc="0" uspid="369" ordinal="0" offset="0" sl="414" sc="9" el="414" ec="10" bec="0" bev="0" fileid="12" />
                <SequencePoint vc="0" uspid="370" ordinal="1" offset="1" sl="415" sc="13" el="417" ec="123" bec="2" bev="0" fileid="12" />
                <SequencePoint vc="0" uspid="371" ordinal="2" offset="45" sl="419" sc="13" el="419" ec="46" bec="2" bev="0" fileid="12" />
                <SequencePoint vc="0" uspid="372" ordinal="3" offset="57" sl="420" sc="13" el="420" ec="14" bec="0" bev="0" fileid="12" />
                <SequencePoint vc="0" uspid="373" ordinal="4" offset="58" sl="421" sc="17" el="421" ec="37" bec="0" bev="0" fileid="12" />
                <SequencePoint vc="0" uspid="374" ordinal="5" offset="61" sl="422" sc="17" el="422" ec="30" bec="0" bev="0" fileid="12" />
                <SequencePoint vc="0" uspid="375" ordinal="6" offset="65" sl="425" sc="13" el="425" ec="83" bec="0" bev="0" fileid="12" />
                <SequencePoint vc="0" uspid="376" ordinal="7" offset="79" sl="427" sc="13" el="427" ec="60" bec="2" bev="0" fileid="12" />
                <SequencePoint vc="0" uspid="377" ordinal="8" offset="103" sl="428" sc="13" el="428" ec="14" bec="0" bev="0" fileid="12" />
                <SequencePoint vc="0" uspid="378" ordinal="9" offset="104" sl="429" sc="17" el="429" ec="95" bec="0" bev="0" fileid="12" />
                <SequencePoint vc="0" uspid="379" ordinal="10" offset="111" sl="430" sc="17" el="430" ec="94" bec="0" bev="0" fileid="12" />
                <SequencePoint vc="0" uspid="380" ordinal="11" offset="120" sl="431" sc="13" el="431" ec="14" bec="0" bev="0" fileid="12" />
                <SequencePoint vc="0" uspid="381" ordinal="12" offset="121" sl="433" sc="13" el="433" ec="38" bec="2" bev="0" fileid="12" />
                <SequencePoint vc="0" uspid="382" ordinal="13" offset="136" sl="434" sc="13" el="434" ec="14" bec="0" bev="0" fileid="12" />
                <SequencePoint vc="0" uspid="383" ordinal="14" offset="137" sl="435" sc="17" el="435" ec="45" bec="0" bev="0" fileid="12" />
                <SequencePoint vc="0" uspid="384" ordinal="15" offset="140" sl="436" sc="17" el="436" ec="30" bec="0" bev="0" fileid="12" />
                <SequencePoint vc="0" uspid="385" ordinal="16" offset="144" sl="439" sc="13" el="439" ec="25" bec="0" bev="0" fileid="12" />
                <SequencePoint vc="0" uspid="386" ordinal="17" offset="148" sl="440" sc="9" el="440" ec="10" bec="0" bev="0" fileid="12" />
              </SequencePoints>
              <BranchPoints>
                <BranchPoint vc="0" uspid="387" ordinal="0" offset="13" sl="415" path="0" offsetend="15" fileid="12" />
                <BranchPoint vc="0" uspid="388" ordinal="1" offset="13" sl="415" path="1" offsetend="34" fileid="12" />
                <BranchPoint vc="0" uspid="389" ordinal="2" offset="55" sl="419" path="0" offsetend="57" fileid="12" />
                <BranchPoint vc="0" uspid="390" ordinal="3" offset="55" sl="419" path="1" offsetend="65" fileid="12" />
                <BranchPoint vc="0" uspid="391" ordinal="4" offset="101" sl="427" path="0" offsetend="103" fileid="12" />
                <BranchPoint vc="0" uspid="392" ordinal="5" offset="101" sl="427" path="1" offsetend="121" fileid="12" />
                <BranchPoint vc="0" uspid="393" ordinal="6" offset="134" sl="433" path="0" offsetend="136" fileid="12" />
                <BranchPoint vc="0" uspid="394" ordinal="7" offset="134" sl="433" path="1" offsetend="144" fileid="12" />
              </BranchPoints>
              <MethodPoint xsi:type="SequencePoint" vc="0" uspid="369" ordinal="0" offset="0" sl="414" sc="9" el="414" ec="10" bec="0" bev="0" fileid="12" />
            </Method>
            <Method visited="false" cyclomaticComplexity="4" sequenceCoverage="0" branchCoverage="0" isConstructor="false" isStatic="true" isGetter="false" isSetter="false">
              <Summary numSequencePoints="15" visitedSequencePoints="0" numBranchPoints="5" visitedBranchPoints="0" sequenceCoverage="0" branchCoverage="0" maxCyclomaticComplexity="4" minCyclomaticComplexity="4" visitedClasses="0" numClasses="0" visitedMethods="0" numMethods="1" />
              <MetadataToken>100663349</MetadataToken>
              <Name>RMWebAPI.Areas.HelpPage.ModelDescriptions.ModelDescriptionGenerator RMWebAPI.Areas.HelpPage.HelpPageConfigurationExtensions::InitializeModelDescriptionGenerator(System.Web.Http.HttpConfiguration)</Name>
              <FileRef uid="12" />
              <SequencePoints>
                <SequencePoint vc="0" uspid="395" ordinal="0" offset="0" sl="443" sc="9" el="443" ec="10" bec="0" bev="0" fileid="12" />
                <SequencePoint vc="0" uspid="396" ordinal="1" offset="1" sl="444" sc="13" el="444" ec="94" bec="0" bev="0" fileid="12" />
                <SequencePoint vc="0" uspid="397" ordinal="2" offset="8" sl="445" sc="13" el="445" ec="96" bec="0" bev="0" fileid="12" />
                <SequencePoint vc="0" uspid="398" ordinal="3" offset="25" sl="446" sc="13" el="446" ec="20" bec="0" bev="0" fileid="12" />
                <SequencePoint vc="0" uspid="399" ordinal="4" offset="26" sl="446" sc="44" el="446" ec="48" bec="0" bev="0" fileid="12" />
                <SequencePoint vc="0" uspid="400" ordinal="5" offset="36" sl="446" sc="22" el="446" ec="40" bec="0" bev="0" fileid="12" />
                <SequencePoint vc="0" uspid="401" ordinal="6" offset="44" sl="447" sc="13" el="447" ec="14" bec="0" bev="0" fileid="12" />
                <SequencePoint vc="0" uspid="402" ordinal="7" offset="45" sl="450" sc="17" el="450" ec="103" bec="2" bev="0" fileid="12" />
                <SequencePoint vc="0" uspid="403" ordinal="8" offset="65" sl="451" sc="17" el="451" ec="18" bec="0" bev="0" fileid="12" />
                <SequencePoint vc="0" uspid="404" ordinal="9" offset="66" sl="452" sc="21" el="452" ec="79" bec="0" bev="0" fileid="12" />
                <SequencePoint vc="0" uspid="405" ordinal="10" offset="75" sl="453" sc="17" el="453" ec="18" bec="0" bev="0" fileid="12" />
                <SequencePoint vc="0" uspid="406" ordinal="11" offset="76" sl="454" sc="13" el="454" ec="14" bec="0" bev="0" fileid="12" />
                <SequencePoint vc="0" uspid="407" ordinal="12" offset="77" sl="446" sc="41" el="446" ec="43" bec="2" bev="0" fileid="12" />
                <SequencePoint vc="0" uspid="408" ordinal="13" offset="113" sl="455" sc="13" el="455" ec="35" bec="0" bev="0" fileid="12" />
                <SequencePoint vc="0" uspid="409" ordinal="14" offset="118" sl="456" sc="9" el="456" ec="10" bec="0" bev="0" fileid="12" />
              </SequencePoints>
              <BranchPoints>
                <BranchPoint vc="0" uspid="410" ordinal="0" offset="63" sl="450" path="0" offsetend="65" fileid="12" />
                <BranchPoint vc="0" uspid="411" ordinal="1" offset="63" sl="450" path="1" offsetend="76" fileid="12" />
                <BranchPoint vc="0" uspid="412" ordinal="2" offset="88" sl="446" path="0" offsetend="90" fileid="12" />
                <BranchPoint vc="0" uspid="413" ordinal="3" offset="88" sl="446" path="1" offsetend="36" fileid="12" />
              </BranchPoints>
              <MethodPoint xsi:type="SequencePoint" vc="0" uspid="395" ordinal="0" offset="0" sl="443" sc="9" el="443" ec="10" bec="0" bev="0" fileid="12" />
            </Method>
            <Method visited="false" cyclomaticComplexity="2" sequenceCoverage="0" branchCoverage="0" isConstructor="false" isStatic="true" isGetter="false" isSetter="false">
              <Summary numSequencePoints="7" visitedSequencePoints="0" numBranchPoints="3" visitedBranchPoints="0" sequenceCoverage="0" branchCoverage="0" maxCyclomaticComplexity="2" minCyclomaticComplexity="2" visitedClasses="0" numClasses="0" visitedMethods="0" numMethods="1" />
              <MetadataToken>100663350</MetadataToken>
              <Name>System.Void RMWebAPI.Areas.HelpPage.HelpPageConfigurationExtensions::LogInvalidSampleAsError(RMWebAPI.Areas.HelpPage.Models.HelpPageApiModel,System.Object)</Name>
              <FileRef uid="12" />
              <SequencePoints>
                <SequencePoint vc="0" uspid="414" ordinal="0" offset="0" sl="459" sc="9" el="459" ec="10" bec="0" bev="0" fileid="12" />
                <SequencePoint vc="0" uspid="415" ordinal="1" offset="1" sl="460" sc="13" el="460" ec="67" bec="0" bev="0" fileid="12" />
                <SequencePoint vc="0" uspid="416" ordinal="2" offset="8" sl="461" sc="13" el="461" ec="39" bec="2" bev="0" fileid="12" />
                <SequencePoint vc="0" uspid="417" ordinal="3" offset="16" sl="462" sc="13" el="462" ec="14" bec="0" bev="0" fileid="12" />
                <SequencePoint vc="0" uspid="418" ordinal="4" offset="17" sl="463" sc="17" el="463" ec="72" bec="0" bev="0" fileid="12" />
                <SequencePoint vc="0" uspid="419" ordinal="5" offset="35" sl="464" sc="13" el="464" ec="14" bec="0" bev="0" fileid="12" />
                <SequencePoint vc="0" uspid="420" ordinal="6" offset="36" sl="465" sc="9" el="465" ec="10" bec="0" bev="0" fileid="12" />
              </SequencePoints>
              <BranchPoints>
                <BranchPoint vc="0" uspid="421" ordinal="0" offset="14" sl="461" path="0" offsetend="16" fileid="12" />
                <BranchPoint vc="0" uspid="422" ordinal="1" offset="14" sl="461" path="1" offsetend="36" fileid="12" />
              </BranchPoints>
              <MethodPoint xsi:type="SequencePoint" vc="0" uspid="414" ordinal="0" offset="0" sl="459" sc="9" el="459" ec="10" bec="0" bev="0" fileid="12" />
            </Method>
            <Method visited="false" cyclomaticComplexity="1" sequenceCoverage="0" branchCoverage="0" isConstructor="false" isStatic="true" isGetter="false" isSetter="false">
              <Summary numSequencePoints="1" visitedSequencePoints="0" numBranchPoints="1" visitedBranchPoints="0" sequenceCoverage="0" branchCoverage="0" maxCyclomaticComplexity="1" minCyclomaticComplexity="1" visitedClasses="0" numClasses="0" visitedMethods="0" numMethods="1" />
              <MetadataToken>100663351</MetadataToken>
              <Name>System.Object RMWebAPI.Areas.HelpPage.HelpPageConfigurationExtensions::&lt;GetHelpPageSampleGenerator&gt;b__0(System.Object)</Name>
              <FileRef uid="12" />
              <SequencePoints>
                <SequencePoint vc="0" uspid="423" ordinal="0" offset="0" sl="183" sc="22" el="183" ec="51" bec="0" bev="0" fileid="12" />
              </SequencePoints>
              <BranchPoints />
              <MethodPoint xsi:type="SequencePoint" vc="0" uspid="423" ordinal="0" offset="0" sl="183" sc="22" el="183" ec="51" bec="0" bev="0" fileid="12" />
            </Method>
            <Method visited="false" cyclomaticComplexity="3" sequenceCoverage="0" branchCoverage="0" isConstructor="false" isStatic="true" isGetter="false" isSetter="false">
              <Summary numSequencePoints="1" visitedSequencePoints="0" numBranchPoints="5" visitedBranchPoints="0" sequenceCoverage="0" branchCoverage="0" maxCyclomaticComplexity="3" minCyclomaticComplexity="3" visitedClasses="0" numClasses="0" visitedMethods="0" numMethods="1" />
              <MetadataToken>100663352</MetadataToken>
              <Name>System.Boolean RMWebAPI.Areas.HelpPage.HelpPageConfigurationExtensions::&lt;TryGetResourceParameter&gt;b__11(System.Web.Http.Description.ApiParameterDescription)</Name>
              <FileRef uid="12" />
              <SequencePoints>
                <SequencePoint vc="0" uspid="424" ordinal="0" offset="0" sl="416" sc="22" el="417" ec="121" bec="4" bev="0" fileid="12" />
              </SequencePoints>
              <BranchPoints>
                <BranchPoint vc="0" uspid="425" ordinal="0" offset="7" sl="416" path="0" offsetend="9" fileid="12" />
                <BranchPoint vc="0" uspid="426" ordinal="1" offset="7" sl="416" path="1" offsetend="49" fileid="12" />
                <BranchPoint vc="0" uspid="427" ordinal="2" offset="15" sl="416" path="0" offsetend="17" fileid="12" />
                <BranchPoint vc="0" uspid="428" ordinal="3" offset="15" sl="416" path="1" offsetend="45" fileid="12" />
              </BranchPoints>
              <MethodPoint xsi:type="SequencePoint" vc="0" uspid="424" ordinal="0" offset="0" sl="416" sc="22" el="417" ec="121" bec="4" bev="0" fileid="12" />
            </Method>
          </Methods>
        </Class>
        <Class>
          <Summary numSequencePoints="2" visitedSequencePoints="0" numBranchPoints="2" visitedBranchPoints="0" sequenceCoverage="0" branchCoverage="0" maxCyclomaticComplexity="1" minCyclomaticComplexity="1" visitedClasses="0" numClasses="1" visitedMethods="0" numMethods="2" />
          <FullName>RMWebAPI.Areas.HelpPage.HelpPageConfigurationExtensions/&lt;&gt;c__DisplayClass4</FullName>
          <Methods>
            <Method visited="false" cyclomaticComplexity="1" sequenceCoverage="0" branchCoverage="0" isConstructor="true" isStatic="false" isGetter="false" isSetter="false">
              <Summary numSequencePoints="0" visitedSequencePoints="0" numBranchPoints="0" visitedBranchPoints="0" sequenceCoverage="0" branchCoverage="0" maxCyclomaticComplexity="1" minCyclomaticComplexity="1" visitedClasses="0" numClasses="0" visitedMethods="0" numMethods="0" />
              <MetadataToken>100663700</MetadataToken>
              <Name>System.Void RMWebAPI.Areas.HelpPage.HelpPageConfigurationExtensions/&lt;&gt;c__DisplayClass4::.ctor()</Name>
              <SequencePoints />
              <BranchPoints />
              <MethodPoint vc="0" uspid="429" ordinal="0" offset="0" />
            </Method>
            <Method visited="false" cyclomaticComplexity="1" sequenceCoverage="0" branchCoverage="0" isConstructor="false" isStatic="false" isGetter="false" isSetter="false">
              <Summary numSequencePoints="1" visitedSequencePoints="0" numBranchPoints="1" visitedBranchPoints="0" sequenceCoverage="0" branchCoverage="0" maxCyclomaticComplexity="1" minCyclomaticComplexity="1" visitedClasses="0" numClasses="0" visitedMethods="0" numMethods="1" />
              <MetadataToken>100663701</MetadataToken>
              <Name>System.Object RMWebAPI.Areas.HelpPage.HelpPageConfigurationExtensions/&lt;&gt;c__DisplayClass4::&lt;SetHelpPageSampleGenerator&gt;b__2(System.Object)</Name>
              <FileRef uid="12" />
              <SequencePoints>
                <SequencePoint vc="0" uspid="430" ordinal="0" offset="0" sl="195" sc="22" el="195" ec="37" bec="0" bev="0" fileid="12" />
              </SequencePoints>
              <BranchPoints />
              <MethodPoint xsi:type="SequencePoint" vc="0" uspid="430" ordinal="0" offset="0" sl="195" sc="22" el="195" ec="37" bec="0" bev="0" fileid="12" />
            </Method>
            <Method visited="false" cyclomaticComplexity="1" sequenceCoverage="0" branchCoverage="0" isConstructor="false" isStatic="false" isGetter="false" isSetter="false">
              <Summary numSequencePoints="1" visitedSequencePoints="0" numBranchPoints="1" visitedBranchPoints="0" sequenceCoverage="0" branchCoverage="0" maxCyclomaticComplexity="1" minCyclomaticComplexity="1" visitedClasses="0" numClasses="0" visitedMethods="0" numMethods="1" />
              <MetadataToken>100663702</MetadataToken>
              <Name>System.Object RMWebAPI.Areas.HelpPage.HelpPageConfigurationExtensions/&lt;&gt;c__DisplayClass4::&lt;SetHelpPageSampleGenerator&gt;b__3(System.Object,System.Object)</Name>
              <FileRef uid="12" />
              <SequencePoints>
                <SequencePoint vc="0" uspid="431" ordinal="0" offset="0" sl="196" sc="27" el="196" ec="42" bec="0" bev="0" fileid="12" />
              </SequencePoints>
              <BranchPoints />
              <MethodPoint xsi:type="SequencePoint" vc="0" uspid="431" ordinal="0" offset="0" sl="196" sc="27" el="196" ec="42" bec="0" bev="0" fileid="12" />
            </Method>
          </Methods>
        </Class>
        <Class>
          <Summary numSequencePoints="1" visitedSequencePoints="0" numBranchPoints="1" visitedBranchPoints="0" sequenceCoverage="0" branchCoverage="0" maxCyclomaticComplexity="1" minCyclomaticComplexity="1" visitedClasses="0" numClasses="1" visitedMethods="0" numMethods="1" />
          <FullName>RMWebAPI.Areas.HelpPage.HelpPageConfigurationExtensions/&lt;&gt;c__DisplayClass7</FullName>
          <Methods>
            <Method visited="false" cyclomaticComplexity="1" sequenceCoverage="0" branchCoverage="0" isConstructor="true" isStatic="false" isGetter="false" isSetter="false">
              <Summary numSequencePoints="0" visitedSequencePoints="0" numBranchPoints="0" visitedBranchPoints="0" sequenceCoverage="0" branchCoverage="0" maxCyclomaticComplexity="1" minCyclomaticComplexity="1" visitedClasses="0" numClasses="0" visitedMethods="0" numMethods="0" />
              <MetadataToken>100663703</MetadataToken>
              <Name>System.Void RMWebAPI.Areas.HelpPage.HelpPageConfigurationExtensions/&lt;&gt;c__DisplayClass7::.ctor()</Name>
              <SequencePoints />
              <BranchPoints />
              <MethodPoint vc="0" uspid="432" ordinal="0" offset="0" />
            </Method>
            <Method visited="false" cyclomaticComplexity="1" sequenceCoverage="0" branchCoverage="0" isConstructor="false" isStatic="false" isGetter="false" isSetter="false">
              <Summary numSequencePoints="1" visitedSequencePoints="0" numBranchPoints="1" visitedBranchPoints="0" sequenceCoverage="0" branchCoverage="0" maxCyclomaticComplexity="1" minCyclomaticComplexity="1" visitedClasses="0" numClasses="0" visitedMethods="0" numMethods="1" />
              <MetadataToken>100663704</MetadataToken>
              <Name>System.Object RMWebAPI.Areas.HelpPage.HelpPageConfigurationExtensions/&lt;&gt;c__DisplayClass7::&lt;GetModelDescriptionGenerator&gt;b__6(System.Object)</Name>
              <FileRef uid="12" />
              <SequencePoints>
                <SequencePoint vc="0" uspid="433" ordinal="0" offset="0" sl="208" sc="22" el="208" ec="65" bec="0" bev="0" fileid="12" />
              </SequencePoints>
              <BranchPoints />
              <MethodPoint xsi:type="SequencePoint" vc="0" uspid="433" ordinal="0" offset="0" sl="208" sc="22" el="208" ec="65" bec="0" bev="0" fileid="12" />
            </Method>
          </Methods>
        </Class>
        <Class>
          <Summary numSequencePoints="1" visitedSequencePoints="0" numBranchPoints="1" visitedBranchPoints="0" sequenceCoverage="0" branchCoverage="0" maxCyclomaticComplexity="1" minCyclomaticComplexity="1" visitedClasses="0" numClasses="1" visitedMethods="0" numMethods="1" />
          <FullName>RMWebAPI.Areas.HelpPage.HelpPageConfigurationExtensions/&lt;&gt;c__DisplayClassb</FullName>
          <Methods>
            <Method visited="false" cyclomaticComplexity="1" sequenceCoverage="0" branchCoverage="0" isConstructor="true" isStatic="false" isGetter="false" isSetter="false">
              <Summary numSequencePoints="0" visitedSequencePoints="0" numBranchPoints="0" visitedBranchPoints="0" sequenceCoverage="0" branchCoverage="0" maxCyclomaticComplexity="1" minCyclomaticComplexity="1" visitedClasses="0" numClasses="0" visitedMethods="0" numMethods="0" />
              <MetadataToken>100663705</MetadataToken>
              <Name>System.Void RMWebAPI.Areas.HelpPage.HelpPageConfigurationExtensions/&lt;&gt;c__DisplayClassb::.ctor()</Name>
              <SequencePoints />
              <BranchPoints />
              <MethodPoint vc="0" uspid="434" ordinal="0" offset="0" />
            </Method>
            <Method visited="false" cyclomaticComplexity="1" sequenceCoverage="0" branchCoverage="0" isConstructor="false" isStatic="false" isGetter="false" isSetter="false">
              <Summary numSequencePoints="1" visitedSequencePoints="0" numBranchPoints="1" visitedBranchPoints="0" sequenceCoverage="0" branchCoverage="0" maxCyclomaticComplexity="1" minCyclomaticComplexity="1" visitedClasses="0" numClasses="0" visitedMethods="0" numMethods="1" />
              <MetadataToken>100663706</MetadataToken>
              <Name>System.Boolean RMWebAPI.Areas.HelpPage.HelpPageConfigurationExtensions/&lt;&gt;c__DisplayClassb::&lt;GetHelpPageApiModel&gt;b__9(System.Web.Http.Description.ApiDescription)</Name>
              <FileRef uid="12" />
              <SequencePoints>
                <SequencePoint vc="0" uspid="435" ordinal="0" offset="0" sl="226" sc="87" el="226" ec="175" bec="0" bev="0" fileid="12" />
              </SequencePoints>
              <BranchPoints />
              <MethodPoint xsi:type="SequencePoint" vc="0" uspid="435" ordinal="0" offset="0" sl="226" sc="87" el="226" ec="175" bec="0" bev="0" fileid="12" />
            </Method>
          </Methods>
        </Class>
        <Class>
          <Summary numSequencePoints="0" visitedSequencePoints="0" numBranchPoints="0" visitedBranchPoints="0" sequenceCoverage="0" branchCoverage="0" maxCyclomaticComplexity="1" minCyclomaticComplexity="1" visitedClasses="0" numClasses="0" visitedMethods="0" numMethods="0" />
          <FullName>RMWebAPI.Areas.HelpPage.ModelDescriptions.ModelDescription</FullName>
          <Methods>
            <Method visited="false" cyclomaticComplexity="1" sequenceCoverage="0" branchCoverage="0" isConstructor="false" isStatic="false" isGetter="true" isSetter="false">
              <Summary numSequencePoints="0" visitedSequencePoints="0" numBranchPoints="0" visitedBranchPoints="0" sequenceCoverage="0" branchCoverage="0" maxCyclomaticComplexity="1" minCyclomaticComplexity="1" visitedClasses="0" numClasses="0" visitedMethods="0" numMethods="0" />
              <MetadataToken>100663353</MetadataToken>
              <Name>System.String RMWebAPI.Areas.HelpPage.ModelDescriptions.ModelDescription::get_Documentation()</Name>
              <SequencePoints />
              <BranchPoints />
              <MethodPoint vc="0" uspid="436" ordinal="0" offset="0" />
            </Method>
            <Method visited="false" cyclomaticComplexity="1" sequenceCoverage="0" branchCoverage="0" isConstructor="false" isStatic="false" isGetter="false" isSetter="true">
              <Summary numSequencePoints="0" visitedSequencePoints="0" numBranchPoints="0" visitedBranchPoints="0" sequenceCoverage="0" branchCoverage="0" maxCyclomaticComplexity="1" minCyclomaticComplexity="1" visitedClasses="0" numClasses="0" visitedMethods="0" numMethods="0" />
              <MetadataToken>100663354</MetadataToken>
              <Name>System.Void RMWebAPI.Areas.HelpPage.ModelDescriptions.ModelDescription::set_Documentation(System.String)</Name>
              <SequencePoints />
              <BranchPoints />
              <MethodPoint vc="0" uspid="437" ordinal="0" offset="0" />
            </Method>
            <Method visited="false" cyclomaticComplexity="1" sequenceCoverage="0" branchCoverage="0" isConstructor="false" isStatic="false" isGetter="true" isSetter="false">
              <Summary numSequencePoints="0" visitedSequencePoints="0" numBranchPoints="0" visitedBranchPoints="0" sequenceCoverage="0" branchCoverage="0" maxCyclomaticComplexity="1" minCyclomaticComplexity="1" visitedClasses="0" numClasses="0" visitedMethods="0" numMethods="0" />
              <MetadataToken>100663355</MetadataToken>
              <Name>System.Type RMWebAPI.Areas.HelpPage.ModelDescriptions.ModelDescription::get_ModelType()</Name>
              <SequencePoints />
              <BranchPoints />
              <MethodPoint vc="0" uspid="438" ordinal="0" offset="0" />
            </Method>
            <Method visited="false" cyclomaticComplexity="1" sequenceCoverage="0" branchCoverage="0" isConstructor="false" isStatic="false" isGetter="false" isSetter="true">
              <Summary numSequencePoints="0" visitedSequencePoints="0" numBranchPoints="0" visitedBranchPoints="0" sequenceCoverage="0" branchCoverage="0" maxCyclomaticComplexity="1" minCyclomaticComplexity="1" visitedClasses="0" numClasses="0" visitedMethods="0" numMethods="0" />
              <MetadataToken>100663356</MetadataToken>
              <Name>System.Void RMWebAPI.Areas.HelpPage.ModelDescriptions.ModelDescription::set_ModelType(System.Type)</Name>
              <SequencePoints />
              <BranchPoints />
              <MethodPoint vc="0" uspid="439" ordinal="0" offset="0" />
            </Method>
            <Method visited="false" cyclomaticComplexity="1" sequenceCoverage="0" branchCoverage="0" isConstructor="false" isStatic="false" isGetter="true" isSetter="false">
              <Summary numSequencePoints="0" visitedSequencePoints="0" numBranchPoints="0" visitedBranchPoints="0" sequenceCoverage="0" branchCoverage="0" maxCyclomaticComplexity="1" minCyclomaticComplexity="1" visitedClasses="0" numClasses="0" visitedMethods="0" numMethods="0" />
              <MetadataToken>100663357</MetadataToken>
              <Name>System.String RMWebAPI.Areas.HelpPage.ModelDescriptions.ModelDescription::get_Name()</Name>
              <SequencePoints />
              <BranchPoints />
              <MethodPoint vc="0" uspid="440" ordinal="0" offset="0" />
            </Method>
            <Method visited="false" cyclomaticComplexity="1" sequenceCoverage="0" branchCoverage="0" isConstructor="false" isStatic="false" isGetter="false" isSetter="true">
              <Summary numSequencePoints="0" visitedSequencePoints="0" numBranchPoints="0" visitedBranchPoints="0" sequenceCoverage="0" branchCoverage="0" maxCyclomaticComplexity="1" minCyclomaticComplexity="1" visitedClasses="0" numClasses="0" visitedMethods="0" numMethods="0" />
              <MetadataToken>100663358</MetadataToken>
              <Name>System.Void RMWebAPI.Areas.HelpPage.ModelDescriptions.ModelDescription::set_Name(System.String)</Name>
              <SequencePoints />
              <BranchPoints />
              <MethodPoint vc="0" uspid="441" ordinal="0" offset="0" />
            </Method>
            <Method visited="false" cyclomaticComplexity="1" sequenceCoverage="0" branchCoverage="0" isConstructor="true" isStatic="false" isGetter="false" isSetter="false">
              <Summary numSequencePoints="0" visitedSequencePoints="0" numBranchPoints="0" visitedBranchPoints="0" sequenceCoverage="0" branchCoverage="0" maxCyclomaticComplexity="1" minCyclomaticComplexity="1" visitedClasses="0" numClasses="0" visitedMethods="0" numMethods="0" />
              <MetadataToken>100663359</MetadataToken>
              <Name>System.Void RMWebAPI.Areas.HelpPage.ModelDescriptions.ModelDescription::.ctor()</Name>
              <SequencePoints />
              <BranchPoints />
              <MethodPoint vc="0" uspid="442" ordinal="0" offset="0" />
            </Method>
          </Methods>
        </Class>
        <Class>
          <Summary numSequencePoints="0" visitedSequencePoints="0" numBranchPoints="0" visitedBranchPoints="0" sequenceCoverage="0" branchCoverage="0" maxCyclomaticComplexity="1" minCyclomaticComplexity="1" visitedClasses="0" numClasses="0" visitedMethods="0" numMethods="0" />
          <FullName>RMWebAPI.Areas.HelpPage.ModelDescriptions.CollectionModelDescription</FullName>
          <Methods>
            <Method visited="false" cyclomaticComplexity="1" sequenceCoverage="0" branchCoverage="0" isConstructor="false" isStatic="false" isGetter="true" isSetter="false">
              <Summary numSequencePoints="0" visitedSequencePoints="0" numBranchPoints="0" visitedBranchPoints="0" sequenceCoverage="0" branchCoverage="0" maxCyclomaticComplexity="1" minCyclomaticComplexity="1" visitedClasses="0" numClasses="0" visitedMethods="0" numMethods="0" />
              <MetadataToken>100663360</MetadataToken>
              <Name>RMWebAPI.Areas.HelpPage.ModelDescriptions.ModelDescription RMWebAPI.Areas.HelpPage.ModelDescriptions.CollectionModelDescription::get_ElementDescription()</Name>
              <SequencePoints />
              <BranchPoints />
              <MethodPoint vc="0" uspid="443" ordinal="0" offset="0" />
            </Method>
            <Method visited="false" cyclomaticComplexity="1" sequenceCoverage="0" branchCoverage="0" isConstructor="false" isStatic="false" isGetter="false" isSetter="true">
              <Summary numSequencePoints="0" visitedSequencePoints="0" numBranchPoints="0" visitedBranchPoints="0" sequenceCoverage="0" branchCoverage="0" maxCyclomaticComplexity="1" minCyclomaticComplexity="1" visitedClasses="0" numClasses="0" visitedMethods="0" numMethods="0" />
              <MetadataToken>100663361</MetadataToken>
              <Name>System.Void RMWebAPI.Areas.HelpPage.ModelDescriptions.CollectionModelDescription::set_ElementDescription(RMWebAPI.Areas.HelpPage.ModelDescriptions.ModelDescription)</Name>
              <SequencePoints />
              <BranchPoints />
              <MethodPoint vc="0" uspid="444" ordinal="0" offset="0" />
            </Method>
            <Method visited="false" cyclomaticComplexity="1" sequenceCoverage="0" branchCoverage="0" isConstructor="true" isStatic="false" isGetter="false" isSetter="false">
              <Summary numSequencePoints="0" visitedSequencePoints="0" numBranchPoints="0" visitedBranchPoints="0" sequenceCoverage="0" branchCoverage="0" maxCyclomaticComplexity="1" minCyclomaticComplexity="1" visitedClasses="0" numClasses="0" visitedMethods="0" numMethods="0" />
              <MetadataToken>100663362</MetadataToken>
              <Name>System.Void RMWebAPI.Areas.HelpPage.ModelDescriptions.CollectionModelDescription::.ctor()</Name>
              <SequencePoints />
              <BranchPoints />
              <MethodPoint vc="0" uspid="445" ordinal="0" offset="0" />
            </Method>
          </Methods>
        </Class>
        <Class>
          <Summary numSequencePoints="4" visitedSequencePoints="0" numBranchPoints="1" visitedBranchPoints="0" sequenceCoverage="0" branchCoverage="0" maxCyclomaticComplexity="1" minCyclomaticComplexity="1" visitedClasses="0" numClasses="1" visitedMethods="0" numMethods="1" />
          <FullName>RMWebAPI.Areas.HelpPage.ModelDescriptions.ComplexTypeModelDescription</FullName>
          <Methods>
            <Method visited="false" cyclomaticComplexity="1" sequenceCoverage="0" branchCoverage="0" isConstructor="false" isStatic="false" isGetter="true" isSetter="false">
              <Summary numSequencePoints="0" visitedSequencePoints="0" numBranchPoints="0" visitedBranchPoints="0" sequenceCoverage="0" branchCoverage="0" maxCyclomaticComplexity="1" minCyclomaticComplexity="1" visitedClasses="0" numClasses="0" visitedMethods="0" numMethods="0" />
              <MetadataToken>100663364</MetadataToken>
              <Name>System.Collections.ObjectModel.Collection`1&lt;RMWebAPI.Areas.HelpPage.ModelDescriptions.ParameterDescription&gt; RMWebAPI.Areas.HelpPage.ModelDescriptions.ComplexTypeModelDescription::get_Properties()</Name>
              <SequencePoints />
              <BranchPoints />
              <MethodPoint vc="0" uspid="446" ordinal="0" offset="0" />
            </Method>
            <Method visited="false" cyclomaticComplexity="1" sequenceCoverage="0" branchCoverage="0" isConstructor="false" isStatic="false" isGetter="false" isSetter="true">
              <Summary numSequencePoints="0" visitedSequencePoints="0" numBranchPoints="0" visitedBranchPoints="0" sequenceCoverage="0" branchCoverage="0" maxCyclomaticComplexity="1" minCyclomaticComplexity="1" visitedClasses="0" numClasses="0" visitedMethods="0" numMethods="0" />
              <MetadataToken>100663365</MetadataToken>
              <Name>System.Void RMWebAPI.Areas.HelpPage.ModelDescriptions.ComplexTypeModelDescription::set_Properties(System.Collections.ObjectModel.Collection`1&lt;RMWebAPI.Areas.HelpPage.ModelDescriptions.ParameterDescription&gt;)</Name>
              <SequencePoints />
              <BranchPoints />
              <MethodPoint vc="0" uspid="447" ordinal="0" offset="0" />
            </Method>
            <Method visited="false" cyclomaticComplexity="1" sequenceCoverage="0" branchCoverage="0" isConstructor="true" isStatic="false" isGetter="false" isSetter="false">
              <Summary numSequencePoints="4" visitedSequencePoints="0" numBranchPoints="1" visitedBranchPoints="0" sequenceCoverage="0" branchCoverage="0" maxCyclomaticComplexity="1" minCyclomaticComplexity="1" visitedClasses="0" numClasses="0" visitedMethods="0" numMethods="1" />
              <MetadataToken>100663363</MetadataToken>
              <Name>System.Void RMWebAPI.Areas.HelpPage.ModelDescriptions.ComplexTypeModelDescription::.ctor()</Name>
              <FileRef uid="16" />
              <SequencePoints>
                <SequencePoint vc="0" uspid="448" ordinal="0" offset="0" sl="7" sc="9" el="7" ec="45" bec="0" bev="0" fileid="16" />
                <SequencePoint vc="0" uspid="449" ordinal="1" offset="7" sl="8" sc="9" el="8" ec="10" bec="0" bev="0" fileid="16" />
                <SequencePoint vc="0" uspid="450" ordinal="2" offset="8" sl="9" sc="13" el="9" ec="65" bec="0" bev="0" fileid="16" />
                <SequencePoint vc="0" uspid="451" ordinal="3" offset="20" sl="10" sc="9" el="10" ec="10" bec="0" bev="0" fileid="16" />
              </SequencePoints>
              <BranchPoints />
              <MethodPoint xsi:type="SequencePoint" vc="0" uspid="448" ordinal="0" offset="0" sl="7" sc="9" el="7" ec="45" bec="0" bev="0" fileid="16" />
            </Method>
          </Methods>
        </Class>
        <Class>
          <Summary numSequencePoints="0" visitedSequencePoints="0" numBranchPoints="0" visitedBranchPoints="0" sequenceCoverage="0" branchCoverage="0" maxCyclomaticComplexity="1" minCyclomaticComplexity="1" visitedClasses="0" numClasses="0" visitedMethods="0" numMethods="0" />
          <FullName>RMWebAPI.Areas.HelpPage.ModelDescriptions.KeyValuePairModelDescription</FullName>
          <Methods>
            <Method visited="false" cyclomaticComplexity="1" sequenceCoverage="0" branchCoverage="0" isConstructor="false" isStatic="false" isGetter="true" isSetter="false">
              <Summary numSequencePoints="0" visitedSequencePoints="0" numBranchPoints="0" visitedBranchPoints="0" sequenceCoverage="0" branchCoverage="0" maxCyclomaticComplexity="1" minCyclomaticComplexity="1" visitedClasses="0" numClasses="0" visitedMethods="0" numMethods="0" />
              <MetadataToken>100663366</MetadataToken>
              <Name>RMWebAPI.Areas.HelpPage.ModelDescriptions.ModelDescription RMWebAPI.Areas.HelpPage.ModelDescriptions.KeyValuePairModelDescription::get_KeyModelDescription()</Name>
              <SequencePoints />
              <BranchPoints />
              <MethodPoint vc="0" uspid="452" ordinal="0" offset="0" />
            </Method>
            <Method visited="false" cyclomaticComplexity="1" sequenceCoverage="0" branchCoverage="0" isConstructor="false" isStatic="false" isGetter="false" isSetter="true">
              <Summary numSequencePoints="0" visitedSequencePoints="0" numBranchPoints="0" visitedBranchPoints="0" sequenceCoverage="0" branchCoverage="0" maxCyclomaticComplexity="1" minCyclomaticComplexity="1" visitedClasses="0" numClasses="0" visitedMethods="0" numMethods="0" />
              <MetadataToken>100663367</MetadataToken>
              <Name>System.Void RMWebAPI.Areas.HelpPage.ModelDescriptions.KeyValuePairModelDescription::set_KeyModelDescription(RMWebAPI.Areas.HelpPage.ModelDescriptions.ModelDescription)</Name>
              <SequencePoints />
              <BranchPoints />
              <MethodPoint vc="0" uspid="453" ordinal="0" offset="0" />
            </Method>
            <Method visited="false" cyclomaticComplexity="1" sequenceCoverage="0" branchCoverage="0" isConstructor="false" isStatic="false" isGetter="true" isSetter="false">
              <Summary numSequencePoints="0" visitedSequencePoints="0" numBranchPoints="0" visitedBranchPoints="0" sequenceCoverage="0" branchCoverage="0" maxCyclomaticComplexity="1" minCyclomaticComplexity="1" visitedClasses="0" numClasses="0" visitedMethods="0" numMethods="0" />
              <MetadataToken>100663368</MetadataToken>
              <Name>RMWebAPI.Areas.HelpPage.ModelDescriptions.ModelDescription RMWebAPI.Areas.HelpPage.ModelDescriptions.KeyValuePairModelDescription::get_ValueModelDescription()</Name>
              <SequencePoints />
              <BranchPoints />
              <MethodPoint vc="0" uspid="454" ordinal="0" offset="0" />
            </Method>
            <Method visited="false" cyclomaticComplexity="1" sequenceCoverage="0" branchCoverage="0" isConstructor="false" isStatic="false" isGetter="false" isSetter="true">
              <Summary numSequencePoints="0" visitedSequencePoints="0" numBranchPoints="0" visitedBranchPoints="0" sequenceCoverage="0" branchCoverage="0" maxCyclomaticComplexity="1" minCyclomaticComplexity="1" visitedClasses="0" numClasses="0" visitedMethods="0" numMethods="0" />
              <MetadataToken>100663369</MetadataToken>
              <Name>System.Void RMWebAPI.Areas.HelpPage.ModelDescriptions.KeyValuePairModelDescription::set_ValueModelDescription(RMWebAPI.Areas.HelpPage.ModelDescriptions.ModelDescription)</Name>
              <SequencePoints />
              <BranchPoints />
              <MethodPoint vc="0" uspid="455" ordinal="0" offset="0" />
            </Method>
            <Method visited="false" cyclomaticComplexity="1" sequenceCoverage="0" branchCoverage="0" isConstructor="true" isStatic="false" isGetter="false" isSetter="false">
              <Summary numSequencePoints="0" visitedSequencePoints="0" numBranchPoints="0" visitedBranchPoints="0" sequenceCoverage="0" branchCoverage="0" maxCyclomaticComplexity="1" minCyclomaticComplexity="1" visitedClasses="0" numClasses="0" visitedMethods="0" numMethods="0" />
              <MetadataToken>100663370</MetadataToken>
              <Name>System.Void RMWebAPI.Areas.HelpPage.ModelDescriptions.KeyValuePairModelDescription::.ctor()</Name>
              <SequencePoints />
              <BranchPoints />
              <MethodPoint vc="0" uspid="456" ordinal="0" offset="0" />
            </Method>
          </Methods>
        </Class>
        <Class>
          <Summary numSequencePoints="0" visitedSequencePoints="0" numBranchPoints="0" visitedBranchPoints="0" sequenceCoverage="0" branchCoverage="0" maxCyclomaticComplexity="1" minCyclomaticComplexity="1" visitedClasses="0" numClasses="0" visitedMethods="0" numMethods="0" />
          <FullName>RMWebAPI.Areas.HelpPage.ModelDescriptions.DictionaryModelDescription</FullName>
          <Methods>
            <Method visited="false" cyclomaticComplexity="1" sequenceCoverage="0" branchCoverage="0" isConstructor="true" isStatic="false" isGetter="false" isSetter="false">
              <Summary numSequencePoints="0" visitedSequencePoints="0" numBranchPoints="0" visitedBranchPoints="0" sequenceCoverage="0" branchCoverage="0" maxCyclomaticComplexity="1" minCyclomaticComplexity="1" visitedClasses="0" numClasses="0" visitedMethods="0" numMethods="0" />
              <MetadataToken>100663371</MetadataToken>
              <Name>System.Void RMWebAPI.Areas.HelpPage.ModelDescriptions.DictionaryModelDescription::.ctor()</Name>
              <SequencePoints />
              <BranchPoints />
              <MethodPoint vc="0" uspid="457" ordinal="0" offset="0" />
            </Method>
          </Methods>
        </Class>
        <Class>
          <Summary numSequencePoints="4" visitedSequencePoints="0" numBranchPoints="1" visitedBranchPoints="0" sequenceCoverage="0" branchCoverage="0" maxCyclomaticComplexity="1" minCyclomaticComplexity="1" visitedClasses="0" numClasses="1" visitedMethods="0" numMethods="1" />
          <FullName>RMWebAPI.Areas.HelpPage.ModelDescriptions.EnumTypeModelDescription</FullName>
          <Methods>
            <Method visited="false" cyclomaticComplexity="1" sequenceCoverage="0" branchCoverage="0" isConstructor="false" isStatic="false" isGetter="true" isSetter="false">
              <Summary numSequencePoints="0" visitedSequencePoints="0" numBranchPoints="0" visitedBranchPoints="0" sequenceCoverage="0" branchCoverage="0" maxCyclomaticComplexity="1" minCyclomaticComplexity="1" visitedClasses="0" numClasses="0" visitedMethods="0" numMethods="0" />
              <MetadataToken>100663373</MetadataToken>
              <Name>System.Collections.ObjectModel.Collection`1&lt;RMWebAPI.Areas.HelpPage.ModelDescriptions.EnumValueDescription&gt; RMWebAPI.Areas.HelpPage.ModelDescriptions.EnumTypeModelDescription::get_Values()</Name>
              <SequencePoints />
              <BranchPoints />
              <MethodPoint vc="0" uspid="458" ordinal="0" offset="0" />
            </Method>
            <Method visited="false" cyclomaticComplexity="1" sequenceCoverage="0" branchCoverage="0" isConstructor="false" isStatic="false" isGetter="false" isSetter="true">
              <Summary numSequencePoints="0" visitedSequencePoints="0" numBranchPoints="0" visitedBranchPoints="0" sequenceCoverage="0" branchCoverage="0" maxCyclomaticComplexity="1" minCyclomaticComplexity="1" visitedClasses="0" numClasses="0" visitedMethods="0" numMethods="0" />
              <MetadataToken>100663374</MetadataToken>
              <Name>System.Void RMWebAPI.Areas.HelpPage.ModelDescriptions.EnumTypeModelDescription::set_Values(System.Collections.ObjectModel.Collection`1&lt;RMWebAPI.Areas.HelpPage.ModelDescriptions.EnumValueDescription&gt;)</Name>
              <SequencePoints />
              <BranchPoints />
              <MethodPoint vc="0" uspid="459" ordinal="0" offset="0" />
            </Method>
            <Method visited="false" cyclomaticComplexity="1" sequenceCoverage="0" branchCoverage="0" isConstructor="true" isStatic="false" isGetter="false" isSetter="false">
              <Summary numSequencePoints="4" visitedSequencePoints="0" numBranchPoints="1" visitedBranchPoints="0" sequenceCoverage="0" branchCoverage="0" maxCyclomaticComplexity="1" minCyclomaticComplexity="1" visitedClasses="0" numClasses="0" visitedMethods="0" numMethods="1" />
              <MetadataToken>100663372</MetadataToken>
              <Name>System.Void RMWebAPI.Areas.HelpPage.ModelDescriptions.EnumTypeModelDescription::.ctor()</Name>
              <FileRef uid="17" />
              <SequencePoints>
                <SequencePoint vc="0" uspid="460" ordinal="0" offset="0" sl="8" sc="9" el="8" ec="42" bec="0" bev="0" fileid="17" />
                <SequencePoint vc="0" uspid="461" ordinal="1" offset="7" sl="9" sc="9" el="9" ec="10" bec="0" bev="0" fileid="17" />
                <SequencePoint vc="0" uspid="462" ordinal="2" offset="8" sl="10" sc="13" el="10" ec="61" bec="0" bev="0" fileid="17" />
                <SequencePoint vc="0" uspid="463" ordinal="3" offset="20" sl="11" sc="9" el="11" ec="10" bec="0" bev="0" fileid="17" />
              </SequencePoints>
              <BranchPoints />
              <MethodPoint xsi:type="SequencePoint" vc="0" uspid="460" ordinal="0" offset="0" sl="8" sc="9" el="8" ec="42" bec="0" bev="0" fileid="17" />
            </Method>
          </Methods>
        </Class>
        <Class>
          <Summary numSequencePoints="0" visitedSequencePoints="0" numBranchPoints="0" visitedBranchPoints="0" sequenceCoverage="0" branchCoverage="0" maxCyclomaticComplexity="1" minCyclomaticComplexity="1" visitedClasses="0" numClasses="0" visitedMethods="0" numMethods="0" />
          <FullName>RMWebAPI.Areas.HelpPage.ModelDescriptions.EnumValueDescription</FullName>
          <Methods>
            <Method visited="false" cyclomaticComplexity="1" sequenceCoverage="0" branchCoverage="0" isConstructor="false" isStatic="false" isGetter="true" isSetter="false">
              <Summary numSequencePoints="0" visitedSequencePoints="0" numBranchPoints="0" visitedBranchPoints="0" sequenceCoverage="0" branchCoverage="0" maxCyclomaticComplexity="1" minCyclomaticComplexity="1" visitedClasses="0" numClasses="0" visitedMethods="0" numMethods="0" />
              <MetadataToken>100663375</MetadataToken>
              <Name>System.String RMWebAPI.Areas.HelpPage.ModelDescriptions.EnumValueDescription::get_Documentation()</Name>
              <SequencePoints />
              <BranchPoints />
              <MethodPoint vc="0" uspid="464" ordinal="0" offset="0" />
            </Method>
            <Method visited="false" cyclomaticComplexity="1" sequenceCoverage="0" branchCoverage="0" isConstructor="false" isStatic="false" isGetter="false" isSetter="true">
              <Summary numSequencePoints="0" visitedSequencePoints="0" numBranchPoints="0" visitedBranchPoints="0" sequenceCoverage="0" branchCoverage="0" maxCyclomaticComplexity="1" minCyclomaticComplexity="1" visitedClasses="0" numClasses="0" visitedMethods="0" numMethods="0" />
              <MetadataToken>100663376</MetadataToken>
              <Name>System.Void RMWebAPI.Areas.HelpPage.ModelDescriptions.EnumValueDescription::set_Documentation(System.String)</Name>
              <SequencePoints />
              <BranchPoints />
              <MethodPoint vc="0" uspid="465" ordinal="0" offset="0" />
            </Method>
            <Method visited="false" cyclomaticComplexity="1" sequenceCoverage="0" branchCoverage="0" isConstructor="false" isStatic="false" isGetter="true" isSetter="false">
              <Summary numSequencePoints="0" visitedSequencePoints="0" numBranchPoints="0" visitedBranchPoints="0" sequenceCoverage="0" branchCoverage="0" maxCyclomaticComplexity="1" minCyclomaticComplexity="1" visitedClasses="0" numClasses="0" visitedMethods="0" numMethods="0" />
              <MetadataToken>100663377</MetadataToken>
              <Name>System.String RMWebAPI.Areas.HelpPage.ModelDescriptions.EnumValueDescription::get_Name()</Name>
              <SequencePoints />
              <BranchPoints />
              <MethodPoint vc="0" uspid="466" ordinal="0" offset="0" />
            </Method>
            <Method visited="false" cyclomaticComplexity="1" sequenceCoverage="0" branchCoverage="0" isConstructor="false" isStatic="false" isGetter="false" isSetter="true">
              <Summary numSequencePoints="0" visitedSequencePoints="0" numBranchPoints="0" visitedBranchPoints="0" sequenceCoverage="0" branchCoverage="0" maxCyclomaticComplexity="1" minCyclomaticComplexity="1" visitedClasses="0" numClasses="0" visitedMethods="0" numMethods="0" />
              <MetadataToken>100663378</MetadataToken>
              <Name>System.Void RMWebAPI.Areas.HelpPage.ModelDescriptions.EnumValueDescription::set_Name(System.String)</Name>
              <SequencePoints />
              <BranchPoints />
              <MethodPoint vc="0" uspid="467" ordinal="0" offset="0" />
            </Method>
            <Method visited="false" cyclomaticComplexity="1" sequenceCoverage="0" branchCoverage="0" isConstructor="false" isStatic="false" isGetter="true" isSetter="false">
              <Summary numSequencePoints="0" visitedSequencePoints="0" numBranchPoints="0" visitedBranchPoints="0" sequenceCoverage="0" branchCoverage="0" maxCyclomaticComplexity="1" minCyclomaticComplexity="1" visitedClasses="0" numClasses="0" visitedMethods="0" numMethods="0" />
              <MetadataToken>100663379</MetadataToken>
              <Name>System.String RMWebAPI.Areas.HelpPage.ModelDescriptions.EnumValueDescription::get_Value()</Name>
              <SequencePoints />
              <BranchPoints />
              <MethodPoint vc="0" uspid="468" ordinal="0" offset="0" />
            </Method>
            <Method visited="false" cyclomaticComplexity="1" sequenceCoverage="0" branchCoverage="0" isConstructor="false" isStatic="false" isGetter="false" isSetter="true">
              <Summary numSequencePoints="0" visitedSequencePoints="0" numBranchPoints="0" visitedBranchPoints="0" sequenceCoverage="0" branchCoverage="0" maxCyclomaticComplexity="1" minCyclomaticComplexity="1" visitedClasses="0" numClasses="0" visitedMethods="0" numMethods="0" />
              <MetadataToken>100663380</MetadataToken>
              <Name>System.Void RMWebAPI.Areas.HelpPage.ModelDescriptions.EnumValueDescription::set_Value(System.String)</Name>
              <SequencePoints />
              <BranchPoints />
              <MethodPoint vc="0" uspid="469" ordinal="0" offset="0" />
            </Method>
            <Method visited="false" cyclomaticComplexity="1" sequenceCoverage="0" branchCoverage="0" isConstructor="true" isStatic="false" isGetter="false" isSetter="false">
              <Summary numSequencePoints="0" visitedSequencePoints="0" numBranchPoints="0" visitedBranchPoints="0" sequenceCoverage="0" branchCoverage="0" maxCyclomaticComplexity="1" minCyclomaticComplexity="1" visitedClasses="0" numClasses="0" visitedMethods="0" numMethods="0" />
              <MetadataToken>100663381</MetadataToken>
              <Name>System.Void RMWebAPI.Areas.HelpPage.ModelDescriptions.EnumValueDescription::.ctor()</Name>
              <SequencePoints />
              <BranchPoints />
              <MethodPoint vc="0" uspid="470" ordinal="0" offset="0" />
            </Method>
          </Methods>
        </Class>
        <Class>
          <Summary numSequencePoints="238" visitedSequencePoints="0" numBranchPoints="135" visitedBranchPoints="0" sequenceCoverage="0" branchCoverage="0" maxCyclomaticComplexity="17" minCyclomaticComplexity="1" visitedClasses="0" numClasses="1" visitedMethods="0" numMethods="21" />
          <FullName>RMWebAPI.Areas.HelpPage.ModelDescriptions.ModelDescriptionGenerator</FullName>
          <Methods>
            <Method visited="false" cyclomaticComplexity="1" sequenceCoverage="0" branchCoverage="0" isConstructor="false" isStatic="false" isGetter="true" isSetter="false">
              <Summary numSequencePoints="0" visitedSequencePoints="0" numBranchPoints="0" visitedBranchPoints="0" sequenceCoverage="0" branchCoverage="0" maxCyclomaticComplexity="1" minCyclomaticComplexity="1" visitedClasses="0" numClasses="0" visitedMethods="0" numMethods="0" />
              <MetadataToken>100663385</MetadataToken>
              <Name>System.Collections.Generic.Dictionary`2&lt;System.String,RMWebAPI.Areas.HelpPage.ModelDescriptions.ModelDescription&gt; RMWebAPI.Areas.HelpPage.ModelDescriptions.ModelDescriptionGenerator::get_GeneratedModels()</Name>
              <SequencePoints />
              <BranchPoints />
              <MethodPoint vc="0" uspid="471" ordinal="0" offset="0" />
            </Method>
            <Method visited="false" cyclomaticComplexity="1" sequenceCoverage="0" branchCoverage="0" isConstructor="false" isStatic="false" isGetter="false" isSetter="true">
              <Summary numSequencePoints="0" visitedSequencePoints="0" numBranchPoints="0" visitedBranchPoints="0" sequenceCoverage="0" branchCoverage="0" maxCyclomaticComplexity="1" minCyclomaticComplexity="1" visitedClasses="0" numClasses="0" visitedMethods="0" numMethods="0" />
              <MetadataToken>100663386</MetadataToken>
              <Name>System.Void RMWebAPI.Areas.HelpPage.ModelDescriptions.ModelDescriptionGenerator::set_GeneratedModels(System.Collections.Generic.Dictionary`2&lt;System.String,RMWebAPI.Areas.HelpPage.ModelDescriptions.ModelDescription&gt;)</Name>
              <SequencePoints />
              <BranchPoints />
              <MethodPoint vc="0" uspid="472" ordinal="0" offset="0" />
            </Method>
            <Method visited="false" cyclomaticComplexity="1" sequenceCoverage="0" branchCoverage="0" isConstructor="false" isStatic="false" isGetter="true" isSetter="false">
              <Summary numSequencePoints="3" visitedSequencePoints="0" numBranchPoints="1" visitedBranchPoints="0" sequenceCoverage="0" branchCoverage="0" maxCyclomaticComplexity="1" minCyclomaticComplexity="1" visitedClasses="0" numClasses="0" visitedMethods="0" numMethods="1" />
              <MetadataToken>100663387</MetadataToken>
              <Name>RMWebAPI.Areas.HelpPage.ModelDescriptions.IModelDocumentationProvider RMWebAPI.Areas.HelpPage.ModelDescriptions.ModelDescriptionGenerator::get_DocumentationProvider()</Name>
              <FileRef uid="18" />
              <SequencePoints>
                <SequencePoint vc="0" uspid="473" ordinal="0" offset="0" sl="105" sc="13" el="105" ec="14" bec="0" bev="0" fileid="18" />
                <SequencePoint vc="0" uspid="474" ordinal="1" offset="1" sl="106" sc="17" el="106" ec="53" bec="0" bev="0" fileid="18" />
                <SequencePoint vc="0" uspid="475" ordinal="2" offset="15" sl="107" sc="13" el="107" ec="14" bec="0" bev="0" fileid="18" />
              </SequencePoints>
              <BranchPoints />
              <MethodPoint xsi:type="SequencePoint" vc="0" uspid="473" ordinal="0" offset="0" sl="105" sc="13" el="105" ec="14" bec="0" bev="0" fileid="18" />
            </Method>
            <Method visited="false" cyclomaticComplexity="10" sequenceCoverage="0" branchCoverage="0" isConstructor="true" isStatic="false" isGetter="false" isSetter="false">
              <Summary numSequencePoints="10" visitedSequencePoints="0" numBranchPoints="19" visitedBranchPoints="0" sequenceCoverage="0" branchCoverage="0" maxCyclomaticComplexity="10" minCyclomaticComplexity="10" visitedClasses="0" numClasses="0" visitedMethods="0" numMethods="1" />
              <MetadataToken>100663384</MetadataToken>
              <Name>System.Void RMWebAPI.Areas.HelpPage.ModelDescriptions.ModelDescriptionGenerator::.ctor(System.Web.Http.HttpConfiguration)</Name>
              <FileRef uid="18" />
              <SequencePoints>
                <SequencePoint vc="0" uspid="476" ordinal="0" offset="15" sl="22" sc="9" el="61" ec="11" bec="14" bev="0" fileid="18" />
                <SequencePoint vc="0" uspid="477" ordinal="1" offset="364" sl="64" sc="9" el="85" ec="11" bec="0" bev="0" fileid="18" />
                <SequencePoint vc="0" uspid="478" ordinal="2" offset="795" sl="89" sc="9" el="89" ec="67" bec="0" bev="0" fileid="18" />
                <SequencePoint vc="0" uspid="479" ordinal="3" offset="802" sl="90" sc="9" el="90" ec="10" bec="0" bev="0" fileid="18" />
                <SequencePoint vc="0" uspid="480" ordinal="4" offset="803" sl="91" sc="13" el="91" ec="32" bec="2" bev="0" fileid="18" />
                <SequencePoint vc="0" uspid="481" ordinal="5" offset="821" sl="92" sc="13" el="92" ec="14" bec="0" bev="0" fileid="18" />
                <SequencePoint vc="0" uspid="482" ordinal="6" offset="822" sl="93" sc="17" el="93" ec="59" bec="0" bev="0" fileid="18" />
                <SequencePoint vc="0" uspid="483" ordinal="7" offset="833" sl="96" sc="13" el="96" ec="157" bec="2" bev="0" fileid="18" />
                <SequencePoint vc="0" uspid="484" ordinal="8" offset="863" sl="97" sc="13" el="97" ec="106" bec="0" bev="0" fileid="18" />
                <SequencePoint vc="0" uspid="485" ordinal="9" offset="880" sl="98" sc="9" el="98" ec="10" bec="0" bev="0" fileid="18" />
              </SequencePoints>
              <BranchPoints>
                <BranchPoint vc="0" uspid="486" ordinal="0" offset="38" sl="22" path="0" offsetend="40" fileid="18" />
                <BranchPoint vc="0" uspid="487" ordinal="1" offset="38" sl="22" path="1" offsetend="59" fileid="18" />
                <BranchPoint vc="0" uspid="488" ordinal="2" offset="86" sl="22" path="0" offsetend="88" fileid="18" />
                <BranchPoint vc="0" uspid="489" ordinal="3" offset="86" sl="22" path="1" offsetend="107" fileid="18" />
                <BranchPoint vc="0" uspid="490" ordinal="4" offset="134" sl="22" path="0" offsetend="136" fileid="18" />
                <BranchPoint vc="0" uspid="491" ordinal="5" offset="134" sl="22" path="1" offsetend="155" fileid="18" />
                <BranchPoint vc="0" uspid="492" ordinal="6" offset="182" sl="22" path="0" offsetend="184" fileid="18" />
                <BranchPoint vc="0" uspid="493" ordinal="7" offset="182" sl="22" path="1" offsetend="203" fileid="18" />
                <BranchPoint vc="0" uspid="494" ordinal="8" offset="230" sl="22" path="0" offsetend="232" fileid="18" />
                <BranchPoint vc="0" uspid="495" ordinal="9" offset="230" sl="22" path="1" offsetend="251" fileid="18" />
                <BranchPoint vc="0" uspid="496" ordinal="10" offset="278" sl="22" path="0" offsetend="280" fileid="18" />
                <BranchPoint vc="0" uspid="497" ordinal="11" offset="278" sl="22" path="1" offsetend="299" fileid="18" />
                <BranchPoint vc="0" uspid="498" ordinal="12" offset="326" sl="22" path="0" offsetend="328" fileid="18" />
                <BranchPoint vc="0" uspid="499" ordinal="13" offset="326" sl="22" path="1" offsetend="347" fileid="18" />
                <BranchPoint vc="0" uspid="500" ordinal="14" offset="819" sl="91" path="0" offsetend="821" fileid="18" />
                <BranchPoint vc="0" uspid="501" ordinal="15" offset="819" sl="91" path="1" offsetend="833" fileid="18" />
                <BranchPoint vc="0" uspid="502" ordinal="16" offset="835" sl="96" path="0" offsetend="837" fileid="18" />
                <BranchPoint vc="0" uspid="503" ordinal="17" offset="835" sl="96" path="1" offsetend="852" fileid="18" />
              </BranchPoints>
              <MethodPoint vc="0" uspid="504" ordinal="0" offset="0" />
            </Method>
            <Method visited="false" cyclomaticComplexity="17" sequenceCoverage="0" branchCoverage="0" isConstructor="false" isStatic="false" isGetter="false" isSetter="false">
              <Summary numSequencePoints="59" visitedSequencePoints="0" numBranchPoints="33" visitedBranchPoints="0" sequenceCoverage="0" branchCoverage="0" maxCyclomaticComplexity="17" minCyclomaticComplexity="17" visitedClasses="0" numClasses="0" visitedMethods="0" numMethods="1" />
              <MetadataToken>100663388</MetadataToken>
              <Name>RMWebAPI.Areas.HelpPage.ModelDescriptions.ModelDescription RMWebAPI.Areas.HelpPage.ModelDescriptions.ModelDescriptionGenerator::GetOrCreateModelDescription(System.Type)</Name>
              <FileRef uid="18" />
              <SequencePoints>
                <SequencePoint vc="0" uspid="505" ordinal="0" offset="0" sl="111" sc="9" el="111" ec="10" bec="0" bev="0" fileid="18" />
                <SequencePoint vc="0" uspid="506" ordinal="1" offset="1" sl="112" sc="13" el="112" ec="35" bec="2" bev="0" fileid="18" />
                <SequencePoint vc="0" uspid="507" ordinal="2" offset="17" sl="113" sc="13" el="113" ec="14" bec="0" bev="0" fileid="18" />
                <SequencePoint vc="0" uspid="508" ordinal="3" offset="18" sl="114" sc="17" el="114" ec="62" bec="0" bev="0" fileid="18" />
                <SequencePoint vc="0" uspid="509" ordinal="4" offset="29" sl="117" sc="13" el="117" ec="73" bec="0" bev="0" fileid="18" />
                <SequencePoint vc="0" uspid="510" ordinal="5" offset="36" sl="118" sc="13" el="118" ec="40" bec="2" bev="0" fileid="18" />
                <SequencePoint vc="0" uspid="511" ordinal="6" offset="52" sl="119" sc="13" el="119" ec="14" bec="0" bev="0" fileid="18" />
                <SequencePoint vc="0" uspid="512" ordinal="7" offset="53" sl="120" sc="17" el="120" ec="44" bec="0" bev="0" fileid="18" />
                <SequencePoint vc="0" uspid="513" ordinal="8" offset="56" sl="121" sc="13" el="121" ec="14" bec="0" bev="0" fileid="18" />
                <SequencePoint vc="0" uspid="514" ordinal="9" offset="57" sl="124" sc="13" el="124" ec="72" bec="0" bev="0" fileid="18" />
                <SequencePoint vc="0" uspid="515" ordinal="10" offset="64" sl="125" sc="13" el="125" ec="78" bec="2" bev="0" fileid="18" />
                <SequencePoint vc="0" uspid="516" ordinal="11" offset="87" sl="126" sc="13" el="126" ec="14" bec="0" bev="0" fileid="18" />
                <SequencePoint vc="0" uspid="517" ordinal="12" offset="88" sl="127" sc="17" el="127" ec="61" bec="2" bev="0" fileid="18" />
                <SequencePoint vc="0" uspid="518" ordinal="13" offset="109" sl="128" sc="17" el="128" ec="18" bec="0" bev="0" fileid="18" />
                <SequencePoint vc="0" uspid="519" ordinal="14" offset="110" sl="129" sc="21" el="136" ec="50" bec="0" bev="0" fileid="18" />
                <SequencePoint vc="0" uspid="520" ordinal="15" offset="171" sl="139" sc="17" el="139" ec="41" bec="0" bev="0" fileid="18" />
                <SequencePoint vc="0" uspid="521" ordinal="16" offset="179" sl="142" sc="13" el="142" ec="65" bec="2" bev="0" fileid="18" />
                <SequencePoint vc="0" uspid="522" ordinal="17" offset="200" sl="143" sc="13" el="143" ec="14" bec="0" bev="0" fileid="18" />
                <SequencePoint vc="0" uspid="523" ordinal="18" offset="201" sl="144" sc="17" el="144" ec="70" bec="0" bev="0" fileid="18" />
                <SequencePoint vc="0" uspid="524" ordinal="19" offset="215" sl="147" sc="13" el="147" ec="34" bec="2" bev="0" fileid="18" />
                <SequencePoint vc="0" uspid="525" ordinal="20" offset="230" sl="148" sc="13" el="148" ec="14" bec="0" bev="0" fileid="18" />
                <SequencePoint vc="0" uspid="526" ordinal="21" offset="231" sl="149" sc="17" el="149" ec="68" bec="0" bev="0" fileid="18" />
                <SequencePoint vc="0" uspid="527" ordinal="22" offset="245" sl="152" sc="13" el="152" ec="41" bec="2" bev="0" fileid="18" />
                <SequencePoint vc="0" uspid="528" ordinal="23" offset="263" sl="153" sc="13" el="153" ec="14" bec="0" bev="0" fileid="18" />
                <SequencePoint vc="0" uspid="529" ordinal="24" offset="264" sl="154" sc="17" el="154" ec="75" bec="0" bev="0" fileid="18" />
                <SequencePoint vc="0" uspid="530" ordinal="25" offset="271" sl="156" sc="17" el="156" ec="50" bec="2" bev="0" fileid="18" />
                <SequencePoint vc="0" uspid="531" ordinal="26" offset="286" sl="157" sc="17" el="157" ec="18" bec="0" bev="0" fileid="18" />
                <SequencePoint vc="0" uspid="532" ordinal="27" offset="287" sl="158" sc="21" el="158" ec="99" bec="0" bev="0" fileid="18" />
                <SequencePoint vc="0" uspid="533" ordinal="28" offset="305" sl="159" sc="21" el="159" ec="68" bec="2" bev="0" fileid="18" />
                <SequencePoint vc="0" uspid="534" ordinal="29" offset="322" sl="160" sc="21" el="160" ec="22" bec="0" bev="0" fileid="18" />
                <SequencePoint vc="0" uspid="535" ordinal="30" offset="323" sl="161" sc="25" el="161" ec="99" bec="0" bev="0" fileid="18" />
                <SequencePoint vc="0" uspid="536" ordinal="31" offset="340" sl="163" sc="17" el="163" ec="18" bec="0" bev="0" fileid="18" />
                <SequencePoint vc="0" uspid="537" ordinal="32" offset="341" sl="164" sc="17" el="164" ec="50" bec="2" bev="0" fileid="18" />
                <SequencePoint vc="0" uspid="538" ordinal="33" offset="356" sl="165" sc="17" el="165" ec="18" bec="0" bev="0" fileid="18" />
                <SequencePoint vc="0" uspid="539" ordinal="34" offset="357" sl="166" sc="21" el="166" ec="100" bec="0" bev="0" fileid="18" />
                <SequencePoint vc="0" uspid="540" ordinal="35" offset="375" sl="167" sc="21" el="167" ec="68" bec="2" bev="0" fileid="18" />
                <SequencePoint vc="0" uspid="541" ordinal="36" offset="392" sl="168" sc="21" el="168" ec="22" bec="0" bev="0" fileid="18" />
                <SequencePoint vc="0" uspid="542" ordinal="37" offset="393" sl="169" sc="25" el="169" ec="120" bec="0" bev="0" fileid="18" />
                <SequencePoint vc="0" uspid="543" ordinal="38" offset="413" sl="172" sc="21" el="172" ec="103" bec="0" bev="0" fileid="18" />
                <SequencePoint vc="0" uspid="544" ordinal="39" offset="431" sl="173" sc="21" el="173" ec="70" bec="2" bev="0" fileid="18" />
                <SequencePoint vc="0" uspid="545" ordinal="40" offset="448" sl="174" sc="21" el="174" ec="22" bec="0" bev="0" fileid="18" />
                <SequencePoint vc="0" uspid="546" ordinal="41" offset="449" sl="175" sc="25" el="175" ec="122" bec="0" bev="0" fileid="18" />
                <SequencePoint vc="0" uspid="547" ordinal="42" offset="469" sl="177" sc="17" el="177" ec="18" bec="0" bev="0" fileid="18" />
                <SequencePoint vc="0" uspid="548" ordinal="43" offset="470" sl="178" sc="13" el="178" ec="14" bec="0" bev="0" fileid="18" />
                <SequencePoint vc="0" uspid="549" ordinal="44" offset="471" sl="180" sc="13" el="180" ec="35" bec="2" bev="0" fileid="18" />
                <SequencePoint vc="0" uspid="550" ordinal="45" offset="486" sl="181" sc="13" el="181" ec="14" bec="0" bev="0" fileid="18" />
                <SequencePoint vc="0" uspid="551" ordinal="46" offset="487" sl="182" sc="17" el="182" ec="63" bec="0" bev="0" fileid="18" />
                <SequencePoint vc="0" uspid="552" ordinal="47" offset="495" sl="183" sc="17" el="183" ec="83" bec="0" bev="0" fileid="18" />
                <SequencePoint vc="0" uspid="553" ordinal="48" offset="511" sl="186" sc="13" el="186" ec="58" bec="2" bev="0" fileid="18" />
                <SequencePoint vc="0" uspid="554" ordinal="49" offset="536" sl="187" sc="13" el="187" ec="14" bec="0" bev="0" fileid="18" />
                <SequencePoint vc="0" uspid="555" ordinal="50" offset="537" sl="188" sc="17" el="188" ec="102" bec="0" bev="0" fileid="18" />
                <SequencePoint vc="0" uspid="556" ordinal="51" offset="568" sl="191" sc="13" el="191" ec="65" bec="2" bev="0" fileid="18" />
                <SequencePoint vc="0" uspid="557" ordinal="52" offset="593" sl="192" sc="13" el="192" ec="14" bec="0" bev="0" fileid="18" />
                <SequencePoint vc="0" uspid="558" ordinal="53" offset="594" sl="193" sc="17" el="193" ec="102" bec="0" bev="0" fileid="18" />
                <SequencePoint vc="0" uspid="559" ordinal="54" offset="625" sl="196" sc="13" el="196" ec="65" bec="2" bev="0" fileid="18" />
                <SequencePoint vc="0" uspid="560" ordinal="55" offset="650" sl="197" sc="13" el="197" ec="14" bec="0" bev="0" fileid="18" />
                <SequencePoint vc="0" uspid="561" ordinal="56" offset="651" sl="198" sc="17" el="198" ec="86" bec="0" bev="0" fileid="18" />
                <SequencePoint vc="0" uspid="562" ordinal="57" offset="672" sl="201" sc="13" el="201" ec="67" bec="0" bev="0" fileid="18" />
                <SequencePoint vc="0" uspid="563" ordinal="58" offset="683" sl="202" sc="9" el="202" ec="10" bec="0" bev="0" fileid="18" />
              </SequencePoints>
              <BranchPoints>
                <BranchPoint vc="0" uspid="564" ordinal="0" offset="15" sl="112" path="0" offsetend="17" fileid="18" />
                <BranchPoint vc="0" uspid="565" ordinal="1" offset="15" sl="112" path="1" offsetend="29" fileid="18" />
                <BranchPoint vc="0" uspid="566" ordinal="2" offset="50" sl="118" path="0" offsetend="52" fileid="18" />
                <BranchPoint vc="0" uspid="567" ordinal="3" offset="50" sl="118" path="1" offsetend="57" fileid="18" />
                <BranchPoint vc="0" uspid="568" ordinal="4" offset="85" sl="125" path="0" offsetend="87" fileid="18" />
                <BranchPoint vc="0" uspid="569" ordinal="5" offset="85" sl="125" path="1" offsetend="179" fileid="18" />
                <BranchPoint vc="0" uspid="570" ordinal="6" offset="107" sl="127" path="0" offsetend="109" fileid="18" />
                <BranchPoint vc="0" uspid="571" ordinal="7" offset="107" sl="127" path="1" offsetend="171" fileid="18" />
                <BranchPoint vc="0" uspid="572" ordinal="8" offset="198" sl="142" path="0" offsetend="200" fileid="18" />
                <BranchPoint vc="0" uspid="573" ordinal="9" offset="198" sl="142" path="1" offsetend="215" fileid="18" />
                <BranchPoint vc="0" uspid="574" ordinal="10" offset="228" sl="147" path="0" offsetend="230" fileid="18" />
                <BranchPoint vc="0" uspid="575" ordinal="11" offset="228" sl="147" path="1" offsetend="245" fileid="18" />
                <BranchPoint vc="0" uspid="576" ordinal="12" offset="258" sl="152" path="0" offsetend="263" fileid="18" />
                <BranchPoint vc="0" uspid="577" ordinal="13" offset="258" sl="152" path="1" offsetend="471" fileid="18" />
                <BranchPoint vc="0" uspid="578" ordinal="14" offset="284" sl="156" path="0" offsetend="286" fileid="18" />
                <BranchPoint vc="0" uspid="579" ordinal="15" offset="284" sl="156" path="1" offsetend="341" fileid="18" />
                <BranchPoint vc="0" uspid="580" ordinal="16" offset="320" sl="159" path="0" offsetend="322" fileid="18" />
                <BranchPoint vc="0" uspid="581" ordinal="17" offset="320" sl="159" path="1" offsetend="340" fileid="18" />
                <BranchPoint vc="0" uspid="582" ordinal="18" offset="354" sl="164" path="0" offsetend="356" fileid="18" />
                <BranchPoint vc="0" uspid="583" ordinal="19" offset="354" sl="164" path="1" offsetend="470" fileid="18" />
                <BranchPoint vc="0" uspid="584" ordinal="20" offset="390" sl="167" path="0" offsetend="392" fileid="18" />
                <BranchPoint vc="0" uspid="585" ordinal="21" offset="390" sl="167" path="1" offsetend="413" fileid="18" />
                <BranchPoint vc="0" uspid="586" ordinal="22" offset="446" sl="173" path="0" offsetend="448" fileid="18" />
                <BranchPoint vc="0" uspid="587" ordinal="23" offset="446" sl="173" path="1" offsetend="469" fileid="18" />
                <BranchPoint vc="0" uspid="588" ordinal="24" offset="484" sl="180" path="0" offsetend="486" fileid="18" />
                <BranchPoint vc="0" uspid="589" ordinal="25" offset="484" sl="180" path="1" offsetend="511" fileid="18" />
                <BranchPoint vc="0" uspid="590" ordinal="26" offset="534" sl="186" path="0" offsetend="536" fileid="18" />
                <BranchPoint vc="0" uspid="591" ordinal="27" offset="534" sl="186" path="1" offsetend="568" fileid="18" />
                <BranchPoint vc="0" uspid="592" ordinal="28" offset="591" sl="191" path="0" offsetend="593" fileid="18" />
                <BranchPoint vc="0" uspid="593" ordinal="29" offset="591" sl="191" path="1" offsetend="625" fileid="18" />
                <BranchPoint vc="0" uspid="594" ordinal="30" offset="648" sl="196" path="0" offsetend="650" fileid="18" />
                <BranchPoint vc="0" uspid="595" ordinal="31" offset="648" sl="196" path="1" offsetend="672" fileid="18" />
              </BranchPoints>
              <MethodPoint xsi:type="SequencePoint" vc="0" uspid="505" ordinal="0" offset="0" sl="111" sc="9" el="111" ec="10" bec="0" bev="0" fileid="18" />
            </Method>
            <Method visited="false" cyclomaticComplexity="6" sequenceCoverage="0" branchCoverage="0" isConstructor="false" isStatic="true" isGetter="false" isSetter="false">
              <Summary numSequencePoints="14" visitedSequencePoints="0" numBranchPoints="11" visitedBranchPoints="0" sequenceCoverage="0" branchCoverage="0" maxCyclomaticComplexity="6" minCyclomaticComplexity="6" visitedClasses="0" numClasses="0" visitedMethods="0" numMethods="1" />
              <MetadataToken>100663389</MetadataToken>
              <Name>System.String RMWebAPI.Areas.HelpPage.ModelDescriptions.ModelDescriptionGenerator::GetMemberName(System.Reflection.MemberInfo,System.Boolean)</Name>
              <FileRef uid="18" />
              <SequencePoints>
                <SequencePoint vc="0" uspid="596" ordinal="0" offset="0" sl="206" sc="9" el="206" ec="10" bec="0" bev="0" fileid="18" />
                <SequencePoint vc="0" uspid="597" ordinal="1" offset="1" sl="207" sc="13" el="207" ec="101" bec="0" bev="0" fileid="18" />
                <SequencePoint vc="0" uspid="598" ordinal="2" offset="8" sl="208" sc="13" el="208" ec="90" bec="4" bev="0" fileid="18" />
                <SequencePoint vc="0" uspid="599" ordinal="3" offset="30" sl="209" sc="13" el="209" ec="14" bec="0" bev="0" fileid="18" />
                <SequencePoint vc="0" uspid="600" ordinal="4" offset="31" sl="210" sc="17" el="210" ec="50" bec="0" bev="0" fileid="18" />
                <SequencePoint vc="0" uspid="601" ordinal="5" offset="40" sl="213" sc="13" el="213" ec="42" bec="2" bev="0" fileid="18" />
                <SequencePoint vc="0" uspid="602" ordinal="6" offset="48" sl="214" sc="13" el="214" ec="14" bec="0" bev="0" fileid="18" />
                <SequencePoint vc="0" uspid="603" ordinal="7" offset="49" sl="215" sc="17" el="215" ec="99" bec="0" bev="0" fileid="18" />
                <SequencePoint vc="0" uspid="604" ordinal="8" offset="56" sl="216" sc="17" el="216" ec="82" bec="4" bev="0" fileid="18" />
                <SequencePoint vc="0" uspid="605" ordinal="9" offset="78" sl="217" sc="17" el="217" ec="18" bec="0" bev="0" fileid="18" />
                <SequencePoint vc="0" uspid="606" ordinal="10" offset="79" sl="218" sc="21" el="218" ec="44" bec="0" bev="0" fileid="18" />
                <SequencePoint vc="0" uspid="607" ordinal="11" offset="88" sl="220" sc="13" el="220" ec="14" bec="0" bev="0" fileid="18" />
                <SequencePoint vc="0" uspid="608" ordinal="12" offset="89" sl="222" sc="13" el="222" ec="32" bec="0" bev="0" fileid="18" />
                <SequencePoint vc="0" uspid="609" ordinal="13" offset="98" sl="223" sc="9" el="223" ec="10" bec="0" bev="0" fileid="18" />
              </SequencePoints>
              <BranchPoints>
                <BranchPoint vc="0" uspid="610" ordinal="0" offset="9" sl="208" path="0" offsetend="11" fileid="18" />
                <BranchPoint vc="0" uspid="611" ordinal="1" offset="9" sl="208" path="1" offsetend="24" fileid="18" />
                <BranchPoint vc="0" uspid="612" ordinal="2" offset="28" sl="208" path="0" offsetend="30" fileid="18" />
                <BranchPoint vc="0" uspid="613" ordinal="3" offset="28" sl="208" path="1" offsetend="40" fileid="18" />
                <BranchPoint vc="0" uspid="614" ordinal="4" offset="46" sl="213" path="0" offsetend="48" fileid="18" />
                <BranchPoint vc="0" uspid="615" ordinal="5" offset="46" sl="213" path="1" offsetend="89" fileid="18" />
                <BranchPoint vc="0" uspid="616" ordinal="6" offset="57" sl="216" path="0" offsetend="59" fileid="18" />
                <BranchPoint vc="0" uspid="617" ordinal="7" offset="57" sl="216" path="1" offsetend="72" fileid="18" />
                <BranchPoint vc="0" uspid="618" ordinal="8" offset="76" sl="216" path="0" offsetend="78" fileid="18" />
                <BranchPoint vc="0" uspid="619" ordinal="9" offset="76" sl="216" path="1" offsetend="88" fileid="18" />
              </BranchPoints>
              <MethodPoint xsi:type="SequencePoint" vc="0" uspid="596" ordinal="0" offset="0" sl="206" sc="9" el="206" ec="10" bec="0" bev="0" fileid="18" />
            </Method>
            <Method visited="false" cyclomaticComplexity="10" sequenceCoverage="0" branchCoverage="0" isConstructor="false" isStatic="true" isGetter="false" isSetter="false">
              <Summary numSequencePoints="9" visitedSequencePoints="0" numBranchPoints="17" visitedBranchPoints="0" sequenceCoverage="0" branchCoverage="0" maxCyclomaticComplexity="10" minCyclomaticComplexity="10" visitedClasses="0" numClasses="0" visitedMethods="0" numMethods="1" />
              <MetadataToken>100663390</MetadataToken>
              <Name>System.Boolean RMWebAPI.Areas.HelpPage.ModelDescriptions.ModelDescriptionGenerator::ShouldDisplayMember(System.Reflection.MemberInfo,System.Boolean)</Name>
              <FileRef uid="18" />
              <SequencePoints>
                <SequencePoint vc="0" uspid="620" ordinal="0" offset="0" sl="226" sc="9" el="226" ec="10" bec="0" bev="0" fileid="18" />
                <SequencePoint vc="0" uspid="621" ordinal="1" offset="1" sl="227" sc="13" el="227" ec="95" bec="0" bev="0" fileid="18" />
                <SequencePoint vc="0" uspid="622" ordinal="2" offset="8" sl="228" sc="13" el="228" ec="92" bec="0" bev="0" fileid="18" />
                <SequencePoint vc="0" uspid="623" ordinal="3" offset="15" sl="229" sc="13" el="229" ec="113" bec="0" bev="0" fileid="18" />
                <SequencePoint vc="0" uspid="624" ordinal="4" offset="22" sl="230" sc="13" el="230" ec="104" bec="0" bev="0" fileid="18" />
                <SequencePoint vc="0" uspid="625" ordinal="5" offset="29" sl="231" sc="13" el="231" ec="121" bec="0" bev="0" fileid="18" />
                <SequencePoint vc="0" uspid="626" ordinal="6" offset="37" sl="233" sc="13" el="235" ec="74" bec="2" bev="0" fileid="18" />
                <SequencePoint vc="0" uspid="627" ordinal="7" offset="79" sl="244" sc="13" el="249" ec="67" bec="9" bev="0" fileid="18" />
                <SequencePoint vc="0" uspid="628" ordinal="8" offset="121" sl="250" sc="9" el="250" ec="10" bec="0" bev="0" fileid="18" />
              </SequencePoints>
              <BranchPoints>
                <BranchPoint vc="0" uspid="629" ordinal="0" offset="48" sl="233" path="0" offsetend="50" fileid="18" />
                <BranchPoint vc="0" uspid="630" ordinal="1" offset="48" sl="233" path="1" offsetend="64" fileid="18" />
                <BranchPoint vc="0" uspid="631" ordinal="2" offset="80" sl="244" path="0" offsetend="82" fileid="18" />
                <BranchPoint vc="0" uspid="632" ordinal="3" offset="80" sl="244" path="1" offsetend="115" fileid="18" />
                <BranchPoint vc="0" uspid="633" ordinal="4" offset="83" sl="244" path="0" offsetend="85" fileid="18" />
                <BranchPoint vc="0" uspid="634" ordinal="5" offset="83" sl="244" path="1" offsetend="115" fileid="18" />
                <BranchPoint vc="0" uspid="635" ordinal="6" offset="86" sl="244" path="0" offsetend="88" fileid="18" />
                <BranchPoint vc="0" uspid="636" ordinal="7" offset="86" sl="244" path="1" offsetend="115" fileid="18" />
                <BranchPoint vc="0" uspid="637" ordinal="8" offset="89" sl="244" path="0" offsetend="91" fileid="18" />
                <BranchPoint vc="0" uspid="638" ordinal="9" offset="89" sl="244" path="1" offsetend="115" fileid="18" />
                <BranchPoint vc="0" uspid="639" ordinal="10" offset="93" sl="244" path="0" offsetend="95" fileid="18" />
                <BranchPoint vc="0" uspid="640" ordinal="11" offset="93" sl="244" path="1" offsetend="104" fileid="18" />
                <BranchPoint vc="0" uspid="641" ordinal="12" offset="102" sl="244" path="0" offsetend="104" fileid="18" />
                <BranchPoint vc="0" uspid="642" ordinal="13" offset="102" sl="244" path="1" offsetend="115" fileid="18" />
                <BranchPoint vc="0" uspid="643" ordinal="14" offset="105" sl="244" path="0" offsetend="107" fileid="18" />
                <BranchPoint vc="0" uspid="644" ordinal="15" offset="105" sl="244" path="1" offsetend="111" fileid="18" />
              </BranchPoints>
              <MethodPoint xsi:type="SequencePoint" vc="0" uspid="620" ordinal="0" offset="0" sl="226" sc="9" el="226" ec="10" bec="0" bev="0" fileid="18" />
            </Method>
            <Method visited="false" cyclomaticComplexity="3" sequenceCoverage="0" branchCoverage="0" isConstructor="false" isStatic="false" isGetter="false" isSetter="false">
              <Summary numSequencePoints="10" visitedSequencePoints="0" numBranchPoints="5" visitedBranchPoints="0" sequenceCoverage="0" branchCoverage="0" maxCyclomaticComplexity="3" minCyclomaticComplexity="3" visitedClasses="0" numClasses="0" visitedMethods="0" numMethods="1" />
              <MetadataToken>100663391</MetadataToken>
              <Name>System.String RMWebAPI.Areas.HelpPage.ModelDescriptions.ModelDescriptionGenerator::CreateDefaultDocumentation(System.Type)</Name>
              <FileRef uid="18" />
              <SequencePoints>
                <SequencePoint vc="0" uspid="645" ordinal="0" offset="0" sl="253" sc="9" el="253" ec="10" bec="0" bev="0" fileid="18" />
                <SequencePoint vc="0" uspid="646" ordinal="1" offset="1" sl="255" sc="13" el="255" ec="79" bec="2" bev="0" fileid="18" />
                <SequencePoint vc="0" uspid="647" ordinal="2" offset="22" sl="256" sc="13" el="256" ec="14" bec="0" bev="0" fileid="18" />
                <SequencePoint vc="0" uspid="648" ordinal="3" offset="23" sl="257" sc="17" el="257" ec="38" bec="0" bev="0" fileid="18" />
                <SequencePoint vc="0" uspid="649" ordinal="4" offset="27" sl="259" sc="13" el="259" ec="47" bec="2" bev="0" fileid="18" />
                <SequencePoint vc="0" uspid="650" ordinal="5" offset="40" sl="260" sc="13" el="260" ec="14" bec="0" bev="0" fileid="18" />
                <SequencePoint vc="0" uspid="651" ordinal="6" offset="41" sl="261" sc="17" el="261" ec="78" bec="0" bev="0" fileid="18" />
                <SequencePoint vc="0" uspid="652" ordinal="7" offset="54" sl="262" sc="13" el="262" ec="14" bec="0" bev="0" fileid="18" />
                <SequencePoint vc="0" uspid="653" ordinal="8" offset="55" sl="264" sc="13" el="264" ec="34" bec="0" bev="0" fileid="18" />
                <SequencePoint vc="0" uspid="654" ordinal="9" offset="59" sl="265" sc="9" el="265" ec="10" bec="0" bev="0" fileid="18" />
              </SequencePoints>
              <BranchPoints>
                <BranchPoint vc="0" uspid="655" ordinal="0" offset="20" sl="255" path="0" offsetend="22" fileid="18" />
                <BranchPoint vc="0" uspid="656" ordinal="1" offset="20" sl="255" path="1" offsetend="27" fileid="18" />
                <BranchPoint vc="0" uspid="657" ordinal="2" offset="38" sl="259" path="0" offsetend="40" fileid="18" />
                <BranchPoint vc="0" uspid="658" ordinal="3" offset="38" sl="259" path="1" offsetend="55" fileid="18" />
              </BranchPoints>
              <MethodPoint xsi:type="SequencePoint" vc="0" uspid="645" ordinal="0" offset="0" sl="253" sc="9" el="253" ec="10" bec="0" bev="0" fileid="18" />
            </Method>
            <Method visited="false" cyclomaticComplexity="6" sequenceCoverage="0" branchCoverage="0" isConstructor="false" isStatic="false" isGetter="false" isSetter="false">
              <Summary numSequencePoints="22" visitedSequencePoints="0" numBranchPoints="9" visitedBranchPoints="0" sequenceCoverage="0" branchCoverage="0" maxCyclomaticComplexity="6" minCyclomaticComplexity="6" visitedClasses="0" numClasses="0" visitedMethods="0" numMethods="1" />
              <MetadataToken>100663392</MetadataToken>
              <Name>System.Void RMWebAPI.Areas.HelpPage.ModelDescriptions.ModelDescriptionGenerator::GenerateAnnotations(System.Reflection.MemberInfo,RMWebAPI.Areas.HelpPage.ModelDescriptions.ParameterDescription)</Name>
              <FileRef uid="18" />
              <SequencePoints>
                <SequencePoint vc="0" uspid="659" ordinal="0" offset="0" sl="268" sc="9" el="268" ec="10" bec="0" bev="0" fileid="18" />
                <SequencePoint vc="0" uspid="660" ordinal="1" offset="1" sl="269" sc="13" el="269" ec="85" bec="0" bev="0" fileid="18" />
                <SequencePoint vc="0" uspid="661" ordinal="2" offset="7" sl="271" sc="13" el="271" ec="80" bec="0" bev="0" fileid="18" />
                <SequencePoint vc="0" uspid="662" ordinal="3" offset="14" sl="272" sc="13" el="272" ec="20" bec="0" bev="0" fileid="18" />
                <SequencePoint vc="0" uspid="663" ordinal="4" offset="15" sl="272" sc="45" el="272" ec="55" bec="0" bev="0" fileid="18" />
                <SequencePoint vc="0" uspid="664" ordinal="5" offset="25" sl="272" sc="22" el="272" ec="41" bec="0" bev="0" fileid="18" />
                <SequencePoint vc="0" uspid="665" ordinal="6" offset="33" sl="273" sc="13" el="273" ec="14" bec="0" bev="0" fileid="18" />
                <SequencePoint vc="0" uspid="666" ordinal="7" offset="34" sl="275" sc="17" el="275" ec="97" bec="2" bev="0" fileid="18" />
                <SequencePoint vc="0" uspid="667" ordinal="8" offset="62" sl="276" sc="17" el="276" ec="18" bec="0" bev="0" fileid="18" />
                <SequencePoint vc="0" uspid="668" ordinal="9" offset="63" sl="277" sc="21" el="282" ec="28" bec="0" bev="0" fileid="18" />
                <SequencePoint vc="0" uspid="669" ordinal="10" offset="103" sl="283" sc="17" el="283" ec="18" bec="0" bev="0" fileid="18" />
                <SequencePoint vc="0" uspid="670" ordinal="11" offset="104" sl="284" sc="13" el="284" ec="14" bec="0" bev="0" fileid="18" />
                <SequencePoint vc="0" uspid="671" ordinal="12" offset="105" sl="272" sc="42" el="272" ec="44" bec="2" bev="0" fileid="18" />
                <SequencePoint vc="0" uspid="672" ordinal="13" offset="141" sl="287" sc="13" el="301" ec="16" bec="2" bev="0" fileid="18" />
                <SequencePoint vc="0" uspid="673" ordinal="14" offset="179" sl="303" sc="13" el="303" ec="20" bec="0" bev="0" fileid="18" />
                <SequencePoint vc="0" uspid="674" ordinal="15" offset="180" sl="303" sc="56" el="303" ec="67" bec="0" bev="0" fileid="18" />
                <SequencePoint vc="0" uspid="675" ordinal="16" offset="190" sl="303" sc="22" el="303" ec="52" bec="0" bev="0" fileid="18" />
                <SequencePoint vc="0" uspid="676" ordinal="17" offset="199" sl="304" sc="13" el="304" ec="14" bec="0" bev="0" fileid="18" />
                <SequencePoint vc="0" uspid="677" ordinal="18" offset="200" sl="305" sc="17" el="305" ec="59" bec="0" bev="0" fileid="18" />
                <SequencePoint vc="0" uspid="678" ordinal="19" offset="214" sl="306" sc="13" el="306" ec="14" bec="0" bev="0" fileid="18" />
                <SequencePoint vc="0" uspid="679" ordinal="20" offset="215" sl="303" sc="53" el="303" ec="55" bec="2" bev="0" fileid="18" />
                <SequencePoint vc="0" uspid="680" ordinal="21" offset="246" sl="307" sc="9" el="307" ec="10" bec="0" bev="0" fileid="18" />
              </SequencePoints>
              <BranchPoints>
                <BranchPoint vc="0" uspid="681" ordinal="0" offset="60" sl="275" path="0" offsetend="62" fileid="18" />
                <BranchPoint vc="0" uspid="682" ordinal="1" offset="60" sl="275" path="1" offsetend="104" fileid="18" />
                <BranchPoint vc="0" uspid="683" ordinal="2" offset="116" sl="272" path="0" offsetend="118" fileid="18" />
                <BranchPoint vc="0" uspid="684" ordinal="3" offset="116" sl="272" path="1" offsetend="25" fileid="18" />
                <BranchPoint vc="0" uspid="685" ordinal="4" offset="147" sl="287" path="0" offsetend="149" fileid="18" />
                <BranchPoint vc="0" uspid="686" ordinal="5" offset="147" sl="287" path="1" offsetend="168" fileid="18" />
                <BranchPoint vc="0" uspid="687" ordinal="6" offset="226" sl="303" path="0" offsetend="228" fileid="18" />
                <BranchPoint vc="0" uspid="688" ordinal="7" offset="226" sl="303" path="1" offsetend="190" fileid="18" />
              </BranchPoints>
              <MethodPoint xsi:type="SequencePoint" vc="0" uspid="659" ordinal="0" offset="0" sl="268" sc="9" el="268" ec="10" bec="0" bev="0" fileid="18" />
            </Method>
            <Method visited="false" cyclomaticComplexity="2" sequenceCoverage="0" branchCoverage="0" isConstructor="false" isStatic="false" isGetter="false" isSetter="false">
              <Summary numSequencePoints="7" visitedSequencePoints="0" numBranchPoints="3" visitedBranchPoints="0" sequenceCoverage="0" branchCoverage="0" maxCyclomaticComplexity="2" minCyclomaticComplexity="2" visitedClasses="0" numClasses="0" visitedMethods="0" numMethods="1" />
              <MetadataToken>100663393</MetadataToken>
              <Name>RMWebAPI.Areas.HelpPage.ModelDescriptions.CollectionModelDescription RMWebAPI.Areas.HelpPage.ModelDescriptions.ModelDescriptionGenerator::GenerateCollectionModelDescription(System.Type,System.Type)</Name>
              <FileRef uid="18" />
              <SequencePoints>
                <SequencePoint vc="0" uspid="689" ordinal="0" offset="0" sl="310" sc="9" el="310" ec="10" bec="0" bev="0" fileid="18" />
                <SequencePoint vc="0" uspid="690" ordinal="1" offset="1" sl="311" sc="13" el="311" ec="100" bec="0" bev="0" fileid="18" />
                <SequencePoint vc="0" uspid="691" ordinal="2" offset="9" sl="312" sc="13" el="312" ec="52" bec="2" bev="0" fileid="18" />
                <SequencePoint vc="0" uspid="692" ordinal="3" offset="17" sl="313" sc="13" el="313" ec="14" bec="0" bev="0" fileid="18" />
                <SequencePoint vc="0" uspid="693" ordinal="4" offset="18" sl="314" sc="17" el="319" ec="19" bec="0" bev="0" fileid="18" />
                <SequencePoint vc="0" uspid="694" ordinal="5" offset="57" sl="322" sc="13" el="322" ec="25" bec="0" bev="0" fileid="18" />
                <SequencePoint vc="0" uspid="695" ordinal="6" offset="61" sl="323" sc="9" el="323" ec="10" bec="0" bev="0" fileid="18" />
              </SequencePoints>
              <BranchPoints>
                <BranchPoint vc="0" uspid="696" ordinal="0" offset="15" sl="312" path="0" offsetend="17" fileid="18" />
                <BranchPoint vc="0" uspid="697" ordinal="1" offset="15" sl="312" path="1" offsetend="57" fileid="18" />
              </BranchPoints>
              <MethodPoint xsi:type="SequencePoint" vc="0" uspid="689" ordinal="0" offset="0" sl="310" sc="9" el="310" ec="10" bec="0" bev="0" fileid="18" />
            </Method>
            <Method visited="false" cyclomaticComplexity="7" sequenceCoverage="0" branchCoverage="0" isConstructor="false" isStatic="false" isGetter="false" isSetter="false">
              <Summary numSequencePoints="41" visitedSequencePoints="0" numBranchPoints="13" visitedBranchPoints="0" sequenceCoverage="0" branchCoverage="0" maxCyclomaticComplexity="7" minCyclomaticComplexity="7" visitedClasses="0" numClasses="0" visitedMethods="0" numMethods="1" />
              <MetadataToken>100663394</MetadataToken>
              <Name>RMWebAPI.Areas.HelpPage.ModelDescriptions.ModelDescription RMWebAPI.Areas.HelpPage.ModelDescriptions.ModelDescriptionGenerator::GenerateComplexTypeModelDescription(System.Type)</Name>
              <FileRef uid="18" />
              <SequencePoints>
                <SequencePoint vc="0" uspid="698" ordinal="0" offset="0" sl="326" sc="9" el="326" ec="10" bec="0" bev="0" fileid="18" />
                <SequencePoint vc="0" uspid="699" ordinal="1" offset="1" sl="327" sc="13" el="332" ec="15" bec="0" bev="0" fileid="18" />
                <SequencePoint vc="0" uspid="700" ordinal="2" offset="49" sl="334" sc="13" el="334" ec="88" bec="0" bev="0" fileid="18" />
                <SequencePoint vc="0" uspid="701" ordinal="3" offset="68" sl="335" sc="13" el="335" ec="107" bec="0" bev="0" fileid="18" />
                <SequencePoint vc="0" uspid="702" ordinal="4" offset="81" sl="336" sc="13" el="336" ec="110" bec="0" bev="0" fileid="18" />
                <SequencePoint vc="0" uspid="703" ordinal="5" offset="90" sl="337" sc="13" el="337" ec="20" bec="0" bev="0" fileid="18" />
                <SequencePoint vc="0" uspid="704" ordinal="6" offset="91" sl="337" sc="47" el="337" ec="57" bec="0" bev="0" fileid="18" />
                <SequencePoint vc="0" uspid="705" ordinal="7" offset="102" sl="337" sc="22" el="337" ec="43" bec="0" bev="0" fileid="18" />
                <SequencePoint vc="0" uspid="706" ordinal="8" offset="108" sl="338" sc="13" el="338" ec="14" bec="0" bev="0" fileid="18" />
                <SequencePoint vc="0" uspid="707" ordinal="9" offset="109" sl="339" sc="17" el="339" ec="77" bec="2" bev="0" fileid="18" />
                <SequencePoint vc="0" uspid="708" ordinal="10" offset="125" sl="340" sc="17" el="340" ec="18" bec="0" bev="0" fileid="18" />
                <SequencePoint vc="0" uspid="709" ordinal="11" offset="126" sl="341" sc="21" el="344" ec="23" bec="0" bev="0" fileid="18" />
                <SequencePoint vc="0" uspid="710" ordinal="12" offset="152" sl="346" sc="21" el="346" ec="55" bec="2" bev="0" fileid="18" />
                <SequencePoint vc="0" uspid="711" ordinal="13" offset="167" sl="347" sc="21" el="347" ec="22" bec="0" bev="0" fileid="18" />
                <SequencePoint vc="0" uspid="712" ordinal="14" offset="168" sl="348" sc="25" el="348" ec="104" bec="0" bev="0" fileid="18" />
                <SequencePoint vc="0" uspid="713" ordinal="15" offset="188" sl="349" sc="21" el="349" ec="22" bec="0" bev="0" fileid="18" />
                <SequencePoint vc="0" uspid="714" ordinal="16" offset="189" sl="351" sc="21" el="351" ec="66" bec="0" bev="0" fileid="18" />
                <SequencePoint vc="0" uspid="715" ordinal="17" offset="199" sl="352" sc="21" el="352" ec="75" bec="0" bev="0" fileid="18" />
                <SequencePoint vc="0" uspid="716" ordinal="18" offset="213" sl="353" sc="21" el="353" ec="104" bec="0" bev="0" fileid="18" />
                <SequencePoint vc="0" uspid="717" ordinal="19" offset="233" sl="354" sc="17" el="354" ec="18" bec="0" bev="0" fileid="18" />
                <SequencePoint vc="0" uspid="718" ordinal="20" offset="234" sl="355" sc="13" el="355" ec="14" bec="0" bev="0" fileid="18" />
                <SequencePoint vc="0" uspid="719" ordinal="21" offset="241" sl="337" sc="44" el="337" ec="46" bec="2" bev="0" fileid="18" />
                <SequencePoint vc="0" uspid="720" ordinal="22" offset="258" sl="357" sc="13" el="357" ec="99" bec="0" bev="0" fileid="18" />
                <SequencePoint vc="0" uspid="721" ordinal="23" offset="268" sl="358" sc="13" el="358" ec="20" bec="0" bev="0" fileid="18" />
                <SequencePoint vc="0" uspid="722" ordinal="24" offset="269" sl="358" sc="41" el="358" ec="47" bec="0" bev="0" fileid="18" />
                <SequencePoint vc="0" uspid="723" ordinal="25" offset="281" sl="358" sc="22" el="358" ec="37" bec="0" bev="0" fileid="18" />
                <SequencePoint vc="0" uspid="724" ordinal="26" offset="288" sl="359" sc="13" el="359" ec="14" bec="0" bev="0" fileid="18" />
                <SequencePoint vc="0" uspid="725" ordinal="27" offset="289" sl="360" sc="17" el="360" ec="74" bec="2" bev="0" fileid="18" />
                <SequencePoint vc="0" uspid="726" ordinal="28" offset="306" sl="361" sc="17" el="361" ec="18" bec="0" bev="0" fileid="18" />
                <SequencePoint vc="0" uspid="727" ordinal="29" offset="307" sl="362" sc="21" el="365" ec="23" bec="0" bev="0" fileid="18" />
                <SequencePoint vc="0" uspid="728" ordinal="30" offset="334" sl="367" sc="21" el="367" ec="55" bec="2" bev="0" fileid="18" />
                <SequencePoint vc="0" uspid="729" ordinal="31" offset="349" sl="368" sc="21" el="368" ec="22" bec="0" bev="0" fileid="18" />
                <SequencePoint vc="0" uspid="730" ordinal="32" offset="350" sl="369" sc="25" el="369" ec="101" bec="0" bev="0" fileid="18" />
                <SequencePoint vc="0" uspid="731" ordinal="33" offset="371" sl="370" sc="21" el="370" ec="22" bec="0" bev="0" fileid="18" />
                <SequencePoint vc="0" uspid="732" ordinal="34" offset="372" sl="372" sc="21" el="372" ec="75" bec="0" bev="0" fileid="18" />
                <SequencePoint vc="0" uspid="733" ordinal="35" offset="386" sl="373" sc="21" el="373" ec="98" bec="0" bev="0" fileid="18" />
                <SequencePoint vc="0" uspid="734" ordinal="36" offset="407" sl="374" sc="17" el="374" ec="18" bec="0" bev="0" fileid="18" />
                <SequencePoint vc="0" uspid="735" ordinal="37" offset="408" sl="375" sc="13" el="375" ec="14" bec="0" bev="0" fileid="18" />
                <SequencePoint vc="0" uspid="736" ordinal="38" offset="415" sl="358" sc="38" el="358" ec="40" bec="2" bev="0" fileid="18" />
                <SequencePoint vc="0" uspid="737" ordinal="39" offset="432" sl="377" sc="13" el="377" ec="44" bec="0" bev="0" fileid="18" />
                <SequencePoint vc="0" uspid="738" ordinal="40" offset="437" sl="378" sc="9" el="378" ec="10" bec="0" bev="0" fileid="18" />
              </SequencePoints>
              <BranchPoints>
                <BranchPoint vc="0" uspid="739" ordinal="0" offset="123" sl="339" path="0" offsetend="125" fileid="18" />
                <BranchPoint vc="0" uspid="740" ordinal="1" offset="123" sl="339" path="1" offsetend="234" fileid="18" />
                <BranchPoint vc="0" uspid="741" ordinal="2" offset="165" sl="346" path="0" offsetend="167" fileid="18" />
                <BranchPoint vc="0" uspid="742" ordinal="3" offset="165" sl="346" path="1" offsetend="189" fileid="18" />
                <BranchPoint vc="0" uspid="743" ordinal="4" offset="253" sl="337" path="0" offsetend="258" fileid="18" />
                <BranchPoint vc="0" uspid="744" ordinal="5" offset="253" sl="337" path="1" offsetend="102" fileid="18" />
                <BranchPoint vc="0" uspid="745" ordinal="6" offset="304" sl="360" path="0" offsetend="306" fileid="18" />
                <BranchPoint vc="0" uspid="746" ordinal="7" offset="304" sl="360" path="1" offsetend="408" fileid="18" />
                <BranchPoint vc="0" uspid="747" ordinal="8" offset="347" sl="367" path="0" offsetend="349" fileid="18" />
                <BranchPoint vc="0" uspid="748" ordinal="9" offset="347" sl="367" path="1" offsetend="372" fileid="18" />
                <BranchPoint vc="0" uspid="749" ordinal="10" offset="427" sl="358" path="0" offsetend="432" fileid="18" />
                <BranchPoint vc="0" uspid="750" ordinal="11" offset="427" sl="358" path="1" offsetend="281" fileid="18" />
              </BranchPoints>
              <MethodPoint xsi:type="SequencePoint" vc="0" uspid="698" ordinal="0" offset="0" sl="326" sc="9" el="326" ec="10" bec="0" bev="0" fileid="18" />
            </Method>
            <Method visited="false" cyclomaticComplexity="1" sequenceCoverage="0" branchCoverage="0" isConstructor="false" isStatic="false" isGetter="false" isSetter="false">
              <Summary numSequencePoints="5" visitedSequencePoints="0" numBranchPoints="1" visitedBranchPoints="0" sequenceCoverage="0" branchCoverage="0" maxCyclomaticComplexity="1" minCyclomaticComplexity="1" visitedClasses="0" numClasses="0" visitedMethods="0" numMethods="1" />
              <MetadataToken>100663395</MetadataToken>
              <Name>RMWebAPI.Areas.HelpPage.ModelDescriptions.DictionaryModelDescription RMWebAPI.Areas.HelpPage.ModelDescriptions.ModelDescriptionGenerator::GenerateDictionaryModelDescription(System.Type,System.Type,System.Type)</Name>
              <FileRef uid="18" />
              <SequencePoints>
                <SequencePoint vc="0" uspid="751" ordinal="0" offset="0" sl="381" sc="9" el="381" ec="10" bec="0" bev="0" fileid="18" />
                <SequencePoint vc="0" uspid="752" ordinal="1" offset="1" sl="382" sc="13" el="382" ec="89" bec="0" bev="0" fileid="18" />
                <SequencePoint vc="0" uspid="753" ordinal="2" offset="9" sl="383" sc="13" el="383" ec="93" bec="0" bev="0" fileid="18" />
                <SequencePoint vc="0" uspid="754" ordinal="3" offset="17" sl="385" sc="13" el="391" ec="15" bec="0" bev="0" fileid="18" />
                <SequencePoint vc="0" uspid="755" ordinal="4" offset="64" sl="392" sc="9" el="392" ec="10" bec="0" bev="0" fileid="18" />
              </SequencePoints>
              <BranchPoints />
              <MethodPoint xsi:type="SequencePoint" vc="0" uspid="751" ordinal="0" offset="0" sl="381" sc="9" el="381" ec="10" bec="0" bev="0" fileid="18" />
            </Method>
            <Method visited="false" cyclomaticComplexity="4" sequenceCoverage="0" branchCoverage="0" isConstructor="false" isStatic="false" isGetter="false" isSetter="false">
              <Summary numSequencePoints="21" visitedSequencePoints="0" numBranchPoints="7" visitedBranchPoints="0" sequenceCoverage="0" branchCoverage="0" maxCyclomaticComplexity="4" minCyclomaticComplexity="4" visitedClasses="0" numClasses="0" visitedMethods="0" numMethods="1" />
              <MetadataToken>100663396</MetadataToken>
              <Name>RMWebAPI.Areas.HelpPage.ModelDescriptions.EnumTypeModelDescription RMWebAPI.Areas.HelpPage.ModelDescriptions.ModelDescriptionGenerator::GenerateEnumTypeModelDescription(System.Type)</Name>
              <FileRef uid="18" />
              <SequencePoints>
                <SequencePoint vc="0" uspid="756" ordinal="0" offset="0" sl="395" sc="9" el="395" ec="10" bec="0" bev="0" fileid="18" />
                <SequencePoint vc="0" uspid="757" ordinal="1" offset="1" sl="396" sc="13" el="401" ec="15" bec="0" bev="0" fileid="18" />
                <SequencePoint vc="0" uspid="758" ordinal="2" offset="49" sl="402" sc="13" el="402" ec="107" bec="0" bev="0" fileid="18" />
                <SequencePoint vc="0" uspid="759" ordinal="3" offset="62" sl="403" sc="13" el="403" ec="20" bec="0" bev="0" fileid="18" />
                <SequencePoint vc="0" uspid="760" ordinal="4" offset="63" sl="403" sc="41" el="403" ec="103" bec="0" bev="0" fileid="18" />
                <SequencePoint vc="0" uspid="761" ordinal="5" offset="78" sl="403" sc="22" el="403" ec="37" bec="0" bev="0" fileid="18" />
                <SequencePoint vc="0" uspid="762" ordinal="6" offset="84" sl="404" sc="13" el="404" ec="14" bec="0" bev="0" fileid="18" />
                <SequencePoint vc="0" uspid="763" ordinal="7" offset="85" sl="405" sc="17" el="405" ec="74" bec="2" bev="0" fileid="18" />
                <SequencePoint vc="0" uspid="764" ordinal="8" offset="101" sl="406" sc="17" el="406" ec="18" bec="0" bev="0" fileid="18" />
                <SequencePoint vc="0" uspid="765" ordinal="9" offset="102" sl="407" sc="21" el="411" ec="23" bec="0" bev="0" fileid="18" />
                <SequencePoint vc="0" uspid="766" ordinal="10" offset="145" sl="412" sc="21" el="412" ec="55" bec="2" bev="0" fileid="18" />
                <SequencePoint vc="0" uspid="767" ordinal="11" offset="160" sl="413" sc="21" el="413" ec="22" bec="0" bev="0" fileid="18" />
                <SequencePoint vc="0" uspid="768" ordinal="12" offset="161" sl="414" sc="25" el="414" ec="97" bec="0" bev="0" fileid="18" />
                <SequencePoint vc="0" uspid="769" ordinal="13" offset="180" sl="415" sc="21" el="415" ec="22" bec="0" bev="0" fileid="18" />
                <SequencePoint vc="0" uspid="770" ordinal="14" offset="181" sl="416" sc="21" el="416" ec="59" bec="0" bev="0" fileid="18" />
                <SequencePoint vc="0" uspid="771" ordinal="15" offset="194" sl="417" sc="17" el="417" ec="18" bec="0" bev="0" fileid="18" />
                <SequencePoint vc="0" uspid="772" ordinal="16" offset="195" sl="418" sc="13" el="418" ec="14" bec="0" bev="0" fileid="18" />
                <SequencePoint vc="0" uspid="773" ordinal="17" offset="202" sl="403" sc="38" el="403" ec="40" bec="2" bev="0" fileid="18" />
                <SequencePoint vc="0" uspid="774" ordinal="18" offset="219" sl="419" sc="13" el="419" ec="72" bec="0" bev="0" fileid="18" />
                <SequencePoint vc="0" uspid="775" ordinal="19" offset="238" sl="421" sc="13" el="421" ec="36" bec="0" bev="0" fileid="18" />
                <SequencePoint vc="0" uspid="776" ordinal="20" offset="243" sl="422" sc="9" el="422" ec="10" bec="0" bev="0" fileid="18" />
              </SequencePoints>
              <BranchPoints>
                <BranchPoint vc="0" uspid="777" ordinal="0" offset="99" sl="405" path="0" offsetend="101" fileid="18" />
                <BranchPoint vc="0" uspid="778" ordinal="1" offset="99" sl="405" path="1" offsetend="195" fileid="18" />
                <BranchPoint vc="0" uspid="779" ordinal="2" offset="158" sl="412" path="0" offsetend="160" fileid="18" />
                <BranchPoint vc="0" uspid="780" ordinal="3" offset="158" sl="412" path="1" offsetend="181" fileid="18" />
                <BranchPoint vc="0" uspid="781" ordinal="4" offset="214" sl="403" path="0" offsetend="219" fileid="18" />
                <BranchPoint vc="0" uspid="782" ordinal="5" offset="214" sl="403" path="1" offsetend="78" fileid="18" />
              </BranchPoints>
              <MethodPoint xsi:type="SequencePoint" vc="0" uspid="756" ordinal="0" offset="0" sl="395" sc="9" el="395" ec="10" bec="0" bev="0" fileid="18" />
            </Method>
            <Method visited="false" cyclomaticComplexity="1" sequenceCoverage="0" branchCoverage="0" isConstructor="false" isStatic="false" isGetter="false" isSetter="false">
              <Summary numSequencePoints="5" visitedSequencePoints="0" numBranchPoints="1" visitedBranchPoints="0" sequenceCoverage="0" branchCoverage="0" maxCyclomaticComplexity="1" minCyclomaticComplexity="1" visitedClasses="0" numClasses="0" visitedMethods="0" numMethods="1" />
              <MetadataToken>100663397</MetadataToken>
              <Name>RMWebAPI.Areas.HelpPage.ModelDescriptions.KeyValuePairModelDescription RMWebAPI.Areas.HelpPage.ModelDescriptions.ModelDescriptionGenerator::GenerateKeyValuePairModelDescription(System.Type,System.Type,System.Type)</Name>
              <FileRef uid="18" />
              <SequencePoints>
                <SequencePoint vc="0" uspid="783" ordinal="0" offset="0" sl="425" sc="9" el="425" ec="10" bec="0" bev="0" fileid="18" />
                <SequencePoint vc="0" uspid="784" ordinal="1" offset="1" sl="426" sc="13" el="426" ec="89" bec="0" bev="0" fileid="18" />
                <SequencePoint vc="0" uspid="785" ordinal="2" offset="9" sl="427" sc="13" el="427" ec="93" bec="0" bev="0" fileid="18" />
                <SequencePoint vc="0" uspid="786" ordinal="3" offset="17" sl="429" sc="13" el="435" ec="15" bec="0" bev="0" fileid="18" />
                <SequencePoint vc="0" uspid="787" ordinal="4" offset="64" sl="436" sc="9" el="436" ec="10" bec="0" bev="0" fileid="18" />
              </SequencePoints>
              <BranchPoints />
              <MethodPoint xsi:type="SequencePoint" vc="0" uspid="783" ordinal="0" offset="0" sl="425" sc="9" el="425" ec="10" bec="0" bev="0" fileid="18" />
            </Method>
            <Method visited="false" cyclomaticComplexity="1" sequenceCoverage="0" branchCoverage="0" isConstructor="false" isStatic="false" isGetter="false" isSetter="false">
              <Summary numSequencePoints="5" visitedSequencePoints="0" numBranchPoints="1" visitedBranchPoints="0" sequenceCoverage="0" branchCoverage="0" maxCyclomaticComplexity="1" minCyclomaticComplexity="1" visitedClasses="0" numClasses="0" visitedMethods="0" numMethods="1" />
              <MetadataToken>100663398</MetadataToken>
              <Name>RMWebAPI.Areas.HelpPage.ModelDescriptions.ModelDescription RMWebAPI.Areas.HelpPage.ModelDescriptions.ModelDescriptionGenerator::GenerateSimpleTypeModelDescription(System.Type)</Name>
              <FileRef uid="18" />
              <SequencePoints>
                <SequencePoint vc="0" uspid="788" ordinal="0" offset="0" sl="439" sc="9" el="439" ec="10" bec="0" bev="0" fileid="18" />
                <SequencePoint vc="0" uspid="789" ordinal="1" offset="1" sl="440" sc="13" el="445" ec="15" bec="0" bev="0" fileid="18" />
                <SequencePoint vc="0" uspid="790" ordinal="2" offset="44" sl="446" sc="13" el="446" ec="86" bec="0" bev="0" fileid="18" />
                <SequencePoint vc="0" uspid="791" ordinal="3" offset="63" sl="448" sc="13" el="448" ec="43" bec="0" bev="0" fileid="18" />
                <SequencePoint vc="0" uspid="792" ordinal="4" offset="67" sl="449" sc="9" el="449" ec="10" bec="0" bev="0" fileid="18" />
              </SequencePoints>
              <BranchPoints />
              <MethodPoint xsi:type="SequencePoint" vc="0" uspid="788" ordinal="0" offset="0" sl="439" sc="9" el="439" ec="10" bec="0" bev="0" fileid="18" />
            </Method>
            <Method visited="false" cyclomaticComplexity="1" sequenceCoverage="0" branchCoverage="0" isConstructor="false" isStatic="true" isGetter="false" isSetter="false">
              <Summary numSequencePoints="1" visitedSequencePoints="0" numBranchPoints="1" visitedBranchPoints="0" sequenceCoverage="0" branchCoverage="0" maxCyclomaticComplexity="1" minCyclomaticComplexity="1" visitedClasses="0" numClasses="0" visitedMethods="0" numMethods="1" />
              <MetadataToken>100663399</MetadataToken>
              <Name>System.String RMWebAPI.Areas.HelpPage.ModelDescriptions.ModelDescriptionGenerator::&lt;.ctor&gt;b__2(System.Object)</Name>
              <FileRef uid="18" />
              <SequencePoints>
                <SequencePoint vc="0" uspid="793" ordinal="0" offset="0" sl="24" sc="47" el="24" ec="57" bec="0" bev="0" fileid="18" />
              </SequencePoints>
              <BranchPoints />
              <MethodPoint xsi:type="SequencePoint" vc="0" uspid="793" ordinal="0" offset="0" sl="24" sc="47" el="24" ec="57" bec="0" bev="0" fileid="18" />
            </Method>
            <Method visited="false" cyclomaticComplexity="1" sequenceCoverage="0" branchCoverage="0" isConstructor="false" isStatic="true" isGetter="false" isSetter="false">
              <Summary numSequencePoints="3" visitedSequencePoints="0" numBranchPoints="1" visitedBranchPoints="0" sequenceCoverage="0" branchCoverage="0" maxCyclomaticComplexity="1" minCyclomaticComplexity="1" visitedClasses="0" numClasses="0" visitedMethods="0" numMethods="1" />
              <MetadataToken>100663400</MetadataToken>
              <Name>System.String RMWebAPI.Areas.HelpPage.ModelDescriptions.ModelDescriptionGenerator::&lt;.ctor&gt;b__3(System.Object)</Name>
              <FileRef uid="18" />
              <SequencePoints>
                <SequencePoint vc="0" uspid="794" ordinal="0" offset="0" sl="26" sc="17" el="26" ec="18" bec="0" bev="0" fileid="18" />
                <SequencePoint vc="0" uspid="795" ordinal="1" offset="1" sl="27" sc="21" el="27" ec="62" bec="0" bev="0" fileid="18" />
                <SequencePoint vc="0" uspid="796" ordinal="2" offset="8" sl="28" sc="21" el="28" ec="140" bec="0" bev="0" fileid="18" />
              </SequencePoints>
              <BranchPoints />
              <MethodPoint xsi:type="SequencePoint" vc="0" uspid="794" ordinal="0" offset="0" sl="26" sc="17" el="26" ec="18" bec="0" bev="0" fileid="18" />
            </Method>
            <Method visited="false" cyclomaticComplexity="1" sequenceCoverage="0" branchCoverage="0" isConstructor="false" isStatic="true" isGetter="false" isSetter="false">
              <Summary numSequencePoints="3" visitedSequencePoints="0" numBranchPoints="1" visitedBranchPoints="0" sequenceCoverage="0" branchCoverage="0" maxCyclomaticComplexity="1" minCyclomaticComplexity="1" visitedClasses="0" numClasses="0" visitedMethods="0" numMethods="1" />
              <MetadataToken>100663401</MetadataToken>
              <Name>System.String RMWebAPI.Areas.HelpPage.ModelDescriptions.ModelDescriptionGenerator::&lt;.ctor&gt;b__4(System.Object)</Name>
              <FileRef uid="18" />
              <SequencePoints>
                <SequencePoint vc="0" uspid="797" ordinal="0" offset="0" sl="32" sc="17" el="32" ec="18" bec="0" bev="0" fileid="18" />
                <SequencePoint vc="0" uspid="798" ordinal="1" offset="1" sl="33" sc="21" el="33" ec="74" bec="0" bev="0" fileid="18" />
                <SequencePoint vc="0" uspid="799" ordinal="2" offset="8" sl="34" sc="21" el="34" ec="107" bec="0" bev="0" fileid="18" />
              </SequencePoints>
              <BranchPoints />
              <MethodPoint xsi:type="SequencePoint" vc="0" uspid="797" ordinal="0" offset="0" sl="32" sc="17" el="32" ec="18" bec="0" bev="0" fileid="18" />
            </Method>
            <Method visited="false" cyclomaticComplexity="1" sequenceCoverage="0" branchCoverage="0" isConstructor="false" isStatic="true" isGetter="false" isSetter="false">
              <Summary numSequencePoints="3" visitedSequencePoints="0" numBranchPoints="1" visitedBranchPoints="0" sequenceCoverage="0" branchCoverage="0" maxCyclomaticComplexity="1" minCyclomaticComplexity="1" visitedClasses="0" numClasses="0" visitedMethods="0" numMethods="1" />
              <MetadataToken>100663402</MetadataToken>
              <Name>System.String RMWebAPI.Areas.HelpPage.ModelDescriptions.ModelDescriptionGenerator::&lt;.ctor&gt;b__5(System.Object)</Name>
              <FileRef uid="18" />
              <SequencePoints>
                <SequencePoint vc="0" uspid="800" ordinal="0" offset="0" sl="38" sc="17" el="38" ec="18" bec="0" bev="0" fileid="18" />
                <SequencePoint vc="0" uspid="801" ordinal="1" offset="1" sl="39" sc="21" el="39" ec="74" bec="0" bev="0" fileid="18" />
                <SequencePoint vc="0" uspid="802" ordinal="2" offset="8" sl="40" sc="21" el="40" ec="107" bec="0" bev="0" fileid="18" />
              </SequencePoints>
              <BranchPoints />
              <MethodPoint xsi:type="SequencePoint" vc="0" uspid="800" ordinal="0" offset="0" sl="38" sc="17" el="38" ec="18" bec="0" bev="0" fileid="18" />
            </Method>
            <Method visited="false" cyclomaticComplexity="1" sequenceCoverage="0" branchCoverage="0" isConstructor="false" isStatic="true" isGetter="false" isSetter="false">
              <Summary numSequencePoints="3" visitedSequencePoints="0" numBranchPoints="1" visitedBranchPoints="0" sequenceCoverage="0" branchCoverage="0" maxCyclomaticComplexity="1" minCyclomaticComplexity="1" visitedClasses="0" numClasses="0" visitedMethods="0" numMethods="1" />
              <MetadataToken>100663403</MetadataToken>
              <Name>System.String RMWebAPI.Areas.HelpPage.ModelDescriptions.ModelDescriptionGenerator::&lt;.ctor&gt;b__6(System.Object)</Name>
              <FileRef uid="18" />
              <SequencePoints>
                <SequencePoint vc="0" uspid="803" ordinal="0" offset="0" sl="44" sc="17" el="44" ec="18" bec="0" bev="0" fileid="18" />
                <SequencePoint vc="0" uspid="804" ordinal="1" offset="1" sl="45" sc="21" el="45" ec="80" bec="0" bev="0" fileid="18" />
                <SequencePoint vc="0" uspid="805" ordinal="2" offset="8" sl="46" sc="21" el="46" ec="168" bec="0" bev="0" fileid="18" />
              </SequencePoints>
              <BranchPoints />
              <MethodPoint xsi:type="SequencePoint" vc="0" uspid="803" ordinal="0" offset="0" sl="44" sc="17" el="44" ec="18" bec="0" bev="0" fileid="18" />
            </Method>
            <Method visited="false" cyclomaticComplexity="2" sequenceCoverage="0" branchCoverage="0" isConstructor="false" isStatic="true" isGetter="false" isSetter="false">
              <Summary numSequencePoints="3" visitedSequencePoints="0" numBranchPoints="3" visitedBranchPoints="0" sequenceCoverage="0" branchCoverage="0" maxCyclomaticComplexity="2" minCyclomaticComplexity="2" visitedClasses="0" numClasses="0" visitedMethods="0" numMethods="1" />
              <MetadataToken>100663404</MetadataToken>
              <Name>System.String RMWebAPI.Areas.HelpPage.ModelDescriptions.ModelDescriptionGenerator::&lt;.ctor&gt;b__7(System.Object)</Name>
              <FileRef uid="18" />
              <SequencePoints>
                <SequencePoint vc="0" uspid="806" ordinal="0" offset="0" sl="50" sc="17" el="50" ec="18" bec="0" bev="0" fileid="18" />
                <SequencePoint vc="0" uspid="807" ordinal="1" offset="1" sl="51" sc="21" el="51" ec="71" bec="0" bev="0" fileid="18" />
                <SequencePoint vc="0" uspid="808" ordinal="2" offset="8" sl="52" sc="21" el="52" ec="145" bec="2" bev="0" fileid="18" />
              </SequencePoints>
              <BranchPoints>
                <BranchPoint vc="0" uspid="809" ordinal="0" offset="34" sl="52" path="0" offsetend="36" fileid="18" />
                <BranchPoint vc="0" uspid="810" ordinal="1" offset="34" sl="52" path="1" offsetend="53" fileid="18" />
              </BranchPoints>
              <MethodPoint xsi:type="SequencePoint" vc="0" uspid="806" ordinal="0" offset="0" sl="50" sc="17" el="50" ec="18" bec="0" bev="0" fileid="18" />
            </Method>
            <Method visited="false" cyclomaticComplexity="1" sequenceCoverage="0" branchCoverage="0" isConstructor="false" isStatic="true" isGetter="false" isSetter="false">
              <Summary numSequencePoints="3" visitedSequencePoints="0" numBranchPoints="1" visitedBranchPoints="0" sequenceCoverage="0" branchCoverage="0" maxCyclomaticComplexity="1" minCyclomaticComplexity="1" visitedClasses="0" numClasses="0" visitedMethods="0" numMethods="1" />
              <MetadataToken>100663405</MetadataToken>
              <Name>System.String RMWebAPI.Areas.HelpPage.ModelDescriptions.ModelDescriptionGenerator::&lt;.ctor&gt;b__8(System.Object)</Name>
              <FileRef uid="18" />
              <SequencePoints>
                <SequencePoint vc="0" uspid="811" ordinal="0" offset="0" sl="56" sc="17" el="56" ec="18" bec="0" bev="0" fileid="18" />
                <SequencePoint vc="0" uspid="812" ordinal="1" offset="1" sl="57" sc="21" el="57" ec="98" bec="0" bev="0" fileid="18" />
                <SequencePoint vc="0" uspid="813" ordinal="2" offset="8" sl="58" sc="21" el="58" ec="141" bec="0" bev="0" fileid="18" />
              </SequencePoints>
              <BranchPoints />
              <MethodPoint xsi:type="SequencePoint" vc="0" uspid="811" ordinal="0" offset="0" sl="56" sc="17" el="56" ec="18" bec="0" bev="0" fileid="18" />
            </Method>
            <Method visited="false" cyclomaticComplexity="3" sequenceCoverage="0" branchCoverage="0" isConstructor="false" isStatic="true" isGetter="false" isSetter="false">
              <Summary numSequencePoints="8" visitedSequencePoints="0" numBranchPoints="5" visitedBranchPoints="0" sequenceCoverage="0" branchCoverage="0" maxCyclomaticComplexity="3" minCyclomaticComplexity="3" visitedClasses="0" numClasses="0" visitedMethods="0" numMethods="1" />
              <MetadataToken>100663406</MetadataToken>
              <Name>System.Int32 RMWebAPI.Areas.HelpPage.ModelDescriptions.ModelDescriptionGenerator::&lt;GenerateAnnotations&gt;b__15(RMWebAPI.Areas.HelpPage.ModelDescriptions.ParameterAnnotation,RMWebAPI.Areas.HelpPage.ModelDescriptions.ParameterAnnotation)</Name>
              <FileRef uid="18" />
              <SequencePoints>
                <SequencePoint vc="0" uspid="814" ordinal="0" offset="0" sl="288" sc="13" el="288" ec="14" bec="0" bev="0" fileid="18" />
                <SequencePoint vc="0" uspid="815" ordinal="1" offset="1" sl="290" sc="17" el="290" ec="64" bec="2" bev="0" fileid="18" />
                <SequencePoint vc="0" uspid="816" ordinal="2" offset="22" sl="291" sc="17" el="291" ec="18" bec="0" bev="0" fileid="18" />
                <SequencePoint vc="0" uspid="817" ordinal="3" offset="23" sl="292" sc="21" el="292" ec="31" bec="0" bev="0" fileid="18" />
                <SequencePoint vc="0" uspid="818" ordinal="4" offset="27" sl="294" sc="17" el="294" ec="64" bec="2" bev="0" fileid="18" />
                <SequencePoint vc="0" uspid="819" ordinal="5" offset="48" sl="295" sc="17" el="295" ec="18" bec="0" bev="0" fileid="18" />
                <SequencePoint vc="0" uspid="820" ordinal="6" offset="49" sl="296" sc="21" el="296" ec="30" bec="0" bev="0" fileid="18" />
                <SequencePoint vc="0" uspid="821" ordinal="7" offset="53" sl="300" sc="17" el="300" ec="109" bec="0" bev="0" fileid="18" />
              </SequencePoints>
              <BranchPoints>
                <BranchPoint vc="0" uspid="822" ordinal="0" offset="20" sl="290" path="0" offsetend="22" fileid="18" />
                <BranchPoint vc="0" uspid="823" ordinal="1" offset="20" sl="290" path="1" offsetend="27" fileid="18" />
                <BranchPoint vc="0" uspid="824" ordinal="2" offset="46" sl="294" path="0" offsetend="48" fileid="18" />
                <BranchPoint vc="0" uspid="825" ordinal="3" offset="46" sl="294" path="1" offsetend="53" fileid="18" />
              </BranchPoints>
              <MethodPoint xsi:type="SequencePoint" vc="0" uspid="814" ordinal="0" offset="0" sl="288" sc="13" el="288" ec="14" bec="0" bev="0" fileid="18" />
            </Method>
          </Methods>
        </Class>
        <Class>
          <Summary numSequencePoints="1" visitedSequencePoints="0" numBranchPoints="1" visitedBranchPoints="0" sequenceCoverage="0" branchCoverage="0" maxCyclomaticComplexity="1" minCyclomaticComplexity="1" visitedClasses="0" numClasses="1" visitedMethods="0" numMethods="1" />
          <FullName>RMWebAPI.Areas.HelpPage.ModelDescriptions.ModelDescriptionGenerator/&lt;&gt;c__DisplayClass12</FullName>
          <Methods>
            <Method visited="false" cyclomaticComplexity="1" sequenceCoverage="0" branchCoverage="0" isConstructor="true" isStatic="false" isGetter="false" isSetter="false">
              <Summary numSequencePoints="0" visitedSequencePoints="0" numBranchPoints="0" visitedBranchPoints="0" sequenceCoverage="0" branchCoverage="0" maxCyclomaticComplexity="1" minCyclomaticComplexity="1" visitedClasses="0" numClasses="0" visitedMethods="0" numMethods="0" />
              <MetadataToken>100663707</MetadataToken>
              <Name>System.Void RMWebAPI.Areas.HelpPage.ModelDescriptions.ModelDescriptionGenerator/&lt;&gt;c__DisplayClass12::.ctor()</Name>
              <SequencePoints />
              <BranchPoints />
              <MethodPoint vc="0" uspid="826" ordinal="0" offset="0" />
            </Method>
            <Method visited="false" cyclomaticComplexity="1" sequenceCoverage="0" branchCoverage="0" isConstructor="false" isStatic="false" isGetter="false" isSetter="false">
              <Summary numSequencePoints="1" visitedSequencePoints="0" numBranchPoints="1" visitedBranchPoints="0" sequenceCoverage="0" branchCoverage="0" maxCyclomaticComplexity="1" minCyclomaticComplexity="1" visitedClasses="0" numClasses="0" visitedMethods="0" numMethods="1" />
              <MetadataToken>100663708</MetadataToken>
              <Name>RMWebAPI.Areas.HelpPage.ModelDescriptions.IModelDocumentationProvider RMWebAPI.Areas.HelpPage.ModelDescriptions.ModelDescriptionGenerator/&lt;&gt;c__DisplayClass12::&lt;.ctor&gt;b__9()</Name>
              <FileRef uid="18" />
              <SequencePoints>
                <SequencePoint vc="0" uspid="827" ordinal="0" offset="0" sl="96" sc="82" el="96" ec="155" bec="0" bev="0" fileid="18" />
              </SequencePoints>
              <BranchPoints />
              <MethodPoint xsi:type="SequencePoint" vc="0" uspid="827" ordinal="0" offset="0" sl="96" sc="82" el="96" ec="155" bec="0" bev="0" fileid="18" />
            </Method>
          </Methods>
        </Class>
        <Class>
          <Summary numSequencePoints="4" visitedSequencePoints="0" numBranchPoints="1" visitedBranchPoints="0" sequenceCoverage="0" branchCoverage="0" maxCyclomaticComplexity="1" minCyclomaticComplexity="1" visitedClasses="0" numClasses="1" visitedMethods="0" numMethods="1" />
          <FullName>RMWebAPI.Areas.HelpPage.ModelDescriptions.ModelNameAttribute</FullName>
          <Methods>
            <Method visited="false" cyclomaticComplexity="1" sequenceCoverage="0" branchCoverage="0" isConstructor="false" isStatic="false" isGetter="true" isSetter="false">
              <Summary numSequencePoints="0" visitedSequencePoints="0" numBranchPoints="0" visitedBranchPoints="0" sequenceCoverage="0" branchCoverage="0" maxCyclomaticComplexity="1" minCyclomaticComplexity="1" visitedClasses="0" numClasses="0" visitedMethods="0" numMethods="0" />
              <MetadataToken>100663408</MetadataToken>
              <Name>System.String RMWebAPI.Areas.HelpPage.ModelDescriptions.ModelNameAttribute::get_Name()</Name>
              <SequencePoints />
              <BranchPoints />
              <MethodPoint vc="0" uspid="828" ordinal="0" offset="0" />
            </Method>
            <Method visited="false" cyclomaticComplexity="1" sequenceCoverage="0" branchCoverage="0" isConstructor="false" isStatic="false" isGetter="false" isSetter="true">
              <Summary numSequencePoints="0" visitedSequencePoints="0" numBranchPoints="0" visitedBranchPoints="0" sequenceCoverage="0" branchCoverage="0" maxCyclomaticComplexity="1" minCyclomaticComplexity="1" visitedClasses="0" numClasses="0" visitedMethods="0" numMethods="0" />
              <MetadataToken>100663409</MetadataToken>
              <Name>System.Void RMWebAPI.Areas.HelpPage.ModelDescriptions.ModelNameAttribute::set_Name(System.String)</Name>
              <SequencePoints />
              <BranchPoints />
              <MethodPoint vc="0" uspid="829" ordinal="0" offset="0" />
            </Method>
            <Method visited="false" cyclomaticComplexity="1" sequenceCoverage="0" branchCoverage="0" isConstructor="true" isStatic="false" isGetter="false" isSetter="false">
              <Summary numSequencePoints="4" visitedSequencePoints="0" numBranchPoints="1" visitedBranchPoints="0" sequenceCoverage="0" branchCoverage="0" maxCyclomaticComplexity="1" minCyclomaticComplexity="1" visitedClasses="0" numClasses="0" visitedMethods="0" numMethods="1" />
              <MetadataToken>100663407</MetadataToken>
              <Name>System.Void RMWebAPI.Areas.HelpPage.ModelDescriptions.ModelNameAttribute::.ctor(System.String)</Name>
              <FileRef uid="20" />
              <SequencePoints>
                <SequencePoint vc="0" uspid="830" ordinal="0" offset="0" sl="11" sc="9" el="11" ec="47" bec="0" bev="0" fileid="20" />
                <SequencePoint vc="0" uspid="831" ordinal="1" offset="7" sl="12" sc="9" el="12" ec="10" bec="0" bev="0" fileid="20" />
                <SequencePoint vc="0" uspid="832" ordinal="2" offset="8" sl="13" sc="13" el="13" ec="25" bec="0" bev="0" fileid="20" />
                <SequencePoint vc="0" uspid="833" ordinal="3" offset="16" sl="14" sc="9" el="14" ec="10" bec="0" bev="0" fileid="20" />
              </SequencePoints>
              <BranchPoints />
              <MethodPoint xsi:type="SequencePoint" vc="0" uspid="830" ordinal="0" offset="0" sl="11" sc="9" el="11" ec="47" bec="0" bev="0" fileid="20" />
            </Method>
          </Methods>
        </Class>
        <Class>
          <Summary numSequencePoints="18" visitedSequencePoints="0" numBranchPoints="10" visitedBranchPoints="0" sequenceCoverage="0" branchCoverage="0" maxCyclomaticComplexity="5" minCyclomaticComplexity="1" visitedClasses="0" numClasses="1" visitedMethods="0" numMethods="2" />
          <FullName>RMWebAPI.Areas.HelpPage.ModelDescriptions.ModelNameHelper</FullName>
          <Methods>
            <Method visited="false" cyclomaticComplexity="5" sequenceCoverage="0" branchCoverage="0" isConstructor="false" isStatic="true" isGetter="false" isSetter="false">
              <Summary numSequencePoints="17" visitedSequencePoints="0" numBranchPoints="9" visitedBranchPoints="0" sequenceCoverage="0" branchCoverage="0" maxCyclomaticComplexity="5" minCyclomaticComplexity="5" visitedClasses="0" numClasses="0" visitedMethods="0" numMethods="1" />
              <MetadataToken>100663410</MetadataToken>
              <Name>System.String RMWebAPI.Areas.HelpPage.ModelDescriptions.ModelNameHelper::GetModelName(System.Type)</Name>
              <FileRef uid="21" />
              <SequencePoints>
                <SequencePoint vc="0" uspid="834" ordinal="0" offset="0" sl="12" sc="9" el="12" ec="10" bec="0" bev="0" fileid="21" />
                <SequencePoint vc="0" uspid="835" ordinal="1" offset="1" sl="13" sc="13" el="13" ec="99" bec="0" bev="0" fileid="21" />
                <SequencePoint vc="0" uspid="836" ordinal="2" offset="8" sl="14" sc="13" el="14" ec="94" bec="4" bev="0" fileid="21" />
                <SequencePoint vc="0" uspid="837" ordinal="3" offset="32" sl="15" sc="13" el="15" ec="14" bec="0" bev="0" fileid="21" />
                <SequencePoint vc="0" uspid="838" ordinal="4" offset="33" sl="16" sc="17" el="16" ec="48" bec="0" bev="0" fileid="21" />
                <SequencePoint vc="0" uspid="839" ordinal="5" offset="46" sl="19" sc="13" el="19" ec="42" bec="0" bev="0" fileid="21" />
                <SequencePoint vc="0" uspid="840" ordinal="6" offset="53" sl="20" sc="13" el="20" ec="36" bec="2" bev="0" fileid="21" />
                <SequencePoint vc="0" uspid="841" ordinal="7" offset="71" sl="21" sc="13" el="21" ec="14" bec="0" bev="0" fileid="21" />
                <SequencePoint vc="0" uspid="842" ordinal="8" offset="72" sl="23" sc="17" el="23" ec="68" bec="0" bev="0" fileid="21" />
                <SequencePoint vc="0" uspid="843" ordinal="9" offset="79" sl="24" sc="17" el="24" ec="70" bec="0" bev="0" fileid="21" />
                <SequencePoint vc="0" uspid="844" ordinal="10" offset="86" sl="25" sc="17" el="25" ec="59" bec="0" bev="0" fileid="21" />
                <SequencePoint vc="0" uspid="845" ordinal="11" offset="94" sl="28" sc="17" el="28" ec="94" bec="0" bev="0" fileid="21" />
                <SequencePoint vc="0" uspid="846" ordinal="12" offset="113" sl="29" sc="17" el="29" ec="102" bec="2" bev="0" fileid="21" />
                <SequencePoint vc="0" uspid="847" ordinal="13" offset="157" sl="30" sc="17" el="30" ec="141" bec="0" bev="0" fileid="21" />
                <SequencePoint vc="0" uspid="848" ordinal="14" offset="205" sl="31" sc="13" el="31" ec="14" bec="0" bev="0" fileid="21" />
                <SequencePoint vc="0" uspid="849" ordinal="15" offset="206" sl="33" sc="13" el="33" ec="30" bec="0" bev="0" fileid="21" />
                <SequencePoint vc="0" uspid="850" ordinal="16" offset="211" sl="34" sc="9" el="34" ec="10" bec="0" bev="0" fileid="21" />
              </SequencePoints>
              <BranchPoints>
                <BranchPoint vc="0" uspid="851" ordinal="0" offset="9" sl="14" path="0" offsetend="11" fileid="21" />
                <BranchPoint vc="0" uspid="852" ordinal="1" offset="9" sl="14" path="1" offsetend="24" fileid="21" />
                <BranchPoint vc="0" uspid="853" ordinal="2" offset="30" sl="14" path="0" offsetend="32" fileid="21" />
                <BranchPoint vc="0" uspid="854" ordinal="3" offset="30" sl="14" path="1" offsetend="46" fileid="21" />
                <BranchPoint vc="0" uspid="855" ordinal="4" offset="66" sl="20" path="0" offsetend="71" fileid="21" />
                <BranchPoint vc="0" uspid="856" ordinal="5" offset="66" sl="20" path="1" offsetend="206" fileid="21" />
                <BranchPoint vc="0" uspid="857" ordinal="6" offset="119" sl="29" path="0" offsetend="121" fileid="21" />
                <BranchPoint vc="0" uspid="858" ordinal="7" offset="119" sl="29" path="1" offsetend="140" fileid="21" />
              </BranchPoints>
              <MethodPoint xsi:type="SequencePoint" vc="0" uspid="834" ordinal="0" offset="0" sl="12" sc="9" el="12" ec="10" bec="0" bev="0" fileid="21" />
            </Method>
            <Method visited="false" cyclomaticComplexity="1" sequenceCoverage="0" branchCoverage="0" isConstructor="false" isStatic="true" isGetter="false" isSetter="false">
              <Summary numSequencePoints="1" visitedSequencePoints="0" numBranchPoints="1" visitedBranchPoints="0" sequenceCoverage="0" branchCoverage="0" maxCyclomaticComplexity="1" minCyclomaticComplexity="1" visitedClasses="0" numClasses="0" visitedMethods="0" numMethods="1" />
              <MetadataToken>100663411</MetadataToken>
              <Name>System.String RMWebAPI.Areas.HelpPage.ModelDescriptions.ModelNameHelper::&lt;GetModelName&gt;b__0(System.Type)</Name>
              <FileRef uid="21" />
              <SequencePoints>
                <SequencePoint vc="0" uspid="859" ordinal="0" offset="0" sl="29" sc="75" el="29" ec="90" bec="0" bev="0" fileid="21" />
              </SequencePoints>
              <BranchPoints />
              <MethodPoint xsi:type="SequencePoint" vc="0" uspid="859" ordinal="0" offset="0" sl="29" sc="75" el="29" ec="90" bec="0" bev="0" fileid="21" />
            </Method>
          </Methods>
        </Class>
        <Class>
          <Summary numSequencePoints="0" visitedSequencePoints="0" numBranchPoints="0" visitedBranchPoints="0" sequenceCoverage="0" branchCoverage="0" maxCyclomaticComplexity="1" minCyclomaticComplexity="1" visitedClasses="0" numClasses="0" visitedMethods="0" numMethods="0" />
          <FullName>RMWebAPI.Areas.HelpPage.ModelDescriptions.ParameterAnnotation</FullName>
          <Methods>
            <Method visited="false" cyclomaticComplexity="1" sequenceCoverage="0" branchCoverage="0" isConstructor="false" isStatic="false" isGetter="true" isSetter="false">
              <Summary numSequencePoints="0" visitedSequencePoints="0" numBranchPoints="0" visitedBranchPoints="0" sequenceCoverage="0" branchCoverage="0" maxCyclomaticComplexity="1" minCyclomaticComplexity="1" visitedClasses="0" numClasses="0" visitedMethods="0" numMethods="0" />
              <MetadataToken>100663412</MetadataToken>
              <Name>System.Attribute RMWebAPI.Areas.HelpPage.ModelDescriptions.ParameterAnnotation::get_AnnotationAttribute()</Name>
              <SequencePoints />
              <BranchPoints />
              <MethodPoint vc="0" uspid="860" ordinal="0" offset="0" />
            </Method>
            <Method visited="false" cyclomaticComplexity="1" sequenceCoverage="0" branchCoverage="0" isConstructor="false" isStatic="false" isGetter="false" isSetter="true">
              <Summary numSequencePoints="0" visitedSequencePoints="0" numBranchPoints="0" visitedBranchPoints="0" sequenceCoverage="0" branchCoverage="0" maxCyclomaticComplexity="1" minCyclomaticComplexity="1" visitedClasses="0" numClasses="0" visitedMethods="0" numMethods="0" />
              <MetadataToken>100663413</MetadataToken>
              <Name>System.Void RMWebAPI.Areas.HelpPage.ModelDescriptions.ParameterAnnotation::set_AnnotationAttribute(System.Attribute)</Name>
              <SequencePoints />
              <BranchPoints />
              <MethodPoint vc="0" uspid="861" ordinal="0" offset="0" />
            </Method>
            <Method visited="false" cyclomaticComplexity="1" sequenceCoverage="0" branchCoverage="0" isConstructor="false" isStatic="false" isGetter="true" isSetter="false">
              <Summary numSequencePoints="0" visitedSequencePoints="0" numBranchPoints="0" visitedBranchPoints="0" sequenceCoverage="0" branchCoverage="0" maxCyclomaticComplexity="1" minCyclomaticComplexity="1" visitedClasses="0" numClasses="0" visitedMethods="0" numMethods="0" />
              <MetadataToken>100663414</MetadataToken>
              <Name>System.String RMWebAPI.Areas.HelpPage.ModelDescriptions.ParameterAnnotation::get_Documentation()</Name>
              <SequencePoints />
              <BranchPoints />
              <MethodPoint vc="0" uspid="862" ordinal="0" offset="0" />
            </Method>
            <Method visited="false" cyclomaticComplexity="1" sequenceCoverage="0" branchCoverage="0" isConstructor="false" isStatic="false" isGetter="false" isSetter="true">
              <Summary numSequencePoints="0" visitedSequencePoints="0" numBranchPoints="0" visitedBranchPoints="0" sequenceCoverage="0" branchCoverage="0" maxCyclomaticComplexity="1" minCyclomaticComplexity="1" visitedClasses="0" numClasses="0" visitedMethods="0" numMethods="0" />
              <MetadataToken>100663415</MetadataToken>
              <Name>System.Void RMWebAPI.Areas.HelpPage.ModelDescriptions.ParameterAnnotation::set_Documentation(System.String)</Name>
              <SequencePoints />
              <BranchPoints />
              <MethodPoint vc="0" uspid="863" ordinal="0" offset="0" />
            </Method>
            <Method visited="false" cyclomaticComplexity="1" sequenceCoverage="0" branchCoverage="0" isConstructor="true" isStatic="false" isGetter="false" isSetter="false">
              <Summary numSequencePoints="0" visitedSequencePoints="0" numBranchPoints="0" visitedBranchPoints="0" sequenceCoverage="0" branchCoverage="0" maxCyclomaticComplexity="1" minCyclomaticComplexity="1" visitedClasses="0" numClasses="0" visitedMethods="0" numMethods="0" />
              <MetadataToken>100663416</MetadataToken>
              <Name>System.Void RMWebAPI.Areas.HelpPage.ModelDescriptions.ParameterAnnotation::.ctor()</Name>
              <SequencePoints />
              <BranchPoints />
              <MethodPoint vc="0" uspid="864" ordinal="0" offset="0" />
            </Method>
          </Methods>
        </Class>
        <Class>
          <Summary numSequencePoints="4" visitedSequencePoints="0" numBranchPoints="1" visitedBranchPoints="0" sequenceCoverage="0" branchCoverage="0" maxCyclomaticComplexity="1" minCyclomaticComplexity="1" visitedClasses="0" numClasses="1" visitedMethods="0" numMethods="1" />
          <FullName>RMWebAPI.Areas.HelpPage.ModelDescriptions.ParameterDescription</FullName>
          <Methods>
            <Method visited="false" cyclomaticComplexity="1" sequenceCoverage="0" branchCoverage="0" isConstructor="false" isStatic="false" isGetter="true" isSetter="false">
              <Summary numSequencePoints="0" visitedSequencePoints="0" numBranchPoints="0" visitedBranchPoints="0" sequenceCoverage="0" branchCoverage="0" maxCyclomaticComplexity="1" minCyclomaticComplexity="1" visitedClasses="0" numClasses="0" visitedMethods="0" numMethods="0" />
              <MetadataToken>100663418</MetadataToken>
              <Name>System.Collections.ObjectModel.Collection`1&lt;RMWebAPI.Areas.HelpPage.ModelDescriptions.ParameterAnnotation&gt; RMWebAPI.Areas.HelpPage.ModelDescriptions.ParameterDescription::get_Annotations()</Name>
              <SequencePoints />
              <BranchPoints />
              <MethodPoint vc="0" uspid="865" ordinal="0" offset="0" />
            </Method>
            <Method visited="false" cyclomaticComplexity="1" sequenceCoverage="0" branchCoverage="0" isConstructor="false" isStatic="false" isGetter="false" isSetter="true">
              <Summary numSequencePoints="0" visitedSequencePoints="0" numBranchPoints="0" visitedBranchPoints="0" sequenceCoverage="0" branchCoverage="0" maxCyclomaticComplexity="1" minCyclomaticComplexity="1" visitedClasses="0" numClasses="0" visitedMethods="0" numMethods="0" />
              <MetadataToken>100663419</MetadataToken>
              <Name>System.Void RMWebAPI.Areas.HelpPage.ModelDescriptions.ParameterDescription::set_Annotations(System.Collections.ObjectModel.Collection`1&lt;RMWebAPI.Areas.HelpPage.ModelDescriptions.ParameterAnnotation&gt;)</Name>
              <SequencePoints />
              <BranchPoints />
              <MethodPoint vc="0" uspid="866" ordinal="0" offset="0" />
            </Method>
            <Method visited="false" cyclomaticComplexity="1" sequenceCoverage="0" branchCoverage="0" isConstructor="false" isStatic="false" isGetter="true" isSetter="false">
              <Summary numSequencePoints="0" visitedSequencePoints="0" numBranchPoints="0" visitedBranchPoints="0" sequenceCoverage="0" branchCoverage="0" maxCyclomaticComplexity="1" minCyclomaticComplexity="1" visitedClasses="0" numClasses="0" visitedMethods="0" numMethods="0" />
              <MetadataToken>100663420</MetadataToken>
              <Name>System.String RMWebAPI.Areas.HelpPage.ModelDescriptions.ParameterDescription::get_Documentation()</Name>
              <SequencePoints />
              <BranchPoints />
              <MethodPoint vc="0" uspid="867" ordinal="0" offset="0" />
            </Method>
            <Method visited="false" cyclomaticComplexity="1" sequenceCoverage="0" branchCoverage="0" isConstructor="false" isStatic="false" isGetter="false" isSetter="true">
              <Summary numSequencePoints="0" visitedSequencePoints="0" numBranchPoints="0" visitedBranchPoints="0" sequenceCoverage="0" branchCoverage="0" maxCyclomaticComplexity="1" minCyclomaticComplexity="1" visitedClasses="0" numClasses="0" visitedMethods="0" numMethods="0" />
              <MetadataToken>100663421</MetadataToken>
              <Name>System.Void RMWebAPI.Areas.HelpPage.ModelDescriptions.ParameterDescription::set_Documentation(System.String)</Name>
              <SequencePoints />
              <BranchPoints />
              <MethodPoint vc="0" uspid="868" ordinal="0" offset="0" />
            </Method>
            <Method visited="false" cyclomaticComplexity="1" sequenceCoverage="0" branchCoverage="0" isConstructor="false" isStatic="false" isGetter="true" isSetter="false">
              <Summary numSequencePoints="0" visitedSequencePoints="0" numBranchPoints="0" visitedBranchPoints="0" sequenceCoverage="0" branchCoverage="0" maxCyclomaticComplexity="1" minCyclomaticComplexity="1" visitedClasses="0" numClasses="0" visitedMethods="0" numMethods="0" />
              <MetadataToken>100663422</MetadataToken>
              <Name>System.String RMWebAPI.Areas.HelpPage.ModelDescriptions.ParameterDescription::get_Name()</Name>
              <SequencePoints />
              <BranchPoints />
              <MethodPoint vc="0" uspid="869" ordinal="0" offset="0" />
            </Method>
            <Method visited="false" cyclomaticComplexity="1" sequenceCoverage="0" branchCoverage="0" isConstructor="false" isStatic="false" isGetter="false" isSetter="true">
              <Summary numSequencePoints="0" visitedSequencePoints="0" numBranchPoints="0" visitedBranchPoints="0" sequenceCoverage="0" branchCoverage="0" maxCyclomaticComplexity="1" minCyclomaticComplexity="1" visitedClasses="0" numClasses="0" visitedMethods="0" numMethods="0" />
              <MetadataToken>100663423</MetadataToken>
              <Name>System.Void RMWebAPI.Areas.HelpPage.ModelDescriptions.ParameterDescription::set_Name(System.String)</Name>
              <SequencePoints />
              <BranchPoints />
              <MethodPoint vc="0" uspid="870" ordinal="0" offset="0" />
            </Method>
            <Method visited="false" cyclomaticComplexity="1" sequenceCoverage="0" branchCoverage="0" isConstructor="false" isStatic="false" isGetter="true" isSetter="false">
              <Summary numSequencePoints="0" visitedSequencePoints="0" numBranchPoints="0" visitedBranchPoints="0" sequenceCoverage="0" branchCoverage="0" maxCyclomaticComplexity="1" minCyclomaticComplexity="1" visitedClasses="0" numClasses="0" visitedMethods="0" numMethods="0" />
              <MetadataToken>100663424</MetadataToken>
              <Name>RMWebAPI.Areas.HelpPage.ModelDescriptions.ModelDescription RMWebAPI.Areas.HelpPage.ModelDescriptions.ParameterDescription::get_TypeDescription()</Name>
              <SequencePoints />
              <BranchPoints />
              <MethodPoint vc="0" uspid="871" ordinal="0" offset="0" />
            </Method>
            <Method visited="false" cyclomaticComplexity="1" sequenceCoverage="0" branchCoverage="0" isConstructor="false" isStatic="false" isGetter="false" isSetter="true">
              <Summary numSequencePoints="0" visitedSequencePoints="0" numBranchPoints="0" visitedBranchPoints="0" sequenceCoverage="0" branchCoverage="0" maxCyclomaticComplexity="1" minCyclomaticComplexity="1" visitedClasses="0" numClasses="0" visitedMethods="0" numMethods="0" />
              <MetadataToken>100663425</MetadataToken>
              <Name>System.Void RMWebAPI.Areas.HelpPage.ModelDescriptions.ParameterDescription::set_TypeDescription(RMWebAPI.Areas.HelpPage.ModelDescriptions.ModelDescription)</Name>
              <SequencePoints />
              <BranchPoints />
              <MethodPoint vc="0" uspid="872" ordinal="0" offset="0" />
            </Method>
            <Method visited="false" cyclomaticComplexity="1" sequenceCoverage="0" branchCoverage="0" isConstructor="true" isStatic="false" isGetter="false" isSetter="false">
              <Summary numSequencePoints="4" visitedSequencePoints="0" numBranchPoints="1" visitedBranchPoints="0" sequenceCoverage="0" branchCoverage="0" maxCyclomaticComplexity="1" minCyclomaticComplexity="1" visitedClasses="0" numClasses="0" visitedMethods="0" numMethods="1" />
              <MetadataToken>100663417</MetadataToken>
              <Name>System.Void RMWebAPI.Areas.HelpPage.ModelDescriptions.ParameterDescription::.ctor()</Name>
              <FileRef uid="22" />
              <SequencePoints>
                <SequencePoint vc="0" uspid="873" ordinal="0" offset="0" sl="8" sc="9" el="8" ec="38" bec="0" bev="0" fileid="22" />
                <SequencePoint vc="0" uspid="874" ordinal="1" offset="7" sl="9" sc="9" el="9" ec="10" bec="0" bev="0" fileid="22" />
                <SequencePoint vc="0" uspid="875" ordinal="2" offset="8" sl="10" sc="13" el="10" ec="65" bec="0" bev="0" fileid="22" />
                <SequencePoint vc="0" uspid="876" ordinal="3" offset="20" sl="11" sc="9" el="11" ec="10" bec="0" bev="0" fileid="22" />
              </SequencePoints>
              <BranchPoints />
              <MethodPoint xsi:type="SequencePoint" vc="0" uspid="873" ordinal="0" offset="0" sl="8" sc="9" el="8" ec="38" bec="0" bev="0" fileid="22" />
            </Method>
          </Methods>
        </Class>
        <Class>
          <Summary numSequencePoints="0" visitedSequencePoints="0" numBranchPoints="0" visitedBranchPoints="0" sequenceCoverage="0" branchCoverage="0" maxCyclomaticComplexity="1" minCyclomaticComplexity="1" visitedClasses="0" numClasses="0" visitedMethods="0" numMethods="0" />
          <FullName>RMWebAPI.Areas.HelpPage.ModelDescriptions.SimpleTypeModelDescription</FullName>
          <Methods>
            <Method visited="false" cyclomaticComplexity="1" sequenceCoverage="0" branchCoverage="0" isConstructor="true" isStatic="false" isGetter="false" isSetter="false">
              <Summary numSequencePoints="0" visitedSequencePoints="0" numBranchPoints="0" visitedBranchPoints="0" sequenceCoverage="0" branchCoverage="0" maxCyclomaticComplexity="1" minCyclomaticComplexity="1" visitedClasses="0" numClasses="0" visitedMethods="0" numMethods="0" />
              <MetadataToken>100663426</MetadataToken>
              <Name>System.Void RMWebAPI.Areas.HelpPage.ModelDescriptions.SimpleTypeModelDescription::.ctor()</Name>
              <SequencePoints />
              <BranchPoints />
              <MethodPoint vc="0" uspid="877" ordinal="0" offset="0" />
            </Method>
          </Methods>
        </Class>
        <Class>
          <Summary numSequencePoints="28" visitedSequencePoints="0" numBranchPoints="10" visitedBranchPoints="0" sequenceCoverage="0" branchCoverage="0" maxCyclomaticComplexity="4" minCyclomaticComplexity="1" visitedClasses="0" numClasses="1" visitedMethods="0" numMethods="4" />
          <FullName>RMWebAPI.Areas.HelpPage.Models.HelpPageApiModel</FullName>
          <Methods>
            <Method visited="false" cyclomaticComplexity="1" sequenceCoverage="0" branchCoverage="0" isConstructor="false" isStatic="false" isGetter="true" isSetter="false">
              <Summary numSequencePoints="0" visitedSequencePoints="0" numBranchPoints="0" visitedBranchPoints="0" sequenceCoverage="0" branchCoverage="0" maxCyclomaticComplexity="1" minCyclomaticComplexity="1" visitedClasses="0" numClasses="0" visitedMethods="0" numMethods="0" />
              <MetadataToken>100663428</MetadataToken>
              <Name>System.Web.Http.Description.ApiDescription RMWebAPI.Areas.HelpPage.Models.HelpPageApiModel::get_ApiDescription()</Name>
              <SequencePoints />
              <BranchPoints />
              <MethodPoint vc="0" uspid="878" ordinal="0" offset="0" />
            </Method>
            <Method visited="false" cyclomaticComplexity="1" sequenceCoverage="0" branchCoverage="0" isConstructor="false" isStatic="false" isGetter="false" isSetter="true">
              <Summary numSequencePoints="0" visitedSequencePoints="0" numBranchPoints="0" visitedBranchPoints="0" sequenceCoverage="0" branchCoverage="0" maxCyclomaticComplexity="1" minCyclomaticComplexity="1" visitedClasses="0" numClasses="0" visitedMethods="0" numMethods="0" />
              <MetadataToken>100663429</MetadataToken>
              <Name>System.Void RMWebAPI.Areas.HelpPage.Models.HelpPageApiModel::set_ApiDescription(System.Web.Http.Description.ApiDescription)</Name>
              <SequencePoints />
              <BranchPoints />
              <MethodPoint vc="0" uspid="879" ordinal="0" offset="0" />
            </Method>
            <Method visited="false" cyclomaticComplexity="1" sequenceCoverage="0" branchCoverage="0" isConstructor="false" isStatic="false" isGetter="true" isSetter="false">
              <Summary numSequencePoints="0" visitedSequencePoints="0" numBranchPoints="0" visitedBranchPoints="0" sequenceCoverage="0" branchCoverage="0" maxCyclomaticComplexity="1" minCyclomaticComplexity="1" visitedClasses="0" numClasses="0" visitedMethods="0" numMethods="0" />
              <MetadataToken>100663430</MetadataToken>
              <Name>System.Collections.ObjectModel.Collection`1&lt;RMWebAPI.Areas.HelpPage.ModelDescriptions.ParameterDescription&gt; RMWebAPI.Areas.HelpPage.Models.HelpPageApiModel::get_UriParameters()</Name>
              <SequencePoints />
              <BranchPoints />
              <MethodPoint vc="0" uspid="880" ordinal="0" offset="0" />
            </Method>
            <Method visited="false" cyclomaticComplexity="1" sequenceCoverage="0" branchCoverage="0" isConstructor="false" isStatic="false" isGetter="false" isSetter="true">
              <Summary numSequencePoints="0" visitedSequencePoints="0" numBranchPoints="0" visitedBranchPoints="0" sequenceCoverage="0" branchCoverage="0" maxCyclomaticComplexity="1" minCyclomaticComplexity="1" visitedClasses="0" numClasses="0" visitedMethods="0" numMethods="0" />
              <MetadataToken>100663431</MetadataToken>
              <Name>System.Void RMWebAPI.Areas.HelpPage.Models.HelpPageApiModel::set_UriParameters(System.Collections.ObjectModel.Collection`1&lt;RMWebAPI.Areas.HelpPage.ModelDescriptions.ParameterDescription&gt;)</Name>
              <SequencePoints />
              <BranchPoints />
              <MethodPoint vc="0" uspid="881" ordinal="0" offset="0" />
            </Method>
            <Method visited="false" cyclomaticComplexity="1" sequenceCoverage="0" branchCoverage="0" isConstructor="false" isStatic="false" isGetter="true" isSetter="false">
              <Summary numSequencePoints="0" visitedSequencePoints="0" numBranchPoints="0" visitedBranchPoints="0" sequenceCoverage="0" branchCoverage="0" maxCyclomaticComplexity="1" minCyclomaticComplexity="1" visitedClasses="0" numClasses="0" visitedMethods="0" numMethods="0" />
              <MetadataToken>100663432</MetadataToken>
              <Name>System.String RMWebAPI.Areas.HelpPage.Models.HelpPageApiModel::get_RequestDocumentation()</Name>
              <SequencePoints />
              <BranchPoints />
              <MethodPoint vc="0" uspid="882" ordinal="0" offset="0" />
            </Method>
            <Method visited="false" cyclomaticComplexity="1" sequenceCoverage="0" branchCoverage="0" isConstructor="false" isStatic="false" isGetter="false" isSetter="true">
              <Summary numSequencePoints="0" visitedSequencePoints="0" numBranchPoints="0" visitedBranchPoints="0" sequenceCoverage="0" branchCoverage="0" maxCyclomaticComplexity="1" minCyclomaticComplexity="1" visitedClasses="0" numClasses="0" visitedMethods="0" numMethods="0" />
              <MetadataToken>100663433</MetadataToken>
              <Name>System.Void RMWebAPI.Areas.HelpPage.Models.HelpPageApiModel::set_RequestDocumentation(System.String)</Name>
              <SequencePoints />
              <BranchPoints />
              <MethodPoint vc="0" uspid="883" ordinal="0" offset="0" />
            </Method>
            <Method visited="false" cyclomaticComplexity="1" sequenceCoverage="0" branchCoverage="0" isConstructor="false" isStatic="false" isGetter="true" isSetter="false">
              <Summary numSequencePoints="0" visitedSequencePoints="0" numBranchPoints="0" visitedBranchPoints="0" sequenceCoverage="0" branchCoverage="0" maxCyclomaticComplexity="1" minCyclomaticComplexity="1" visitedClasses="0" numClasses="0" visitedMethods="0" numMethods="0" />
              <MetadataToken>100663434</MetadataToken>
              <Name>RMWebAPI.Areas.HelpPage.ModelDescriptions.ModelDescription RMWebAPI.Areas.HelpPage.Models.HelpPageApiModel::get_RequestModelDescription()</Name>
              <SequencePoints />
              <BranchPoints />
              <MethodPoint vc="0" uspid="884" ordinal="0" offset="0" />
            </Method>
            <Method visited="false" cyclomaticComplexity="1" sequenceCoverage="0" branchCoverage="0" isConstructor="false" isStatic="false" isGetter="false" isSetter="true">
              <Summary numSequencePoints="0" visitedSequencePoints="0" numBranchPoints="0" visitedBranchPoints="0" sequenceCoverage="0" branchCoverage="0" maxCyclomaticComplexity="1" minCyclomaticComplexity="1" visitedClasses="0" numClasses="0" visitedMethods="0" numMethods="0" />
              <MetadataToken>100663435</MetadataToken>
              <Name>System.Void RMWebAPI.Areas.HelpPage.Models.HelpPageApiModel::set_RequestModelDescription(RMWebAPI.Areas.HelpPage.ModelDescriptions.ModelDescription)</Name>
              <SequencePoints />
              <BranchPoints />
              <MethodPoint vc="0" uspid="885" ordinal="0" offset="0" />
            </Method>
            <Method visited="false" cyclomaticComplexity="1" sequenceCoverage="0" branchCoverage="0" isConstructor="false" isStatic="false" isGetter="true" isSetter="false">
              <Summary numSequencePoints="3" visitedSequencePoints="0" numBranchPoints="1" visitedBranchPoints="0" sequenceCoverage="0" branchCoverage="0" maxCyclomaticComplexity="1" minCyclomaticComplexity="1" visitedClasses="0" numClasses="0" visitedMethods="0" numMethods="1" />
              <MetadataToken>100663436</MetadataToken>
              <Name>System.Collections.Generic.IList`1&lt;RMWebAPI.Areas.HelpPage.ModelDescriptions.ParameterDescription&gt; RMWebAPI.Areas.HelpPage.Models.HelpPageApiModel::get_RequestBodyParameters()</Name>
              <FileRef uid="23" />
              <SequencePoints>
                <SequencePoint vc="0" uspid="886" ordinal="0" offset="0" sl="51" sc="13" el="51" ec="14" bec="0" bev="0" fileid="23" />
                <SequencePoint vc="0" uspid="887" ordinal="1" offset="1" sl="52" sc="17" el="52" ec="74" bec="0" bev="0" fileid="23" />
                <SequencePoint vc="0" uspid="888" ordinal="2" offset="15" sl="53" sc="13" el="53" ec="14" bec="0" bev="0" fileid="23" />
              </SequencePoints>
              <BranchPoints />
              <MethodPoint xsi:type="SequencePoint" vc="0" uspid="886" ordinal="0" offset="0" sl="51" sc="13" el="51" ec="14" bec="0" bev="0" fileid="23" />
            </Method>
            <Method visited="false" cyclomaticComplexity="1" sequenceCoverage="0" branchCoverage="0" isConstructor="false" isStatic="false" isGetter="true" isSetter="false">
              <Summary numSequencePoints="0" visitedSequencePoints="0" numBranchPoints="0" visitedBranchPoints="0" sequenceCoverage="0" branchCoverage="0" maxCyclomaticComplexity="1" minCyclomaticComplexity="1" visitedClasses="0" numClasses="0" visitedMethods="0" numMethods="0" />
              <MetadataToken>100663437</MetadataToken>
              <Name>RMWebAPI.Areas.HelpPage.ModelDescriptions.ModelDescription RMWebAPI.Areas.HelpPage.Models.HelpPageApiModel::get_ResourceDescription()</Name>
              <SequencePoints />
              <BranchPoints />
              <MethodPoint vc="0" uspid="889" ordinal="0" offset="0" />
            </Method>
            <Method visited="false" cyclomaticComplexity="1" sequenceCoverage="0" branchCoverage="0" isConstructor="false" isStatic="false" isGetter="false" isSetter="true">
              <Summary numSequencePoints="0" visitedSequencePoints="0" numBranchPoints="0" visitedBranchPoints="0" sequenceCoverage="0" branchCoverage="0" maxCyclomaticComplexity="1" minCyclomaticComplexity="1" visitedClasses="0" numClasses="0" visitedMethods="0" numMethods="0" />
              <MetadataToken>100663438</MetadataToken>
              <Name>System.Void RMWebAPI.Areas.HelpPage.Models.HelpPageApiModel::set_ResourceDescription(RMWebAPI.Areas.HelpPage.ModelDescriptions.ModelDescription)</Name>
              <SequencePoints />
              <BranchPoints />
              <MethodPoint vc="0" uspid="890" ordinal="0" offset="0" />
            </Method>
            <Method visited="false" cyclomaticComplexity="1" sequenceCoverage="0" branchCoverage="0" isConstructor="false" isStatic="false" isGetter="true" isSetter="false">
              <Summary numSequencePoints="3" visitedSequencePoints="0" numBranchPoints="1" visitedBranchPoints="0" sequenceCoverage="0" branchCoverage="0" maxCyclomaticComplexity="1" minCyclomaticComplexity="1" visitedClasses="0" numClasses="0" visitedMethods="0" numMethods="1" />
              <MetadataToken>100663439</MetadataToken>
              <Name>System.Collections.Generic.IList`1&lt;RMWebAPI.Areas.HelpPage.ModelDescriptions.ParameterDescription&gt; RMWebAPI.Areas.HelpPage.Models.HelpPageApiModel::get_ResourceProperties()</Name>
              <FileRef uid="23" />
              <SequencePoints>
                <SequencePoint vc="0" uspid="891" ordinal="0" offset="0" sl="67" sc="13" el="67" ec="14" bec="0" bev="0" fileid="23" />
                <SequencePoint vc="0" uspid="892" ordinal="1" offset="1" sl="68" sc="17" el="68" ec="70" bec="0" bev="0" fileid="23" />
                <SequencePoint vc="0" uspid="893" ordinal="2" offset="15" sl="69" sc="13" el="69" ec="14" bec="0" bev="0" fileid="23" />
              </SequencePoints>
              <BranchPoints />
              <MethodPoint xsi:type="SequencePoint" vc="0" uspid="891" ordinal="0" offset="0" sl="67" sc="13" el="67" ec="14" bec="0" bev="0" fileid="23" />
            </Method>
            <Method visited="false" cyclomaticComplexity="1" sequenceCoverage="0" branchCoverage="0" isConstructor="false" isStatic="false" isGetter="true" isSetter="false">
              <Summary numSequencePoints="0" visitedSequencePoints="0" numBranchPoints="0" visitedBranchPoints="0" sequenceCoverage="0" branchCoverage="0" maxCyclomaticComplexity="1" minCyclomaticComplexity="1" visitedClasses="0" numClasses="0" visitedMethods="0" numMethods="0" />
              <MetadataToken>100663440</MetadataToken>
              <Name>System.Collections.Generic.IDictionary`2&lt;System.Net.Http.Headers.MediaTypeHeaderValue,System.Object&gt; RMWebAPI.Areas.HelpPage.Models.HelpPageApiModel::get_SampleRequests()</Name>
              <SequencePoints />
              <BranchPoints />
              <MethodPoint vc="0" uspid="894" ordinal="0" offset="0" />
            </Method>
            <Method visited="false" cyclomaticComplexity="1" sequenceCoverage="0" branchCoverage="0" isConstructor="false" isStatic="false" isGetter="false" isSetter="true">
              <Summary numSequencePoints="0" visitedSequencePoints="0" numBranchPoints="0" visitedBranchPoints="0" sequenceCoverage="0" branchCoverage="0" maxCyclomaticComplexity="1" minCyclomaticComplexity="1" visitedClasses="0" numClasses="0" visitedMethods="0" numMethods="0" />
              <MetadataToken>100663441</MetadataToken>
              <Name>System.Void RMWebAPI.Areas.HelpPage.Models.HelpPageApiModel::set_SampleRequests(System.Collections.Generic.IDictionary`2&lt;System.Net.Http.Headers.MediaTypeHeaderValue,System.Object&gt;)</Name>
              <SequencePoints />
              <BranchPoints />
              <MethodPoint vc="0" uspid="895" ordinal="0" offset="0" />
            </Method>
            <Method visited="false" cyclomaticComplexity="1" sequenceCoverage="0" branchCoverage="0" isConstructor="false" isStatic="false" isGetter="true" isSetter="false">
              <Summary numSequencePoints="0" visitedSequencePoints="0" numBranchPoints="0" visitedBranchPoints="0" sequenceCoverage="0" branchCoverage="0" maxCyclomaticComplexity="1" minCyclomaticComplexity="1" visitedClasses="0" numClasses="0" visitedMethods="0" numMethods="0" />
              <MetadataToken>100663442</MetadataToken>
              <Name>System.Collections.Generic.IDictionary`2&lt;System.Net.Http.Headers.MediaTypeHeaderValue,System.Object&gt; RMWebAPI.Areas.HelpPage.Models.HelpPageApiModel::get_SampleResponses()</Name>
              <SequencePoints />
              <BranchPoints />
              <MethodPoint vc="0" uspid="896" ordinal="0" offset="0" />
            </Method>
            <Method visited="false" cyclomaticComplexity="1" sequenceCoverage="0" branchCoverage="0" isConstructor="false" isStatic="false" isGetter="false" isSetter="true">
              <Summary numSequencePoints="0" visitedSequencePoints="0" numBranchPoints="0" visitedBranchPoints="0" sequenceCoverage="0" branchCoverage="0" maxCyclomaticComplexity="1" minCyclomaticComplexity="1" visitedClasses="0" numClasses="0" visitedMethods="0" numMethods="0" />
              <MetadataToken>100663443</MetadataToken>
              <Name>System.Void RMWebAPI.Areas.HelpPage.Models.HelpPageApiModel::set_SampleResponses(System.Collections.Generic.IDictionary`2&lt;System.Net.Http.Headers.MediaTypeHeaderValue,System.Object&gt;)</Name>
              <SequencePoints />
              <BranchPoints />
              <MethodPoint vc="0" uspid="897" ordinal="0" offset="0" />
            </Method>
            <Method visited="false" cyclomaticComplexity="1" sequenceCoverage="0" branchCoverage="0" isConstructor="false" isStatic="false" isGetter="true" isSetter="false">
              <Summary numSequencePoints="0" visitedSequencePoints="0" numBranchPoints="0" visitedBranchPoints="0" sequenceCoverage="0" branchCoverage="0" maxCyclomaticComplexity="1" minCyclomaticComplexity="1" visitedClasses="0" numClasses="0" visitedMethods="0" numMethods="0" />
              <MetadataToken>100663444</MetadataToken>
              <Name>System.Collections.ObjectModel.Collection`1&lt;System.String&gt; RMWebAPI.Areas.HelpPage.Models.HelpPageApiModel::get_ErrorMessages()</Name>
              <SequencePoints />
              <BranchPoints />
              <MethodPoint vc="0" uspid="898" ordinal="0" offset="0" />
            </Method>
            <Method visited="false" cyclomaticComplexity="1" sequenceCoverage="0" branchCoverage="0" isConstructor="false" isStatic="false" isGetter="false" isSetter="true">
              <Summary numSequencePoints="0" visitedSequencePoints="0" numBranchPoints="0" visitedBranchPoints="0" sequenceCoverage="0" branchCoverage="0" maxCyclomaticComplexity="1" minCyclomaticComplexity="1" visitedClasses="0" numClasses="0" visitedMethods="0" numMethods="0" />
              <MetadataToken>100663445</MetadataToken>
              <Name>System.Void RMWebAPI.Areas.HelpPage.Models.HelpPageApiModel::set_ErrorMessages(System.Collections.ObjectModel.Collection`1&lt;System.String&gt;)</Name>
              <SequencePoints />
              <BranchPoints />
              <MethodPoint vc="0" uspid="899" ordinal="0" offset="0" />
            </Method>
            <Method visited="false" cyclomaticComplexity="1" sequenceCoverage="0" branchCoverage="0" isConstructor="true" isStatic="false" isGetter="false" isSetter="false">
              <Summary numSequencePoints="7" visitedSequencePoints="0" numBranchPoints="1" visitedBranchPoints="0" sequenceCoverage="0" branchCoverage="0" maxCyclomaticComplexity="1" minCyclomaticComplexity="1" visitedClasses="0" numClasses="0" visitedMethods="0" numMethods="1" />
              <MetadataToken>100663427</MetadataToken>
              <Name>System.Void RMWebAPI.Areas.HelpPage.Models.HelpPageApiModel::.ctor()</Name>
              <FileRef uid="23" />
              <SequencePoints>
                <SequencePoint vc="0" uspid="900" ordinal="0" offset="0" sl="17" sc="9" el="17" ec="34" bec="0" bev="0" fileid="23" />
                <SequencePoint vc="0" uspid="901" ordinal="1" offset="7" sl="18" sc="9" el="18" ec="10" bec="0" bev="0" fileid="23" />
                <SequencePoint vc="0" uspid="902" ordinal="2" offset="8" sl="19" sc="13" el="19" ec="68" bec="0" bev="0" fileid="23" />
                <SequencePoint vc="0" uspid="903" ordinal="3" offset="20" sl="20" sc="13" el="20" ec="77" bec="0" bev="0" fileid="23" />
                <SequencePoint vc="0" uspid="904" ordinal="4" offset="32" sl="21" sc="13" el="21" ec="78" bec="0" bev="0" fileid="23" />
                <SequencePoint vc="0" uspid="905" ordinal="5" offset="44" sl="22" sc="13" el="22" ec="54" bec="0" bev="0" fileid="23" />
                <SequencePoint vc="0" uspid="906" ordinal="6" offset="56" sl="23" sc="9" el="23" ec="10" bec="0" bev="0" fileid="23" />
              </SequencePoints>
              <BranchPoints />
              <MethodPoint xsi:type="SequencePoint" vc="0" uspid="900" ordinal="0" offset="0" sl="17" sc="9" el="17" ec="34" bec="0" bev="0" fileid="23" />
            </Method>
            <Method visited="false" cyclomaticComplexity="4" sequenceCoverage="0" branchCoverage="0" isConstructor="false" isStatic="true" isGetter="false" isSetter="false">
              <Summary numSequencePoints="15" visitedSequencePoints="0" numBranchPoints="7" visitedBranchPoints="0" sequenceCoverage="0" branchCoverage="0" maxCyclomaticComplexity="4" minCyclomaticComplexity="4" visitedClasses="0" numClasses="0" visitedMethods="0" numMethods="1" />
              <MetadataToken>100663446</MetadataToken>
              <Name>System.Collections.Generic.IList`1&lt;RMWebAPI.Areas.HelpPage.ModelDescriptions.ParameterDescription&gt; RMWebAPI.Areas.HelpPage.Models.HelpPageApiModel::GetParameterDescriptions(RMWebAPI.Areas.HelpPage.ModelDescriptions.ModelDescription)</Name>
              <FileRef uid="23" />
              <SequencePoints>
                <SequencePoint vc="0" uspid="907" ordinal="0" offset="0" sl="88" sc="9" el="88" ec="10" bec="0" bev="0" fileid="23" />
                <SequencePoint vc="0" uspid="908" ordinal="1" offset="1" sl="89" sc="13" el="89" ec="119" bec="0" bev="0" fileid="23" />
                <SequencePoint vc="0" uspid="909" ordinal="2" offset="8" sl="90" sc="13" el="90" ec="53" bec="2" bev="0" fileid="23" />
                <SequencePoint vc="0" uspid="910" ordinal="3" offset="16" sl="91" sc="13" el="91" ec="14" bec="0" bev="0" fileid="23" />
                <SequencePoint vc="0" uspid="911" ordinal="4" offset="17" sl="92" sc="17" el="92" ec="63" bec="0" bev="0" fileid="23" />
                <SequencePoint vc="0" uspid="912" ordinal="5" offset="26" sl="95" sc="13" el="95" ec="116" bec="0" bev="0" fileid="23" />
                <SequencePoint vc="0" uspid="913" ordinal="6" offset="33" sl="96" sc="13" el="96" ec="52" bec="2" bev="0" fileid="23" />
                <SequencePoint vc="0" uspid="914" ordinal="7" offset="41" sl="97" sc="13" el="97" ec="14" bec="0" bev="0" fileid="23" />
                <SequencePoint vc="0" uspid="915" ordinal="8" offset="42" sl="98" sc="17" el="98" ec="124" bec="0" bev="0" fileid="23" />
                <SequencePoint vc="0" uspid="916" ordinal="9" offset="54" sl="99" sc="17" el="99" ec="57" bec="2" bev="0" fileid="23" />
                <SequencePoint vc="0" uspid="917" ordinal="10" offset="62" sl="100" sc="17" el="100" ec="18" bec="0" bev="0" fileid="23" />
                <SequencePoint vc="0" uspid="918" ordinal="11" offset="63" sl="101" sc="21" el="101" ec="67" bec="0" bev="0" fileid="23" />
                <SequencePoint vc="0" uspid="919" ordinal="12" offset="72" sl="103" sc="13" el="103" ec="14" bec="0" bev="0" fileid="23" />
                <SequencePoint vc="0" uspid="920" ordinal="13" offset="73" sl="105" sc="13" el="105" ec="25" bec="0" bev="0" fileid="23" />
                <SequencePoint vc="0" uspid="921" ordinal="14" offset="77" sl="106" sc="9" el="106" ec="10" bec="0" bev="0" fileid="23" />
              </SequencePoints>
              <BranchPoints>
                <BranchPoint vc="0" uspid="922" ordinal="0" offset="14" sl="90" path="0" offsetend="16" fileid="23" />
                <BranchPoint vc="0" uspid="923" ordinal="1" offset="14" sl="90" path="1" offsetend="26" fileid="23" />
                <BranchPoint vc="0" uspid="924" ordinal="2" offset="39" sl="96" path="0" offsetend="41" fileid="23" />
                <BranchPoint vc="0" uspid="925" ordinal="3" offset="39" sl="96" path="1" offsetend="73" fileid="23" />
                <BranchPoint vc="0" uspid="926" ordinal="4" offset="60" sl="99" path="0" offsetend="62" fileid="23" />
                <BranchPoint vc="0" uspid="927" ordinal="5" offset="60" sl="99" path="1" offsetend="72" fileid="23" />
              </BranchPoints>
              <MethodPoint xsi:type="SequencePoint" vc="0" uspid="907" ordinal="0" offset="0" sl="88" sc="9" el="88" ec="10" bec="0" bev="0" fileid="23" />
            </Method>
          </Methods>
        </Class>
        <Class>
          <Summary numSequencePoints="219" visitedSequencePoints="0" numBranchPoints="98" visitedBranchPoints="0" sequenceCoverage="0" branchCoverage="0" maxCyclomaticComplexity="14" minCyclomaticComplexity="1" visitedClasses="0" numClasses="1" visitedMethods="0" numMethods="18" />
          <FullName>RMWebAPI.Areas.HelpPage.HelpPageSampleGenerator</FullName>
          <Methods>
            <Method visited="false" cyclomaticComplexity="1" sequenceCoverage="0" branchCoverage="0" isConstructor="false" isStatic="false" isGetter="true" isSetter="false">
              <Summary numSequencePoints="0" visitedSequencePoints="0" numBranchPoints="0" visitedBranchPoints="0" sequenceCoverage="0" branchCoverage="0" maxCyclomaticComplexity="1" minCyclomaticComplexity="1" visitedClasses="0" numClasses="0" visitedMethods="0" numMethods="0" />
              <MetadataToken>100663448</MetadataToken>
              <Name>System.Collections.Generic.IDictionary`2&lt;RMWebAPI.Areas.HelpPage.HelpPageSampleKey,System.Type&gt; RMWebAPI.Areas.HelpPage.HelpPageSampleGenerator::get_ActualHttpMessageTypes()</Name>
              <SequencePoints />
              <BranchPoints />
              <MethodPoint vc="0" uspid="928" ordinal="0" offset="0" />
            </Method>
            <Method visited="false" cyclomaticComplexity="1" sequenceCoverage="0" branchCoverage="0" isConstructor="false" isStatic="false" isGetter="false" isSetter="true">
              <Summary numSequencePoints="0" visitedSequencePoints="0" numBranchPoints="0" visitedBranchPoints="0" sequenceCoverage="0" branchCoverage="0" maxCyclomaticComplexity="1" minCyclomaticComplexity="1" visitedClasses="0" numClasses="0" visitedMethods="0" numMethods="0" />
              <MetadataToken>100663449</MetadataToken>
              <Name>System.Void RMWebAPI.Areas.HelpPage.HelpPageSampleGenerator::set_ActualHttpMessageTypes(System.Collections.Generic.IDictionary`2&lt;RMWebAPI.Areas.HelpPage.HelpPageSampleKey,System.Type&gt;)</Name>
              <SequencePoints />
              <BranchPoints />
              <MethodPoint vc="0" uspid="929" ordinal="0" offset="0" />
            </Method>
            <Method visited="false" cyclomaticComplexity="1" sequenceCoverage="0" branchCoverage="0" isConstructor="false" isStatic="false" isGetter="true" isSetter="false">
              <Summary numSequencePoints="0" visitedSequencePoints="0" numBranchPoints="0" visitedBranchPoints="0" sequenceCoverage="0" branchCoverage="0" maxCyclomaticComplexity="1" minCyclomaticComplexity="1" visitedClasses="0" numClasses="0" visitedMethods="0" numMethods="0" />
              <MetadataToken>100663450</MetadataToken>
              <Name>System.Collections.Generic.IDictionary`2&lt;RMWebAPI.Areas.HelpPage.HelpPageSampleKey,System.Object&gt; RMWebAPI.Areas.HelpPage.HelpPageSampleGenerator::get_ActionSamples()</Name>
              <SequencePoints />
              <BranchPoints />
              <MethodPoint vc="0" uspid="930" ordinal="0" offset="0" />
            </Method>
            <Method visited="false" cyclomaticComplexity="1" sequenceCoverage="0" branchCoverage="0" isConstructor="false" isStatic="false" isGetter="false" isSetter="true">
              <Summary numSequencePoints="0" visitedSequencePoints="0" numBranchPoints="0" visitedBranchPoints="0" sequenceCoverage="0" branchCoverage="0" maxCyclomaticComplexity="1" minCyclomaticComplexity="1" visitedClasses="0" numClasses="0" visitedMethods="0" numMethods="0" />
              <MetadataToken>100663451</MetadataToken>
              <Name>System.Void RMWebAPI.Areas.HelpPage.HelpPageSampleGenerator::set_ActionSamples(System.Collections.Generic.IDictionary`2&lt;RMWebAPI.Areas.HelpPage.HelpPageSampleKey,System.Object&gt;)</Name>
              <SequencePoints />
              <BranchPoints />
              <MethodPoint vc="0" uspid="931" ordinal="0" offset="0" />
            </Method>
            <Method visited="false" cyclomaticComplexity="1" sequenceCoverage="0" branchCoverage="0" isConstructor="false" isStatic="false" isGetter="true" isSetter="false">
              <Summary numSequencePoints="0" visitedSequencePoints="0" numBranchPoints="0" visitedBranchPoints="0" sequenceCoverage="0" branchCoverage="0" maxCyclomaticComplexity="1" minCyclomaticComplexity="1" visitedClasses="0" numClasses="0" visitedMethods="0" numMethods="0" />
              <MetadataToken>100663452</MetadataToken>
              <Name>System.Collections.Generic.IDictionary`2&lt;System.Type,System.Object&gt; RMWebAPI.Areas.HelpPage.HelpPageSampleGenerator::get_SampleObjects()</Name>
              <SequencePoints />
              <BranchPoints />
              <MethodPoint vc="0" uspid="932" ordinal="0" offset="0" />
            </Method>
            <Method visited="false" cyclomaticComplexity="1" sequenceCoverage="0" branchCoverage="0" isConstructor="false" isStatic="false" isGetter="false" isSetter="true">
              <Summary numSequencePoints="0" visitedSequencePoints="0" numBranchPoints="0" visitedBranchPoints="0" sequenceCoverage="0" branchCoverage="0" maxCyclomaticComplexity="1" minCyclomaticComplexity="1" visitedClasses="0" numClasses="0" visitedMethods="0" numMethods="0" />
              <MetadataToken>100663453</MetadataToken>
              <Name>System.Void RMWebAPI.Areas.HelpPage.HelpPageSampleGenerator::set_SampleObjects(System.Collections.Generic.IDictionary`2&lt;System.Type,System.Object&gt;)</Name>
              <SequencePoints />
              <BranchPoints />
              <MethodPoint vc="0" uspid="933" ordinal="0" offset="0" />
            </Method>
            <Method visited="false" cyclomaticComplexity="1" sequenceCoverage="0" branchCoverage="0" isConstructor="false" isStatic="false" isGetter="true" isSetter="false">
              <Summary numSequencePoints="0" visitedSequencePoints="0" numBranchPoints="0" visitedBranchPoints="0" sequenceCoverage="0" branchCoverage="0" maxCyclomaticComplexity="1" minCyclomaticComplexity="1" visitedClasses="0" numClasses="0" visitedMethods="0" numMethods="0" />
              <MetadataToken>100663454</MetadataToken>
              <Name>System.Collections.Generic.IList`1&lt;System.Func`3&lt;RMWebAPI.Areas.HelpPage.HelpPageSampleGenerator,System.Type,System.Object&gt;&gt; RMWebAPI.Areas.HelpPage.HelpPageSampleGenerator::get_SampleObjectFactories()</Name>
              <SequencePoints />
              <BranchPoints />
              <MethodPoint vc="0" uspid="934" ordinal="0" offset="0" />
            </Method>
            <Method visited="false" cyclomaticComplexity="1" sequenceCoverage="0" branchCoverage="0" isConstructor="false" isStatic="false" isGetter="false" isSetter="true">
              <Summary numSequencePoints="0" visitedSequencePoints="0" numBranchPoints="0" visitedBranchPoints="0" sequenceCoverage="0" branchCoverage="0" maxCyclomaticComplexity="1" minCyclomaticComplexity="1" visitedClasses="0" numClasses="0" visitedMethods="0" numMethods="0" />
              <MetadataToken>100663455</MetadataToken>
              <Name>System.Void RMWebAPI.Areas.HelpPage.HelpPageSampleGenerator::set_SampleObjectFactories(System.Collections.Generic.IList`1&lt;System.Func`3&lt;RMWebAPI.Areas.HelpPage.HelpPageSampleGenerator,System.Type,System.Object&gt;&gt;)</Name>
              <SequencePoints />
              <BranchPoints />
              <MethodPoint vc="0" uspid="935" ordinal="0" offset="0" />
            </Method>
            <Method visited="false" cyclomaticComplexity="1" sequenceCoverage="0" branchCoverage="0" isConstructor="true" isStatic="false" isGetter="false" isSetter="false">
              <Summary numSequencePoints="7" visitedSequencePoints="0" numBranchPoints="1" visitedBranchPoints="0" sequenceCoverage="0" branchCoverage="0" maxCyclomaticComplexity="1" minCyclomaticComplexity="1" visitedClasses="0" numClasses="0" visitedMethods="0" numMethods="1" />
              <MetadataToken>100663447</MetadataToken>
              <Name>System.Void RMWebAPI.Areas.HelpPage.HelpPageSampleGenerator::.ctor()</Name>
              <FileRef uid="24" />
              <SequencePoints>
                <SequencePoint vc="0" uspid="936" ordinal="0" offset="0" sl="26" sc="9" el="26" ec="41" bec="0" bev="0" fileid="24" />
                <SequencePoint vc="0" uspid="937" ordinal="1" offset="7" sl="27" sc="9" el="27" ec="10" bec="0" bev="0" fileid="24" />
                <SequencePoint vc="0" uspid="938" ordinal="2" offset="8" sl="28" sc="13" el="28" ec="80" bec="0" bev="0" fileid="24" />
                <SequencePoint vc="0" uspid="939" ordinal="3" offset="20" sl="29" sc="13" el="29" ec="73" bec="0" bev="0" fileid="24" />
                <SequencePoint vc="0" uspid="940" ordinal="4" offset="32" sl="30" sc="13" el="30" ec="60" bec="0" bev="0" fileid="24" />
                <SequencePoint vc="0" uspid="941" ordinal="5" offset="44" sl="31" sc="13" el="34" ec="15" bec="0" bev="0" fileid="24" />
                <SequencePoint vc="0" uspid="942" ordinal="6" offset="77" sl="35" sc="9" el="35" ec="10" bec="0" bev="0" fileid="24" />
              </SequencePoints>
              <BranchPoints />
              <MethodPoint xsi:type="SequencePoint" vc="0" uspid="936" ordinal="0" offset="0" sl="26" sc="9" el="26" ec="41" bec="0" bev="0" fileid="24" />
            </Method>
            <Method visited="false" cyclomaticComplexity="1" sequenceCoverage="0" branchCoverage="0" isConstructor="false" isStatic="false" isGetter="false" isSetter="false">
              <Summary numSequencePoints="3" visitedSequencePoints="0" numBranchPoints="1" visitedBranchPoints="0" sequenceCoverage="0" branchCoverage="0" maxCyclomaticComplexity="1" minCyclomaticComplexity="1" visitedClasses="0" numClasses="0" visitedMethods="0" numMethods="1" />
              <MetadataToken>100663456</MetadataToken>
              <Name>System.Collections.Generic.IDictionary`2&lt;System.Net.Http.Headers.MediaTypeHeaderValue,System.Object&gt; RMWebAPI.Areas.HelpPage.HelpPageSampleGenerator::GetSampleRequests(System.Web.Http.Description.ApiDescription)</Name>
              <FileRef uid="24" />
              <SequencePoints>
                <SequencePoint vc="0" uspid="943" ordinal="0" offset="0" sl="70" sc="9" el="70" ec="10" bec="0" bev="0" fileid="24" />
                <SequencePoint vc="0" uspid="944" ordinal="1" offset="1" sl="71" sc="13" el="71" ec="60" bec="0" bev="0" fileid="24" />
                <SequencePoint vc="0" uspid="945" ordinal="2" offset="12" sl="72" sc="9" el="72" ec="10" bec="0" bev="0" fileid="24" />
              </SequencePoints>
              <BranchPoints />
              <MethodPoint xsi:type="SequencePoint" vc="0" uspid="943" ordinal="0" offset="0" sl="70" sc="9" el="70" ec="10" bec="0" bev="0" fileid="24" />
            </Method>
            <Method visited="false" cyclomaticComplexity="1" sequenceCoverage="0" branchCoverage="0" isConstructor="false" isStatic="false" isGetter="false" isSetter="false">
              <Summary numSequencePoints="3" visitedSequencePoints="0" numBranchPoints="1" visitedBranchPoints="0" sequenceCoverage="0" branchCoverage="0" maxCyclomaticComplexity="1" minCyclomaticComplexity="1" visitedClasses="0" numClasses="0" visitedMethods="0" numMethods="1" />
              <MetadataToken>100663457</MetadataToken>
              <Name>System.Collections.Generic.IDictionary`2&lt;System.Net.Http.Headers.MediaTypeHeaderValue,System.Object&gt; RMWebAPI.Areas.HelpPage.HelpPageSampleGenerator::GetSampleResponses(System.Web.Http.Description.ApiDescription)</Name>
              <FileRef uid="24" />
              <SequencePoints>
                <SequencePoint vc="0" uspid="946" ordinal="0" offset="0" sl="80" sc="9" el="80" ec="10" bec="0" bev="0" fileid="24" />
                <SequencePoint vc="0" uspid="947" ordinal="1" offset="1" sl="81" sc="13" el="81" ec="61" bec="0" bev="0" fileid="24" />
                <SequencePoint vc="0" uspid="948" ordinal="2" offset="12" sl="82" sc="9" el="82" ec="10" bec="0" bev="0" fileid="24" />
              </SequencePoints>
              <BranchPoints />
              <MethodPoint xsi:type="SequencePoint" vc="0" uspid="946" ordinal="0" offset="0" sl="80" sc="9" el="80" ec="10" bec="0" bev="0" fileid="24" />
            </Method>
            <Method visited="false" cyclomaticComplexity="14" sequenceCoverage="0" branchCoverage="0" isConstructor="false" isStatic="false" isGetter="false" isSetter="false">
              <Summary numSequencePoints="44" visitedSequencePoints="0" numBranchPoints="21" visitedBranchPoints="0" sequenceCoverage="0" branchCoverage="0" maxCyclomaticComplexity="14" minCyclomaticComplexity="14" visitedClasses="0" numClasses="0" visitedMethods="0" numMethods="1" />
              <MetadataToken>100663458</MetadataToken>
              <Name>System.Collections.Generic.IDictionary`2&lt;System.Net.Http.Headers.MediaTypeHeaderValue,System.Object&gt; RMWebAPI.Areas.HelpPage.HelpPageSampleGenerator::GetSample(System.Web.Http.Description.ApiDescription,RMWebAPI.Areas.HelpPage.SampleDirection)</Name>
              <FileRef uid="24" />
              <SequencePoints>
                <SequencePoint vc="0" uspid="949" ordinal="0" offset="0" sl="91" sc="9" el="91" ec="10" bec="0" bev="0" fileid="24" />
                <SequencePoint vc="0" uspid="950" ordinal="1" offset="1" sl="92" sc="13" el="92" ec="29" bec="2" bev="0" fileid="24" />
                <SequencePoint vc="0" uspid="951" ordinal="2" offset="14" sl="93" sc="13" el="93" ec="14" bec="0" bev="0" fileid="24" />
                <SequencePoint vc="0" uspid="952" ordinal="3" offset="15" sl="94" sc="17" el="94" ec="56" bec="0" bev="0" fileid="24" />
                <SequencePoint vc="0" uspid="953" ordinal="4" offset="26" sl="96" sc="13" el="96" ec="94" bec="0" bev="0" fileid="24" />
                <SequencePoint vc="0" uspid="954" ordinal="5" offset="43" sl="97" sc="13" el="97" ec="65" bec="0" bev="0" fileid="24" />
                <SequencePoint vc="0" uspid="955" ordinal="6" offset="55" sl="98" sc="13" el="98" ec="96" bec="2" bev="0" fileid="24" />
                <SequencePoint vc="0" uspid="956" ordinal="7" offset="98" sl="100" sc="13" el="100" ec="119" bec="0" bev="0" fileid="24" />
                <SequencePoint vc="0" uspid="957" ordinal="8" offset="113" sl="101" sc="13" el="101" ec="74" bec="0" bev="0" fileid="24" />
                <SequencePoint vc="0" uspid="958" ordinal="9" offset="120" sl="104" sc="13" el="104" ec="114" bec="0" bev="0" fileid="24" />
                <SequencePoint vc="0" uspid="959" ordinal="10" offset="132" sl="105" sc="13" el="105" ec="20" bec="0" bev="0" fileid="24" />
                <SequencePoint vc="0" uspid="960" ordinal="11" offset="133" sl="105" sc="42" el="105" ec="55" bec="0" bev="0" fileid="24" />
                <SequencePoint vc="0" uspid="961" ordinal="12" offset="144" sl="105" sc="22" el="105" ec="38" bec="0" bev="0" fileid="24" />
                <SequencePoint vc="0" uspid="962" ordinal="13" offset="153" sl="106" sc="13" el="106" ec="14" bec="0" bev="0" fileid="24" />
                <SequencePoint vc="0" uspid="963" ordinal="14" offset="154" sl="107" sc="17" el="107" ec="97" bec="0" bev="0" fileid="24" />
                <SequencePoint vc="0" uspid="964" ordinal="15" offset="186" sl="108" sc="13" el="108" ec="14" bec="0" bev="0" fileid="24" />
                <SequencePoint vc="0" uspid="965" ordinal="16" offset="187" sl="105" sc="39" el="105" ec="41" bec="2" bev="0" fileid="24" />
                <SequencePoint vc="0" uspid="966" ordinal="17" offset="223" sl="112" sc="13" el="112" ec="85" bec="4" bev="0" fileid="24" />
                <SequencePoint vc="0" uspid="967" ordinal="18" offset="263" sl="113" sc="13" el="113" ec="14" bec="0" bev="0" fileid="24" />
                <SequencePoint vc="0" uspid="968" ordinal="19" offset="264" sl="114" sc="17" el="114" ec="61" bec="0" bev="0" fileid="24" />
                <SequencePoint vc="0" uspid="969" ordinal="20" offset="274" sl="115" sc="17" el="115" ec="24" bec="0" bev="0" fileid="24" />
                <SequencePoint vc="0" uspid="970" ordinal="21" offset="275" sl="115" sc="43" el="115" ec="53" bec="0" bev="0" fileid="24" />
                <SequencePoint vc="0" uspid="971" ordinal="22" offset="288" sl="115" sc="26" el="115" ec="39" bec="0" bev="0" fileid="24" />
                <SequencePoint vc="0" uspid="972" ordinal="23" offset="297" sl="116" sc="17" el="116" ec="18" bec="0" bev="0" fileid="24" />
                <SequencePoint vc="0" uspid="973" ordinal="24" offset="298" sl="117" sc="21" el="117" ec="28" bec="0" bev="0" fileid="24" />
                <SequencePoint vc="0" uspid="974" ordinal="25" offset="299" sl="117" sc="64" el="117" ec="93" bec="0" bev="0" fileid="24" />
                <SequencePoint vc="0" uspid="975" ordinal="26" offset="315" sl="117" sc="30" el="117" ec="60" bec="0" bev="0" fileid="24" />
                <SequencePoint vc="0" uspid="976" ordinal="27" offset="324" sl="118" sc="21" el="118" ec="22" bec="0" bev="0" fileid="24" />
                <SequencePoint vc="0" uspid="977" ordinal="28" offset="325" sl="119" sc="25" el="119" ec="61" bec="2" bev="0" fileid="24" />
                <SequencePoint vc="0" uspid="978" ordinal="29" offset="340" sl="120" sc="25" el="120" ec="26" bec="0" bev="0" fileid="24" />
                <SequencePoint vc="0" uspid="979" ordinal="30" offset="341" sl="121" sc="29" el="121" ec="150" bec="0" bev="0" fileid="24" />
                <SequencePoint vc="0" uspid="980" ordinal="31" offset="359" sl="124" sc="29" el="124" ec="72" bec="4" bev="0" fileid="24" />
                <SequencePoint vc="0" uspid="981" ordinal="32" offset="378" sl="125" sc="29" el="125" ec="30" bec="0" bev="0" fileid="24" />
                <SequencePoint vc="0" uspid="982" ordinal="33" offset="379" sl="126" sc="33" el="126" ec="116" bec="0" bev="0" fileid="24" />
                <SequencePoint vc="0" uspid="983" ordinal="34" offset="395" sl="127" sc="29" el="127" ec="30" bec="0" bev="0" fileid="24" />
                <SequencePoint vc="0" uspid="984" ordinal="35" offset="396" sl="129" sc="29" el="129" ec="80" bec="0" bev="0" fileid="24" />
                <SequencePoint vc="0" uspid="985" ordinal="36" offset="413" sl="130" sc="25" el="130" ec="26" bec="0" bev="0" fileid="24" />
                <SequencePoint vc="0" uspid="986" ordinal="37" offset="414" sl="131" sc="21" el="131" ec="22" bec="0" bev="0" fileid="24" />
                <SequencePoint vc="0" uspid="987" ordinal="38" offset="415" sl="117" sc="61" el="117" ec="63" bec="2" bev="0" fileid="24" />
                <SequencePoint vc="0" uspid="988" ordinal="39" offset="451" sl="132" sc="17" el="132" ec="18" bec="0" bev="0" fileid="24" />
                <SequencePoint vc="0" uspid="989" ordinal="40" offset="452" sl="115" sc="40" el="115" ec="42" bec="2" bev="0" fileid="24" />
                <SequencePoint vc="0" uspid="990" ordinal="41" offset="491" sl="133" sc="13" el="133" ec="14" bec="0" bev="0" fileid="24" />
                <SequencePoint vc="0" uspid="991" ordinal="42" offset="492" sl="135" sc="13" el="135" ec="28" bec="0" bev="0" fileid="24" />
                <SequencePoint vc="0" uspid="992" ordinal="43" offset="498" sl="136" sc="9" el="136" ec="10" bec="0" bev="0" fileid="24" />
              </SequencePoints>
              <BranchPoints>
                <BranchPoint vc="0" uspid="993" ordinal="0" offset="12" sl="92" path="0" offsetend="14" fileid="24" />
                <BranchPoint vc="0" uspid="994" ordinal="1" offset="12" sl="92" path="1" offsetend="26" fileid="24" />
                <BranchPoint vc="0" uspid="995" ordinal="2" offset="66" sl="98" path="0" offsetend="68" fileid="24" />
                <BranchPoint vc="0" uspid="996" ordinal="3" offset="66" sl="98" path="1" offsetend="87" fileid="24" />
                <BranchPoint vc="0" uspid="997" ordinal="4" offset="198" sl="105" path="0" offsetend="200" fileid="24" />
                <BranchPoint vc="0" uspid="998" ordinal="5" offset="198" sl="105" path="1" offsetend="144" fileid="24" />
                <BranchPoint vc="0" uspid="999" ordinal="6" offset="231" sl="112" path="0" offsetend="233" fileid="24" />
                <BranchPoint vc="0" uspid="1000" ordinal="7" offset="231" sl="112" path="1" offsetend="252" fileid="24" />
                <BranchPoint vc="0" uspid="1001" ordinal="8" offset="258" sl="112" path="0" offsetend="263" fileid="24" />
                <BranchPoint vc="0" uspid="1002" ordinal="9" offset="258" sl="112" path="1" offsetend="492" fileid="24" />
                <BranchPoint vc="0" uspid="1003" ordinal="10" offset="338" sl="119" path="0" offsetend="340" fileid="24" />
                <BranchPoint vc="0" uspid="1004" ordinal="11" offset="338" sl="119" path="1" offsetend="414" fileid="24" />
                <BranchPoint vc="0" uspid="1005" ordinal="12" offset="361" sl="124" path="0" offsetend="363" fileid="24" />
                <BranchPoint vc="0" uspid="1006" ordinal="13" offset="361" sl="124" path="1" offsetend="370" fileid="24" />
                <BranchPoint vc="0" uspid="1007" ordinal="14" offset="376" sl="124" path="0" offsetend="378" fileid="24" />
                <BranchPoint vc="0" uspid="1008" ordinal="15" offset="376" sl="124" path="1" offsetend="396" fileid="24" />
                <BranchPoint vc="0" uspid="1009" ordinal="16" offset="426" sl="117" path="0" offsetend="428" fileid="24" />
                <BranchPoint vc="0" uspid="1010" ordinal="17" offset="426" sl="117" path="1" offsetend="315" fileid="24" />
                <BranchPoint vc="0" uspid="1011" ordinal="18" offset="463" sl="115" path="0" offsetend="468" fileid="24" />
                <BranchPoint vc="0" uspid="1012" ordinal="19" offset="463" sl="115" path="1" offsetend="288" fileid="24" />
              </BranchPoints>
              <MethodPoint xsi:type="SequencePoint" vc="0" uspid="949" ordinal="0" offset="0" sl="91" sc="9" el="91" ec="10" bec="0" bev="0" fileid="24" />
            </Method>
            <Method visited="false" cyclomaticComplexity="5" sequenceCoverage="0" branchCoverage="0" isConstructor="false" isStatic="false" isGetter="false" isSetter="false">
              <Summary numSequencePoints="6" visitedSequencePoints="0" numBranchPoints="9" visitedBranchPoints="0" sequenceCoverage="0" branchCoverage="0" maxCyclomaticComplexity="5" minCyclomaticComplexity="5" visitedClasses="0" numClasses="0" visitedMethods="0" numMethods="1" />
              <MetadataToken>100663459</MetadataToken>
              <Name>System.Object RMWebAPI.Areas.HelpPage.HelpPageSampleGenerator::GetActionSample(System.String,System.String,System.Collections.Generic.IEnumerable`1&lt;System.String&gt;,System.Type,System.Net.Http.Formatting.MediaTypeFormatter,System.Net.Http.Headers.MediaTypeHeaderValue,RMWebAPI.Areas.HelpPage.SampleDirection)</Name>
              <FileRef uid="24" />
              <SequencePoints>
                <SequencePoint vc="0" uspid="1013" ordinal="0" offset="0" sl="150" sc="9" el="150" ec="10" bec="0" bev="0" fileid="24" />
                <SequencePoint vc="0" uspid="1014" ordinal="1" offset="1" sl="157" sc="13" el="160" ec="89" bec="6" bev="0" fileid="24" />
                <SequencePoint vc="0" uspid="1015" ordinal="2" offset="125" sl="161" sc="13" el="161" ec="14" bec="0" bev="0" fileid="24" />
                <SequencePoint vc="0" uspid="1016" ordinal="3" offset="126" sl="162" sc="17" el="162" ec="31" bec="0" bev="0" fileid="24" />
                <SequencePoint vc="0" uspid="1017" ordinal="4" offset="130" sl="165" sc="13" el="165" ec="25" bec="0" bev="0" fileid="24" />
                <SequencePoint vc="0" uspid="1018" ordinal="5" offset="134" sl="166" sc="9" el="166" ec="10" bec="0" bev="0" fileid="24" />
              </SequencePoints>
              <BranchPoints>
                <BranchPoint vc="0" uspid="1019" ordinal="0" offset="26" sl="157" path="0" offsetend="28" fileid="24" />
                <BranchPoint vc="0" uspid="1020" ordinal="1" offset="26" sl="157" path="1" offsetend="119" fileid="24" />
                <BranchPoint vc="0" uspid="1021" ordinal="2" offset="68" sl="157" path="0" offsetend="70" fileid="24" />
                <BranchPoint vc="0" uspid="1022" ordinal="3" offset="68" sl="157" path="1" offsetend="119" fileid="24" />
                <BranchPoint vc="0" uspid="1023" ordinal="4" offset="92" sl="157" path="0" offsetend="94" fileid="24" />
                <BranchPoint vc="0" uspid="1024" ordinal="5" offset="92" sl="157" path="1" offsetend="119" fileid="24" />
                <BranchPoint vc="0" uspid="1025" ordinal="6" offset="123" sl="157" path="0" offsetend="125" fileid="24" />
                <BranchPoint vc="0" uspid="1026" ordinal="7" offset="123" sl="157" path="1" offsetend="130" fileid="24" />
              </BranchPoints>
              <MethodPoint xsi:type="SequencePoint" vc="0" uspid="1013" ordinal="0" offset="0" sl="150" sc="9" el="150" ec="10" bec="0" bev="0" fileid="24" />
            </Method>
            <Method visited="false" cyclomaticComplexity="6" sequenceCoverage="0" branchCoverage="0" isConstructor="false" isStatic="false" isGetter="false" isSetter="false">
              <Summary numSequencePoints="24" visitedSequencePoints="0" numBranchPoints="9" visitedBranchPoints="0" sequenceCoverage="0" branchCoverage="0" maxCyclomaticComplexity="6" minCyclomaticComplexity="6" visitedClasses="0" numClasses="0" visitedMethods="0" numMethods="1" />
              <MetadataToken>100663460</MetadataToken>
              <Name>System.Object RMWebAPI.Areas.HelpPage.HelpPageSampleGenerator::GetSampleObject(System.Type)</Name>
              <FileRef uid="24" />
              <SequencePoints>
                <SequencePoint vc="0" uspid="1027" ordinal="0" offset="0" sl="179" sc="9" el="179" ec="10" bec="0" bev="0" fileid="24" />
                <SequencePoint vc="0" uspid="1028" ordinal="1" offset="1" sl="182" sc="13" el="182" ec="68" bec="2" bev="0" fileid="24" />
                <SequencePoint vc="0" uspid="1029" ordinal="2" offset="19" sl="183" sc="13" el="183" ec="14" bec="0" bev="0" fileid="24" />
                <SequencePoint vc="0" uspid="1030" ordinal="3" offset="20" sl="185" sc="17" el="185" ec="24" bec="0" bev="0" fileid="24" />
                <SequencePoint vc="0" uspid="1031" ordinal="4" offset="21" sl="185" sc="81" el="185" ec="102" bec="0" bev="0" fileid="24" />
                <SequencePoint vc="0" uspid="1032" ordinal="5" offset="36" sl="185" sc="26" el="185" ec="77" bec="0" bev="0" fileid="24" />
                <SequencePoint vc="0" uspid="1033" ordinal="6" offset="44" sl="186" sc="17" el="186" ec="18" bec="0" bev="0" fileid="24" />
                <SequencePoint vc="0" uspid="1034" ordinal="7" offset="45" sl="187" sc="21" el="187" ec="41" bec="2" bev="0" fileid="24" />
                <SequencePoint vc="0" uspid="1035" ordinal="8" offset="56" sl="188" sc="21" el="188" ec="22" bec="0" bev="0" fileid="24" />
                <SequencePoint vc="0" uspid="1036" ordinal="9" offset="57" sl="189" sc="25" el="189" ec="34" bec="0" bev="0" fileid="24" />
                <SequencePoint vc="0" uspid="1037" ordinal="10" offset="59" sl="193" sc="21" el="193" ec="22" bec="0" bev="0" fileid="24" />
                <SequencePoint vc="0" uspid="1038" ordinal="11" offset="60" sl="194" sc="25" el="194" ec="60" bec="0" bev="0" fileid="24" />
                <SequencePoint vc="0" uspid="1039" ordinal="12" offset="69" sl="195" sc="25" el="195" ec="50" bec="2" bev="0" fileid="24" />
                <SequencePoint vc="0" uspid="1040" ordinal="13" offset="77" sl="196" sc="25" el="196" ec="26" bec="0" bev="0" fileid="24" />
                <SequencePoint vc="0" uspid="1041" ordinal="14" offset="78" sl="197" sc="29" el="197" ec="35" bec="0" bev="0" fileid="24" />
                <SequencePoint vc="0" uspid="1042" ordinal="15" offset="80" sl="199" sc="21" el="199" ec="22" bec="0" bev="0" fileid="24" />
                <SequencePoint vc="0" uspid="1043" ordinal="16" offset="83" sl="200" sc="21" el="200" ec="26" bec="0" bev="0" fileid="24" />
                <SequencePoint vc="0" uspid="1044" ordinal="17" offset="84" sl="201" sc="21" el="201" ec="22" bec="0" bev="0" fileid="24" />
                <SequencePoint vc="0" uspid="1045" ordinal="18" offset="85" sl="203" sc="21" el="203" ec="22" bec="0" bev="0" fileid="24" />
                <SequencePoint vc="0" uspid="1046" ordinal="19" offset="89" sl="204" sc="17" el="204" ec="18" bec="0" bev="0" fileid="24" />
                <SequencePoint vc="0" uspid="1047" ordinal="20" offset="90" sl="185" sc="78" el="185" ec="80" bec="2" bev="0" fileid="24" />
                <SequencePoint vc="0" uspid="1048" ordinal="21" offset="123" sl="205" sc="13" el="205" ec="14" bec="0" bev="0" fileid="24" />
                <SequencePoint vc="0" uspid="1049" ordinal="22" offset="124" sl="207" sc="13" el="207" ec="33" bec="0" bev="0" fileid="24" />
                <SequencePoint vc="0" uspid="1050" ordinal="23" offset="128" sl="208" sc="9" el="208" ec="10" bec="0" bev="0" fileid="24" />
              </SequencePoints>
              <BranchPoints>
                <BranchPoint vc="0" uspid="1051" ordinal="0" offset="17" sl="182" path="0" offsetend="19" fileid="24" />
                <BranchPoint vc="0" uspid="1052" ordinal="1" offset="17" sl="182" path="1" offsetend="124" fileid="24" />
                <BranchPoint vc="0" uspid="1053" ordinal="2" offset="54" sl="187" path="0" offsetend="56" fileid="24" />
                <BranchPoint vc="0" uspid="1054" ordinal="3" offset="54" sl="187" path="1" offsetend="59" fileid="24" />
                <BranchPoint vc="0" uspid="1055" ordinal="4" offset="75" sl="195" path="0" offsetend="77" fileid="24" />
                <BranchPoint vc="0" uspid="1056" ordinal="5" offset="75" sl="195" path="1" offsetend="80" fileid="24" />
                <BranchPoint vc="0" uspid="1057" ordinal="6" offset="99" sl="185" path="0" offsetend="101" fileid="24" />
                <BranchPoint vc="0" uspid="1058" ordinal="7" offset="99" sl="185" path="1" offsetend="36" fileid="24" />
              </BranchPoints>
              <MethodPoint xsi:type="SequencePoint" vc="0" uspid="1027" ordinal="0" offset="0" sl="179" sc="9" el="179" ec="10" bec="0" bev="0" fileid="24" />
            </Method>
            <Method visited="false" cyclomaticComplexity="2" sequenceCoverage="0" branchCoverage="0" isConstructor="false" isStatic="false" isGetter="false" isSetter="false">
              <Summary numSequencePoints="6" visitedSequencePoints="0" numBranchPoints="3" visitedBranchPoints="0" sequenceCoverage="0" branchCoverage="0" maxCyclomaticComplexity="2" minCyclomaticComplexity="2" visitedClasses="0" numClasses="0" visitedMethods="0" numMethods="1" />
              <MetadataToken>100663461</MetadataToken>
              <Name>System.Type RMWebAPI.Areas.HelpPage.HelpPageSampleGenerator::ResolveHttpRequestMessageType(System.Web.Http.Description.ApiDescription)</Name>
              <FileRef uid="24" />
              <SequencePoints>
                <SequencePoint vc="0" uspid="1059" ordinal="0" offset="0" sl="216" sc="9" el="216" ec="10" bec="0" bev="0" fileid="24" />
                <SequencePoint vc="0" uspid="1060" ordinal="1" offset="1" sl="217" sc="13" el="217" ec="94" bec="0" bev="0" fileid="24" />
                <SequencePoint vc="0" uspid="1061" ordinal="2" offset="18" sl="218" sc="13" el="218" ec="65" bec="0" bev="0" fileid="24" />
                <SequencePoint vc="0" uspid="1062" ordinal="3" offset="30" sl="219" sc="13" el="219" ec="96" bec="2" bev="0" fileid="24" />
                <SequencePoint vc="0" uspid="1063" ordinal="4" offset="73" sl="221" sc="13" el="221" ec="122" bec="0" bev="0" fileid="24" />
                <SequencePoint vc="0" uspid="1064" ordinal="5" offset="90" sl="222" sc="9" el="222" ec="10" bec="0" bev="0" fileid="24" />
              </SequencePoints>
              <BranchPoints>
                <BranchPoint vc="0" uspid="1065" ordinal="0" offset="41" sl="219" path="0" offsetend="43" fileid="24" />
                <BranchPoint vc="0" uspid="1066" ordinal="1" offset="41" sl="219" path="1" offsetend="62" fileid="24" />
              </BranchPoints>
              <MethodPoint xsi:type="SequencePoint" vc="0" uspid="1059" ordinal="0" offset="0" sl="216" sc="9" el="216" ec="10" bec="0" bev="0" fileid="24" />
            </Method>
            <Method visited="false" cyclomaticComplexity="13" sequenceCoverage="0" branchCoverage="0" isConstructor="false" isStatic="false" isGetter="false" isSetter="false">
              <Summary numSequencePoints="34" visitedSequencePoints="0" numBranchPoints="22" visitedBranchPoints="0" sequenceCoverage="0" branchCoverage="0" maxCyclomaticComplexity="13" minCyclomaticComplexity="13" visitedClasses="0" numClasses="0" visitedMethods="0" numMethods="1" />
              <MetadataToken>100663462</MetadataToken>
              <Name>System.Type RMWebAPI.Areas.HelpPage.HelpPageSampleGenerator::ResolveType(System.Web.Http.Description.ApiDescription,System.String,System.String,System.Collections.Generic.IEnumerable`1&lt;System.String&gt;,RMWebAPI.Areas.HelpPage.SampleDirection,System.Collections.ObjectModel.Collection`1&lt;System.Net.Http.Formatting.MediaTypeFormatter&gt;&amp;)</Name>
              <FileRef uid="24" />
              <SequencePoints>
                <SequencePoint vc="0" uspid="1067" ordinal="0" offset="0" sl="235" sc="9" el="235" ec="10" bec="0" bev="0" fileid="24" />
                <SequencePoint vc="0" uspid="1068" ordinal="1" offset="1" sl="236" sc="13" el="236" ec="75" bec="2" bev="0" fileid="24" />
                <SequencePoint vc="0" uspid="1069" ordinal="2" offset="29" sl="237" sc="13" el="237" ec="14" bec="0" bev="0" fileid="24" />
                <SequencePoint vc="0" uspid="1070" ordinal="3" offset="30" sl="238" sc="17" el="238" ec="122" bec="0" bev="0" fileid="24" />
                <SequencePoint vc="0" uspid="1071" ordinal="4" offset="53" sl="240" sc="13" el="240" ec="29" bec="2" bev="0" fileid="24" />
                <SequencePoint vc="0" uspid="1072" ordinal="5" offset="66" sl="241" sc="13" el="241" ec="14" bec="0" bev="0" fileid="24" />
                <SequencePoint vc="0" uspid="1073" ordinal="6" offset="67" sl="242" sc="17" el="242" ec="56" bec="0" bev="0" fileid="24" />
                <SequencePoint vc="0" uspid="1074" ordinal="7" offset="78" sl="245" sc="13" el="246" ec="145" bec="4" bev="0" fileid="24" />
                <SequencePoint vc="0" uspid="1075" ordinal="8" offset="158" sl="247" sc="13" el="247" ec="14" bec="0" bev="0" fileid="24" />
                <SequencePoint vc="0" uspid="1076" ordinal="9" offset="159" sl="249" sc="17" el="249" ec="101" bec="0" bev="0" fileid="24" />
                <SequencePoint vc="0" uspid="1077" ordinal="10" offset="165" sl="250" sc="17" el="250" ec="24" bec="0" bev="0" fileid="24" />
                <SequencePoint vc="0" uspid="1078" ordinal="11" offset="166" sl="250" sc="43" el="250" ec="88" bec="0" bev="0" fileid="24" />
                <SequencePoint vc="0" uspid="1079" ordinal="12" offset="191" sl="250" sc="26" el="250" ec="39" bec="0" bev="0" fileid="24" />
                <SequencePoint vc="0" uspid="1080" ordinal="13" offset="199" sl="251" sc="17" el="251" ec="18" bec="0" bev="0" fileid="24" />
                <SequencePoint vc="0" uspid="1081" ordinal="14" offset="200" sl="252" sc="21" el="252" ec="77" bec="2" bev="0" fileid="24" />
                <SequencePoint vc="0" uspid="1082" ordinal="15" offset="218" sl="253" sc="21" el="253" ec="22" bec="0" bev="0" fileid="24" />
                <SequencePoint vc="0" uspid="1083" ordinal="16" offset="219" sl="254" sc="25" el="254" ec="54" bec="0" bev="0" fileid="24" />
                <SequencePoint vc="0" uspid="1084" ordinal="17" offset="227" sl="255" sc="21" el="255" ec="22" bec="0" bev="0" fileid="24" />
                <SequencePoint vc="0" uspid="1085" ordinal="18" offset="228" sl="256" sc="17" el="256" ec="18" bec="0" bev="0" fileid="24" />
                <SequencePoint vc="0" uspid="1086" ordinal="19" offset="229" sl="250" sc="40" el="250" ec="42" bec="2" bev="0" fileid="24" />
                <SequencePoint vc="0" uspid="1087" ordinal="20" offset="265" sl="257" sc="17" el="257" ec="44" bec="0" bev="0" fileid="24" />
                <SequencePoint vc="0" uspid="1088" ordinal="21" offset="269" sl="258" sc="13" el="258" ec="14" bec="0" bev="0" fileid="24" />
                <SequencePoint vc="0" uspid="1089" ordinal="22" offset="275" sl="260" sc="13" el="260" ec="14" bec="0" bev="0" fileid="24" />
                <SequencePoint vc="0" uspid="1090" ordinal="23" offset="276" sl="261" sc="17" el="261" ec="41" bec="2" bev="0" fileid="24" />
                <SequencePoint vc="0" uspid="1091" ordinal="24" offset="297" sl="264" sc="25" el="264" ec="159" bec="2" bev="0" fileid="24" />
                <SequencePoint vc="0" uspid="1092" ordinal="25" offset="340" sl="265" sc="25" el="265" ec="125" bec="2" bev="0" fileid="24" />
                <SequencePoint vc="0" uspid="1093" ordinal="26" offset="359" sl="266" sc="25" el="266" ec="73" bec="0" bev="0" fileid="24" />
                <SequencePoint vc="0" uspid="1094" ordinal="27" offset="368" sl="267" sc="25" el="267" ec="31" bec="0" bev="0" fileid="24" />
                <SequencePoint vc="0" uspid="1095" ordinal="28" offset="370" sl="270" sc="25" el="270" ec="109" bec="2" bev="0" fileid="24" />
                <SequencePoint vc="0" uspid="1096" ordinal="29" offset="397" sl="271" sc="25" el="271" ec="70" bec="0" bev="0" fileid="24" />
                <SequencePoint vc="0" uspid="1097" ordinal="30" offset="406" sl="272" sc="25" el="272" ec="31" bec="0" bev="0" fileid="24" />
                <SequencePoint vc="0" uspid="1098" ordinal="31" offset="408" sl="274" sc="13" el="274" ec="14" bec="0" bev="0" fileid="24" />
                <SequencePoint vc="0" uspid="1099" ordinal="32" offset="409" sl="276" sc="13" el="276" ec="25" bec="0" bev="0" fileid="24" />
                <SequencePoint vc="0" uspid="1100" ordinal="33" offset="414" sl="277" sc="9" el="277" ec="10" bec="0" bev="0" fileid="24" />
              </SequencePoints>
              <BranchPoints>
                <BranchPoint vc="0" uspid="1101" ordinal="0" offset="27" sl="236" path="0" offsetend="29" fileid="24" />
                <BranchPoint vc="0" uspid="1102" ordinal="1" offset="27" sl="236" path="1" offsetend="53" fileid="24" />
                <BranchPoint vc="0" uspid="1103" ordinal="2" offset="64" sl="240" path="0" offsetend="66" fileid="24" />
                <BranchPoint vc="0" uspid="1104" ordinal="3" offset="64" sl="240" path="1" offsetend="78" fileid="24" />
                <BranchPoint vc="0" uspid="1105" ordinal="4" offset="102" sl="245" path="0" offsetend="104" fileid="24" />
                <BranchPoint vc="0" uspid="1106" ordinal="5" offset="102" sl="245" path="1" offsetend="150" fileid="24" />
                <BranchPoint vc="0" uspid="1107" ordinal="6" offset="156" sl="245" path="0" offsetend="158" fileid="24" />
                <BranchPoint vc="0" uspid="1108" ordinal="7" offset="156" sl="245" path="1" offsetend="275" fileid="24" />
                <BranchPoint vc="0" uspid="1109" ordinal="8" offset="216" sl="252" path="0" offsetend="218" fileid="24" />
                <BranchPoint vc="0" uspid="1110" ordinal="9" offset="216" sl="252" path="1" offsetend="228" fileid="24" />
                <BranchPoint vc="0" uspid="1111" ordinal="10" offset="240" sl="250" path="0" offsetend="242" fileid="24" />
                <BranchPoint vc="0" uspid="1112" ordinal="11" offset="240" sl="250" path="1" offsetend="191" fileid="24" />
                <BranchPoint vc="0" uspid="1113" ordinal="12" offset="282" sl="261" path="0" offsetchain="295" offsetend="370" fileid="24" />
                <BranchPoint vc="0" uspid="1114" ordinal="13" offset="282" sl="261" path="1" offsetend="297" fileid="24" />
                <BranchPoint vc="0" uspid="1115" ordinal="14" offset="282" sl="261" path="2" offsetend="370" fileid="24" />
                <BranchPoint vc="0" uspid="1116" ordinal="15" offset="308" sl="264" path="0" offsetend="310" fileid="24" />
                <BranchPoint vc="0" uspid="1117" ordinal="16" offset="308" sl="264" path="1" offsetend="329" fileid="24" />
                <BranchPoint vc="0" uspid="1118" ordinal="17" offset="341" sl="265" path="0" offsetend="343" fileid="24" />
                <BranchPoint vc="0" uspid="1119" ordinal="18" offset="341" sl="265" path="1" offsetend="356" fileid="24" />
                <BranchPoint vc="0" uspid="1120" ordinal="19" offset="382" sl="270" path="0" offsetend="384" fileid="24" />
                <BranchPoint vc="0" uspid="1121" ordinal="20" offset="382" sl="270" path="1" offsetend="396" fileid="24" />
              </BranchPoints>
              <MethodPoint xsi:type="SequencePoint" vc="0" uspid="1067" ordinal="0" offset="0" sl="235" sc="9" el="235" ec="10" bec="0" bev="0" fileid="24" />
            </Method>
            <Method visited="false" cyclomaticComplexity="8" sequenceCoverage="0" branchCoverage="0" isConstructor="false" isStatic="false" isGetter="false" isSetter="false">
              <Summary numSequencePoints="49" visitedSequencePoints="0" numBranchPoints="15" visitedBranchPoints="0" sequenceCoverage="0" branchCoverage="0" maxCyclomaticComplexity="8" minCyclomaticComplexity="8" visitedClasses="0" numClasses="0" visitedMethods="0" numMethods="1" />
              <MetadataToken>100663463</MetadataToken>
              <Name>System.Object RMWebAPI.Areas.HelpPage.HelpPageSampleGenerator::WriteSampleObjectUsingFormatter(System.Net.Http.Formatting.MediaTypeFormatter,System.Object,System.Type,System.Net.Http.Headers.MediaTypeHeaderValue)</Name>
              <FileRef uid="24" />
              <SequencePoints>
                <SequencePoint vc="0" uspid="1122" ordinal="0" offset="0" sl="289" sc="9" el="289" ec="10" bec="0" bev="0" fileid="24" />
                <SequencePoint vc="0" uspid="1123" ordinal="1" offset="1" sl="290" sc="13" el="290" ec="35" bec="2" bev="0" fileid="24" />
                <SequencePoint vc="0" uspid="1124" ordinal="2" offset="14" sl="291" sc="13" el="291" ec="14" bec="0" bev="0" fileid="24" />
                <SequencePoint vc="0" uspid="1125" ordinal="3" offset="15" sl="292" sc="17" el="292" ec="62" bec="0" bev="0" fileid="24" />
                <SequencePoint vc="0" uspid="1126" ordinal="4" offset="26" sl="294" sc="13" el="294" ec="35" bec="2" bev="0" fileid="24" />
                <SequencePoint vc="0" uspid="1127" ordinal="5" offset="40" sl="295" sc="13" el="295" ec="14" bec="0" bev="0" fileid="24" />
                <SequencePoint vc="0" uspid="1128" ordinal="6" offset="41" sl="296" sc="17" el="296" ec="62" bec="0" bev="0" fileid="24" />
                <SequencePoint vc="0" uspid="1129" ordinal="7" offset="52" sl="299" sc="13" el="299" ec="42" bec="0" bev="0" fileid="24" />
                <SequencePoint vc="0" uspid="1130" ordinal="8" offset="58" sl="300" sc="13" el="300" ec="36" bec="0" bev="0" fileid="24" />
                <SequencePoint vc="0" uspid="1131" ordinal="9" offset="60" sl="301" sc="13" el="301" ec="40" bec="0" bev="0" fileid="24" />
                <SequencePoint vc="0" uspid="1132" ordinal="10" offset="62" sl="303" sc="13" el="303" ec="14" bec="0" bev="0" fileid="24" />
                <SequencePoint vc="0" uspid="1133" ordinal="11" offset="63" sl="304" sc="17" el="304" ec="50" bec="2" bev="0" fileid="24" />
                <SequencePoint vc="0" uspid="1134" ordinal="12" offset="82" sl="305" sc="17" el="305" ec="18" bec="0" bev="0" fileid="24" />
                <SequencePoint vc="0" uspid="1135" ordinal="13" offset="83" sl="306" sc="21" el="306" ec="45" bec="0" bev="0" fileid="24" />
                <SequencePoint vc="0" uspid="1136" ordinal="14" offset="89" sl="307" sc="21" el="307" ec="84" bec="0" bev="0" fileid="24" />
                <SequencePoint vc="0" uspid="1137" ordinal="15" offset="100" sl="308" sc="21" el="308" ec="89" bec="0" bev="0" fileid="24" />
                <SequencePoint vc="0" uspid="1138" ordinal="16" offset="117" sl="309" sc="21" el="309" ec="37" bec="0" bev="0" fileid="24" />
                <SequencePoint vc="0" uspid="1139" ordinal="17" offset="126" sl="310" sc="21" el="310" ec="64" bec="0" bev="0" fileid="24" />
                <SequencePoint vc="0" uspid="1140" ordinal="18" offset="133" sl="311" sc="21" el="311" ec="72" bec="0" bev="0" fileid="24" />
                <SequencePoint vc="0" uspid="1141" ordinal="19" offset="141" sl="312" sc="21" el="312" ec="80" bec="2" bev="0" fileid="24" />
                <SequencePoint vc="0" uspid="1142" ordinal="20" offset="172" sl="313" sc="21" el="313" ec="22" bec="0" bev="0" fileid="24" />
                <SequencePoint vc="0" uspid="1143" ordinal="21" offset="173" sl="314" sc="25" el="314" ec="87" bec="0" bev="0" fileid="24" />
                <SequencePoint vc="0" uspid="1144" ordinal="22" offset="182" sl="315" sc="21" el="315" ec="22" bec="0" bev="0" fileid="24" />
                <SequencePoint vc="0" uspid="1145" ordinal="23" offset="185" sl="316" sc="26" el="316" ec="86" bec="2" bev="0" fileid="24" />
                <SequencePoint vc="0" uspid="1146" ordinal="24" offset="216" sl="317" sc="21" el="317" ec="22" bec="0" bev="0" fileid="24" />
                <SequencePoint vc="0" uspid="1147" ordinal="25" offset="217" sl="318" sc="25" el="318" ec="88" bec="0" bev="0" fileid="24" />
                <SequencePoint vc="0" uspid="1148" ordinal="26" offset="226" sl="319" sc="21" el="319" ec="22" bec="0" bev="0" fileid="24" />
                <SequencePoint vc="0" uspid="1149" ordinal="27" offset="227" sl="321" sc="21" el="321" ec="69" bec="0" bev="0" fileid="24" />
                <SequencePoint vc="0" uspid="1150" ordinal="28" offset="235" sl="322" sc="17" el="322" ec="18" bec="0" bev="0" fileid="24" />
                <SequencePoint vc="0" uspid="1151" ordinal="29" offset="238" sl="324" sc="17" el="324" ec="18" bec="0" bev="0" fileid="24" />
                <SequencePoint vc="0" uspid="1152" ordinal="30" offset="239" sl="325" sc="21" el="330" ec="37" bec="0" bev="0" fileid="24" />
                <SequencePoint vc="0" uspid="1153" ordinal="31" offset="301" sl="331" sc="17" el="331" ec="18" bec="0" bev="0" fileid="24" />
                <SequencePoint vc="0" uspid="1154" ordinal="32" offset="302" sl="332" sc="13" el="332" ec="14" bec="0" bev="0" fileid="24" />
                <SequencePoint vc="0" uspid="1155" ordinal="33" offset="305" sl="333" sc="13" el="333" ec="32" bec="0" bev="0" fileid="24" />
                <SequencePoint vc="0" uspid="1156" ordinal="34" offset="307" sl="334" sc="13" el="334" ec="14" bec="0" bev="0" fileid="24" />
                <SequencePoint vc="0" uspid="1157" ordinal="35" offset="308" sl="335" sc="17" el="340" ec="50" bec="0" bev="0" fileid="24" />
                <SequencePoint vc="0" uspid="1158" ordinal="36" offset="381" sl="341" sc="13" el="341" ec="14" bec="0" bev="0" fileid="24" />
                <SequencePoint vc="0" uspid="1159" ordinal="37" offset="387" sl="343" sc="13" el="343" ec="14" bec="0" bev="0" fileid="24" />
                <SequencePoint vc="0" uspid="1160" ordinal="38" offset="388" sl="344" sc="17" el="344" ec="32" bec="2" bev="0" fileid="24" />
                <SequencePoint vc="0" uspid="1161" ordinal="39" offset="398" sl="345" sc="17" el="345" ec="18" bec="0" bev="0" fileid="24" />
                <SequencePoint vc="0" uspid="1162" ordinal="40" offset="399" sl="346" sc="21" el="346" ec="34" bec="0" bev="0" fileid="24" />
                <SequencePoint vc="0" uspid="1163" ordinal="41" offset="406" sl="347" sc="17" el="347" ec="18" bec="0" bev="0" fileid="24" />
                <SequencePoint vc="0" uspid="1164" ordinal="42" offset="407" sl="348" sc="17" el="348" ec="37" bec="2" bev="0" fileid="24" />
                <SequencePoint vc="0" uspid="1165" ordinal="43" offset="417" sl="349" sc="17" el="349" ec="18" bec="0" bev="0" fileid="24" />
                <SequencePoint vc="0" uspid="1166" ordinal="44" offset="418" sl="350" sc="21" el="350" ec="39" bec="0" bev="0" fileid="24" />
                <SequencePoint vc="0" uspid="1167" ordinal="45" offset="425" sl="351" sc="17" el="351" ec="18" bec="0" bev="0" fileid="24" />
                <SequencePoint vc="0" uspid="1168" ordinal="46" offset="426" sl="352" sc="13" el="352" ec="14" bec="0" bev="0" fileid="24" />
                <SequencePoint vc="0" uspid="1169" ordinal="47" offset="429" sl="354" sc="13" el="354" ec="27" bec="0" bev="0" fileid="24" />
                <SequencePoint vc="0" uspid="1170" ordinal="48" offset="434" sl="355" sc="9" el="355" ec="10" bec="0" bev="0" fileid="24" />
              </SequencePoints>
              <BranchPoints>
                <BranchPoint vc="0" uspid="1171" ordinal="0" offset="12" sl="290" path="0" offsetend="14" fileid="24" />
                <BranchPoint vc="0" uspid="1172" ordinal="1" offset="12" sl="290" path="1" offsetend="26" fileid="24" />
                <BranchPoint vc="0" uspid="1173" ordinal="2" offset="38" sl="294" path="0" offsetend="40" fileid="24" />
                <BranchPoint vc="0" uspid="1174" ordinal="3" offset="38" sl="294" path="1" offsetend="52" fileid="24" />
                <BranchPoint vc="0" uspid="1175" ordinal="4" offset="77" sl="304" path="0" offsetend="82" fileid="24" />
                <BranchPoint vc="0" uspid="1176" ordinal="5" offset="77" sl="304" path="1" offsetend="238" fileid="24" />
                <BranchPoint vc="0" uspid="1177" ordinal="6" offset="170" sl="312" path="0" offsetend="172" fileid="24" />
                <BranchPoint vc="0" uspid="1178" ordinal="7" offset="170" sl="312" path="1" offsetend="185" fileid="24" />
                <BranchPoint vc="0" uspid="1179" ordinal="8" offset="214" sl="316" path="0" offsetend="216" fileid="24" />
                <BranchPoint vc="0" uspid="1180" ordinal="9" offset="214" sl="316" path="1" offsetend="227" fileid="24" />
                <BranchPoint vc="0" uspid="1181" ordinal="10" offset="396" sl="344" path="0" offsetend="398" fileid="24" />
                <BranchPoint vc="0" uspid="1182" ordinal="11" offset="396" sl="344" path="1" offsetend="407" fileid="24" />
                <BranchPoint vc="0" uspid="1183" ordinal="12" offset="415" sl="348" path="0" offsetend="417" fileid="24" />
                <BranchPoint vc="0" uspid="1184" ordinal="13" offset="415" sl="348" path="1" offsetend="426" fileid="24" />
              </BranchPoints>
              <MethodPoint xsi:type="SequencePoint" vc="0" uspid="1122" ordinal="0" offset="0" sl="289" sc="9" el="289" ec="10" bec="0" bev="0" fileid="24" />
            </Method>
            <Method visited="false" cyclomaticComplexity="2" sequenceCoverage="0" branchCoverage="0" isConstructor="false" isStatic="true" isGetter="false" isSetter="false">
              <Summary numSequencePoints="7" visitedSequencePoints="0" numBranchPoints="3" visitedBranchPoints="0" sequenceCoverage="0" branchCoverage="0" maxCyclomaticComplexity="2" minCyclomaticComplexity="2" visitedClasses="0" numClasses="0" visitedMethods="0" numMethods="1" />
              <MetadataToken>100663464</MetadataToken>
              <Name>System.Exception RMWebAPI.Areas.HelpPage.HelpPageSampleGenerator::UnwrapException(System.Exception)</Name>
              <FileRef uid="24" />
              <SequencePoints>
                <SequencePoint vc="0" uspid="1185" ordinal="0" offset="0" sl="358" sc="9" el="358" ec="10" bec="0" bev="0" fileid="24" />
                <SequencePoint vc="0" uspid="1186" ordinal="1" offset="1" sl="359" sc="13" el="359" ec="85" bec="0" bev="0" fileid="24" />
                <SequencePoint vc="0" uspid="1187" ordinal="2" offset="8" sl="360" sc="13" el="360" ec="44" bec="2" bev="0" fileid="24" />
                <SequencePoint vc="0" uspid="1188" ordinal="3" offset="16" sl="361" sc="13" el="361" ec="14" bec="0" bev="0" fileid="24" />
                <SequencePoint vc="0" uspid="1189" ordinal="4" offset="17" sl="362" sc="17" el="362" ec="68" bec="0" bev="0" fileid="24" />
                <SequencePoint vc="0" uspid="1190" ordinal="5" offset="31" sl="364" sc="13" el="364" ec="30" bec="0" bev="0" fileid="24" />
                <SequencePoint vc="0" uspid="1191" ordinal="6" offset="35" sl="365" sc="9" el="365" ec="10" bec="0" bev="0" fileid="24" />
              </SequencePoints>
              <BranchPoints>
                <BranchPoint vc="0" uspid="1192" ordinal="0" offset="14" sl="360" path="0" offsetend="16" fileid="24" />
                <BranchPoint vc="0" uspid="1193" ordinal="1" offset="14" sl="360" path="1" offsetend="31" fileid="24" />
              </BranchPoints>
              <MethodPoint xsi:type="SequencePoint" vc="0" uspid="1185" ordinal="0" offset="0" sl="358" sc="9" el="358" ec="10" bec="0" bev="0" fileid="24" />
            </Method>
            <Method visited="false" cyclomaticComplexity="1" sequenceCoverage="0" branchCoverage="0" isConstructor="false" isStatic="true" isGetter="false" isSetter="false">
              <Summary numSequencePoints="4" visitedSequencePoints="0" numBranchPoints="1" visitedBranchPoints="0" sequenceCoverage="0" branchCoverage="0" maxCyclomaticComplexity="1" minCyclomaticComplexity="1" visitedClasses="0" numClasses="0" visitedMethods="0" numMethods="1" />
              <MetadataToken>100663465</MetadataToken>
              <Name>System.Object RMWebAPI.Areas.HelpPage.HelpPageSampleGenerator::DefaultSampleObjectFactory(RMWebAPI.Areas.HelpPage.HelpPageSampleGenerator,System.Type)</Name>
              <FileRef uid="24" />
              <SequencePoints>
                <SequencePoint vc="0" uspid="1194" ordinal="0" offset="0" sl="369" sc="9" el="369" ec="10" bec="0" bev="0" fileid="24" />
                <SequencePoint vc="0" uspid="1195" ordinal="1" offset="1" sl="371" sc="13" el="371" ec="69" bec="0" bev="0" fileid="24" />
                <SequencePoint vc="0" uspid="1196" ordinal="2" offset="7" sl="372" sc="13" el="372" ec="57" bec="0" bev="0" fileid="24" />
                <SequencePoint vc="0" uspid="1197" ordinal="3" offset="17" sl="373" sc="9" el="373" ec="10" bec="0" bev="0" fileid="24" />
              </SequencePoints>
              <BranchPoints />
              <MethodPoint xsi:type="SequencePoint" vc="0" uspid="1194" ordinal="0" offset="0" sl="369" sc="9" el="369" ec="10" bec="0" bev="0" fileid="24" />
            </Method>
            <Method visited="false" cyclomaticComplexity="1" sequenceCoverage="0" branchCoverage="0" isConstructor="false" isStatic="true" isGetter="false" isSetter="false">
              <Summary numSequencePoints="8" visitedSequencePoints="0" numBranchPoints="1" visitedBranchPoints="0" sequenceCoverage="0" branchCoverage="0" maxCyclomaticComplexity="1" minCyclomaticComplexity="1" visitedClasses="0" numClasses="0" visitedMethods="0" numMethods="1" />
              <MetadataToken>100663466</MetadataToken>
              <Name>System.String RMWebAPI.Areas.HelpPage.HelpPageSampleGenerator::TryFormatJson(System.String)</Name>
              <FileRef uid="24" />
              <SequencePoints>
                <SequencePoint vc="0" uspid="1198" ordinal="0" offset="0" sl="377" sc="9" el="377" ec="10" bec="0" bev="0" fileid="24" />
                <SequencePoint vc="0" uspid="1199" ordinal="1" offset="1" sl="379" sc="13" el="379" ec="14" bec="0" bev="0" fileid="24" />
                <SequencePoint vc="0" uspid="1200" ordinal="2" offset="2" sl="380" sc="17" el="380" ec="72" bec="0" bev="0" fileid="24" />
                <SequencePoint vc="0" uspid="1201" ordinal="3" offset="9" sl="381" sc="17" el="381" ec="85" bec="0" bev="0" fileid="24" />
                <SequencePoint vc="0" uspid="1202" ordinal="4" offset="19" sl="383" sc="13" el="383" ec="18" bec="0" bev="0" fileid="24" />
                <SequencePoint vc="0" uspid="1203" ordinal="5" offset="20" sl="384" sc="13" el="384" ec="14" bec="0" bev="0" fileid="24" />
                <SequencePoint vc="0" uspid="1204" ordinal="6" offset="21" sl="386" sc="17" el="386" ec="28" bec="0" bev="0" fileid="24" />
                <SequencePoint vc="0" uspid="1205" ordinal="7" offset="26" sl="388" sc="9" el="388" ec="10" bec="0" bev="0" fileid="24" />
              </SequencePoints>
              <BranchPoints />
              <MethodPoint xsi:type="SequencePoint" vc="0" uspid="1198" ordinal="0" offset="0" sl="377" sc="9" el="377" ec="10" bec="0" bev="0" fileid="24" />
            </Method>
            <Method visited="false" cyclomaticComplexity="1" sequenceCoverage="0" branchCoverage="0" isConstructor="false" isStatic="true" isGetter="false" isSetter="false">
              <Summary numSequencePoints="8" visitedSequencePoints="0" numBranchPoints="1" visitedBranchPoints="0" sequenceCoverage="0" branchCoverage="0" maxCyclomaticComplexity="1" minCyclomaticComplexity="1" visitedClasses="0" numClasses="0" visitedMethods="0" numMethods="1" />
              <MetadataToken>100663467</MetadataToken>
              <Name>System.String RMWebAPI.Areas.HelpPage.HelpPageSampleGenerator::TryFormatXml(System.String)</Name>
              <FileRef uid="24" />
              <SequencePoints>
                <SequencePoint vc="0" uspid="1206" ordinal="0" offset="0" sl="392" sc="9" el="392" ec="10" bec="0" bev="0" fileid="24" />
                <SequencePoint vc="0" uspid="1207" ordinal="1" offset="1" sl="394" sc="13" el="394" ec="14" bec="0" bev="0" fileid="24" />
                <SequencePoint vc="0" uspid="1208" ordinal="2" offset="2" sl="395" sc="17" el="395" ec="54" bec="0" bev="0" fileid="24" />
                <SequencePoint vc="0" uspid="1209" ordinal="3" offset="9" sl="396" sc="17" el="396" ec="39" bec="0" bev="0" fileid="24" />
                <SequencePoint vc="0" uspid="1210" ordinal="4" offset="18" sl="398" sc="13" el="398" ec="18" bec="0" bev="0" fileid="24" />
                <SequencePoint vc="0" uspid="1211" ordinal="5" offset="19" sl="399" sc="13" el="399" ec="14" bec="0" bev="0" fileid="24" />
                <SequencePoint vc="0" uspid="1212" ordinal="6" offset="20" sl="401" sc="17" el="401" ec="28" bec="0" bev="0" fileid="24" />
                <SequencePoint vc="0" uspid="1213" ordinal="7" offset="25" sl="403" sc="9" el="403" ec="10" bec="0" bev="0" fileid="24" />
              </SequencePoints>
              <BranchPoints />
              <MethodPoint xsi:type="SequencePoint" vc="0" uspid="1206" ordinal="0" offset="0" sl="392" sc="9" el="392" ec="10" bec="0" bev="0" fileid="24" />
            </Method>
            <Method visited="false" cyclomaticComplexity="4" sequenceCoverage="0" branchCoverage="0" isConstructor="false" isStatic="true" isGetter="false" isSetter="false">
              <Summary numSequencePoints="6" visitedSequencePoints="0" numBranchPoints="4" visitedBranchPoints="0" sequenceCoverage="0" branchCoverage="0" maxCyclomaticComplexity="4" minCyclomaticComplexity="4" visitedClasses="0" numClasses="0" visitedMethods="0" numMethods="1" />
              <MetadataToken>100663468</MetadataToken>
              <Name>System.Boolean RMWebAPI.Areas.HelpPage.HelpPageSampleGenerator::IsFormatSupported(RMWebAPI.Areas.HelpPage.SampleDirection,System.Net.Http.Formatting.MediaTypeFormatter,System.Type)</Name>
              <FileRef uid="24" />
              <SequencePoints>
                <SequencePoint vc="0" uspid="1214" ordinal="0" offset="0" sl="406" sc="9" el="406" ec="10" bec="0" bev="0" fileid="24" />
                <SequencePoint vc="0" uspid="1215" ordinal="1" offset="1" sl="407" sc="13" el="407" ec="37" bec="3" bev="0" fileid="24" />
                <SequencePoint vc="0" uspid="1216" ordinal="2" offset="19" sl="410" sc="21" el="410" ec="56" bec="0" bev="0" fileid="24" />
                <SequencePoint vc="0" uspid="1217" ordinal="3" offset="29" sl="412" sc="21" el="412" ec="57" bec="0" bev="0" fileid="24" />
                <SequencePoint vc="0" uspid="1218" ordinal="4" offset="39" sl="414" sc="13" el="414" ec="26" bec="0" bev="0" fileid="24" />
                <SequencePoint vc="0" uspid="1219" ordinal="5" offset="43" sl="415" sc="9" el="415" ec="10" bec="0" bev="0" fileid="24" />
              </SequencePoints>
              <BranchPoints>
                <BranchPoint vc="0" uspid="1220" ordinal="0" offset="4" sl="407" path="0" offsetchain="17" offsetend="39" fileid="24" />
                <BranchPoint vc="0" uspid="1221" ordinal="1" offset="4" sl="407" path="1" offsetend="19" fileid="24" />
                <BranchPoint vc="0" uspid="1222" ordinal="2" offset="4" sl="407" path="2" offsetend="29" fileid="24" />
              </BranchPoints>
              <MethodPoint xsi:type="SequencePoint" vc="0" uspid="1214" ordinal="0" offset="0" sl="406" sc="9" el="406" ec="10" bec="0" bev="0" fileid="24" />
            </Method>
            <Method visited="false" cyclomaticComplexity="1" sequenceCoverage="0" branchCoverage="0" isConstructor="false" isStatic="false" isGetter="false" isSetter="false">
              <Summary numSequencePoints="0" visitedSequencePoints="0" numBranchPoints="0" visitedBranchPoints="0" sequenceCoverage="0" branchCoverage="0" maxCyclomaticComplexity="1" minCyclomaticComplexity="1" visitedClasses="0" numClasses="0" visitedMethods="0" numMethods="0" />
              <MetadataToken>100663469</MetadataToken>
              <Name>System.Collections.Generic.IEnumerable`1&lt;System.Collections.Generic.KeyValuePair`2&lt;RMWebAPI.Areas.HelpPage.HelpPageSampleKey,System.Object&gt;&gt; RMWebAPI.Areas.HelpPage.HelpPageSampleGenerator::GetAllActionSamples(System.String,System.String,System.Collections.Generic.IEnumerable`1&lt;System.String&gt;,RMWebAPI.Areas.HelpPage.SampleDirection)</Name>
              <SequencePoints />
              <BranchPoints />
              <MethodPoint vc="0" uspid="1223" ordinal="0" offset="0" />
            </Method>
            <Method visited="false" cyclomaticComplexity="2" sequenceCoverage="0" branchCoverage="0" isConstructor="false" isStatic="true" isGetter="false" isSetter="false">
              <Summary numSequencePoints="7" visitedSequencePoints="0" numBranchPoints="3" visitedBranchPoints="0" sequenceCoverage="0" branchCoverage="0" maxCyclomaticComplexity="2" minCyclomaticComplexity="2" visitedClasses="0" numClasses="0" visitedMethods="0" numMethods="1" />
              <MetadataToken>100663470</MetadataToken>
              <Name>System.Object RMWebAPI.Areas.HelpPage.HelpPageSampleGenerator::WrapSampleIfString(System.Object)</Name>
              <FileRef uid="24" />
              <SequencePoints>
                <SequencePoint vc="0" uspid="1224" ordinal="0" offset="0" sl="434" sc="9" el="434" ec="10" bec="0" bev="0" fileid="24" />
                <SequencePoint vc="0" uspid="1225" ordinal="1" offset="1" sl="435" sc="13" el="435" ec="52" bec="0" bev="0" fileid="24" />
                <SequencePoint vc="0" uspid="1226" ordinal="2" offset="8" sl="436" sc="13" el="436" ec="38" bec="2" bev="0" fileid="24" />
                <SequencePoint vc="0" uspid="1227" ordinal="3" offset="16" sl="437" sc="13" el="437" ec="14" bec="0" bev="0" fileid="24" />
                <SequencePoint vc="0" uspid="1228" ordinal="4" offset="17" sl="438" sc="17" el="438" ec="53" bec="0" bev="0" fileid="24" />
                <SequencePoint vc="0" uspid="1229" ordinal="5" offset="26" sl="441" sc="13" el="441" ec="27" bec="0" bev="0" fileid="24" />
                <SequencePoint vc="0" uspid="1230" ordinal="6" offset="30" sl="442" sc="9" el="442" ec="10" bec="0" bev="0" fileid="24" />
              </SequencePoints>
              <BranchPoints>
                <BranchPoint vc="0" uspid="1231" ordinal="0" offset="14" sl="436" path="0" offsetend="16" fileid="24" />
                <BranchPoint vc="0" uspid="1232" ordinal="1" offset="14" sl="436" path="1" offsetend="26" fileid="24" />
              </BranchPoints>
              <MethodPoint xsi:type="SequencePoint" vc="0" uspid="1224" ordinal="0" offset="0" sl="434" sc="9" el="434" ec="10" bec="0" bev="0" fileid="24" />
            </Method>
            <Method visited="false" cyclomaticComplexity="1" sequenceCoverage="0" branchCoverage="0" isConstructor="false" isStatic="true" isGetter="false" isSetter="false">
              <Summary numSequencePoints="1" visitedSequencePoints="0" numBranchPoints="1" visitedBranchPoints="0" sequenceCoverage="0" branchCoverage="0" maxCyclomaticComplexity="1" minCyclomaticComplexity="1" visitedClasses="0" numClasses="0" visitedMethods="0" numMethods="1" />
              <MetadataToken>100663471</MetadataToken>
              <Name>System.String RMWebAPI.Areas.HelpPage.HelpPageSampleGenerator::&lt;GetSample&gt;b__1(System.Web.Http.Description.ApiParameterDescription)</Name>
              <FileRef uid="24" />
              <SequencePoints>
                <SequencePoint vc="0" uspid="1233" ordinal="0" offset="0" sl="98" sc="88" el="98" ec="94" bec="0" bev="0" fileid="24" />
              </SequencePoints>
              <BranchPoints />
              <MethodPoint xsi:type="SequencePoint" vc="0" uspid="1233" ordinal="0" offset="0" sl="98" sc="88" el="98" ec="94" bec="0" bev="0" fileid="24" />
            </Method>
            <Method visited="false" cyclomaticComplexity="1" sequenceCoverage="0" branchCoverage="0" isConstructor="false" isStatic="true" isGetter="false" isSetter="false">
              <Summary numSequencePoints="1" visitedSequencePoints="0" numBranchPoints="1" visitedBranchPoints="0" sequenceCoverage="0" branchCoverage="0" maxCyclomaticComplexity="1" minCyclomaticComplexity="1" visitedClasses="0" numClasses="0" visitedMethods="0" numMethods="1" />
              <MetadataToken>100663472</MetadataToken>
              <Name>System.String RMWebAPI.Areas.HelpPage.HelpPageSampleGenerator::&lt;ResolveHttpRequestMessageType&gt;b__3(System.Web.Http.Description.ApiParameterDescription)</Name>
              <FileRef uid="24" />
              <SequencePoints>
                <SequencePoint vc="0" uspid="1234" ordinal="0" offset="0" sl="219" sc="88" el="219" ec="94" bec="0" bev="0" fileid="24" />
              </SequencePoints>
              <BranchPoints />
              <MethodPoint xsi:type="SequencePoint" vc="0" uspid="1234" ordinal="0" offset="0" sl="219" sc="88" el="219" ec="94" bec="0" bev="0" fileid="24" />
            </Method>
            <Method visited="false" cyclomaticComplexity="1" sequenceCoverage="0" branchCoverage="0" isConstructor="false" isStatic="true" isGetter="false" isSetter="false">
              <Summary numSequencePoints="1" visitedSequencePoints="0" numBranchPoints="1" visitedBranchPoints="0" sequenceCoverage="0" branchCoverage="0" maxCyclomaticComplexity="1" minCyclomaticComplexity="1" visitedClasses="0" numClasses="0" visitedMethods="0" numMethods="1" />
              <MetadataToken>100663473</MetadataToken>
              <Name>System.Boolean RMWebAPI.Areas.HelpPage.HelpPageSampleGenerator::&lt;ResolveType&gt;b__5(System.Web.Http.Description.ApiParameterDescription)</Name>
              <FileRef uid="24" />
              <SequencePoints>
                <SequencePoint vc="0" uspid="1235" ordinal="0" offset="0" sl="264" sc="118" el="264" ec="157" bec="0" bev="0" fileid="24" />
              </SequencePoints>
              <BranchPoints />
              <MethodPoint xsi:type="SequencePoint" vc="0" uspid="1235" ordinal="0" offset="0" sl="264" sc="118" el="264" ec="157" bec="0" bev="0" fileid="24" />
            </Method>
          </Methods>
        </Class>
        <Class>
          <Summary numSequencePoints="14" visitedSequencePoints="0" numBranchPoints="19" visitedBranchPoints="0" sequenceCoverage="0" branchCoverage="0" maxCyclomaticComplexity="11" minCyclomaticComplexity="1" visitedClasses="0" numClasses="1" visitedMethods="0" numMethods="1" />
          <FullName>RMWebAPI.Areas.HelpPage.HelpPageSampleGenerator/&lt;GetAllActionSamples&gt;d__7</FullName>
          <Methods>
            <Method visited="false" cyclomaticComplexity="1" sequenceCoverage="0" branchCoverage="0" isConstructor="false" isStatic="false" isGetter="true" isSetter="false">
              <Summary numSequencePoints="0" visitedSequencePoints="0" numBranchPoints="0" visitedBranchPoints="0" sequenceCoverage="0" branchCoverage="0" maxCyclomaticComplexity="1" minCyclomaticComplexity="1" visitedClasses="0" numClasses="0" visitedMethods="0" numMethods="0" />
              <MetadataToken>100663712</MetadataToken>
              <Name>System.Collections.Generic.KeyValuePair`2&lt;RMWebAPI.Areas.HelpPage.HelpPageSampleKey,System.Object&gt; RMWebAPI.Areas.HelpPage.HelpPageSampleGenerator/&lt;GetAllActionSamples&gt;d__7::System.Collections.Generic.IEnumerator&lt;System.Collections.Generic.KeyValuePair&lt;RMWebAPI.Areas.HelpPage.HelpPageSampleKey,System.Object&gt;&gt;.get_Current()</Name>
              <SequencePoints />
              <BranchPoints />
              <MethodPoint vc="0" uspid="1236" ordinal="0" offset="0" />
            </Method>
            <Method visited="false" cyclomaticComplexity="1" sequenceCoverage="0" branchCoverage="0" isConstructor="false" isStatic="false" isGetter="true" isSetter="false">
              <Summary numSequencePoints="0" visitedSequencePoints="0" numBranchPoints="0" visitedBranchPoints="0" sequenceCoverage="0" branchCoverage="0" maxCyclomaticComplexity="1" minCyclomaticComplexity="1" visitedClasses="0" numClasses="0" visitedMethods="0" numMethods="0" />
              <MetadataToken>100663715</MetadataToken>
              <Name>System.Object RMWebAPI.Areas.HelpPage.HelpPageSampleGenerator/&lt;GetAllActionSamples&gt;d__7::System.Collections.IEnumerator.get_Current()</Name>
              <SequencePoints />
              <BranchPoints />
              <MethodPoint vc="0" uspid="1237" ordinal="0" offset="0" />
            </Method>
            <Method visited="false" cyclomaticComplexity="3" sequenceCoverage="0" branchCoverage="0" isConstructor="false" isStatic="false" isGetter="false" isSetter="false">
              <Summary numSequencePoints="0" visitedSequencePoints="0" numBranchPoints="0" visitedBranchPoints="0" sequenceCoverage="0" branchCoverage="0" maxCyclomaticComplexity="3" minCyclomaticComplexity="3" visitedClasses="0" numClasses="0" visitedMethods="0" numMethods="0" />
              <MetadataToken>100663709</MetadataToken>
              <Name>System.Collections.Generic.IEnumerator`1&lt;System.Collections.Generic.KeyValuePair`2&lt;RMWebAPI.Areas.HelpPage.HelpPageSampleKey,System.Object&gt;&gt; RMWebAPI.Areas.HelpPage.HelpPageSampleGenerator/&lt;GetAllActionSamples&gt;d__7::System.Collections.Generic.IEnumerable&lt;System.Collections.Generic.KeyValuePair&lt;RMWebAPI.Areas.HelpPage.HelpPageSampleKey,System.Object&gt;&gt;.GetEnumerator()</Name>
              <SequencePoints />
              <BranchPoints />
              <MethodPoint vc="0" uspid="1238" ordinal="0" offset="0" />
            </Method>
            <Method visited="false" cyclomaticComplexity="1" sequenceCoverage="0" branchCoverage="0" isConstructor="false" isStatic="false" isGetter="false" isSetter="false">
              <Summary numSequencePoints="0" visitedSequencePoints="0" numBranchPoints="0" visitedBranchPoints="0" sequenceCoverage="0" branchCoverage="0" maxCyclomaticComplexity="1" minCyclomaticComplexity="1" visitedClasses="0" numClasses="0" visitedMethods="0" numMethods="0" />
              <MetadataToken>100663710</MetadataToken>
              <Name>System.Collections.IEnumerator RMWebAPI.Areas.HelpPage.HelpPageSampleGenerator/&lt;GetAllActionSamples&gt;d__7::System.Collections.IEnumerable.GetEnumerator()</Name>
              <SequencePoints />
              <BranchPoints />
              <MethodPoint vc="0" uspid="1239" ordinal="0" offset="0" />
            </Method>
            <Method visited="false" cyclomaticComplexity="11" sequenceCoverage="0" branchCoverage="0" isConstructor="false" isStatic="false" isGetter="false" isSetter="false">
              <Summary numSequencePoints="14" visitedSequencePoints="0" numBranchPoints="19" visitedBranchPoints="0" sequenceCoverage="0" branchCoverage="0" maxCyclomaticComplexity="11" minCyclomaticComplexity="11" visitedClasses="0" numClasses="0" visitedMethods="0" numMethods="1" />
              <MetadataToken>100663711</MetadataToken>
              <Name>System.Boolean RMWebAPI.Areas.HelpPage.HelpPageSampleGenerator/&lt;GetAllActionSamples&gt;d__7::MoveNext()</Name>
              <FileRef uid="24" />
              <SequencePoints>
                <SequencePoint vc="0" uspid="1240" ordinal="0" offset="46" sl="418" sc="9" el="418" ec="10" bec="3" bev="0" fileid="24" />
                <SequencePoint vc="0" uspid="1241" ordinal="1" offset="47" sl="419" sc="13" el="419" ec="119" bec="0" bev="0" fileid="24" />
                <SequencePoint vc="0" uspid="1242" ordinal="2" offset="69" sl="420" sc="13" el="420" ec="20" bec="0" bev="0" fileid="24" />
                <SequencePoint vc="0" uspid="1243" ordinal="3" offset="70" sl="420" sc="36" el="420" ec="49" bec="0" bev="0" fileid="24" />
                <SequencePoint vc="0" uspid="1244" ordinal="4" offset="104" sl="420" sc="22" el="420" ec="32" bec="0" bev="0" fileid="24" />
                <SequencePoint vc="0" uspid="1245" ordinal="5" offset="121" sl="421" sc="13" el="421" ec="14" bec="0" bev="0" fileid="24" />
                <SequencePoint vc="0" uspid="1246" ordinal="6" offset="122" sl="422" sc="17" el="422" ec="58" bec="0" bev="0" fileid="24" />
                <SequencePoint vc="0" uspid="1247" ordinal="7" offset="142" sl="423" sc="17" el="426" ec="66" bec="9" bev="0" fileid="24" />
                <SequencePoint vc="0" uspid="1248" ordinal="8" offset="309" sl="427" sc="17" el="427" ec="18" bec="0" bev="0" fileid="24" />
                <SequencePoint vc="0" uspid="1249" ordinal="9" offset="310" sl="428" sc="21" el="428" ec="41" bec="0" bev="0" fileid="24" />
                <SequencePoint vc="0" uspid="1250" ordinal="10" offset="340" sl="429" sc="17" el="429" ec="18" bec="0" bev="0" fileid="24" />
                <SequencePoint vc="0" uspid="1251" ordinal="11" offset="341" sl="430" sc="13" el="430" ec="14" bec="0" bev="0" fileid="24" />
                <SequencePoint vc="0" uspid="1252" ordinal="12" offset="342" sl="420" sc="33" el="420" ec="35" bec="2" bev="0" fileid="24" />
                <SequencePoint vc="0" uspid="1253" ordinal="13" offset="369" sl="431" sc="9" el="431" ec="10" bec="0" bev="0" fileid="24" />
              </SequencePoints>
              <BranchPoints>
                <BranchPoint vc="0" uspid="1254" ordinal="0" offset="8" sl="418" path="0" offsetchain="25 34" offsetend="370" fileid="24" />
                <BranchPoint vc="0" uspid="1255" ordinal="1" offset="8" sl="418" path="1" offsetchain="32" offsetend="39" fileid="24" />
                <BranchPoint vc="0" uspid="1256" ordinal="2" offset="8" sl="418" path="2" offsetchain="34" offsetend="370" fileid="24" />
                <BranchPoint vc="0" uspid="1257" ordinal="3" offset="8" sl="418" path="3" offsetchain="27" offsetend="333" fileid="24" />
                <BranchPoint vc="0" uspid="1258" ordinal="4" offset="165" sl="423" path="0" offsetend="170" fileid="24" />
                <BranchPoint vc="0" uspid="1259" ordinal="5" offset="165" sl="423" path="1" offsetend="301" fileid="24" />
                <BranchPoint vc="0" uspid="1260" ordinal="6" offset="193" sl="423" path="0" offsetend="195" fileid="24" />
                <BranchPoint vc="0" uspid="1261" ordinal="7" offset="193" sl="423" path="1" offsetend="301" fileid="24" />
                <BranchPoint vc="0" uspid="1262" ordinal="8" offset="227" sl="423" path="0" offsetend="229" fileid="24" />
                <BranchPoint vc="0" uspid="1263" ordinal="9" offset="227" sl="423" path="1" offsetend="253" fileid="24" />
                <BranchPoint vc="0" uspid="1264" ordinal="10" offset="251" sl="423" path="0" offsetend="253" fileid="24" />
                <BranchPoint vc="0" uspid="1265" ordinal="11" offset="251" sl="423" path="1" offsetend="301" fileid="24" />
                <BranchPoint vc="0" uspid="1266" ordinal="12" offset="283" sl="423" path="0" offsetend="285" fileid="24" />
                <BranchPoint vc="0" uspid="1267" ordinal="13" offset="283" sl="423" path="1" offsetend="294" fileid="24" />
                <BranchPoint vc="0" uspid="1268" ordinal="14" offset="307" sl="423" path="0" offsetend="309" fileid="24" />
                <BranchPoint vc="0" uspid="1269" ordinal="15" offset="307" sl="423" path="1" offsetend="341" fileid="24" />
                <BranchPoint vc="0" uspid="1270" ordinal="16" offset="357" sl="420" path="0" offsetend="362" fileid="24" />
                <BranchPoint vc="0" uspid="1271" ordinal="17" offset="357" sl="420" path="1" offsetend="104" fileid="24" />
              </BranchPoints>
              <MethodPoint vc="0" uspid="1272" ordinal="0" offset="0" />
            </Method>
            <Method visited="false" cyclomaticComplexity="1" sequenceCoverage="0" branchCoverage="0" isConstructor="false" isStatic="false" isGetter="false" isSetter="false">
              <Summary numSequencePoints="0" visitedSequencePoints="0" numBranchPoints="0" visitedBranchPoints="0" sequenceCoverage="0" branchCoverage="0" maxCyclomaticComplexity="1" minCyclomaticComplexity="1" visitedClasses="0" numClasses="0" visitedMethods="0" numMethods="0" />
              <MetadataToken>100663713</MetadataToken>
              <Name>System.Void RMWebAPI.Areas.HelpPage.HelpPageSampleGenerator/&lt;GetAllActionSamples&gt;d__7::System.Collections.IEnumerator.Reset()</Name>
              <SequencePoints />
              <BranchPoints />
              <MethodPoint vc="0" uspid="1273" ordinal="0" offset="0" />
            </Method>
            <Method visited="false" cyclomaticComplexity="4" sequenceCoverage="0" branchCoverage="0" isConstructor="false" isStatic="false" isGetter="false" isSetter="false">
              <Summary numSequencePoints="0" visitedSequencePoints="0" numBranchPoints="0" visitedBranchPoints="0" sequenceCoverage="0" branchCoverage="0" maxCyclomaticComplexity="4" minCyclomaticComplexity="4" visitedClasses="0" numClasses="0" visitedMethods="0" numMethods="0" />
              <MetadataToken>100663714</MetadataToken>
              <Name>System.Void RMWebAPI.Areas.HelpPage.HelpPageSampleGenerator/&lt;GetAllActionSamples&gt;d__7::System.IDisposable.Dispose()</Name>
              <SequencePoints />
              <BranchPoints />
              <MethodPoint vc="0" uspid="1274" ordinal="0" offset="0" />
            </Method>
            <Method visited="false" cyclomaticComplexity="1" sequenceCoverage="0" branchCoverage="0" isConstructor="true" isStatic="false" isGetter="false" isSetter="false">
              <Summary numSequencePoints="0" visitedSequencePoints="0" numBranchPoints="0" visitedBranchPoints="0" sequenceCoverage="0" branchCoverage="0" maxCyclomaticComplexity="1" minCyclomaticComplexity="1" visitedClasses="0" numClasses="0" visitedMethods="0" numMethods="0" />
              <MetadataToken>100663716</MetadataToken>
              <Name>System.Void RMWebAPI.Areas.HelpPage.HelpPageSampleGenerator/&lt;GetAllActionSamples&gt;d__7::.ctor(System.Int32)</Name>
              <SequencePoints />
              <BranchPoints />
              <MethodPoint vc="0" uspid="1275" ordinal="0" offset="0" />
            </Method>
            <Method visited="false" cyclomaticComplexity="2" sequenceCoverage="0" branchCoverage="0" isConstructor="false" isStatic="false" isGetter="false" isSetter="false">
              <Summary numSequencePoints="0" visitedSequencePoints="0" numBranchPoints="0" visitedBranchPoints="0" sequenceCoverage="0" branchCoverage="0" maxCyclomaticComplexity="2" minCyclomaticComplexity="2" visitedClasses="0" numClasses="0" visitedMethods="0" numMethods="0" />
              <MetadataToken>100663717</MetadataToken>
              <Name>System.Void RMWebAPI.Areas.HelpPage.HelpPageSampleGenerator/&lt;GetAllActionSamples&gt;d__7::&lt;&gt;m__Finallyc()</Name>
              <SequencePoints />
              <BranchPoints />
              <MethodPoint vc="0" uspid="1276" ordinal="0" offset="0" />
            </Method>
          </Methods>
        </Class>
        <Class>
          <Summary numSequencePoints="73" visitedSequencePoints="0" numBranchPoints="46" visitedBranchPoints="0" sequenceCoverage="0" branchCoverage="0" maxCyclomaticComplexity="10" minCyclomaticComplexity="1" visitedClasses="0" numClasses="1" visitedMethods="0" numMethods="6" />
          <FullName>RMWebAPI.Areas.HelpPage.HelpPageSampleKey</FullName>
          <Methods>
            <Method visited="false" cyclomaticComplexity="1" sequenceCoverage="0" branchCoverage="0" isConstructor="false" isStatic="false" isGetter="true" isSetter="false">
              <Summary numSequencePoints="0" visitedSequencePoints="0" numBranchPoints="0" visitedBranchPoints="0" sequenceCoverage="0" branchCoverage="0" maxCyclomaticComplexity="1" minCyclomaticComplexity="1" visitedClasses="0" numClasses="0" visitedMethods="0" numMethods="0" />
              <MetadataToken>100663478</MetadataToken>
              <Name>System.String RMWebAPI.Areas.HelpPage.HelpPageSampleKey::get_ControllerName()</Name>
              <SequencePoints />
              <BranchPoints />
              <MethodPoint vc="0" uspid="1277" ordinal="0" offset="0" />
            </Method>
            <Method visited="false" cyclomaticComplexity="1" sequenceCoverage="0" branchCoverage="0" isConstructor="false" isStatic="false" isGetter="false" isSetter="true">
              <Summary numSequencePoints="0" visitedSequencePoints="0" numBranchPoints="0" visitedBranchPoints="0" sequenceCoverage="0" branchCoverage="0" maxCyclomaticComplexity="1" minCyclomaticComplexity="1" visitedClasses="0" numClasses="0" visitedMethods="0" numMethods="0" />
              <MetadataToken>100663479</MetadataToken>
              <Name>System.Void RMWebAPI.Areas.HelpPage.HelpPageSampleKey::set_ControllerName(System.String)</Name>
              <SequencePoints />
              <BranchPoints />
              <MethodPoint vc="0" uspid="1278" ordinal="0" offset="0" />
            </Method>
            <Method visited="false" cyclomaticComplexity="1" sequenceCoverage="0" branchCoverage="0" isConstructor="false" isStatic="false" isGetter="true" isSetter="false">
              <Summary numSequencePoints="0" visitedSequencePoints="0" numBranchPoints="0" visitedBranchPoints="0" sequenceCoverage="0" branchCoverage="0" maxCyclomaticComplexity="1" minCyclomaticComplexity="1" visitedClasses="0" numClasses="0" visitedMethods="0" numMethods="0" />
              <MetadataToken>100663480</MetadataToken>
              <Name>System.String RMWebAPI.Areas.HelpPage.HelpPageSampleKey::get_ActionName()</Name>
              <SequencePoints />
              <BranchPoints />
              <MethodPoint vc="0" uspid="1279" ordinal="0" offset="0" />
            </Method>
            <Method visited="false" cyclomaticComplexity="1" sequenceCoverage="0" branchCoverage="0" isConstructor="false" isStatic="false" isGetter="false" isSetter="true">
              <Summary numSequencePoints="0" visitedSequencePoints="0" numBranchPoints="0" visitedBranchPoints="0" sequenceCoverage="0" branchCoverage="0" maxCyclomaticComplexity="1" minCyclomaticComplexity="1" visitedClasses="0" numClasses="0" visitedMethods="0" numMethods="0" />
              <MetadataToken>100663481</MetadataToken>
              <Name>System.Void RMWebAPI.Areas.HelpPage.HelpPageSampleKey::set_ActionName(System.String)</Name>
              <SequencePoints />
              <BranchPoints />
              <MethodPoint vc="0" uspid="1280" ordinal="0" offset="0" />
            </Method>
            <Method visited="false" cyclomaticComplexity="1" sequenceCoverage="0" branchCoverage="0" isConstructor="false" isStatic="false" isGetter="true" isSetter="false">
              <Summary numSequencePoints="0" visitedSequencePoints="0" numBranchPoints="0" visitedBranchPoints="0" sequenceCoverage="0" branchCoverage="0" maxCyclomaticComplexity="1" minCyclomaticComplexity="1" visitedClasses="0" numClasses="0" visitedMethods="0" numMethods="0" />
              <MetadataToken>100663482</MetadataToken>
              <Name>System.Net.Http.Headers.MediaTypeHeaderValue RMWebAPI.Areas.HelpPage.HelpPageSampleKey::get_MediaType()</Name>
              <SequencePoints />
              <BranchPoints />
              <MethodPoint vc="0" uspid="1281" ordinal="0" offset="0" />
            </Method>
            <Method visited="false" cyclomaticComplexity="1" sequenceCoverage="0" branchCoverage="0" isConstructor="false" isStatic="false" isGetter="false" isSetter="true">
              <Summary numSequencePoints="0" visitedSequencePoints="0" numBranchPoints="0" visitedBranchPoints="0" sequenceCoverage="0" branchCoverage="0" maxCyclomaticComplexity="1" minCyclomaticComplexity="1" visitedClasses="0" numClasses="0" visitedMethods="0" numMethods="0" />
              <MetadataToken>100663483</MetadataToken>
              <Name>System.Void RMWebAPI.Areas.HelpPage.HelpPageSampleKey::set_MediaType(System.Net.Http.Headers.MediaTypeHeaderValue)</Name>
              <SequencePoints />
              <BranchPoints />
              <MethodPoint vc="0" uspid="1282" ordinal="0" offset="0" />
            </Method>
            <Method visited="false" cyclomaticComplexity="1" sequenceCoverage="0" branchCoverage="0" isConstructor="false" isStatic="false" isGetter="true" isSetter="false">
              <Summary numSequencePoints="0" visitedSequencePoints="0" numBranchPoints="0" visitedBranchPoints="0" sequenceCoverage="0" branchCoverage="0" maxCyclomaticComplexity="1" minCyclomaticComplexity="1" visitedClasses="0" numClasses="0" visitedMethods="0" numMethods="0" />
              <MetadataToken>100663484</MetadataToken>
              <Name>System.Collections.Generic.HashSet`1&lt;System.String&gt; RMWebAPI.Areas.HelpPage.HelpPageSampleKey::get_ParameterNames()</Name>
              <SequencePoints />
              <BranchPoints />
              <MethodPoint vc="0" uspid="1283" ordinal="0" offset="0" />
            </Method>
            <Method visited="false" cyclomaticComplexity="1" sequenceCoverage="0" branchCoverage="0" isConstructor="false" isStatic="false" isGetter="false" isSetter="true">
              <Summary numSequencePoints="0" visitedSequencePoints="0" numBranchPoints="0" visitedBranchPoints="0" sequenceCoverage="0" branchCoverage="0" maxCyclomaticComplexity="1" minCyclomaticComplexity="1" visitedClasses="0" numClasses="0" visitedMethods="0" numMethods="0" />
              <MetadataToken>100663485</MetadataToken>
              <Name>System.Void RMWebAPI.Areas.HelpPage.HelpPageSampleKey::set_ParameterNames(System.Collections.Generic.HashSet`1&lt;System.String&gt;)</Name>
              <SequencePoints />
              <BranchPoints />
              <MethodPoint vc="0" uspid="1284" ordinal="0" offset="0" />
            </Method>
            <Method visited="false" cyclomaticComplexity="1" sequenceCoverage="0" branchCoverage="0" isConstructor="false" isStatic="false" isGetter="true" isSetter="false">
              <Summary numSequencePoints="0" visitedSequencePoints="0" numBranchPoints="0" visitedBranchPoints="0" sequenceCoverage="0" branchCoverage="0" maxCyclomaticComplexity="1" minCyclomaticComplexity="1" visitedClasses="0" numClasses="0" visitedMethods="0" numMethods="0" />
              <MetadataToken>100663486</MetadataToken>
              <Name>System.Type RMWebAPI.Areas.HelpPage.HelpPageSampleKey::get_ParameterType()</Name>
              <SequencePoints />
              <BranchPoints />
              <MethodPoint vc="0" uspid="1285" ordinal="0" offset="0" />
            </Method>
            <Method visited="false" cyclomaticComplexity="1" sequenceCoverage="0" branchCoverage="0" isConstructor="false" isStatic="false" isGetter="false" isSetter="true">
              <Summary numSequencePoints="0" visitedSequencePoints="0" numBranchPoints="0" visitedBranchPoints="0" sequenceCoverage="0" branchCoverage="0" maxCyclomaticComplexity="1" minCyclomaticComplexity="1" visitedClasses="0" numClasses="0" visitedMethods="0" numMethods="0" />
              <MetadataToken>100663487</MetadataToken>
              <Name>System.Void RMWebAPI.Areas.HelpPage.HelpPageSampleKey::set_ParameterType(System.Type)</Name>
              <SequencePoints />
              <BranchPoints />
              <MethodPoint vc="0" uspid="1286" ordinal="0" offset="0" />
            </Method>
            <Method visited="false" cyclomaticComplexity="1" sequenceCoverage="0" branchCoverage="0" isConstructor="false" isStatic="false" isGetter="true" isSetter="false">
              <Summary numSequencePoints="0" visitedSequencePoints="0" numBranchPoints="0" visitedBranchPoints="0" sequenceCoverage="0" branchCoverage="0" maxCyclomaticComplexity="1" minCyclomaticComplexity="1" visitedClasses="0" numClasses="0" visitedMethods="0" numMethods="0" />
              <MetadataToken>100663488</MetadataToken>
              <Name>System.Nullable`1&lt;RMWebAPI.Areas.HelpPage.SampleDirection&gt; RMWebAPI.Areas.HelpPage.HelpPageSampleKey::get_SampleDirection()</Name>
              <SequencePoints />
              <BranchPoints />
              <MethodPoint vc="0" uspid="1287" ordinal="0" offset="0" />
            </Method>
            <Method visited="false" cyclomaticComplexity="1" sequenceCoverage="0" branchCoverage="0" isConstructor="false" isStatic="false" isGetter="false" isSetter="true">
              <Summary numSequencePoints="0" visitedSequencePoints="0" numBranchPoints="0" visitedBranchPoints="0" sequenceCoverage="0" branchCoverage="0" maxCyclomaticComplexity="1" minCyclomaticComplexity="1" visitedClasses="0" numClasses="0" visitedMethods="0" numMethods="0" />
              <MetadataToken>100663489</MetadataToken>
              <Name>System.Void RMWebAPI.Areas.HelpPage.HelpPageSampleKey::set_SampleDirection(System.Nullable`1&lt;RMWebAPI.Areas.HelpPage.SampleDirection&gt;)</Name>
              <SequencePoints />
              <BranchPoints />
              <MethodPoint vc="0" uspid="1288" ordinal="0" offset="0" />
            </Method>
            <Method visited="false" cyclomaticComplexity="2" sequenceCoverage="0" branchCoverage="0" isConstructor="true" isStatic="false" isGetter="false" isSetter="false">
              <Summary numSequencePoints="10" visitedSequencePoints="0" numBranchPoints="3" visitedBranchPoints="0" sequenceCoverage="0" branchCoverage="0" maxCyclomaticComplexity="2" minCyclomaticComplexity="2" visitedClasses="0" numClasses="0" visitedMethods="0" numMethods="1" />
              <MetadataToken>100663474</MetadataToken>
              <Name>System.Void RMWebAPI.Areas.HelpPage.HelpPageSampleKey::.ctor(System.Net.Http.Headers.MediaTypeHeaderValue)</Name>
              <FileRef uid="26" />
              <SequencePoints>
                <SequencePoint vc="0" uspid="1289" ordinal="0" offset="0" sl="17" sc="9" el="17" ec="65" bec="0" bev="0" fileid="26" />
                <SequencePoint vc="0" uspid="1290" ordinal="1" offset="7" sl="18" sc="9" el="18" ec="10" bec="0" bev="0" fileid="26" />
                <SequencePoint vc="0" uspid="1291" ordinal="2" offset="8" sl="19" sc="13" el="19" ec="35" bec="2" bev="0" fileid="26" />
                <SequencePoint vc="0" uspid="1292" ordinal="3" offset="19" sl="20" sc="13" el="20" ec="14" bec="0" bev="0" fileid="26" />
                <SequencePoint vc="0" uspid="1293" ordinal="4" offset="20" sl="21" sc="17" el="21" ec="62" bec="0" bev="0" fileid="26" />
                <SequencePoint vc="0" uspid="1294" ordinal="5" offset="31" sl="24" sc="13" el="24" ec="39" bec="0" bev="0" fileid="26" />
                <SequencePoint vc="0" uspid="1295" ordinal="6" offset="43" sl="25" sc="13" el="25" ec="43" bec="0" bev="0" fileid="26" />
                <SequencePoint vc="0" uspid="1296" ordinal="7" offset="55" sl="26" sc="13" el="26" ec="35" bec="0" bev="0" fileid="26" />
                <SequencePoint vc="0" uspid="1297" ordinal="8" offset="63" sl="27" sc="13" el="27" ec="84" bec="0" bev="0" fileid="26" />
                <SequencePoint vc="0" uspid="1298" ordinal="9" offset="80" sl="28" sc="9" el="28" ec="10" bec="0" bev="0" fileid="26" />
              </SequencePoints>
              <BranchPoints>
                <BranchPoint vc="0" uspid="1299" ordinal="0" offset="17" sl="19" path="0" offsetend="19" fileid="26" />
                <BranchPoint vc="0" uspid="1300" ordinal="1" offset="17" sl="19" path="1" offsetend="31" fileid="26" />
              </BranchPoints>
              <MethodPoint xsi:type="SequencePoint" vc="0" uspid="1289" ordinal="0" offset="0" sl="17" sc="9" el="17" ec="65" bec="0" bev="0" fileid="26" />
            </Method>
            <Method visited="false" cyclomaticComplexity="2" sequenceCoverage="0" branchCoverage="0" isConstructor="true" isStatic="false" isGetter="false" isSetter="false">
              <Summary numSequencePoints="7" visitedSequencePoints="0" numBranchPoints="3" visitedBranchPoints="0" sequenceCoverage="0" branchCoverage="0" maxCyclomaticComplexity="2" minCyclomaticComplexity="2" visitedClasses="0" numClasses="0" visitedMethods="0" numMethods="1" />
              <MetadataToken>100663475</MetadataToken>
              <Name>System.Void RMWebAPI.Areas.HelpPage.HelpPageSampleKey::.ctor(System.Net.Http.Headers.MediaTypeHeaderValue,System.Type)</Name>
              <FileRef uid="26" />
              <SequencePoints>
                <SequencePoint vc="0" uspid="1301" ordinal="0" offset="0" sl="35" sc="9" el="36" ec="30" bec="0" bev="0" fileid="26" />
                <SequencePoint vc="0" uspid="1302" ordinal="1" offset="8" sl="37" sc="9" el="37" ec="10" bec="0" bev="0" fileid="26" />
                <SequencePoint vc="0" uspid="1303" ordinal="2" offset="9" sl="38" sc="13" el="38" ec="30" bec="2" bev="0" fileid="26" />
                <SequencePoint vc="0" uspid="1304" ordinal="3" offset="23" sl="39" sc="13" el="39" ec="14" bec="0" bev="0" fileid="26" />
                <SequencePoint vc="0" uspid="1305" ordinal="4" offset="24" sl="40" sc="17" el="40" ec="57" bec="0" bev="0" fileid="26" />
                <SequencePoint vc="0" uspid="1306" ordinal="5" offset="35" sl="43" sc="13" el="43" ec="34" bec="0" bev="0" fileid="26" />
                <SequencePoint vc="0" uspid="1307" ordinal="6" offset="43" sl="44" sc="9" el="44" ec="10" bec="0" bev="0" fileid="26" />
              </SequencePoints>
              <BranchPoints>
                <BranchPoint vc="0" uspid="1308" ordinal="0" offset="21" sl="38" path="0" offsetend="23" fileid="26" />
                <BranchPoint vc="0" uspid="1309" ordinal="1" offset="21" sl="38" path="1" offsetend="35" fileid="26" />
              </BranchPoints>
              <MethodPoint xsi:type="SequencePoint" vc="0" uspid="1301" ordinal="0" offset="0" sl="35" sc="9" el="36" ec="30" bec="0" bev="0" fileid="26" />
            </Method>
            <Method visited="false" cyclomaticComplexity="5" sequenceCoverage="0" branchCoverage="0" isConstructor="true" isStatic="false" isGetter="false" isSetter="false">
              <Summary numSequencePoints="19" visitedSequencePoints="0" numBranchPoints="9" visitedBranchPoints="0" sequenceCoverage="0" branchCoverage="0" maxCyclomaticComplexity="5" minCyclomaticComplexity="5" visitedClasses="0" numClasses="0" visitedMethods="0" numMethods="1" />
              <MetadataToken>100663476</MetadataToken>
              <Name>System.Void RMWebAPI.Areas.HelpPage.HelpPageSampleKey::.ctor(RMWebAPI.Areas.HelpPage.SampleDirection,System.String,System.String,System.Collections.Generic.IEnumerable`1&lt;System.String&gt;)</Name>
              <FileRef uid="26" />
              <SequencePoints>
                <SequencePoint vc="0" uspid="1310" ordinal="0" offset="0" sl="53" sc="9" el="53" ec="144" bec="0" bev="0" fileid="26" />
                <SequencePoint vc="0" uspid="1311" ordinal="1" offset="7" sl="54" sc="9" el="54" ec="10" bec="0" bev="0" fileid="26" />
                <SequencePoint vc="0" uspid="1312" ordinal="2" offset="8" sl="55" sc="13" el="55" ec="75" bec="2" bev="0" fileid="26" />
                <SequencePoint vc="0" uspid="1313" ordinal="3" offset="33" sl="56" sc="13" el="56" ec="14" bec="0" bev="0" fileid="26" />
                <SequencePoint vc="0" uspid="1314" ordinal="4" offset="34" sl="57" sc="17" el="57" ec="122" bec="0" bev="0" fileid="26" />
                <SequencePoint vc="0" uspid="1315" ordinal="5" offset="56" sl="59" sc="13" el="59" ec="40" bec="2" bev="0" fileid="26" />
                <SequencePoint vc="0" uspid="1316" ordinal="6" offset="67" sl="60" sc="13" el="60" ec="14" bec="0" bev="0" fileid="26" />
                <SequencePoint vc="0" uspid="1317" ordinal="7" offset="68" sl="61" sc="17" el="61" ec="67" bec="0" bev="0" fileid="26" />
                <SequencePoint vc="0" uspid="1318" ordinal="8" offset="79" sl="63" sc="13" el="63" ec="36" bec="2" bev="0" fileid="26" />
                <SequencePoint vc="0" uspid="1319" ordinal="9" offset="90" sl="64" sc="13" el="64" ec="14" bec="0" bev="0" fileid="26" />
                <SequencePoint vc="0" uspid="1320" ordinal="10" offset="91" sl="65" sc="17" el="65" ec="63" bec="0" bev="0" fileid="26" />
                <SequencePoint vc="0" uspid="1321" ordinal="11" offset="102" sl="67" sc="13" el="67" ec="40" bec="2" bev="0" fileid="26" />
                <SequencePoint vc="0" uspid="1322" ordinal="12" offset="114" sl="68" sc="13" el="68" ec="14" bec="0" bev="0" fileid="26" />
                <SequencePoint vc="0" uspid="1323" ordinal="13" offset="115" sl="69" sc="17" el="69" ec="67" bec="0" bev="0" fileid="26" />
                <SequencePoint vc="0" uspid="1324" ordinal="14" offset="126" sl="72" sc="13" el="72" ec="45" bec="0" bev="0" fileid="26" />
                <SequencePoint vc="0" uspid="1325" ordinal="15" offset="134" sl="73" sc="13" el="73" ec="37" bec="0" bev="0" fileid="26" />
                <SequencePoint vc="0" uspid="1326" ordinal="16" offset="142" sl="74" sc="13" el="74" ec="100" bec="0" bev="0" fileid="26" />
                <SequencePoint vc="0" uspid="1327" ordinal="17" offset="161" sl="75" sc="13" el="75" ec="47" bec="0" bev="0" fileid="26" />
                <SequencePoint vc="0" uspid="1328" ordinal="18" offset="174" sl="76" sc="9" el="76" ec="10" bec="0" bev="0" fileid="26" />
              </SequencePoints>
              <BranchPoints>
                <BranchPoint vc="0" uspid="1329" ordinal="0" offset="31" sl="55" path="0" offsetend="33" fileid="26" />
                <BranchPoint vc="0" uspid="1330" ordinal="1" offset="31" sl="55" path="1" offsetend="56" fileid="26" />
                <BranchPoint vc="0" uspid="1331" ordinal="2" offset="65" sl="59" path="0" offsetend="67" fileid="26" />
                <BranchPoint vc="0" uspid="1332" ordinal="3" offset="65" sl="59" path="1" offsetend="79" fileid="26" />
                <BranchPoint vc="0" uspid="1333" ordinal="4" offset="88" sl="63" path="0" offsetend="90" fileid="26" />
                <BranchPoint vc="0" uspid="1334" ordinal="5" offset="88" sl="63" path="1" offsetend="102" fileid="26" />
                <BranchPoint vc="0" uspid="1335" ordinal="6" offset="112" sl="67" path="0" offsetend="114" fileid="26" />
                <BranchPoint vc="0" uspid="1336" ordinal="7" offset="112" sl="67" path="1" offsetend="126" fileid="26" />
              </BranchPoints>
              <MethodPoint xsi:type="SequencePoint" vc="0" uspid="1310" ordinal="0" offset="0" sl="53" sc="9" el="53" ec="144" bec="0" bev="0" fileid="26" />
            </Method>
            <Method visited="false" cyclomaticComplexity="2" sequenceCoverage="0" branchCoverage="0" isConstructor="true" isStatic="false" isGetter="false" isSetter="false">
              <Summary numSequencePoints="7" visitedSequencePoints="0" numBranchPoints="3" visitedBranchPoints="0" sequenceCoverage="0" branchCoverage="0" maxCyclomaticComplexity="2" minCyclomaticComplexity="2" visitedClasses="0" numClasses="0" visitedMethods="0" numMethods="1" />
              <MetadataToken>100663477</MetadataToken>
              <Name>System.Void RMWebAPI.Areas.HelpPage.HelpPageSampleKey::.ctor(System.Net.Http.Headers.MediaTypeHeaderValue,RMWebAPI.Areas.HelpPage.SampleDirection,System.String,System.String,System.Collections.Generic.IEnumerable`1&lt;System.String&gt;)</Name>
              <FileRef uid="26" />
              <SequencePoints>
                <SequencePoint vc="0" uspid="1337" ordinal="0" offset="0" sl="86" sc="9" el="87" ec="80" bec="0" bev="0" fileid="26" />
                <SequencePoint vc="0" uspid="1338" ordinal="1" offset="13" sl="88" sc="9" el="88" ec="10" bec="0" bev="0" fileid="26" />
                <SequencePoint vc="0" uspid="1339" ordinal="2" offset="14" sl="89" sc="13" el="89" ec="35" bec="2" bev="0" fileid="26" />
                <SequencePoint vc="0" uspid="1340" ordinal="3" offset="25" sl="90" sc="13" el="90" ec="14" bec="0" bev="0" fileid="26" />
                <SequencePoint vc="0" uspid="1341" ordinal="4" offset="26" sl="91" sc="17" el="91" ec="62" bec="0" bev="0" fileid="26" />
                <SequencePoint vc="0" uspid="1342" ordinal="5" offset="37" sl="94" sc="13" el="94" ec="35" bec="0" bev="0" fileid="26" />
                <SequencePoint vc="0" uspid="1343" ordinal="6" offset="45" sl="95" sc="9" el="95" ec="10" bec="0" bev="0" fileid="26" />
              </SequencePoints>
              <BranchPoints>
                <BranchPoint vc="0" uspid="1344" ordinal="0" offset="23" sl="89" path="0" offsetend="25" fileid="26" />
                <BranchPoint vc="0" uspid="1345" ordinal="1" offset="23" sl="89" path="1" offsetend="37" fileid="26" />
              </BranchPoints>
              <MethodPoint xsi:type="SequencePoint" vc="0" uspid="1337" ordinal="0" offset="0" sl="86" sc="9" el="87" ec="80" bec="0" bev="0" fileid="26" />
            </Method>
            <Method visited="false" cyclomaticComplexity="10" sequenceCoverage="0" branchCoverage="0" isConstructor="false" isStatic="false" isGetter="false" isSetter="false">
              <Summary numSequencePoints="7" visitedSequencePoints="0" numBranchPoints="19" visitedBranchPoints="0" sequenceCoverage="0" branchCoverage="0" maxCyclomaticComplexity="10" minCyclomaticComplexity="10" visitedClasses="0" numClasses="0" visitedMethods="0" numMethods="1" />
              <MetadataToken>100663490</MetadataToken>
              <Name>System.Boolean RMWebAPI.Areas.HelpPage.HelpPageSampleKey::Equals(System.Object)</Name>
              <FileRef uid="26" />
              <SequencePoints>
                <SequencePoint vc="0" uspid="1346" ordinal="0" offset="0" sl="134" sc="9" el="134" ec="10" bec="0" bev="0" fileid="26" />
                <SequencePoint vc="0" uspid="1347" ordinal="1" offset="1" sl="135" sc="13" el="135" ec="67" bec="0" bev="0" fileid="26" />
                <SequencePoint vc="0" uspid="1348" ordinal="2" offset="8" sl="136" sc="13" el="136" ec="34" bec="2" bev="0" fileid="26" />
                <SequencePoint vc="0" uspid="1349" ordinal="3" offset="19" sl="137" sc="13" el="137" ec="14" bec="0" bev="0" fileid="26" />
                <SequencePoint vc="0" uspid="1350" ordinal="4" offset="20" sl="138" sc="17" el="138" ec="30" bec="0" bev="0" fileid="26" />
                <SequencePoint vc="0" uspid="1351" ordinal="5" offset="27" sl="141" sc="13" el="146" ec="67" bec="10" bev="0" fileid="26" />
                <SequencePoint vc="0" uspid="1352" ordinal="6" offset="210" sl="147" sc="9" el="147" ec="10" bec="0" bev="0" fileid="26" />
              </SequencePoints>
              <BranchPoints>
                <BranchPoint vc="0" uspid="1353" ordinal="0" offset="17" sl="136" path="0" offsetend="19" fileid="26" />
                <BranchPoint vc="0" uspid="1354" ordinal="1" offset="17" sl="136" path="1" offsetend="27" fileid="26" />
                <BranchPoint vc="0" uspid="1355" ordinal="2" offset="45" sl="141" path="0" offsetend="50" fileid="26" />
                <BranchPoint vc="0" uspid="1356" ordinal="3" offset="45" sl="141" path="1" offsetend="205" fileid="26" />
                <BranchPoint vc="0" uspid="1357" ordinal="4" offset="68" sl="141" path="0" offsetend="73" fileid="26" />
                <BranchPoint vc="0" uspid="1358" ordinal="5" offset="68" sl="141" path="1" offsetend="205" fileid="26" />
                <BranchPoint vc="0" uspid="1359" ordinal="6" offset="85" sl="141" path="0" offsetend="87" fileid="26" />
                <BranchPoint vc="0" uspid="1360" ordinal="7" offset="85" sl="141" path="1" offsetend="114" fileid="26" />
                <BranchPoint vc="0" uspid="1361" ordinal="8" offset="93" sl="141" path="0" offsetend="95" fileid="26" />
                <BranchPoint vc="0" uspid="1362" ordinal="9" offset="93" sl="141" path="1" offsetend="205" fileid="26" />
                <BranchPoint vc="0" uspid="1363" ordinal="10" offset="112" sl="141" path="0" offsetend="114" fileid="26" />
                <BranchPoint vc="0" uspid="1364" ordinal="11" offset="112" sl="141" path="1" offsetend="205" fileid="26" />
                <BranchPoint vc="0" uspid="1365" ordinal="12" offset="131" sl="141" path="0" offsetend="133" fileid="26" />
                <BranchPoint vc="0" uspid="1366" ordinal="13" offset="131" sl="141" path="1" offsetend="205" fileid="26" />
                <BranchPoint vc="0" uspid="1367" ordinal="14" offset="162" sl="141" path="0" offsetend="164" fileid="26" />
                <BranchPoint vc="0" uspid="1368" ordinal="15" offset="162" sl="141" path="1" offsetend="182" fileid="26" />
                <BranchPoint vc="0" uspid="1369" ordinal="16" offset="184" sl="141" path="0" offsetend="186" fileid="26" />
                <BranchPoint vc="0" uspid="1370" ordinal="17" offset="184" sl="141" path="1" offsetend="205" fileid="26" />
              </BranchPoints>
              <MethodPoint xsi:type="SequencePoint" vc="0" uspid="1346" ordinal="0" offset="0" sl="134" sc="9" el="134" ec="10" bec="0" bev="0" fileid="26" />
            </Method>
            <Method visited="false" cyclomaticComplexity="5" sequenceCoverage="0" branchCoverage="0" isConstructor="false" isStatic="false" isGetter="false" isSetter="false">
              <Summary numSequencePoints="23" visitedSequencePoints="0" numBranchPoints="9" visitedBranchPoints="0" sequenceCoverage="0" branchCoverage="0" maxCyclomaticComplexity="5" minCyclomaticComplexity="5" visitedClasses="0" numClasses="0" visitedMethods="0" numMethods="1" />
              <MetadataToken>100663491</MetadataToken>
              <Name>System.Int32 RMWebAPI.Areas.HelpPage.HelpPageSampleKey::GetHashCode()</Name>
              <FileRef uid="26" />
              <SequencePoints>
                <SequencePoint vc="0" uspid="1371" ordinal="0" offset="0" sl="150" sc="9" el="150" ec="10" bec="0" bev="0" fileid="26" />
                <SequencePoint vc="0" uspid="1372" ordinal="1" offset="1" sl="151" sc="13" el="151" ec="122" bec="0" bev="0" fileid="26" />
                <SequencePoint vc="0" uspid="1373" ordinal="2" offset="35" sl="152" sc="13" el="152" ec="35" bec="2" bev="0" fileid="26" />
                <SequencePoint vc="0" uspid="1374" ordinal="3" offset="48" sl="153" sc="13" el="153" ec="14" bec="0" bev="0" fileid="26" />
                <SequencePoint vc="0" uspid="1375" ordinal="4" offset="49" sl="154" sc="17" el="154" ec="53" bec="0" bev="0" fileid="26" />
                <SequencePoint vc="0" uspid="1376" ordinal="5" offset="63" sl="155" sc="13" el="155" ec="14" bec="0" bev="0" fileid="26" />
                <SequencePoint vc="0" uspid="1377" ordinal="6" offset="64" sl="156" sc="13" el="156" ec="41" bec="2" bev="0" fileid="26" />
                <SequencePoint vc="0" uspid="1378" ordinal="7" offset="86" sl="157" sc="13" el="157" ec="14" bec="0" bev="0" fileid="26" />
                <SequencePoint vc="0" uspid="1379" ordinal="8" offset="87" sl="158" sc="17" el="158" ec="59" bec="0" bev="0" fileid="26" />
                <SequencePoint vc="0" uspid="1380" ordinal="9" offset="111" sl="159" sc="13" el="159" ec="14" bec="0" bev="0" fileid="26" />
                <SequencePoint vc="0" uspid="1381" ordinal="10" offset="112" sl="160" sc="13" el="160" ec="39" bec="2" bev="0" fileid="26" />
                <SequencePoint vc="0" uspid="1382" ordinal="11" offset="131" sl="161" sc="13" el="161" ec="14" bec="0" bev="0" fileid="26" />
                <SequencePoint vc="0" uspid="1383" ordinal="12" offset="132" sl="162" sc="17" el="162" ec="57" bec="0" bev="0" fileid="26" />
                <SequencePoint vc="0" uspid="1384" ordinal="13" offset="146" sl="163" sc="13" el="163" ec="14" bec="0" bev="0" fileid="26" />
                <SequencePoint vc="0" uspid="1385" ordinal="14" offset="147" sl="164" sc="13" el="164" ec="20" bec="0" bev="0" fileid="26" />
                <SequencePoint vc="0" uspid="1386" ordinal="15" offset="148" sl="164" sc="46" el="164" ec="60" bec="0" bev="0" fileid="26" />
                <SequencePoint vc="0" uspid="1387" ordinal="16" offset="163" sl="164" sc="22" el="164" ec="42" bec="0" bev="0" fileid="26" />
                <SequencePoint vc="0" uspid="1388" ordinal="17" offset="171" sl="165" sc="13" el="165" ec="14" bec="0" bev="0" fileid="26" />
                <SequencePoint vc="0" uspid="1389" ordinal="18" offset="172" sl="166" sc="17" el="166" ec="76" bec="0" bev="0" fileid="26" />
                <SequencePoint vc="0" uspid="1390" ordinal="19" offset="186" sl="167" sc="13" el="167" ec="14" bec="0" bev="0" fileid="26" />
                <SequencePoint vc="0" uspid="1391" ordinal="20" offset="187" sl="164" sc="43" el="164" ec="45" bec="2" bev="0" fileid="26" />
                <SequencePoint vc="0" uspid="1392" ordinal="21" offset="216" sl="169" sc="13" el="169" ec="29" bec="0" bev="0" fileid="26" />
                <SequencePoint vc="0" uspid="1393" ordinal="22" offset="220" sl="170" sc="9" el="170" ec="10" bec="0" bev="0" fileid="26" />
              </SequencePoints>
              <BranchPoints>
                <BranchPoint vc="0" uspid="1394" ordinal="0" offset="46" sl="152" path="0" offsetend="48" fileid="26" />
                <BranchPoint vc="0" uspid="1395" ordinal="1" offset="46" sl="152" path="1" offsetend="64" fileid="26" />
                <BranchPoint vc="0" uspid="1396" ordinal="2" offset="84" sl="156" path="0" offsetend="86" fileid="26" />
                <BranchPoint vc="0" uspid="1397" ordinal="3" offset="84" sl="156" path="1" offsetend="112" fileid="26" />
                <BranchPoint vc="0" uspid="1398" ordinal="4" offset="129" sl="160" path="0" offsetend="131" fileid="26" />
                <BranchPoint vc="0" uspid="1399" ordinal="5" offset="129" sl="160" path="1" offsetend="147" fileid="26" />
                <BranchPoint vc="0" uspid="1400" ordinal="6" offset="196" sl="164" path="0" offsetend="198" fileid="26" />
                <BranchPoint vc="0" uspid="1401" ordinal="7" offset="196" sl="164" path="1" offsetend="163" fileid="26" />
              </BranchPoints>
              <MethodPoint xsi:type="SequencePoint" vc="0" uspid="1371" ordinal="0" offset="0" sl="150" sc="9" el="150" ec="10" bec="0" bev="0" fileid="26" />
            </Method>
          </Methods>
        </Class>
        <Class>
          <Summary numSequencePoints="17" visitedSequencePoints="0" numBranchPoints="8" visitedBranchPoints="0" sequenceCoverage="0" branchCoverage="0" maxCyclomaticComplexity="2" minCyclomaticComplexity="1" visitedClasses="0" numClasses="1" visitedMethods="0" numMethods="4" />
          <FullName>RMWebAPI.Areas.HelpPage.ImageSample</FullName>
          <Methods>
            <Method visited="false" cyclomaticComplexity="1" sequenceCoverage="0" branchCoverage="0" isConstructor="false" isStatic="false" isGetter="true" isSetter="false">
              <Summary numSequencePoints="0" visitedSequencePoints="0" numBranchPoints="0" visitedBranchPoints="0" sequenceCoverage="0" branchCoverage="0" maxCyclomaticComplexity="1" minCyclomaticComplexity="1" visitedClasses="0" numClasses="0" visitedMethods="0" numMethods="0" />
              <MetadataToken>100663493</MetadataToken>
              <Name>System.String RMWebAPI.Areas.HelpPage.ImageSample::get_Src()</Name>
              <SequencePoints />
              <BranchPoints />
              <MethodPoint vc="0" uspid="1402" ordinal="0" offset="0" />
            </Method>
            <Method visited="false" cyclomaticComplexity="1" sequenceCoverage="0" branchCoverage="0" isConstructor="false" isStatic="false" isGetter="false" isSetter="true">
              <Summary numSequencePoints="0" visitedSequencePoints="0" numBranchPoints="0" visitedBranchPoints="0" sequenceCoverage="0" branchCoverage="0" maxCyclomaticComplexity="1" minCyclomaticComplexity="1" visitedClasses="0" numClasses="0" visitedMethods="0" numMethods="0" />
              <MetadataToken>100663494</MetadataToken>
              <Name>System.Void RMWebAPI.Areas.HelpPage.ImageSample::set_Src(System.String)</Name>
              <SequencePoints />
              <BranchPoints />
              <MethodPoint vc="0" uspid="1403" ordinal="0" offset="0" />
            </Method>
            <Method visited="false" cyclomaticComplexity="2" sequenceCoverage="0" branchCoverage="0" isConstructor="true" isStatic="false" isGetter="false" isSetter="false">
              <Summary numSequencePoints="7" visitedSequencePoints="0" numBranchPoints="3" visitedBranchPoints="0" sequenceCoverage="0" branchCoverage="0" maxCyclomaticComplexity="2" minCyclomaticComplexity="2" visitedClasses="0" numClasses="0" visitedMethods="0" numMethods="1" />
              <MetadataToken>100663492</MetadataToken>
              <Name>System.Void RMWebAPI.Areas.HelpPage.ImageSample::.ctor(System.String)</Name>
              <FileRef uid="27" />
              <SequencePoints>
                <SequencePoint vc="0" uspid="1404" ordinal="0" offset="0" sl="14" sc="9" el="14" ec="39" bec="0" bev="0" fileid="27" />
                <SequencePoint vc="0" uspid="1405" ordinal="1" offset="7" sl="15" sc="9" el="15" ec="10" bec="0" bev="0" fileid="27" />
                <SequencePoint vc="0" uspid="1406" ordinal="2" offset="8" sl="16" sc="13" el="16" ec="29" bec="2" bev="0" fileid="27" />
                <SequencePoint vc="0" uspid="1407" ordinal="3" offset="19" sl="17" sc="13" el="17" ec="14" bec="0" bev="0" fileid="27" />
                <SequencePoint vc="0" uspid="1408" ordinal="4" offset="20" sl="18" sc="17" el="18" ec="56" bec="0" bev="0" fileid="27" />
                <SequencePoint vc="0" uspid="1409" ordinal="5" offset="31" sl="20" sc="13" el="20" ec="23" bec="0" bev="0" fileid="27" />
                <SequencePoint vc="0" uspid="1410" ordinal="6" offset="39" sl="21" sc="9" el="21" ec="10" bec="0" bev="0" fileid="27" />
              </SequencePoints>
              <BranchPoints>
                <BranchPoint vc="0" uspid="1411" ordinal="0" offset="17" sl="16" path="0" offsetend="19" fileid="27" />
                <BranchPoint vc="0" uspid="1412" ordinal="1" offset="17" sl="16" path="1" offsetend="31" fileid="27" />
              </BranchPoints>
              <MethodPoint xsi:type="SequencePoint" vc="0" uspid="1404" ordinal="0" offset="0" sl="14" sc="9" el="14" ec="39" bec="0" bev="0" fileid="27" />
            </Method>
            <Method visited="false" cyclomaticComplexity="2" sequenceCoverage="0" branchCoverage="0" isConstructor="false" isStatic="false" isGetter="false" isSetter="false">
              <Summary numSequencePoints="4" visitedSequencePoints="0" numBranchPoints="3" visitedBranchPoints="0" sequenceCoverage="0" branchCoverage="0" maxCyclomaticComplexity="2" minCyclomaticComplexity="2" visitedClasses="0" numClasses="0" visitedMethods="0" numMethods="1" />
              <MetadataToken>100663495</MetadataToken>
              <Name>System.Boolean RMWebAPI.Areas.HelpPage.ImageSample::Equals(System.Object)</Name>
              <FileRef uid="27" />
              <SequencePoints>
                <SequencePoint vc="0" uspid="1413" ordinal="0" offset="0" sl="26" sc="9" el="26" ec="10" bec="0" bev="0" fileid="27" />
                <SequencePoint vc="0" uspid="1414" ordinal="1" offset="1" sl="27" sc="13" el="27" ec="52" bec="0" bev="0" fileid="27" />
                <SequencePoint vc="0" uspid="1415" ordinal="2" offset="8" sl="28" sc="13" el="28" ec="54" bec="2" bev="0" fileid="27" />
                <SequencePoint vc="0" uspid="1416" ordinal="3" offset="35" sl="29" sc="9" el="29" ec="10" bec="0" bev="0" fileid="27" />
              </SequencePoints>
              <BranchPoints>
                <BranchPoint vc="0" uspid="1417" ordinal="0" offset="9" sl="28" path="0" offsetend="11" fileid="27" />
                <BranchPoint vc="0" uspid="1418" ordinal="1" offset="9" sl="28" path="1" offsetend="30" fileid="27" />
              </BranchPoints>
              <MethodPoint xsi:type="SequencePoint" vc="0" uspid="1413" ordinal="0" offset="0" sl="26" sc="9" el="26" ec="10" bec="0" bev="0" fileid="27" />
            </Method>
            <Method visited="false" cyclomaticComplexity="1" sequenceCoverage="0" branchCoverage="0" isConstructor="false" isStatic="false" isGetter="false" isSetter="false">
              <Summary numSequencePoints="3" visitedSequencePoints="0" numBranchPoints="1" visitedBranchPoints="0" sequenceCoverage="0" branchCoverage="0" maxCyclomaticComplexity="1" minCyclomaticComplexity="1" visitedClasses="0" numClasses="0" visitedMethods="0" numMethods="1" />
              <MetadataToken>100663496</MetadataToken>
              <Name>System.Int32 RMWebAPI.Areas.HelpPage.ImageSample::GetHashCode()</Name>
              <FileRef uid="27" />
              <SequencePoints>
                <SequencePoint vc="0" uspid="1419" ordinal="0" offset="0" sl="32" sc="9" el="32" ec="10" bec="0" bev="0" fileid="27" />
                <SequencePoint vc="0" uspid="1420" ordinal="1" offset="1" sl="33" sc="13" el="33" ec="38" bec="0" bev="0" fileid="27" />
                <SequencePoint vc="0" uspid="1421" ordinal="2" offset="15" sl="34" sc="9" el="34" ec="10" bec="0" bev="0" fileid="27" />
              </SequencePoints>
              <BranchPoints />
              <MethodPoint xsi:type="SequencePoint" vc="0" uspid="1419" ordinal="0" offset="0" sl="32" sc="9" el="32" ec="10" bec="0" bev="0" fileid="27" />
            </Method>
            <Method visited="false" cyclomaticComplexity="1" sequenceCoverage="0" branchCoverage="0" isConstructor="false" isStatic="false" isGetter="false" isSetter="false">
              <Summary numSequencePoints="3" visitedSequencePoints="0" numBranchPoints="1" visitedBranchPoints="0" sequenceCoverage="0" branchCoverage="0" maxCyclomaticComplexity="1" minCyclomaticComplexity="1" visitedClasses="0" numClasses="0" visitedMethods="0" numMethods="1" />
              <MetadataToken>100663497</MetadataToken>
              <Name>System.String RMWebAPI.Areas.HelpPage.ImageSample::ToString()</Name>
              <FileRef uid="27" />
              <SequencePoints>
                <SequencePoint vc="0" uspid="1422" ordinal="0" offset="0" sl="37" sc="9" el="37" ec="10" bec="0" bev="0" fileid="27" />
                <SequencePoint vc="0" uspid="1423" ordinal="1" offset="1" sl="38" sc="13" el="38" ec="24" bec="0" bev="0" fileid="27" />
                <SequencePoint vc="0" uspid="1424" ordinal="2" offset="10" sl="39" sc="9" el="39" ec="10" bec="0" bev="0" fileid="27" />
              </SequencePoints>
              <BranchPoints />
              <MethodPoint xsi:type="SequencePoint" vc="0" uspid="1422" ordinal="0" offset="0" sl="37" sc="9" el="37" ec="10" bec="0" bev="0" fileid="27" />
            </Method>
          </Methods>
        </Class>
        <Class>
          <Summary numSequencePoints="17" visitedSequencePoints="0" numBranchPoints="8" visitedBranchPoints="0" sequenceCoverage="0" branchCoverage="0" maxCyclomaticComplexity="2" minCyclomaticComplexity="1" visitedClasses="0" numClasses="1" visitedMethods="0" numMethods="4" />
          <FullName>RMWebAPI.Areas.HelpPage.InvalidSample</FullName>
          <Methods>
            <Method visited="false" cyclomaticComplexity="1" sequenceCoverage="0" branchCoverage="0" isConstructor="false" isStatic="false" isGetter="true" isSetter="false">
              <Summary numSequencePoints="0" visitedSequencePoints="0" numBranchPoints="0" visitedBranchPoints="0" sequenceCoverage="0" branchCoverage="0" maxCyclomaticComplexity="1" minCyclomaticComplexity="1" visitedClasses="0" numClasses="0" visitedMethods="0" numMethods="0" />
              <MetadataToken>100663499</MetadataToken>
              <Name>System.String RMWebAPI.Areas.HelpPage.InvalidSample::get_ErrorMessage()</Name>
              <SequencePoints />
              <BranchPoints />
              <MethodPoint vc="0" uspid="1425" ordinal="0" offset="0" />
            </Method>
            <Method visited="false" cyclomaticComplexity="1" sequenceCoverage="0" branchCoverage="0" isConstructor="false" isStatic="false" isGetter="false" isSetter="true">
              <Summary numSequencePoints="0" visitedSequencePoints="0" numBranchPoints="0" visitedBranchPoints="0" sequenceCoverage="0" branchCoverage="0" maxCyclomaticComplexity="1" minCyclomaticComplexity="1" visitedClasses="0" numClasses="0" visitedMethods="0" numMethods="0" />
              <MetadataToken>100663500</MetadataToken>
              <Name>System.Void RMWebAPI.Areas.HelpPage.InvalidSample::set_ErrorMessage(System.String)</Name>
              <SequencePoints />
              <BranchPoints />
              <MethodPoint vc="0" uspid="1426" ordinal="0" offset="0" />
            </Method>
            <Method visited="false" cyclomaticComplexity="2" sequenceCoverage="0" branchCoverage="0" isConstructor="true" isStatic="false" isGetter="false" isSetter="false">
              <Summary numSequencePoints="7" visitedSequencePoints="0" numBranchPoints="3" visitedBranchPoints="0" sequenceCoverage="0" branchCoverage="0" maxCyclomaticComplexity="2" minCyclomaticComplexity="2" visitedClasses="0" numClasses="0" visitedMethods="0" numMethods="1" />
              <MetadataToken>100663498</MetadataToken>
              <Name>System.Void RMWebAPI.Areas.HelpPage.InvalidSample::.ctor(System.String)</Name>
              <FileRef uid="28" />
              <SequencePoints>
                <SequencePoint vc="0" uspid="1427" ordinal="0" offset="0" sl="10" sc="9" el="10" ec="50" bec="0" bev="0" fileid="28" />
                <SequencePoint vc="0" uspid="1428" ordinal="1" offset="7" sl="11" sc="9" el="11" ec="10" bec="0" bev="0" fileid="28" />
                <SequencePoint vc="0" uspid="1429" ordinal="2" offset="8" sl="12" sc="13" el="12" ec="38" bec="2" bev="0" fileid="28" />
                <SequencePoint vc="0" uspid="1430" ordinal="3" offset="19" sl="13" sc="13" el="13" ec="14" bec="0" bev="0" fileid="28" />
                <SequencePoint vc="0" uspid="1431" ordinal="4" offset="20" sl="14" sc="17" el="14" ec="65" bec="0" bev="0" fileid="28" />
                <SequencePoint vc="0" uspid="1432" ordinal="5" offset="31" sl="16" sc="13" el="16" ec="41" bec="0" bev="0" fileid="28" />
                <SequencePoint vc="0" uspid="1433" ordinal="6" offset="39" sl="17" sc="9" el="17" ec="10" bec="0" bev="0" fileid="28" />
              </SequencePoints>
              <BranchPoints>
                <BranchPoint vc="0" uspid="1434" ordinal="0" offset="17" sl="12" path="0" offsetend="19" fileid="28" />
                <BranchPoint vc="0" uspid="1435" ordinal="1" offset="17" sl="12" path="1" offsetend="31" fileid="28" />
              </BranchPoints>
              <MethodPoint xsi:type="SequencePoint" vc="0" uspid="1427" ordinal="0" offset="0" sl="10" sc="9" el="10" ec="50" bec="0" bev="0" fileid="28" />
            </Method>
            <Method visited="false" cyclomaticComplexity="2" sequenceCoverage="0" branchCoverage="0" isConstructor="false" isStatic="false" isGetter="false" isSetter="false">
              <Summary numSequencePoints="4" visitedSequencePoints="0" numBranchPoints="3" visitedBranchPoints="0" sequenceCoverage="0" branchCoverage="0" maxCyclomaticComplexity="2" minCyclomaticComplexity="2" visitedClasses="0" numClasses="0" visitedMethods="0" numMethods="1" />
              <MetadataToken>100663501</MetadataToken>
              <Name>System.Boolean RMWebAPI.Areas.HelpPage.InvalidSample::Equals(System.Object)</Name>
              <FileRef uid="28" />
              <SequencePoints>
                <SequencePoint vc="0" uspid="1436" ordinal="0" offset="0" sl="22" sc="9" el="22" ec="10" bec="0" bev="0" fileid="28" />
                <SequencePoint vc="0" uspid="1437" ordinal="1" offset="1" sl="23" sc="13" el="23" ec="56" bec="0" bev="0" fileid="28" />
                <SequencePoint vc="0" uspid="1438" ordinal="2" offset="8" sl="24" sc="13" el="24" ec="72" bec="2" bev="0" fileid="28" />
                <SequencePoint vc="0" uspid="1439" ordinal="3" offset="35" sl="25" sc="9" el="25" ec="10" bec="0" bev="0" fileid="28" />
              </SequencePoints>
              <BranchPoints>
                <BranchPoint vc="0" uspid="1440" ordinal="0" offset="9" sl="24" path="0" offsetend="11" fileid="28" />
                <BranchPoint vc="0" uspid="1441" ordinal="1" offset="9" sl="24" path="1" offsetend="30" fileid="28" />
              </BranchPoints>
              <MethodPoint xsi:type="SequencePoint" vc="0" uspid="1436" ordinal="0" offset="0" sl="22" sc="9" el="22" ec="10" bec="0" bev="0" fileid="28" />
            </Method>
            <Method visited="false" cyclomaticComplexity="1" sequenceCoverage="0" branchCoverage="0" isConstructor="false" isStatic="false" isGetter="false" isSetter="false">
              <Summary numSequencePoints="3" visitedSequencePoints="0" numBranchPoints="1" visitedBranchPoints="0" sequenceCoverage="0" branchCoverage="0" maxCyclomaticComplexity="1" minCyclomaticComplexity="1" visitedClasses="0" numClasses="0" visitedMethods="0" numMethods="1" />
              <MetadataToken>100663502</MetadataToken>
              <Name>System.Int32 RMWebAPI.Areas.HelpPage.InvalidSample::GetHashCode()</Name>
              <FileRef uid="28" />
              <SequencePoints>
                <SequencePoint vc="0" uspid="1442" ordinal="0" offset="0" sl="28" sc="9" el="28" ec="10" bec="0" bev="0" fileid="28" />
                <SequencePoint vc="0" uspid="1443" ordinal="1" offset="1" sl="29" sc="13" el="29" ec="47" bec="0" bev="0" fileid="28" />
                <SequencePoint vc="0" uspid="1444" ordinal="2" offset="15" sl="30" sc="9" el="30" ec="10" bec="0" bev="0" fileid="28" />
              </SequencePoints>
              <BranchPoints />
              <MethodPoint xsi:type="SequencePoint" vc="0" uspid="1442" ordinal="0" offset="0" sl="28" sc="9" el="28" ec="10" bec="0" bev="0" fileid="28" />
            </Method>
            <Method visited="false" cyclomaticComplexity="1" sequenceCoverage="0" branchCoverage="0" isConstructor="false" isStatic="false" isGetter="false" isSetter="false">
              <Summary numSequencePoints="3" visitedSequencePoints="0" numBranchPoints="1" visitedBranchPoints="0" sequenceCoverage="0" branchCoverage="0" maxCyclomaticComplexity="1" minCyclomaticComplexity="1" visitedClasses="0" numClasses="0" visitedMethods="0" numMethods="1" />
              <MetadataToken>100663503</MetadataToken>
              <Name>System.String RMWebAPI.Areas.HelpPage.InvalidSample::ToString()</Name>
              <FileRef uid="28" />
              <SequencePoints>
                <SequencePoint vc="0" uspid="1445" ordinal="0" offset="0" sl="33" sc="9" el="33" ec="10" bec="0" bev="0" fileid="28" />
                <SequencePoint vc="0" uspid="1446" ordinal="1" offset="1" sl="34" sc="13" el="34" ec="33" bec="0" bev="0" fileid="28" />
                <SequencePoint vc="0" uspid="1447" ordinal="2" offset="10" sl="35" sc="9" el="35" ec="10" bec="0" bev="0" fileid="28" />
              </SequencePoints>
              <BranchPoints />
              <MethodPoint xsi:type="SequencePoint" vc="0" uspid="1445" ordinal="0" offset="0" sl="33" sc="9" el="33" ec="10" bec="0" bev="0" fileid="28" />
            </Method>
          </Methods>
        </Class>
        <Class>
          <Summary numSequencePoints="265" visitedSequencePoints="0" numBranchPoints="134" visitedBranchPoints="0" sequenceCoverage="0" branchCoverage="0" maxCyclomaticComplexity="15" minCyclomaticComplexity="1" visitedClasses="0" numClasses="1" visitedMethods="0" numMethods="16" />
          <FullName>RMWebAPI.Areas.HelpPage.ObjectGenerator</FullName>
          <Methods>
            <Method visited="false" cyclomaticComplexity="1" sequenceCoverage="0" branchCoverage="0" isConstructor="false" isStatic="false" isGetter="false" isSetter="false">
              <Summary numSequencePoints="3" visitedSequencePoints="0" numBranchPoints="1" visitedBranchPoints="0" sequenceCoverage="0" branchCoverage="0" maxCyclomaticComplexity="1" minCyclomaticComplexity="1" visitedClasses="0" numClasses="0" visitedMethods="0" numMethods="1" />
              <MetadataToken>100663504</MetadataToken>
              <Name>System.Object RMWebAPI.Areas.HelpPage.ObjectGenerator::GenerateObject(System.Type)</Name>
              <FileRef uid="29" />
              <SequencePoints>
                <SequencePoint vc="0" uspid="1448" ordinal="0" offset="0" sl="34" sc="9" el="34" ec="10" bec="0" bev="0" fileid="29" />
                <SequencePoint vc="0" uspid="1449" ordinal="1" offset="1" sl="35" sc="13" el="35" ec="73" bec="0" bev="0" fileid="29" />
                <SequencePoint vc="0" uspid="1450" ordinal="2" offset="16" sl="36" sc="9" el="36" ec="10" bec="0" bev="0" fileid="29" />
              </SequencePoints>
              <BranchPoints />
              <MethodPoint xsi:type="SequencePoint" vc="0" uspid="1448" ordinal="0" offset="0" sl="34" sc="9" el="34" ec="10" bec="0" bev="0" fileid="29" />
            </Method>
            <Method visited="false" cyclomaticComplexity="14" sequenceCoverage="0" branchCoverage="0" isConstructor="false" isStatic="false" isGetter="false" isSetter="false">
              <Summary numSequencePoints="38" visitedSequencePoints="0" numBranchPoints="27" visitedBranchPoints="0" sequenceCoverage="0" branchCoverage="0" maxCyclomaticComplexity="14" minCyclomaticComplexity="14" visitedClasses="0" numClasses="0" visitedMethods="0" numMethods="1" />
              <MetadataToken>100663505</MetadataToken>
              <Name>System.Object RMWebAPI.Areas.HelpPage.ObjectGenerator::GenerateObject(System.Type,System.Collections.Generic.Dictionary`2&lt;System.Type,System.Object&gt;)</Name>
              <FileRef uid="29" />
              <SequencePoints>
                <SequencePoint vc="0" uspid="1451" ordinal="0" offset="0" sl="40" sc="9" el="40" ec="10" bec="0" bev="0" fileid="29" />
                <SequencePoint vc="0" uspid="1452" ordinal="1" offset="1" sl="42" sc="13" el="42" ec="14" bec="0" bev="0" fileid="29" />
                <SequencePoint vc="0" uspid="1453" ordinal="2" offset="2" sl="43" sc="17" el="43" ec="71" bec="2" bev="0" fileid="29" />
                <SequencePoint vc="0" uspid="1454" ordinal="3" offset="15" sl="44" sc="17" el="44" ec="18" bec="0" bev="0" fileid="29" />
                <SequencePoint vc="0" uspid="1455" ordinal="4" offset="16" sl="45" sc="21" el="45" ec="71" bec="0" bev="0" fileid="29" />
                <SequencePoint vc="0" uspid="1456" ordinal="5" offset="34" sl="48" sc="17" el="48" ec="34" bec="2" bev="0" fileid="29" />
                <SequencePoint vc="0" uspid="1457" ordinal="6" offset="47" sl="49" sc="17" el="49" ec="18" bec="0" bev="0" fileid="29" />
                <SequencePoint vc="0" uspid="1458" ordinal="7" offset="48" sl="50" sc="21" el="50" ec="96" bec="0" bev="0" fileid="29" />
                <SequencePoint vc="0" uspid="1459" ordinal="8" offset="62" sl="53" sc="17" el="53" ec="40" bec="2" bev="0" fileid="29" />
                <SequencePoint vc="0" uspid="1460" ordinal="9" offset="75" sl="54" sc="17" el="54" ec="18" bec="0" bev="0" fileid="29" />
                <SequencePoint vc="0" uspid="1461" ordinal="10" offset="76" sl="55" sc="21" el="55" ec="102" bec="0" bev="0" fileid="29" />
                <SequencePoint vc="0" uspid="1462" ordinal="11" offset="90" sl="58" sc="17" el="58" ec="49" bec="2" bev="0" fileid="29" />
                <SequencePoint vc="0" uspid="1463" ordinal="12" offset="113" sl="59" sc="17" el="59" ec="18" bec="0" bev="0" fileid="29" />
                <SequencePoint vc="0" uspid="1464" ordinal="13" offset="114" sl="60" sc="21" el="60" ec="114" bec="0" bev="0" fileid="29" />
                <SequencePoint vc="0" uspid="1465" ordinal="14" offset="137" sl="63" sc="17" el="63" ec="64" bec="2" bev="0" fileid="29" />
                <SequencePoint vc="0" uspid="1466" ordinal="15" offset="160" sl="64" sc="17" el="64" ec="18" bec="0" bev="0" fileid="29" />
                <SequencePoint vc="0" uspid="1467" ordinal="16" offset="161" sl="65" sc="21" el="65" ec="101" bec="0" bev="0" fileid="29" />
                <SequencePoint vc="0" uspid="1468" ordinal="17" offset="175" sl="68" sc="17" el="70" ec="49" bec="5" bev="0" fileid="29" />
                <SequencePoint vc="0" uspid="1469" ordinal="18" offset="238" sl="71" sc="17" el="71" ec="18" bec="0" bev="0" fileid="29" />
                <SequencePoint vc="0" uspid="1470" ordinal="19" offset="239" sl="72" sc="21" el="72" ec="114" bec="0" bev="0" fileid="29" />
                <SequencePoint vc="0" uspid="1471" ordinal="20" offset="262" sl="75" sc="17" el="75" ec="58" bec="2" bev="0" fileid="29" />
                <SequencePoint vc="0" uspid="1472" ordinal="21" offset="285" sl="76" sc="17" el="76" ec="18" bec="0" bev="0" fileid="29" />
                <SequencePoint vc="0" uspid="1473" ordinal="22" offset="286" sl="77" sc="21" el="77" ec="101" bec="0" bev="0" fileid="29" />
                <SequencePoint vc="0" uspid="1474" ordinal="23" offset="297" sl="80" sc="17" el="80" ec="48" bec="2" bev="0" fileid="29" />
                <SequencePoint vc="0" uspid="1475" ordinal="24" offset="320" sl="81" sc="17" el="81" ec="18" bec="0" bev="0" fileid="29" />
                <SequencePoint vc="0" uspid="1476" ordinal="25" offset="321" sl="82" sc="21" el="82" ec="100" bec="0" bev="0" fileid="29" />
                <SequencePoint vc="0" uspid="1477" ordinal="26" offset="332" sl="85" sc="17" el="85" ec="33" bec="2" bev="0" fileid="29" />
                <SequencePoint vc="0" uspid="1478" ordinal="27" offset="345" sl="86" sc="17" el="86" ec="18" bec="0" bev="0" fileid="29" />
                <SequencePoint vc="0" uspid="1479" ordinal="28" offset="346" sl="87" sc="21" el="87" ec="47" bec="0" bev="0" fileid="29" />
                <SequencePoint vc="0" uspid="1480" ordinal="29" offset="355" sl="90" sc="17" el="90" ec="58" bec="4" bev="0" fileid="29" />
                <SequencePoint vc="0" uspid="1481" ordinal="30" offset="380" sl="91" sc="17" el="91" ec="18" bec="0" bev="0" fileid="29" />
                <SequencePoint vc="0" uspid="1482" ordinal="31" offset="381" sl="92" sc="21" el="92" ec="81" bec="0" bev="0" fileid="29" />
                <SequencePoint vc="0" uspid="1483" ordinal="32" offset="391" sl="94" sc="13" el="94" ec="14" bec="0" bev="0" fileid="29" />
                <SequencePoint vc="0" uspid="1484" ordinal="33" offset="394" sl="95" sc="13" el="95" ec="18" bec="0" bev="0" fileid="29" />
                <SequencePoint vc="0" uspid="1485" ordinal="34" offset="395" sl="96" sc="13" el="96" ec="14" bec="0" bev="0" fileid="29" />
                <SequencePoint vc="0" uspid="1486" ordinal="35" offset="396" sl="98" sc="17" el="98" ec="29" bec="0" bev="0" fileid="29" />
                <SequencePoint vc="0" uspid="1487" ordinal="36" offset="401" sl="101" sc="13" el="101" ec="25" bec="0" bev="0" fileid="29" />
                <SequencePoint vc="0" uspid="1488" ordinal="37" offset="406" sl="102" sc="9" el="102" ec="10" bec="0" bev="0" fileid="29" />
              </SequencePoints>
              <BranchPoints>
                <BranchPoint vc="0" uspid="1489" ordinal="0" offset="13" sl="43" path="0" offsetend="15" fileid="29" />
                <BranchPoint vc="0" uspid="1490" ordinal="1" offset="13" sl="43" path="1" offsetend="34" fileid="29" />
                <BranchPoint vc="0" uspid="1491" ordinal="2" offset="45" sl="48" path="0" offsetend="47" fileid="29" />
                <BranchPoint vc="0" uspid="1492" ordinal="3" offset="45" sl="48" path="1" offsetend="62" fileid="29" />
                <BranchPoint vc="0" uspid="1493" ordinal="4" offset="73" sl="53" path="0" offsetend="75" fileid="29" />
                <BranchPoint vc="0" uspid="1494" ordinal="5" offset="73" sl="53" path="1" offsetend="90" fileid="29" />
                <BranchPoint vc="0" uspid="1495" ordinal="6" offset="111" sl="58" path="0" offsetend="113" fileid="29" />
                <BranchPoint vc="0" uspid="1496" ordinal="7" offset="111" sl="58" path="1" offsetend="137" fileid="29" />
                <BranchPoint vc="0" uspid="1497" ordinal="8" offset="158" sl="63" path="0" offsetend="160" fileid="29" />
                <BranchPoint vc="0" uspid="1498" ordinal="9" offset="158" sl="63" path="1" offsetend="175" fileid="29" />
                <BranchPoint vc="0" uspid="1499" ordinal="10" offset="191" sl="68" path="0" offsetend="193" fileid="29" />
                <BranchPoint vc="0" uspid="1500" ordinal="11" offset="191" sl="68" path="1" offsetend="232" fileid="29" />
                <BranchPoint vc="0" uspid="1501" ordinal="12" offset="209" sl="68" path="0" offsetend="211" fileid="29" />
                <BranchPoint vc="0" uspid="1502" ordinal="13" offset="209" sl="68" path="1" offsetend="232" fileid="29" />
                <BranchPoint vc="0" uspid="1503" ordinal="14" offset="236" sl="68" path="0" offsetend="238" fileid="29" />
                <BranchPoint vc="0" uspid="1504" ordinal="15" offset="236" sl="68" path="1" offsetend="262" fileid="29" />
                <BranchPoint vc="0" uspid="1505" ordinal="16" offset="283" sl="75" path="0" offsetend="285" fileid="29" />
                <BranchPoint vc="0" uspid="1506" ordinal="17" offset="283" sl="75" path="1" offsetend="297" fileid="29" />
                <BranchPoint vc="0" uspid="1507" ordinal="18" offset="318" sl="80" path="0" offsetend="320" fileid="29" />
                <BranchPoint vc="0" uspid="1508" ordinal="19" offset="318" sl="80" path="1" offsetend="332" fileid="29" />
                <BranchPoint vc="0" uspid="1509" ordinal="20" offset="343" sl="85" path="0" offsetend="345" fileid="29" />
                <BranchPoint vc="0" uspid="1510" ordinal="21" offset="343" sl="85" path="1" offsetend="355" fileid="29" />
                <BranchPoint vc="0" uspid="1511" ordinal="22" offset="361" sl="90" path="0" offsetend="363" fileid="29" />
                <BranchPoint vc="0" uspid="1512" ordinal="23" offset="361" sl="90" path="1" offsetend="374" fileid="29" />
                <BranchPoint vc="0" uspid="1513" ordinal="24" offset="378" sl="90" path="0" offsetend="380" fileid="29" />
                <BranchPoint vc="0" uspid="1514" ordinal="25" offset="378" sl="90" path="1" offsetend="391" fileid="29" />
              </BranchPoints>
              <MethodPoint xsi:type="SequencePoint" vc="0" uspid="1451" ordinal="0" offset="0" sl="40" sc="9" el="40" ec="10" bec="0" bev="0" fileid="29" />
            </Method>
            <Method visited="false" cyclomaticComplexity="15" sequenceCoverage="0" branchCoverage="0" isConstructor="false" isStatic="true" isGetter="false" isSetter="false">
              <Summary numSequencePoints="42" visitedSequencePoints="0" numBranchPoints="29" visitedBranchPoints="0" sequenceCoverage="0" branchCoverage="0" maxCyclomaticComplexity="15" minCyclomaticComplexity="15" visitedClasses="0" numClasses="0" visitedMethods="0" numMethods="1" />
              <MetadataToken>100663506</MetadataToken>
              <Name>System.Object RMWebAPI.Areas.HelpPage.ObjectGenerator::GenerateGenericType(System.Type,System.Int32,System.Collections.Generic.Dictionary`2&lt;System.Type,System.Object&gt;)</Name>
              <FileRef uid="29" />
              <SequencePoints>
                <SequencePoint vc="0" uspid="1515" ordinal="0" offset="0" sl="105" sc="9" el="105" ec="10" bec="0" bev="0" fileid="29" />
                <SequencePoint vc="0" uspid="1516" ordinal="1" offset="1" sl="106" sc="13" el="106" ec="74" bec="0" bev="0" fileid="29" />
                <SequencePoint vc="0" uspid="1517" ordinal="2" offset="8" sl="107" sc="13" el="107" ec="61" bec="2" bev="0" fileid="29" />
                <SequencePoint vc="0" uspid="1518" ordinal="3" offset="33" sl="108" sc="13" el="108" ec="14" bec="0" bev="0" fileid="29" />
                <SequencePoint vc="0" uspid="1519" ordinal="4" offset="34" sl="109" sc="17" el="109" ec="72" bec="0" bev="0" fileid="29" />
                <SequencePoint vc="0" uspid="1520" ordinal="5" offset="48" sl="112" sc="13" el="112" ec="66" bec="2" bev="0" fileid="29" />
                <SequencePoint vc="0" uspid="1521" ordinal="6" offset="73" sl="113" sc="13" el="113" ec="14" bec="0" bev="0" fileid="29" />
                <SequencePoint vc="0" uspid="1522" ordinal="7" offset="74" sl="114" sc="17" el="114" ec="76" bec="0" bev="0" fileid="29" />
                <SequencePoint vc="0" uspid="1523" ordinal="8" offset="88" sl="117" sc="13" el="117" ec="48" bec="2" bev="0" fileid="29" />
                <SequencePoint vc="0" uspid="1524" ordinal="9" offset="103" sl="118" sc="13" el="118" ec="14" bec="0" bev="0" fileid="29" />
                <SequencePoint vc="0" uspid="1525" ordinal="10" offset="104" sl="119" sc="17" el="119" ec="69" bec="0" bev="0" fileid="29" />
                <SequencePoint vc="0" uspid="1526" ordinal="11" offset="118" sl="122" sc="13" el="122" ec="66" bec="0" bev="0" fileid="29" />
                <SequencePoint vc="0" uspid="1527" ordinal="12" offset="125" sl="123" sc="13" el="123" ec="46" bec="2" bev="0" fileid="29" />
                <SequencePoint vc="0" uspid="1528" ordinal="13" offset="143" sl="124" sc="13" el="124" ec="14" bec="0" bev="0" fileid="29" />
                <SequencePoint vc="0" uspid="1529" ordinal="14" offset="144" sl="125" sc="17" el="127" ec="68" bec="5" bev="0" fileid="29" />
                <SequencePoint vc="0" uspid="1530" ordinal="15" offset="209" sl="128" sc="17" el="128" ec="18" bec="0" bev="0" fileid="29" />
                <SequencePoint vc="0" uspid="1531" ordinal="16" offset="210" sl="129" sc="21" el="129" ec="92" bec="0" bev="0" fileid="29" />
                <SequencePoint vc="0" uspid="1532" ordinal="17" offset="227" sl="130" sc="21" el="130" ec="104" bec="0" bev="0" fileid="29" />
                <SequencePoint vc="0" uspid="1533" ordinal="18" offset="242" sl="133" sc="17" el="133" ec="67" bec="2" bev="0" fileid="29" />
                <SequencePoint vc="0" uspid="1534" ordinal="19" offset="267" sl="134" sc="17" el="134" ec="18" bec="0" bev="0" fileid="29" />
                <SequencePoint vc="0" uspid="1535" ordinal="20" offset="268" sl="135" sc="21" el="135" ec="93" bec="0" bev="0" fileid="29" />
                <SequencePoint vc="0" uspid="1536" ordinal="21" offset="283" sl="138" sc="17" el="138" ec="104" bec="0" bev="0" fileid="29" />
                <SequencePoint vc="0" uspid="1537" ordinal="22" offset="316" sl="139" sc="17" el="139" ec="65" bec="2" bev="0" fileid="29" />
                <SequencePoint vc="0" uspid="1538" ordinal="23" offset="332" sl="140" sc="17" el="140" ec="18" bec="0" bev="0" fileid="29" />
                <SequencePoint vc="0" uspid="1539" ordinal="24" offset="333" sl="141" sc="21" el="141" ec="94" bec="0" bev="0" fileid="29" />
                <SequencePoint vc="0" uspid="1540" ordinal="25" offset="348" sl="143" sc="13" el="143" ec="14" bec="0" bev="0" fileid="29" />
                <SequencePoint vc="0" uspid="1541" ordinal="26" offset="349" sl="145" sc="13" el="145" ec="46" bec="2" bev="0" fileid="29" />
                <SequencePoint vc="0" uspid="1542" ordinal="27" offset="367" sl="146" sc="13" el="146" ec="14" bec="0" bev="0" fileid="29" />
                <SequencePoint vc="0" uspid="1543" ordinal="28" offset="368" sl="147" sc="17" el="147" ec="69" bec="2" bev="0" fileid="29" />
                <SequencePoint vc="0" uspid="1544" ordinal="29" offset="393" sl="148" sc="17" el="148" ec="18" bec="0" bev="0" fileid="29" />
                <SequencePoint vc="0" uspid="1545" ordinal="30" offset="394" sl="149" sc="21" el="149" ec="99" bec="0" bev="0" fileid="29" />
                <SequencePoint vc="0" uspid="1546" ordinal="31" offset="412" sl="150" sc="21" el="150" ec="104" bec="0" bev="0" fileid="29" />
                <SequencePoint vc="0" uspid="1547" ordinal="32" offset="425" sl="153" sc="17" el="153" ec="126" bec="0" bev="0" fileid="29" />
                <SequencePoint vc="0" uspid="1548" ordinal="33" offset="466" sl="154" sc="17" el="154" ec="65" bec="2" bev="0" fileid="29" />
                <SequencePoint vc="0" uspid="1549" ordinal="34" offset="483" sl="155" sc="17" el="155" ec="18" bec="0" bev="0" fileid="29" />
                <SequencePoint vc="0" uspid="1550" ordinal="35" offset="484" sl="156" sc="21" el="156" ec="94" bec="0" bev="0" fileid="29" />
                <SequencePoint vc="0" uspid="1551" ordinal="36" offset="496" sl="158" sc="13" el="158" ec="14" bec="0" bev="0" fileid="29" />
                <SequencePoint vc="0" uspid="1552" ordinal="37" offset="497" sl="160" sc="13" el="160" ec="54" bec="4" bev="0" fileid="29" />
                <SequencePoint vc="0" uspid="1553" ordinal="38" offset="524" sl="161" sc="13" el="161" ec="14" bec="0" bev="0" fileid="29" />
                <SequencePoint vc="0" uspid="1554" ordinal="39" offset="525" sl="162" sc="17" el="162" ec="77" bec="0" bev="0" fileid="29" />
                <SequencePoint vc="0" uspid="1555" ordinal="40" offset="536" sl="165" sc="13" el="165" ec="25" bec="0" bev="0" fileid="29" />
                <SequencePoint vc="0" uspid="1556" ordinal="41" offset="541" sl="166" sc="9" el="166" ec="10" bec="0" bev="0" fileid="29" />
              </SequencePoints>
              <BranchPoints>
                <BranchPoint vc="0" uspid="1557" ordinal="0" offset="31" sl="107" path="0" offsetend="33" fileid="29" />
                <BranchPoint vc="0" uspid="1558" ordinal="1" offset="31" sl="107" path="1" offsetend="48" fileid="29" />
                <BranchPoint vc="0" uspid="1559" ordinal="2" offset="71" sl="112" path="0" offsetend="73" fileid="29" />
                <BranchPoint vc="0" uspid="1560" ordinal="3" offset="71" sl="112" path="1" offsetend="88" fileid="29" />
                <BranchPoint vc="0" uspid="1561" ordinal="4" offset="101" sl="117" path="0" offsetend="103" fileid="29" />
                <BranchPoint vc="0" uspid="1562" ordinal="5" offset="101" sl="117" path="1" offsetend="118" fileid="29" />
                <BranchPoint vc="0" uspid="1563" ordinal="6" offset="138" sl="123" path="0" offsetend="143" fileid="29" />
                <BranchPoint vc="0" uspid="1564" ordinal="7" offset="138" sl="123" path="1" offsetend="349" fileid="29" />
                <BranchPoint vc="0" uspid="1565" ordinal="8" offset="160" sl="125" path="0" offsetend="162" fileid="29" />
                <BranchPoint vc="0" uspid="1566" ordinal="9" offset="160" sl="125" path="1" offsetend="201" fileid="29" />
                <BranchPoint vc="0" uspid="1567" ordinal="10" offset="178" sl="125" path="0" offsetend="180" fileid="29" />
                <BranchPoint vc="0" uspid="1568" ordinal="11" offset="178" sl="125" path="1" offsetend="201" fileid="29" />
                <BranchPoint vc="0" uspid="1569" ordinal="12" offset="207" sl="125" path="0" offsetend="209" fileid="29" />
                <BranchPoint vc="0" uspid="1570" ordinal="13" offset="207" sl="125" path="1" offsetend="242" fileid="29" />
                <BranchPoint vc="0" uspid="1571" ordinal="14" offset="265" sl="133" path="0" offsetend="267" fileid="29" />
                <BranchPoint vc="0" uspid="1572" ordinal="15" offset="265" sl="133" path="1" offsetend="283" fileid="29" />
                <BranchPoint vc="0" uspid="1573" ordinal="16" offset="330" sl="139" path="0" offsetend="332" fileid="29" />
                <BranchPoint vc="0" uspid="1574" ordinal="17" offset="330" sl="139" path="1" offsetend="348" fileid="29" />
                <BranchPoint vc="0" uspid="1575" ordinal="18" offset="362" sl="145" path="0" offsetend="367" fileid="29" />
                <BranchPoint vc="0" uspid="1576" ordinal="19" offset="362" sl="145" path="1" offsetend="497" fileid="29" />
                <BranchPoint vc="0" uspid="1577" ordinal="20" offset="391" sl="147" path="0" offsetend="393" fileid="29" />
                <BranchPoint vc="0" uspid="1578" ordinal="21" offset="391" sl="147" path="1" offsetend="425" fileid="29" />
                <BranchPoint vc="0" uspid="1579" ordinal="22" offset="481" sl="154" path="0" offsetend="483" fileid="29" />
                <BranchPoint vc="0" uspid="1580" ordinal="23" offset="481" sl="154" path="1" offsetend="496" fileid="29" />
                <BranchPoint vc="0" uspid="1581" ordinal="24" offset="503" sl="160" path="0" offsetend="505" fileid="29" />
                <BranchPoint vc="0" uspid="1582" ordinal="25" offset="503" sl="160" path="1" offsetend="516" fileid="29" />
                <BranchPoint vc="0" uspid="1583" ordinal="26" offset="522" sl="160" path="0" offsetend="524" fileid="29" />
                <BranchPoint vc="0" uspid="1584" ordinal="27" offset="522" sl="160" path="1" offsetend="536" fileid="29" />
              </BranchPoints>
              <MethodPoint xsi:type="SequencePoint" vc="0" uspid="1515" ordinal="0" offset="0" sl="105" sc="9" el="105" ec="10" bec="0" bev="0" fileid="29" />
            </Method>
            <Method visited="false" cyclomaticComplexity="3" sequenceCoverage="0" branchCoverage="0" isConstructor="false" isStatic="true" isGetter="false" isSetter="false">
              <Summary numSequencePoints="18" visitedSequencePoints="0" numBranchPoints="5" visitedBranchPoints="0" sequenceCoverage="0" branchCoverage="0" maxCyclomaticComplexity="3" minCyclomaticComplexity="3" visitedClasses="0" numClasses="0" visitedMethods="0" numMethods="1" />
              <MetadataToken>100663507</MetadataToken>
              <Name>System.Object RMWebAPI.Areas.HelpPage.ObjectGenerator::GenerateTuple(System.Type,System.Collections.Generic.Dictionary`2&lt;System.Type,System.Object&gt;)</Name>
              <FileRef uid="29" />
              <SequencePoints>
                <SequencePoint vc="0" uspid="1585" ordinal="0" offset="0" sl="169" sc="9" el="169" ec="10" bec="0" bev="0" fileid="29" />
                <SequencePoint vc="0" uspid="1586" ordinal="1" offset="1" sl="170" sc="13" el="170" ec="61" bec="0" bev="0" fileid="29" />
                <SequencePoint vc="0" uspid="1587" ordinal="2" offset="8" sl="171" sc="13" el="171" ec="71" bec="0" bev="0" fileid="29" />
                <SequencePoint vc="0" uspid="1588" ordinal="3" offset="17" sl="172" sc="13" el="172" ec="45" bec="0" bev="0" fileid="29" />
                <SequencePoint vc="0" uspid="1589" ordinal="4" offset="19" sl="173" sc="13" el="173" ec="69" bec="0" bev="0" fileid="29" />
                <SequencePoint vc="0" uspid="1590" ordinal="5" offset="25" sl="174" sc="18" el="174" ec="28" bec="0" bev="0" fileid="29" />
                <SequencePoint vc="0" uspid="1591" ordinal="6" offset="30" sl="175" sc="13" el="175" ec="14" bec="0" bev="0" fileid="29" />
                <SequencePoint vc="0" uspid="1592" ordinal="7" offset="31" sl="176" sc="17" el="176" ec="110" bec="0" bev="0" fileid="29" />
                <SequencePoint vc="0" uspid="1593" ordinal="8" offset="46" sl="177" sc="17" el="177" ec="67" bec="0" bev="0" fileid="29" />
                <SequencePoint vc="0" uspid="1594" ordinal="9" offset="56" sl="178" sc="13" el="178" ec="14" bec="0" bev="0" fileid="29" />
                <SequencePoint vc="0" uspid="1595" ordinal="10" offset="57" sl="174" sc="53" el="174" ec="56" bec="0" bev="0" fileid="29" />
                <SequencePoint vc="0" uspid="1596" ordinal="11" offset="63" sl="174" sc="29" el="174" ec="51" bec="2" bev="0" fileid="29" />
                <SequencePoint vc="0" uspid="1597" ordinal="12" offset="76" sl="179" sc="13" el="179" ec="37" bec="2" bev="0" fileid="29" />
                <SequencePoint vc="0" uspid="1598" ordinal="13" offset="86" sl="180" sc="13" el="180" ec="14" bec="0" bev="0" fileid="29" />
                <SequencePoint vc="0" uspid="1599" ordinal="14" offset="87" sl="181" sc="17" el="181" ec="29" bec="0" bev="0" fileid="29" />
                <SequencePoint vc="0" uspid="1600" ordinal="15" offset="92" sl="183" sc="13" el="183" ec="77" bec="0" bev="0" fileid="29" />
                <SequencePoint vc="0" uspid="1601" ordinal="16" offset="101" sl="184" sc="13" el="184" ec="27" bec="0" bev="0" fileid="29" />
                <SequencePoint vc="0" uspid="1602" ordinal="17" offset="107" sl="185" sc="9" el="185" ec="10" bec="0" bev="0" fileid="29" />
              </SequencePoints>
              <BranchPoints>
                <BranchPoint vc="0" uspid="1603" ordinal="0" offset="74" sl="174" path="0" offsetend="76" fileid="29" />
                <BranchPoint vc="0" uspid="1604" ordinal="1" offset="74" sl="174" path="1" offsetend="30" fileid="29" />
                <BranchPoint vc="0" uspid="1605" ordinal="2" offset="84" sl="179" path="0" offsetend="86" fileid="29" />
                <BranchPoint vc="0" uspid="1606" ordinal="3" offset="84" sl="179" path="1" offsetend="92" fileid="29" />
              </BranchPoints>
              <MethodPoint xsi:type="SequencePoint" vc="0" uspid="1585" ordinal="0" offset="0" sl="169" sc="9" el="169" ec="10" bec="0" bev="0" fileid="29" />
            </Method>
            <Method visited="false" cyclomaticComplexity="8" sequenceCoverage="0" branchCoverage="0" isConstructor="false" isStatic="true" isGetter="false" isSetter="false">
              <Summary numSequencePoints="3" visitedSequencePoints="0" numBranchPoints="15" visitedBranchPoints="0" sequenceCoverage="0" branchCoverage="0" maxCyclomaticComplexity="8" minCyclomaticComplexity="8" visitedClasses="0" numClasses="0" visitedMethods="0" numMethods="1" />
              <MetadataToken>100663508</MetadataToken>
              <Name>System.Boolean RMWebAPI.Areas.HelpPage.ObjectGenerator::IsTuple(System.Type)</Name>
              <FileRef uid="29" />
              <SequencePoints>
                <SequencePoint vc="0" uspid="1607" ordinal="0" offset="0" sl="188" sc="9" el="188" ec="10" bec="0" bev="0" fileid="29" />
                <SequencePoint vc="0" uspid="1608" ordinal="1" offset="1" sl="189" sc="13" el="196" ec="65" bec="8" bev="0" fileid="29" />
                <SequencePoint vc="0" uspid="1609" ordinal="2" offset="150" sl="197" sc="9" el="197" ec="10" bec="0" bev="0" fileid="29" />
              </SequencePoints>
              <BranchPoints>
                <BranchPoint vc="0" uspid="1610" ordinal="0" offset="17" sl="189" path="0" offsetend="19" fileid="29" />
                <BranchPoint vc="0" uspid="1611" ordinal="1" offset="17" sl="189" path="1" offsetend="145" fileid="29" />
                <BranchPoint vc="0" uspid="1612" ordinal="2" offset="35" sl="189" path="0" offsetend="37" fileid="29" />
                <BranchPoint vc="0" uspid="1613" ordinal="3" offset="35" sl="189" path="1" offsetend="145" fileid="29" />
                <BranchPoint vc="0" uspid="1614" ordinal="4" offset="53" sl="189" path="0" offsetend="55" fileid="29" />
                <BranchPoint vc="0" uspid="1615" ordinal="5" offset="53" sl="189" path="1" offsetend="145" fileid="29" />
                <BranchPoint vc="0" uspid="1616" ordinal="6" offset="71" sl="189" path="0" offsetend="73" fileid="29" />
                <BranchPoint vc="0" uspid="1617" ordinal="7" offset="71" sl="189" path="1" offsetend="145" fileid="29" />
                <BranchPoint vc="0" uspid="1618" ordinal="8" offset="89" sl="189" path="0" offsetend="91" fileid="29" />
                <BranchPoint vc="0" uspid="1619" ordinal="9" offset="89" sl="189" path="1" offsetend="145" fileid="29" />
                <BranchPoint vc="0" uspid="1620" ordinal="10" offset="107" sl="189" path="0" offsetend="109" fileid="29" />
                <BranchPoint vc="0" uspid="1621" ordinal="11" offset="107" sl="189" path="1" offsetend="145" fileid="29" />
                <BranchPoint vc="0" uspid="1622" ordinal="12" offset="125" sl="189" path="0" offsetend="127" fileid="29" />
                <BranchPoint vc="0" uspid="1623" ordinal="13" offset="125" sl="189" path="1" offsetend="145" fileid="29" />
              </BranchPoints>
              <MethodPoint xsi:type="SequencePoint" vc="0" uspid="1607" ordinal="0" offset="0" sl="188" sc="9" el="188" ec="10" bec="0" bev="0" fileid="29" />
            </Method>
            <Method visited="false" cyclomaticComplexity="3" sequenceCoverage="0" branchCoverage="0" isConstructor="false" isStatic="true" isGetter="false" isSetter="false">
              <Summary numSequencePoints="13" visitedSequencePoints="0" numBranchPoints="5" visitedBranchPoints="0" sequenceCoverage="0" branchCoverage="0" maxCyclomaticComplexity="3" minCyclomaticComplexity="3" visitedClasses="0" numClasses="0" visitedMethods="0" numMethods="1" />
              <MetadataToken>100663509</MetadataToken>
              <Name>System.Object RMWebAPI.Areas.HelpPage.ObjectGenerator::GenerateKeyValuePair(System.Type,System.Collections.Generic.Dictionary`2&lt;System.Type,System.Object&gt;)</Name>
              <FileRef uid="29" />
              <SequencePoints>
                <SequencePoint vc="0" uspid="1624" ordinal="0" offset="0" sl="200" sc="9" el="200" ec="10" bec="0" bev="0" fileid="29" />
                <SequencePoint vc="0" uspid="1625" ordinal="1" offset="1" sl="201" sc="13" el="201" ec="73" bec="0" bev="0" fileid="29" />
                <SequencePoint vc="0" uspid="1626" ordinal="2" offset="8" sl="202" sc="13" el="202" ec="41" bec="0" bev="0" fileid="29" />
                <SequencePoint vc="0" uspid="1627" ordinal="3" offset="12" sl="203" sc="13" el="203" ec="41" bec="0" bev="0" fileid="29" />
                <SequencePoint vc="0" uspid="1628" ordinal="4" offset="16" sl="204" sc="13" el="204" ec="69" bec="0" bev="0" fileid="29" />
                <SequencePoint vc="0" uspid="1629" ordinal="5" offset="22" sl="205" sc="13" el="205" ec="95" bec="0" bev="0" fileid="29" />
                <SequencePoint vc="0" uspid="1630" ordinal="6" offset="32" sl="206" sc="13" el="206" ec="97" bec="0" bev="0" fileid="29" />
                <SequencePoint vc="0" uspid="1631" ordinal="7" offset="42" sl="207" sc="13" el="207" ec="58" bec="4" bev="0" fileid="29" />
                <SequencePoint vc="0" uspid="1632" ordinal="8" offset="64" sl="208" sc="13" el="208" ec="14" bec="0" bev="0" fileid="29" />
                <SequencePoint vc="0" uspid="1633" ordinal="9" offset="65" sl="210" sc="17" el="210" ec="29" bec="0" bev="0" fileid="29" />
                <SequencePoint vc="0" uspid="1634" ordinal="10" offset="70" sl="212" sc="13" el="212" ec="96" bec="0" bev="0" fileid="29" />
                <SequencePoint vc="0" uspid="1635" ordinal="11" offset="100" sl="213" sc="13" el="213" ec="27" bec="0" bev="0" fileid="29" />
                <SequencePoint vc="0" uspid="1636" ordinal="12" offset="106" sl="214" sc="9" el="214" ec="10" bec="0" bev="0" fileid="29" />
              </SequencePoints>
              <BranchPoints>
                <BranchPoint vc="0" uspid="1637" ordinal="0" offset="44" sl="207" path="0" offsetend="46" fileid="29" />
                <BranchPoint vc="0" uspid="1638" ordinal="1" offset="44" sl="207" path="1" offsetend="56" fileid="29" />
                <BranchPoint vc="0" uspid="1639" ordinal="2" offset="62" sl="207" path="0" offsetend="64" fileid="29" />
                <BranchPoint vc="0" uspid="1640" ordinal="3" offset="62" sl="207" path="1" offsetend="70" fileid="29" />
              </BranchPoints>
              <MethodPoint xsi:type="SequencePoint" vc="0" uspid="1624" ordinal="0" offset="0" sl="200" sc="9" el="200" ec="10" bec="0" bev="0" fileid="29" />
            </Method>
            <Method visited="false" cyclomaticComplexity="3" sequenceCoverage="0" branchCoverage="0" isConstructor="false" isStatic="true" isGetter="false" isSetter="false">
              <Summary numSequencePoints="18" visitedSequencePoints="0" numBranchPoints="5" visitedBranchPoints="0" sequenceCoverage="0" branchCoverage="0" maxCyclomaticComplexity="3" minCyclomaticComplexity="3" visitedClasses="0" numClasses="0" visitedMethods="0" numMethods="1" />
              <MetadataToken>100663510</MetadataToken>
              <Name>System.Object RMWebAPI.Areas.HelpPage.ObjectGenerator::GenerateArray(System.Type,System.Int32,System.Collections.Generic.Dictionary`2&lt;System.Type,System.Object&gt;)</Name>
              <FileRef uid="29" />
              <SequencePoints>
                <SequencePoint vc="0" uspid="1641" ordinal="0" offset="0" sl="217" sc="9" el="217" ec="10" bec="0" bev="0" fileid="29" />
                <SequencePoint vc="0" uspid="1642" ordinal="1" offset="1" sl="218" sc="13" el="218" ec="52" bec="0" bev="0" fileid="29" />
                <SequencePoint vc="0" uspid="1643" ordinal="2" offset="8" sl="219" sc="13" el="219" ec="61" bec="0" bev="0" fileid="29" />
                <SequencePoint vc="0" uspid="1644" ordinal="3" offset="16" sl="220" sc="13" el="220" ec="44" bec="0" bev="0" fileid="29" />
                <SequencePoint vc="0" uspid="1645" ordinal="4" offset="18" sl="221" sc="13" el="221" ec="69" bec="0" bev="0" fileid="29" />
                <SequencePoint vc="0" uspid="1646" ordinal="5" offset="24" sl="222" sc="18" el="222" ec="28" bec="0" bev="0" fileid="29" />
                <SequencePoint vc="0" uspid="1647" ordinal="6" offset="29" sl="223" sc="13" el="223" ec="14" bec="0" bev="0" fileid="29" />
                <SequencePoint vc="0" uspid="1648" ordinal="7" offset="30" sl="224" sc="17" el="224" ec="96" bec="0" bev="0" fileid="29" />
                <SequencePoint vc="0" uspid="1649" ordinal="8" offset="40" sl="225" sc="17" el="225" ec="45" bec="0" bev="0" fileid="29" />
                <SequencePoint vc="0" uspid="1650" ordinal="9" offset="51" sl="226" sc="17" el="226" ec="55" bec="0" bev="0" fileid="29" />
                <SequencePoint vc="0" uspid="1651" ordinal="10" offset="59" sl="227" sc="13" el="227" ec="14" bec="0" bev="0" fileid="29" />
                <SequencePoint vc="0" uspid="1652" ordinal="11" offset="60" sl="222" sc="39" el="222" ec="42" bec="0" bev="0" fileid="29" />
                <SequencePoint vc="0" uspid="1653" ordinal="12" offset="66" sl="222" sc="29" el="222" ec="37" bec="2" bev="0" fileid="29" />
                <SequencePoint vc="0" uspid="1654" ordinal="13" offset="77" sl="229" sc="13" el="229" ec="36" bec="2" bev="0" fileid="29" />
                <SequencePoint vc="0" uspid="1655" ordinal="14" offset="87" sl="230" sc="13" el="230" ec="14" bec="0" bev="0" fileid="29" />
                <SequencePoint vc="0" uspid="1656" ordinal="15" offset="88" sl="231" sc="17" el="231" ec="29" bec="0" bev="0" fileid="29" />
                <SequencePoint vc="0" uspid="1657" ordinal="16" offset="93" sl="234" sc="13" el="234" ec="27" bec="0" bev="0" fileid="29" />
                <SequencePoint vc="0" uspid="1658" ordinal="17" offset="98" sl="235" sc="9" el="235" ec="10" bec="0" bev="0" fileid="29" />
              </SequencePoints>
              <BranchPoints>
                <BranchPoint vc="0" uspid="1659" ordinal="0" offset="75" sl="222" path="0" offsetend="77" fileid="29" />
                <BranchPoint vc="0" uspid="1660" ordinal="1" offset="75" sl="222" path="1" offsetend="29" fileid="29" />
                <BranchPoint vc="0" uspid="1661" ordinal="2" offset="85" sl="229" path="0" offsetend="87" fileid="29" />
                <BranchPoint vc="0" uspid="1662" ordinal="3" offset="85" sl="229" path="1" offsetend="93" fileid="29" />
              </BranchPoints>
              <MethodPoint xsi:type="SequencePoint" vc="0" uspid="1641" ordinal="0" offset="0" sl="217" sc="9" el="217" ec="10" bec="0" bev="0" fileid="29" />
            </Method>
            <Method visited="false" cyclomaticComplexity="7" sequenceCoverage="0" branchCoverage="0" isConstructor="false" isStatic="true" isGetter="false" isSetter="false">
              <Summary numSequencePoints="30" visitedSequencePoints="0" numBranchPoints="13" visitedBranchPoints="0" sequenceCoverage="0" branchCoverage="0" maxCyclomaticComplexity="7" minCyclomaticComplexity="7" visitedClasses="0" numClasses="0" visitedMethods="0" numMethods="1" />
              <MetadataToken>100663511</MetadataToken>
              <Name>System.Object RMWebAPI.Areas.HelpPage.ObjectGenerator::GenerateDictionary(System.Type,System.Int32,System.Collections.Generic.Dictionary`2&lt;System.Type,System.Object&gt;)</Name>
              <FileRef uid="29" />
              <SequencePoints>
                <SequencePoint vc="0" uspid="1663" ordinal="0" offset="0" sl="238" sc="9" el="238" ec="10" bec="0" bev="0" fileid="29" />
                <SequencePoint vc="0" uspid="1664" ordinal="1" offset="1" sl="239" sc="13" el="239" ec="41" bec="0" bev="0" fileid="29" />
                <SequencePoint vc="0" uspid="1665" ordinal="2" offset="12" sl="240" sc="13" el="240" ec="41" bec="0" bev="0" fileid="29" />
                <SequencePoint vc="0" uspid="1666" ordinal="3" offset="23" sl="241" sc="13" el="241" ec="46" bec="2" bev="0" fileid="29" />
                <SequencePoint vc="0" uspid="1667" ordinal="4" offset="38" sl="242" sc="13" el="242" ec="14" bec="0" bev="0" fileid="29" />
                <SequencePoint vc="0" uspid="1668" ordinal="5" offset="39" sl="243" sc="17" el="243" ec="75" bec="0" bev="0" fileid="29" />
                <SequencePoint vc="0" uspid="1669" ordinal="6" offset="46" sl="244" sc="17" el="244" ec="40" bec="0" bev="0" fileid="29" />
                <SequencePoint vc="0" uspid="1670" ordinal="7" offset="50" sl="245" sc="17" el="245" ec="40" bec="0" bev="0" fileid="29" />
                <SequencePoint vc="0" uspid="1671" ordinal="8" offset="54" sl="246" sc="13" el="246" ec="14" bec="0" bev="0" fileid="29" />
                <SequencePoint vc="0" uspid="1672" ordinal="9" offset="55" sl="248" sc="13" el="248" ec="70" bec="0" bev="0" fileid="29" />
                <SequencePoint vc="0" uspid="1673" ordinal="10" offset="62" sl="249" sc="13" el="249" ec="106" bec="2" bev="0" fileid="29" />
                <SequencePoint vc="0" uspid="1674" ordinal="11" offset="90" sl="250" sc="13" el="250" ec="121" bec="2" bev="0" fileid="29" />
                <SequencePoint vc="0" uspid="1675" ordinal="12" offset="118" sl="251" sc="13" el="251" ec="69" bec="0" bev="0" fileid="29" />
                <SequencePoint vc="0" uspid="1676" ordinal="13" offset="125" sl="252" sc="18" el="252" ec="28" bec="0" bev="0" fileid="29" />
                <SequencePoint vc="0" uspid="1677" ordinal="14" offset="130" sl="253" sc="13" el="253" ec="14" bec="0" bev="0" fileid="29" />
                <SequencePoint vc="0" uspid="1678" ordinal="15" offset="131" sl="254" sc="17" el="254" ec="96" bec="0" bev="0" fileid="29" />
                <SequencePoint vc="0" uspid="1679" ordinal="16" offset="142" sl="255" sc="17" el="255" ec="36" bec="2" bev="0" fileid="29" />
                <SequencePoint vc="0" uspid="1680" ordinal="17" offset="156" sl="256" sc="17" el="256" ec="18" bec="0" bev="0" fileid="29" />
                <SequencePoint vc="0" uspid="1681" ordinal="18" offset="157" sl="258" sc="21" el="258" ec="33" bec="0" bev="0" fileid="29" />
                <SequencePoint vc="0" uspid="1682" ordinal="19" offset="162" sl="261" sc="17" el="261" ec="97" bec="0" bev="0" fileid="29" />
                <SequencePoint vc="0" uspid="1683" ordinal="20" offset="193" sl="262" sc="17" el="262" ec="34" bec="2" bev="0" fileid="29" />
                <SequencePoint vc="0" uspid="1684" ordinal="21" offset="201" sl="263" sc="17" el="263" ec="18" bec="0" bev="0" fileid="29" />
                <SequencePoint vc="0" uspid="1685" ordinal="22" offset="202" sl="264" sc="21" el="264" ec="102" bec="0" bev="0" fileid="29" />
                <SequencePoint vc="0" uspid="1686" ordinal="23" offset="213" sl="265" sc="21" el="265" ec="81" bec="0" bev="0" fileid="29" />
                <SequencePoint vc="0" uspid="1687" ordinal="24" offset="244" sl="266" sc="17" el="266" ec="18" bec="0" bev="0" fileid="29" />
                <SequencePoint vc="0" uspid="1688" ordinal="25" offset="245" sl="267" sc="13" el="267" ec="14" bec="0" bev="0" fileid="29" />
                <SequencePoint vc="0" uspid="1689" ordinal="26" offset="246" sl="252" sc="39" el="252" ec="42" bec="0" bev="0" fileid="29" />
                <SequencePoint vc="0" uspid="1690" ordinal="27" offset="252" sl="252" sc="29" el="252" ec="37" bec="2" bev="0" fileid="29" />
                <SequencePoint vc="0" uspid="1691" ordinal="28" offset="266" sl="269" sc="13" el="269" ec="27" bec="0" bev="0" fileid="29" />
                <SequencePoint vc="0" uspid="1692" ordinal="29" offset="271" sl="270" sc="9" el="270" ec="10" bec="0" bev="0" fileid="29" />
              </SequencePoints>
              <BranchPoints>
                <BranchPoint vc="0" uspid="1693" ordinal="0" offset="36" sl="241" path="0" offsetend="38" fileid="29" />
                <BranchPoint vc="0" uspid="1694" ordinal="1" offset="36" sl="241" path="1" offsetend="55" fileid="29" />
                <BranchPoint vc="0" uspid="1695" ordinal="2" offset="74" sl="249" path="0" offsetend="76" fileid="29" />
                <BranchPoint vc="0" uspid="1696" ordinal="3" offset="74" sl="249" path="1" offsetend="88" fileid="29" />
                <BranchPoint vc="0" uspid="1697" ordinal="4" offset="102" sl="250" path="0" offsetend="104" fileid="29" />
                <BranchPoint vc="0" uspid="1698" ordinal="5" offset="102" sl="250" path="1" offsetend="116" fileid="29" />
                <BranchPoint vc="0" uspid="1699" ordinal="6" offset="154" sl="255" path="0" offsetend="156" fileid="29" />
                <BranchPoint vc="0" uspid="1700" ordinal="7" offset="154" sl="255" path="1" offsetend="162" fileid="29" />
                <BranchPoint vc="0" uspid="1701" ordinal="8" offset="199" sl="262" path="0" offsetend="201" fileid="29" />
                <BranchPoint vc="0" uspid="1702" ordinal="9" offset="199" sl="262" path="1" offsetend="245" fileid="29" />
                <BranchPoint vc="0" uspid="1703" ordinal="10" offset="261" sl="252" path="0" offsetend="266" fileid="29" />
                <BranchPoint vc="0" uspid="1704" ordinal="11" offset="261" sl="252" path="1" offsetend="130" fileid="29" />
              </BranchPoints>
              <MethodPoint xsi:type="SequencePoint" vc="0" uspid="1663" ordinal="0" offset="0" sl="238" sc="9" el="238" ec="10" bec="0" bev="0" fileid="29" />
            </Method>
            <Method visited="false" cyclomaticComplexity="2" sequenceCoverage="0" branchCoverage="0" isConstructor="false" isStatic="true" isGetter="false" isSetter="false">
              <Summary numSequencePoints="7" visitedSequencePoints="0" numBranchPoints="3" visitedBranchPoints="0" sequenceCoverage="0" branchCoverage="0" maxCyclomaticComplexity="2" minCyclomaticComplexity="2" visitedClasses="0" numClasses="0" visitedMethods="0" numMethods="1" />
              <MetadataToken>100663512</MetadataToken>
              <Name>System.Object RMWebAPI.Areas.HelpPage.ObjectGenerator::GenerateEnum(System.Type)</Name>
              <FileRef uid="29" />
              <SequencePoints>
                <SequencePoint vc="0" uspid="1705" ordinal="0" offset="0" sl="273" sc="9" el="273" ec="10" bec="0" bev="0" fileid="29" />
                <SequencePoint vc="0" uspid="1706" ordinal="1" offset="1" sl="274" sc="13" el="274" ec="61" bec="0" bev="0" fileid="29" />
                <SequencePoint vc="0" uspid="1707" ordinal="2" offset="8" sl="275" sc="13" el="275" ec="43" bec="2" bev="0" fileid="29" />
                <SequencePoint vc="0" uspid="1708" ordinal="3" offset="24" sl="276" sc="13" el="276" ec="14" bec="0" bev="0" fileid="29" />
                <SequencePoint vc="0" uspid="1709" ordinal="4" offset="25" sl="277" sc="17" el="277" ec="51" bec="0" bev="0" fileid="29" />
                <SequencePoint vc="0" uspid="1710" ordinal="5" offset="35" sl="279" sc="13" el="279" ec="25" bec="0" bev="0" fileid="29" />
                <SequencePoint vc="0" uspid="1711" ordinal="6" offset="39" sl="280" sc="9" el="280" ec="10" bec="0" bev="0" fileid="29" />
              </SequencePoints>
              <BranchPoints>
                <BranchPoint vc="0" uspid="1712" ordinal="0" offset="22" sl="275" path="0" offsetend="24" fileid="29" />
                <BranchPoint vc="0" uspid="1713" ordinal="1" offset="22" sl="275" path="1" offsetend="35" fileid="29" />
              </BranchPoints>
              <MethodPoint xsi:type="SequencePoint" vc="0" uspid="1705" ordinal="0" offset="0" sl="273" sc="9" el="273" ec="10" bec="0" bev="0" fileid="29" />
            </Method>
            <Method visited="false" cyclomaticComplexity="4" sequenceCoverage="0" branchCoverage="0" isConstructor="false" isStatic="true" isGetter="false" isSetter="false">
              <Summary numSequencePoints="20" visitedSequencePoints="0" numBranchPoints="7" visitedBranchPoints="0" sequenceCoverage="0" branchCoverage="0" maxCyclomaticComplexity="4" minCyclomaticComplexity="4" visitedClasses="0" numClasses="0" visitedMethods="0" numMethods="1" />
              <MetadataToken>100663513</MetadataToken>
              <Name>System.Object RMWebAPI.Areas.HelpPage.ObjectGenerator::GenerateQueryable(System.Type,System.Int32,System.Collections.Generic.Dictionary`2&lt;System.Type,System.Object&gt;)</Name>
              <FileRef uid="29" />
              <SequencePoints>
                <SequencePoint vc="0" uspid="1714" ordinal="0" offset="0" sl="283" sc="9" el="283" ec="10" bec="0" bev="0" fileid="29" />
                <SequencePoint vc="0" uspid="1715" ordinal="1" offset="1" sl="284" sc="13" el="284" ec="58" bec="0" bev="0" fileid="29" />
                <SequencePoint vc="0" uspid="1716" ordinal="2" offset="8" sl="286" sc="13" el="286" ec="27" bec="2" bev="0" fileid="29" />
                <SequencePoint vc="0" uspid="1717" ordinal="3" offset="18" sl="287" sc="13" el="287" ec="14" bec="0" bev="0" fileid="29" />
                <SequencePoint vc="0" uspid="1718" ordinal="4" offset="19" sl="288" sc="17" el="288" ec="101" bec="0" bev="0" fileid="29" />
                <SequencePoint vc="0" uspid="1719" ordinal="5" offset="41" sl="289" sc="17" el="289" ec="84" bec="0" bev="0" fileid="29" />
                <SequencePoint vc="0" uspid="1720" ordinal="6" offset="50" sl="290" sc="13" el="290" ec="14" bec="0" bev="0" fileid="29" />
                <SequencePoint vc="0" uspid="1721" ordinal="7" offset="53" sl="292" sc="13" el="292" ec="14" bec="0" bev="0" fileid="29" />
                <SequencePoint vc="0" uspid="1722" ordinal="8" offset="54" sl="293" sc="17" el="293" ec="87" bec="0" bev="0" fileid="29" />
                <SequencePoint vc="0" uspid="1723" ordinal="9" offset="72" sl="294" sc="13" el="294" ec="14" bec="0" bev="0" fileid="29" />
                <SequencePoint vc="0" uspid="1724" ordinal="10" offset="73" sl="295" sc="13" el="295" ec="30" bec="2" bev="0" fileid="29" />
                <SequencePoint vc="0" uspid="1725" ordinal="11" offset="86" sl="296" sc="13" el="296" ec="14" bec="0" bev="0" fileid="29" />
                <SequencePoint vc="0" uspid="1726" ordinal="12" offset="87" sl="297" sc="17" el="297" ec="29" bec="0" bev="0" fileid="29" />
                <SequencePoint vc="0" uspid="1727" ordinal="13" offset="92" sl="299" sc="13" el="299" ec="27" bec="2" bev="0" fileid="29" />
                <SequencePoint vc="0" uspid="1728" ordinal="14" offset="102" sl="300" sc="13" el="300" ec="14" bec="0" bev="0" fileid="29" />
                <SequencePoint vc="0" uspid="1729" ordinal="15" offset="103" sl="301" sc="17" el="301" ec="112" bec="0" bev="0" fileid="29" />
                <SequencePoint vc="0" uspid="1730" ordinal="16" offset="125" sl="302" sc="17" el="302" ec="115" bec="0" bev="0" fileid="29" />
                <SequencePoint vc="0" uspid="1731" ordinal="17" offset="162" sl="303" sc="17" el="303" ec="71" bec="0" bev="0" fileid="29" />
                <SequencePoint vc="0" uspid="1732" ordinal="18" offset="189" sl="306" sc="13" el="306" ec="61" bec="0" bev="0" fileid="29" />
                <SequencePoint vc="0" uspid="1733" ordinal="19" offset="204" sl="307" sc="9" el="307" ec="10" bec="0" bev="0" fileid="29" />
              </SequencePoints>
              <BranchPoints>
                <BranchPoint vc="0" uspid="1734" ordinal="0" offset="16" sl="286" path="0" offsetend="18" fileid="29" />
                <BranchPoint vc="0" uspid="1735" ordinal="1" offset="16" sl="286" path="1" offsetend="53" fileid="29" />
                <BranchPoint vc="0" uspid="1736" ordinal="2" offset="84" sl="295" path="0" offsetend="86" fileid="29" />
                <BranchPoint vc="0" uspid="1737" ordinal="3" offset="84" sl="295" path="1" offsetend="92" fileid="29" />
                <BranchPoint vc="0" uspid="1738" ordinal="4" offset="100" sl="299" path="0" offsetend="102" fileid="29" />
                <BranchPoint vc="0" uspid="1739" ordinal="5" offset="100" sl="299" path="1" offsetend="189" fileid="29" />
              </BranchPoints>
              <MethodPoint xsi:type="SequencePoint" vc="0" uspid="1714" ordinal="0" offset="0" sl="283" sc="9" el="283" ec="10" bec="0" bev="0" fileid="29" />
            </Method>
            <Method visited="false" cyclomaticComplexity="4" sequenceCoverage="0" branchCoverage="0" isConstructor="false" isStatic="true" isGetter="false" isSetter="false">
              <Summary numSequencePoints="19" visitedSequencePoints="0" numBranchPoints="7" visitedBranchPoints="0" sequenceCoverage="0" branchCoverage="0" maxCyclomaticComplexity="4" minCyclomaticComplexity="4" visitedClasses="0" numClasses="0" visitedMethods="0" numMethods="1" />
              <MetadataToken>100663514</MetadataToken>
              <Name>System.Object RMWebAPI.Areas.HelpPage.ObjectGenerator::GenerateCollection(System.Type,System.Int32,System.Collections.Generic.Dictionary`2&lt;System.Type,System.Object&gt;)</Name>
              <FileRef uid="29" />
              <SequencePoints>
                <SequencePoint vc="0" uspid="1740" ordinal="0" offset="0" sl="310" sc="9" el="310" ec="10" bec="0" bev="0" fileid="29" />
                <SequencePoint vc="0" uspid="1741" ordinal="1" offset="1" sl="311" sc="13" el="313" ec="32" bec="2" bev="0" fileid="29" />
                <SequencePoint vc="0" uspid="1742" ordinal="2" offset="31" sl="314" sc="13" el="314" ec="70" bec="0" bev="0" fileid="29" />
                <SequencePoint vc="0" uspid="1743" ordinal="3" offset="38" sl="315" sc="13" el="315" ec="68" bec="0" bev="0" fileid="29" />
                <SequencePoint vc="0" uspid="1744" ordinal="4" offset="50" sl="316" sc="13" el="316" ec="44" bec="0" bev="0" fileid="29" />
                <SequencePoint vc="0" uspid="1745" ordinal="5" offset="52" sl="317" sc="13" el="317" ec="69" bec="0" bev="0" fileid="29" />
                <SequencePoint vc="0" uspid="1746" ordinal="6" offset="59" sl="318" sc="18" el="318" ec="28" bec="0" bev="0" fileid="29" />
                <SequencePoint vc="0" uspid="1747" ordinal="7" offset="64" sl="319" sc="13" el="319" ec="14" bec="0" bev="0" fileid="29" />
                <SequencePoint vc="0" uspid="1748" ordinal="8" offset="65" sl="320" sc="17" el="320" ec="96" bec="0" bev="0" fileid="29" />
                <SequencePoint vc="0" uspid="1749" ordinal="9" offset="76" sl="321" sc="17" el="321" ec="68" bec="0" bev="0" fileid="29" />
                <SequencePoint vc="0" uspid="1750" ordinal="10" offset="100" sl="322" sc="17" el="322" ec="55" bec="0" bev="0" fileid="29" />
                <SequencePoint vc="0" uspid="1751" ordinal="11" offset="108" sl="323" sc="13" el="323" ec="14" bec="0" bev="0" fileid="29" />
                <SequencePoint vc="0" uspid="1752" ordinal="12" offset="109" sl="318" sc="39" el="318" ec="42" bec="0" bev="0" fileid="29" />
                <SequencePoint vc="0" uspid="1753" ordinal="13" offset="115" sl="318" sc="29" el="318" ec="37" bec="2" bev="0" fileid="29" />
                <SequencePoint vc="0" uspid="1754" ordinal="14" offset="126" sl="325" sc="13" el="325" ec="36" bec="2" bev="0" fileid="29" />
                <SequencePoint vc="0" uspid="1755" ordinal="15" offset="136" sl="326" sc="13" el="326" ec="14" bec="0" bev="0" fileid="29" />
                <SequencePoint vc="0" uspid="1756" ordinal="16" offset="137" sl="327" sc="17" el="327" ec="29" bec="0" bev="0" fileid="29" />
                <SequencePoint vc="0" uspid="1757" ordinal="17" offset="142" sl="330" sc="13" el="330" ec="27" bec="0" bev="0" fileid="29" />
                <SequencePoint vc="0" uspid="1758" ordinal="18" offset="147" sl="331" sc="9" el="331" ec="10" bec="0" bev="0" fileid="29" />
              </SequencePoints>
              <BranchPoints>
                <BranchPoint vc="0" uspid="1759" ordinal="0" offset="7" sl="311" path="0" offsetend="9" fileid="29" />
                <BranchPoint vc="0" uspid="1760" ordinal="1" offset="7" sl="311" path="1" offsetend="21" fileid="29" />
                <BranchPoint vc="0" uspid="1761" ordinal="2" offset="124" sl="318" path="0" offsetend="126" fileid="29" />
                <BranchPoint vc="0" uspid="1762" ordinal="3" offset="124" sl="318" path="1" offsetend="64" fileid="29" />
                <BranchPoint vc="0" uspid="1763" ordinal="4" offset="134" sl="325" path="0" offsetend="136" fileid="29" />
                <BranchPoint vc="0" uspid="1764" ordinal="5" offset="134" sl="325" path="1" offsetend="142" fileid="29" />
              </BranchPoints>
              <MethodPoint xsi:type="SequencePoint" vc="0" uspid="1740" ordinal="0" offset="0" sl="310" sc="9" el="310" ec="10" bec="0" bev="0" fileid="29" />
            </Method>
            <Method visited="false" cyclomaticComplexity="1" sequenceCoverage="0" branchCoverage="0" isConstructor="false" isStatic="true" isGetter="false" isSetter="false">
              <Summary numSequencePoints="5" visitedSequencePoints="0" numBranchPoints="1" visitedBranchPoints="0" sequenceCoverage="0" branchCoverage="0" maxCyclomaticComplexity="1" minCyclomaticComplexity="1" visitedClasses="0" numClasses="0" visitedMethods="0" numMethods="1" />
              <MetadataToken>100663515</MetadataToken>
              <Name>System.Object RMWebAPI.Areas.HelpPage.ObjectGenerator::GenerateNullable(System.Type,System.Collections.Generic.Dictionary`2&lt;System.Type,System.Object&gt;)</Name>
              <FileRef uid="29" />
              <SequencePoints>
                <SequencePoint vc="0" uspid="1765" ordinal="0" offset="0" sl="334" sc="9" el="334" ec="10" bec="0" bev="0" fileid="29" />
                <SequencePoint vc="0" uspid="1766" ordinal="1" offset="1" sl="335" sc="13" el="335" ec="63" bec="0" bev="0" fileid="29" />
                <SequencePoint vc="0" uspid="1767" ordinal="2" offset="10" sl="336" sc="13" el="336" ec="69" bec="0" bev="0" fileid="29" />
                <SequencePoint vc="0" uspid="1768" ordinal="3" offset="16" sl="337" sc="13" el="337" ec="82" bec="0" bev="0" fileid="29" />
                <SequencePoint vc="0" uspid="1769" ordinal="4" offset="27" sl="338" sc="9" el="338" ec="10" bec="0" bev="0" fileid="29" />
              </SequencePoints>
              <BranchPoints />
              <MethodPoint xsi:type="SequencePoint" vc="0" uspid="1765" ordinal="0" offset="0" sl="334" sc="9" el="334" ec="10" bec="0" bev="0" fileid="29" />
            </Method>
            <Method visited="false" cyclomaticComplexity="4" sequenceCoverage="0" branchCoverage="0" isConstructor="false" isStatic="true" isGetter="false" isSetter="false">
              <Summary numSequencePoints="21" visitedSequencePoints="0" numBranchPoints="7" visitedBranchPoints="0" sequenceCoverage="0" branchCoverage="0" maxCyclomaticComplexity="4" minCyclomaticComplexity="4" visitedClasses="0" numClasses="0" visitedMethods="0" numMethods="1" />
              <MetadataToken>100663516</MetadataToken>
              <Name>System.Object RMWebAPI.Areas.HelpPage.ObjectGenerator::GenerateComplexObject(System.Type,System.Collections.Generic.Dictionary`2&lt;System.Type,System.Object&gt;)</Name>
              <FileRef uid="29" />
              <SequencePoints>
                <SequencePoint vc="0" uspid="1770" ordinal="0" offset="0" sl="341" sc="9" el="341" ec="10" bec="0" bev="0" fileid="29" />
                <SequencePoint vc="0" uspid="1771" ordinal="1" offset="1" sl="342" sc="13" el="342" ec="34" bec="0" bev="0" fileid="29" />
                <SequencePoint vc="0" uspid="1772" ordinal="2" offset="3" sl="344" sc="13" el="344" ec="71" bec="2" bev="0" fileid="29" />
                <SequencePoint vc="0" uspid="1773" ordinal="3" offset="19" sl="345" sc="13" el="345" ec="14" bec="0" bev="0" fileid="29" />
                <SequencePoint vc="0" uspid="1774" ordinal="4" offset="20" sl="347" sc="17" el="347" ec="31" bec="0" bev="0" fileid="29" />
                <SequencePoint vc="0" uspid="1775" ordinal="5" offset="24" sl="350" sc="13" el="350" ec="34" bec="2" bev="0" fileid="29" />
                <SequencePoint vc="0" uspid="1776" ordinal="6" offset="37" sl="351" sc="13" el="351" ec="14" bec="0" bev="0" fileid="29" />
                <SequencePoint vc="0" uspid="1777" ordinal="7" offset="38" sl="352" sc="17" el="352" ec="57" bec="0" bev="0" fileid="29" />
                <SequencePoint vc="0" uspid="1778" ordinal="8" offset="45" sl="353" sc="13" el="353" ec="14" bec="0" bev="0" fileid="29" />
                <SequencePoint vc="0" uspid="1779" ordinal="9" offset="48" sl="355" sc="13" el="355" ec="14" bec="0" bev="0" fileid="29" />
                <SequencePoint vc="0" uspid="1780" ordinal="10" offset="49" sl="356" sc="17" el="356" ec="84" bec="0" bev="0" fileid="29" />
                <SequencePoint vc="0" uspid="1781" ordinal="11" offset="61" sl="357" sc="17" el="357" ec="41" bec="2" bev="0" fileid="29" />
                <SequencePoint vc="0" uspid="1782" ordinal="12" offset="75" sl="358" sc="17" el="358" ec="18" bec="0" bev="0" fileid="29" />
                <SequencePoint vc="0" uspid="1783" ordinal="13" offset="76" sl="360" sc="21" el="360" ec="33" bec="0" bev="0" fileid="29" />
                <SequencePoint vc="0" uspid="1784" ordinal="14" offset="80" sl="363" sc="17" el="363" ec="60" bec="0" bev="0" fileid="29" />
                <SequencePoint vc="0" uspid="1785" ordinal="15" offset="93" sl="364" sc="13" el="364" ec="14" bec="0" bev="0" fileid="29" />
                <SequencePoint vc="0" uspid="1786" ordinal="16" offset="94" sl="365" sc="13" el="365" ec="55" bec="0" bev="0" fileid="29" />
                <SequencePoint vc="0" uspid="1787" ordinal="17" offset="103" sl="366" sc="13" el="366" ec="72" bec="0" bev="0" fileid="29" />
                <SequencePoint vc="0" uspid="1788" ordinal="18" offset="112" sl="367" sc="13" el="367" ec="68" bec="0" bev="0" fileid="29" />
                <SequencePoint vc="0" uspid="1789" ordinal="19" offset="121" sl="368" sc="13" el="368" ec="27" bec="0" bev="0" fileid="29" />
                <SequencePoint vc="0" uspid="1790" ordinal="20" offset="125" sl="369" sc="9" el="369" ec="10" bec="0" bev="0" fileid="29" />
              </SequencePoints>
              <BranchPoints>
                <BranchPoint vc="0" uspid="1791" ordinal="0" offset="17" sl="344" path="0" offsetend="19" fileid="29" />
                <BranchPoint vc="0" uspid="1792" ordinal="1" offset="17" sl="344" path="1" offsetend="24" fileid="29" />
                <BranchPoint vc="0" uspid="1793" ordinal="2" offset="35" sl="350" path="0" offsetend="37" fileid="29" />
                <BranchPoint vc="0" uspid="1794" ordinal="3" offset="35" sl="350" path="1" offsetend="48" fileid="29" />
                <BranchPoint vc="0" uspid="1795" ordinal="4" offset="73" sl="357" path="0" offsetend="75" fileid="29" />
                <BranchPoint vc="0" uspid="1796" ordinal="5" offset="73" sl="357" path="1" offsetend="80" fileid="29" />
              </BranchPoints>
              <MethodPoint xsi:type="SequencePoint" vc="0" uspid="1770" ordinal="0" offset="0" sl="341" sc="9" el="341" ec="10" bec="0" bev="0" fileid="29" />
            </Method>
            <Method visited="false" cyclomaticComplexity="3" sequenceCoverage="0" branchCoverage="0" isConstructor="false" isStatic="true" isGetter="false" isSetter="false">
              <Summary numSequencePoints="15" visitedSequencePoints="0" numBranchPoints="5" visitedBranchPoints="0" sequenceCoverage="0" branchCoverage="0" maxCyclomaticComplexity="3" minCyclomaticComplexity="3" visitedClasses="0" numClasses="0" visitedMethods="0" numMethods="1" />
              <MetadataToken>100663517</MetadataToken>
              <Name>System.Void RMWebAPI.Areas.HelpPage.ObjectGenerator::SetPublicProperties(System.Type,System.Object,System.Collections.Generic.Dictionary`2&lt;System.Type,System.Object&gt;)</Name>
              <FileRef uid="29" />
              <SequencePoints>
                <SequencePoint vc="0" uspid="1797" ordinal="0" offset="0" sl="372" sc="9" el="372" ec="10" bec="0" bev="0" fileid="29" />
                <SequencePoint vc="0" uspid="1798" ordinal="1" offset="1" sl="373" sc="13" el="373" ec="105" bec="0" bev="0" fileid="29" />
                <SequencePoint vc="0" uspid="1799" ordinal="2" offset="10" sl="374" sc="13" el="374" ec="69" bec="0" bev="0" fileid="29" />
                <SequencePoint vc="0" uspid="1800" ordinal="3" offset="16" sl="375" sc="13" el="375" ec="20" bec="0" bev="0" fileid="29" />
                <SequencePoint vc="0" uspid="1801" ordinal="4" offset="17" sl="375" sc="47" el="375" ec="57" bec="0" bev="0" fileid="29" />
                <SequencePoint vc="0" uspid="1802" ordinal="5" offset="25" sl="375" sc="22" el="375" ec="43" bec="0" bev="0" fileid="29" />
                <SequencePoint vc="0" uspid="1803" ordinal="6" offset="31" sl="376" sc="13" el="376" ec="14" bec="0" bev="0" fileid="29" />
                <SequencePoint vc="0" uspid="1804" ordinal="7" offset="32" sl="377" sc="17" el="377" ec="39" bec="2" bev="0" fileid="29" />
                <SequencePoint vc="0" uspid="1805" ordinal="8" offset="47" sl="378" sc="17" el="378" ec="18" bec="0" bev="0" fileid="29" />
                <SequencePoint vc="0" uspid="1806" ordinal="9" offset="48" sl="379" sc="21" el="379" ec="123" bec="0" bev="0" fileid="29" />
                <SequencePoint vc="0" uspid="1807" ordinal="10" offset="62" sl="380" sc="21" el="380" ec="65" bec="0" bev="0" fileid="29" />
                <SequencePoint vc="0" uspid="1808" ordinal="11" offset="72" sl="381" sc="17" el="381" ec="18" bec="0" bev="0" fileid="29" />
                <SequencePoint vc="0" uspid="1809" ordinal="12" offset="73" sl="382" sc="13" el="382" ec="14" bec="0" bev="0" fileid="29" />
                <SequencePoint vc="0" uspid="1810" ordinal="13" offset="80" sl="375" sc="44" el="375" ec="46" bec="2" bev="0" fileid="29" />
                <SequencePoint vc="0" uspid="1811" ordinal="14" offset="94" sl="383" sc="9" el="383" ec="10" bec="0" bev="0" fileid="29" />
              </SequencePoints>
              <BranchPoints>
                <BranchPoint vc="0" uspid="1812" ordinal="0" offset="45" sl="377" path="0" offsetend="47" fileid="29" />
                <BranchPoint vc="0" uspid="1813" ordinal="1" offset="45" sl="377" path="1" offsetend="73" fileid="29" />
                <BranchPoint vc="0" uspid="1814" ordinal="2" offset="92" sl="375" path="0" offsetend="94" fileid="29" />
                <BranchPoint vc="0" uspid="1815" ordinal="3" offset="92" sl="375" path="1" offsetend="25" fileid="29" />
              </BranchPoints>
              <MethodPoint xsi:type="SequencePoint" vc="0" uspid="1797" ordinal="0" offset="0" sl="372" sc="9" el="372" ec="10" bec="0" bev="0" fileid="29" />
            </Method>
            <Method visited="false" cyclomaticComplexity="2" sequenceCoverage="0" branchCoverage="0" isConstructor="false" isStatic="true" isGetter="false" isSetter="false">
              <Summary numSequencePoints="12" visitedSequencePoints="0" numBranchPoints="3" visitedBranchPoints="0" sequenceCoverage="0" branchCoverage="0" maxCyclomaticComplexity="2" minCyclomaticComplexity="2" visitedClasses="0" numClasses="0" visitedMethods="0" numMethods="1" />
              <MetadataToken>100663518</MetadataToken>
              <Name>System.Void RMWebAPI.Areas.HelpPage.ObjectGenerator::SetPublicFields(System.Type,System.Object,System.Collections.Generic.Dictionary`2&lt;System.Type,System.Object&gt;)</Name>
              <FileRef uid="29" />
              <SequencePoints>
                <SequencePoint vc="0" uspid="1816" ordinal="0" offset="0" sl="386" sc="9" el="386" ec="10" bec="0" bev="0" fileid="29" />
                <SequencePoint vc="0" uspid="1817" ordinal="1" offset="1" sl="387" sc="13" el="387" ec="94" bec="0" bev="0" fileid="29" />
                <SequencePoint vc="0" uspid="1818" ordinal="2" offset="10" sl="388" sc="13" el="388" ec="69" bec="0" bev="0" fileid="29" />
                <SequencePoint vc="0" uspid="1819" ordinal="3" offset="16" sl="389" sc="13" el="389" ec="20" bec="0" bev="0" fileid="29" />
                <SequencePoint vc="0" uspid="1820" ordinal="4" offset="17" sl="389" sc="41" el="389" ec="47" bec="0" bev="0" fileid="29" />
                <SequencePoint vc="0" uspid="1821" ordinal="5" offset="25" sl="389" sc="22" el="389" ec="37" bec="0" bev="0" fileid="29" />
                <SequencePoint vc="0" uspid="1822" ordinal="6" offset="31" sl="390" sc="13" el="390" ec="14" bec="0" bev="0" fileid="29" />
                <SequencePoint vc="0" uspid="1823" ordinal="7" offset="32" sl="391" sc="17" el="391" ec="110" bec="0" bev="0" fileid="29" />
                <SequencePoint vc="0" uspid="1824" ordinal="8" offset="46" sl="392" sc="17" el="392" ec="49" bec="0" bev="0" fileid="29" />
                <SequencePoint vc="0" uspid="1825" ordinal="9" offset="55" sl="393" sc="13" el="393" ec="14" bec="0" bev="0" fileid="29" />
                <SequencePoint vc="0" uspid="1826" ordinal="10" offset="62" sl="389" sc="38" el="389" ec="40" bec="2" bev="0" fileid="29" />
                <SequencePoint vc="0" uspid="1827" ordinal="11" offset="76" sl="394" sc="9" el="394" ec="10" bec="0" bev="0" fileid="29" />
              </SequencePoints>
              <BranchPoints>
                <BranchPoint vc="0" uspid="1828" ordinal="0" offset="74" sl="389" path="0" offsetend="76" fileid="29" />
                <BranchPoint vc="0" uspid="1829" ordinal="1" offset="74" sl="389" path="1" offsetend="25" fileid="29" />
              </BranchPoints>
              <MethodPoint xsi:type="SequencePoint" vc="0" uspid="1816" ordinal="0" offset="0" sl="386" sc="9" el="386" ec="10" bec="0" bev="0" fileid="29" />
            </Method>
            <Method visited="false" cyclomaticComplexity="1" sequenceCoverage="0" branchCoverage="0" isConstructor="true" isStatic="false" isGetter="false" isSetter="false">
              <Summary numSequencePoints="1" visitedSequencePoints="0" numBranchPoints="1" visitedBranchPoints="0" sequenceCoverage="0" branchCoverage="0" maxCyclomaticComplexity="1" minCyclomaticComplexity="1" visitedClasses="0" numClasses="0" visitedMethods="0" numMethods="1" />
              <MetadataToken>100663519</MetadataToken>
              <Name>System.Void RMWebAPI.Areas.HelpPage.ObjectGenerator::.ctor()</Name>
              <FileRef uid="29" />
              <SequencePoints>
                <SequencePoint vc="0" uspid="1830" ordinal="0" offset="0" sl="17" sc="9" el="17" ec="108" bec="0" bev="0" fileid="29" />
              </SequencePoints>
              <BranchPoints />
              <MethodPoint xsi:type="SequencePoint" vc="0" uspid="1830" ordinal="0" offset="0" sl="17" sc="9" el="17" ec="108" bec="0" bev="0" fileid="29" />
            </Method>
          </Methods>
        </Class>
        <Class>
          <Summary numSequencePoints="35" visitedSequencePoints="0" numBranchPoints="68" visitedBranchPoints="0" sequenceCoverage="0" branchCoverage="0" maxCyclomaticComplexity="22" minCyclomaticComplexity="1" visitedClasses="0" numClasses="1" visitedMethods="0" numMethods="26" />
          <FullName>RMWebAPI.Areas.HelpPage.ObjectGenerator/SimpleTypeObjectGenerator</FullName>
          <Methods>
            <Method visited="false" cyclomaticComplexity="22" sequenceCoverage="0" branchCoverage="0" isConstructor="false" isStatic="true" isGetter="false" isSetter="false">
              <Summary numSequencePoints="3" visitedSequencePoints="0" numBranchPoints="43" visitedBranchPoints="0" sequenceCoverage="0" branchCoverage="0" maxCyclomaticComplexity="22" minCyclomaticComplexity="22" visitedClasses="0" numClasses="0" visitedMethods="0" numMethods="1" />
              <MetadataToken>100663520</MetadataToken>
              <Name>System.Collections.Generic.Dictionary`2&lt;System.Type,System.Func`2&lt;System.Int64,System.Object&gt;&gt; RMWebAPI.Areas.HelpPage.ObjectGenerator/SimpleTypeObjectGenerator::InitializeGenerators()</Name>
              <FileRef uid="29" />
              <SequencePoints>
                <SequencePoint vc="0" uspid="1831" ordinal="0" offset="0" sl="403" sc="13" el="403" ec="14" bec="0" bev="0" fileid="29" />
                <SequencePoint vc="0" uspid="1832" ordinal="1" offset="1" sl="404" sc="17" el="442" ec="19" bec="42" bev="0" fileid="29" />
                <SequencePoint vc="0" uspid="1833" ordinal="2" offset="1019" sl="443" sc="13" el="443" ec="14" bec="0" bev="0" fileid="29" />
              </SequencePoints>
              <BranchPoints>
                <BranchPoint vc="0" uspid="1834" ordinal="0" offset="23" sl="404" path="0" offsetend="25" fileid="29" />
                <BranchPoint vc="0" uspid="1835" ordinal="1" offset="23" sl="404" path="1" offsetend="44" fileid="29" />
                <BranchPoint vc="0" uspid="1836" ordinal="2" offset="71" sl="404" path="0" offsetend="73" fileid="29" />
                <BranchPoint vc="0" uspid="1837" ordinal="3" offset="71" sl="404" path="1" offsetend="92" fileid="29" />
                <BranchPoint vc="0" uspid="1838" ordinal="4" offset="119" sl="404" path="0" offsetend="121" fileid="29" />
                <BranchPoint vc="0" uspid="1839" ordinal="5" offset="119" sl="404" path="1" offsetend="140" fileid="29" />
                <BranchPoint vc="0" uspid="1840" ordinal="6" offset="167" sl="404" path="0" offsetend="169" fileid="29" />
                <BranchPoint vc="0" uspid="1841" ordinal="7" offset="167" sl="404" path="1" offsetend="188" fileid="29" />
                <BranchPoint vc="0" uspid="1842" ordinal="8" offset="215" sl="404" path="0" offsetend="217" fileid="29" />
                <BranchPoint vc="0" uspid="1843" ordinal="9" offset="215" sl="404" path="1" offsetend="236" fileid="29" />
                <BranchPoint vc="0" uspid="1844" ordinal="10" offset="263" sl="404" path="0" offsetend="265" fileid="29" />
                <BranchPoint vc="0" uspid="1845" ordinal="11" offset="263" sl="404" path="1" offsetend="284" fileid="29" />
                <BranchPoint vc="0" uspid="1846" ordinal="12" offset="311" sl="404" path="0" offsetend="313" fileid="29" />
                <BranchPoint vc="0" uspid="1847" ordinal="13" offset="311" sl="404" path="1" offsetend="332" fileid="29" />
                <BranchPoint vc="0" uspid="1848" ordinal="14" offset="359" sl="404" path="0" offsetend="361" fileid="29" />
                <BranchPoint vc="0" uspid="1849" ordinal="15" offset="359" sl="404" path="1" offsetend="380" fileid="29" />
                <BranchPoint vc="0" uspid="1850" ordinal="16" offset="407" sl="404" path="0" offsetend="409" fileid="29" />
                <BranchPoint vc="0" uspid="1851" ordinal="17" offset="407" sl="404" path="1" offsetend="428" fileid="29" />
                <BranchPoint vc="0" uspid="1852" ordinal="18" offset="455" sl="404" path="0" offsetend="457" fileid="29" />
                <BranchPoint vc="0" uspid="1853" ordinal="19" offset="455" sl="404" path="1" offsetend="476" fileid="29" />
                <BranchPoint vc="0" uspid="1854" ordinal="20" offset="503" sl="404" path="0" offsetend="505" fileid="29" />
                <BranchPoint vc="0" uspid="1855" ordinal="21" offset="503" sl="404" path="1" offsetend="524" fileid="29" />
                <BranchPoint vc="0" uspid="1856" ordinal="22" offset="551" sl="404" path="0" offsetend="553" fileid="29" />
                <BranchPoint vc="0" uspid="1857" ordinal="23" offset="551" sl="404" path="1" offsetend="572" fileid="29" />
                <BranchPoint vc="0" uspid="1858" ordinal="24" offset="599" sl="404" path="0" offsetend="601" fileid="29" />
                <BranchPoint vc="0" uspid="1859" ordinal="25" offset="599" sl="404" path="1" offsetend="620" fileid="29" />
                <BranchPoint vc="0" uspid="1860" ordinal="26" offset="647" sl="404" path="0" offsetend="649" fileid="29" />
                <BranchPoint vc="0" uspid="1861" ordinal="27" offset="647" sl="404" path="1" offsetend="668" fileid="29" />
                <BranchPoint vc="0" uspid="1862" ordinal="28" offset="695" sl="404" path="0" offsetend="697" fileid="29" />
                <BranchPoint vc="0" uspid="1863" ordinal="29" offset="695" sl="404" path="1" offsetend="716" fileid="29" />
                <BranchPoint vc="0" uspid="1864" ordinal="30" offset="743" sl="404" path="0" offsetend="745" fileid="29" />
                <BranchPoint vc="0" uspid="1865" ordinal="31" offset="743" sl="404" path="1" offsetend="764" fileid="29" />
                <BranchPoint vc="0" uspid="1866" ordinal="32" offset="791" sl="404" path="0" offsetend="793" fileid="29" />
                <BranchPoint vc="0" uspid="1867" ordinal="33" offset="791" sl="404" path="1" offsetend="812" fileid="29" />
                <BranchPoint vc="0" uspid="1868" ordinal="34" offset="839" sl="404" path="0" offsetend="841" fileid="29" />
                <BranchPoint vc="0" uspid="1869" ordinal="35" offset="839" sl="404" path="1" offsetend="860" fileid="29" />
                <BranchPoint vc="0" uspid="1870" ordinal="36" offset="887" sl="404" path="0" offsetend="889" fileid="29" />
                <BranchPoint vc="0" uspid="1871" ordinal="37" offset="887" sl="404" path="1" offsetend="908" fileid="29" />
                <BranchPoint vc="0" uspid="1872" ordinal="38" offset="935" sl="404" path="0" offsetend="937" fileid="29" />
                <BranchPoint vc="0" uspid="1873" ordinal="39" offset="935" sl="404" path="1" offsetend="956" fileid="29" />
                <BranchPoint vc="0" uspid="1874" ordinal="40" offset="983" sl="404" path="0" offsetend="985" fileid="29" />
                <BranchPoint vc="0" uspid="1875" ordinal="41" offset="983" sl="404" path="1" offsetend="1004" fileid="29" />
              </BranchPoints>
              <MethodPoint xsi:type="SequencePoint" vc="0" uspid="1831" ordinal="0" offset="0" sl="403" sc="13" el="403" ec="14" bec="0" bev="0" fileid="29" />
            </Method>
            <Method visited="false" cyclomaticComplexity="1" sequenceCoverage="0" branchCoverage="0" isConstructor="false" isStatic="true" isGetter="false" isSetter="false">
              <Summary numSequencePoints="3" visitedSequencePoints="0" numBranchPoints="1" visitedBranchPoints="0" sequenceCoverage="0" branchCoverage="0" maxCyclomaticComplexity="1" minCyclomaticComplexity="1" visitedClasses="0" numClasses="0" visitedMethods="0" numMethods="1" />
              <MetadataToken>100663521</MetadataToken>
              <Name>System.Boolean RMWebAPI.Areas.HelpPage.ObjectGenerator/SimpleTypeObjectGenerator::CanGenerateObject(System.Type)</Name>
              <FileRef uid="29" />
              <SequencePoints>
                <SequencePoint vc="0" uspid="1876" ordinal="0" offset="0" sl="446" sc="13" el="446" ec="14" bec="0" bev="0" fileid="29" />
                <SequencePoint vc="0" uspid="1877" ordinal="1" offset="1" sl="447" sc="17" el="447" ec="60" bec="0" bev="0" fileid="29" />
                <SequencePoint vc="0" uspid="1878" ordinal="2" offset="15" sl="448" sc="13" el="448" ec="14" bec="0" bev="0" fileid="29" />
              </SequencePoints>
              <BranchPoints />
              <MethodPoint xsi:type="SequencePoint" vc="0" uspid="1876" ordinal="0" offset="0" sl="446" sc="13" el="446" ec="14" bec="0" bev="0" fileid="29" />
            </Method>
            <Method visited="false" cyclomaticComplexity="1" sequenceCoverage="0" branchCoverage="0" isConstructor="false" isStatic="false" isGetter="false" isSetter="false">
              <Summary numSequencePoints="3" visitedSequencePoints="0" numBranchPoints="1" visitedBranchPoints="0" sequenceCoverage="0" branchCoverage="0" maxCyclomaticComplexity="1" minCyclomaticComplexity="1" visitedClasses="0" numClasses="0" visitedMethods="0" numMethods="1" />
              <MetadataToken>100663522</MetadataToken>
              <Name>System.Object RMWebAPI.Areas.HelpPage.ObjectGenerator/SimpleTypeObjectGenerator::GenerateObject(System.Type)</Name>
              <FileRef uid="29" />
              <SequencePoints>
                <SequencePoint vc="0" uspid="1879" ordinal="0" offset="0" sl="451" sc="13" el="451" ec="14" bec="0" bev="0" fileid="29" />
                <SequencePoint vc="0" uspid="1880" ordinal="1" offset="1" sl="452" sc="17" el="452" ec="58" bec="0" bev="0" fileid="29" />
                <SequencePoint vc="0" uspid="1881" ordinal="2" offset="38" sl="453" sc="13" el="453" ec="14" bec="0" bev="0" fileid="29" />
              </SequencePoints>
              <BranchPoints />
              <MethodPoint xsi:type="SequencePoint" vc="0" uspid="1879" ordinal="0" offset="0" sl="451" sc="13" el="451" ec="14" bec="0" bev="0" fileid="29" />
            </Method>
            <Method visited="false" cyclomaticComplexity="1" sequenceCoverage="0" branchCoverage="0" isConstructor="true" isStatic="false" isGetter="false" isSetter="false">
              <Summary numSequencePoints="1" visitedSequencePoints="0" numBranchPoints="1" visitedBranchPoints="0" sequenceCoverage="0" branchCoverage="0" maxCyclomaticComplexity="1" minCyclomaticComplexity="1" visitedClasses="0" numClasses="0" visitedMethods="0" numMethods="1" />
              <MetadataToken>100663523</MetadataToken>
              <Name>System.Void RMWebAPI.Areas.HelpPage.ObjectGenerator/SimpleTypeObjectGenerator::.ctor()</Name>
              <FileRef uid="29" />
              <SequencePoints>
                <SequencePoint vc="0" uspid="1882" ordinal="0" offset="0" sl="398" sc="13" el="398" ec="37" bec="0" bev="0" fileid="29" />
              </SequencePoints>
              <BranchPoints />
              <MethodPoint xsi:type="SequencePoint" vc="0" uspid="1882" ordinal="0" offset="0" sl="398" sc="13" el="398" ec="37" bec="0" bev="0" fileid="29" />
            </Method>
            <Method visited="false" cyclomaticComplexity="1" sequenceCoverage="0" branchCoverage="0" isConstructor="false" isStatic="true" isGetter="false" isSetter="false">
              <Summary numSequencePoints="1" visitedSequencePoints="0" numBranchPoints="1" visitedBranchPoints="0" sequenceCoverage="0" branchCoverage="0" maxCyclomaticComplexity="1" minCyclomaticComplexity="1" visitedClasses="0" numClasses="0" visitedMethods="0" numMethods="1" />
              <MetadataToken>100663524</MetadataToken>
              <Name>System.Object RMWebAPI.Areas.HelpPage.ObjectGenerator/SimpleTypeObjectGenerator::&lt;InitializeGenerators&gt;b__1(System.Int64)</Name>
              <FileRef uid="29" />
              <SequencePoints>
                <SequencePoint vc="0" uspid="1883" ordinal="0" offset="0" sl="406" sc="49" el="406" ec="53" bec="0" bev="0" fileid="29" />
              </SequencePoints>
              <BranchPoints />
              <MethodPoint xsi:type="SequencePoint" vc="0" uspid="1883" ordinal="0" offset="0" sl="406" sc="49" el="406" ec="53" bec="0" bev="0" fileid="29" />
            </Method>
            <Method visited="false" cyclomaticComplexity="1" sequenceCoverage="0" branchCoverage="0" isConstructor="false" isStatic="true" isGetter="false" isSetter="false">
              <Summary numSequencePoints="1" visitedSequencePoints="0" numBranchPoints="1" visitedBranchPoints="0" sequenceCoverage="0" branchCoverage="0" maxCyclomaticComplexity="1" minCyclomaticComplexity="1" visitedClasses="0" numClasses="0" visitedMethods="0" numMethods="1" />
              <MetadataToken>100663525</MetadataToken>
              <Name>System.Object RMWebAPI.Areas.HelpPage.ObjectGenerator/SimpleTypeObjectGenerator::&lt;InitializeGenerators&gt;b__2(System.Int64)</Name>
              <FileRef uid="29" />
              <SequencePoints>
                <SequencePoint vc="0" uspid="1884" ordinal="0" offset="0" sl="407" sc="46" el="407" ec="54" bec="0" bev="0" fileid="29" />
              </SequencePoints>
              <BranchPoints />
              <MethodPoint xsi:type="SequencePoint" vc="0" uspid="1884" ordinal="0" offset="0" sl="407" sc="46" el="407" ec="54" bec="0" bev="0" fileid="29" />
            </Method>
            <Method visited="false" cyclomaticComplexity="1" sequenceCoverage="0" branchCoverage="0" isConstructor="false" isStatic="true" isGetter="false" isSetter="false">
              <Summary numSequencePoints="1" visitedSequencePoints="0" numBranchPoints="1" visitedBranchPoints="0" sequenceCoverage="0" branchCoverage="0" maxCyclomaticComplexity="1" minCyclomaticComplexity="1" visitedClasses="0" numClasses="0" visitedMethods="0" numMethods="1" />
              <MetadataToken>100663526</MetadataToken>
              <Name>System.Object RMWebAPI.Areas.HelpPage.ObjectGenerator/SimpleTypeObjectGenerator::&lt;InitializeGenerators&gt;b__3(System.Int64)</Name>
              <FileRef uid="29" />
              <SequencePoints>
                <SequencePoint vc="0" uspid="1885" ordinal="0" offset="0" sl="408" sc="46" el="408" ec="54" bec="0" bev="0" fileid="29" />
              </SequencePoints>
              <BranchPoints />
              <MethodPoint xsi:type="SequencePoint" vc="0" uspid="1885" ordinal="0" offset="0" sl="408" sc="46" el="408" ec="54" bec="0" bev="0" fileid="29" />
            </Method>
            <Method visited="false" cyclomaticComplexity="1" sequenceCoverage="0" branchCoverage="0" isConstructor="false" isStatic="true" isGetter="false" isSetter="false">
              <Summary numSequencePoints="1" visitedSequencePoints="0" numBranchPoints="1" visitedBranchPoints="0" sequenceCoverage="0" branchCoverage="0" maxCyclomaticComplexity="1" minCyclomaticComplexity="1" visitedClasses="0" numClasses="0" visitedMethods="0" numMethods="1" />
              <MetadataToken>100663527</MetadataToken>
              <Name>System.Object RMWebAPI.Areas.HelpPage.ObjectGenerator/SimpleTypeObjectGenerator::&lt;InitializeGenerators&gt;b__4(System.Int64)</Name>
              <FileRef uid="29" />
              <SequencePoints>
                <SequencePoint vc="0" uspid="1886" ordinal="0" offset="0" sl="409" sc="50" el="409" ec="62" bec="0" bev="0" fileid="29" />
              </SequencePoints>
              <BranchPoints />
              <MethodPoint xsi:type="SequencePoint" vc="0" uspid="1886" ordinal="0" offset="0" sl="409" sc="50" el="409" ec="62" bec="0" bev="0" fileid="29" />
            </Method>
            <Method visited="false" cyclomaticComplexity="1" sequenceCoverage="0" branchCoverage="0" isConstructor="false" isStatic="true" isGetter="false" isSetter="false">
              <Summary numSequencePoints="1" visitedSequencePoints="0" numBranchPoints="1" visitedBranchPoints="0" sequenceCoverage="0" branchCoverage="0" maxCyclomaticComplexity="1" minCyclomaticComplexity="1" visitedClasses="0" numClasses="0" visitedMethods="0" numMethods="1" />
              <MetadataToken>100663528</MetadataToken>
              <Name>System.Object RMWebAPI.Areas.HelpPage.ObjectGenerator/SimpleTypeObjectGenerator::&lt;InitializeGenerators&gt;b__5(System.Int64)</Name>
              <FileRef uid="29" />
              <SequencePoints>
                <SequencePoint vc="0" uspid="1887" ordinal="0" offset="0" sl="410" sc="56" el="410" ec="88" bec="0" bev="0" fileid="29" />
              </SequencePoints>
              <BranchPoints />
              <MethodPoint xsi:type="SequencePoint" vc="0" uspid="1887" ordinal="0" offset="0" sl="410" sc="56" el="410" ec="88" bec="0" bev="0" fileid="29" />
            </Method>
            <Method visited="false" cyclomaticComplexity="1" sequenceCoverage="0" branchCoverage="0" isConstructor="false" isStatic="true" isGetter="false" isSetter="false">
              <Summary numSequencePoints="1" visitedSequencePoints="0" numBranchPoints="1" visitedBranchPoints="0" sequenceCoverage="0" branchCoverage="0" maxCyclomaticComplexity="1" minCyclomaticComplexity="1" visitedClasses="0" numClasses="0" visitedMethods="0" numMethods="1" />
              <MetadataToken>100663529</MetadataToken>
              <Name>System.Object RMWebAPI.Areas.HelpPage.ObjectGenerator/SimpleTypeObjectGenerator::&lt;InitializeGenerators&gt;b__6(System.Int64)</Name>
              <FileRef uid="29" />
              <SequencePoints>
                <SequencePoint vc="0" uspid="1888" ordinal="0" offset="0" sl="411" sc="48" el="411" ec="60" bec="0" bev="0" fileid="29" />
              </SequencePoints>
              <BranchPoints />
              <MethodPoint xsi:type="SequencePoint" vc="0" uspid="1888" ordinal="0" offset="0" sl="411" sc="48" el="411" ec="60" bec="0" bev="0" fileid="29" />
            </Method>
            <Method visited="false" cyclomaticComplexity="1" sequenceCoverage="0" branchCoverage="0" isConstructor="false" isStatic="true" isGetter="false" isSetter="false">
              <Summary numSequencePoints="1" visitedSequencePoints="0" numBranchPoints="1" visitedBranchPoints="0" sequenceCoverage="0" branchCoverage="0" maxCyclomaticComplexity="1" minCyclomaticComplexity="1" visitedClasses="0" numClasses="0" visitedMethods="0" numMethods="1" />
              <MetadataToken>100663530</MetadataToken>
              <Name>System.Object RMWebAPI.Areas.HelpPage.ObjectGenerator/SimpleTypeObjectGenerator::&lt;InitializeGenerators&gt;b__7(System.Int64)</Name>
              <FileRef uid="29" />
              <SequencePoints>
                <SequencePoint vc="0" uspid="1889" ordinal="0" offset="0" sl="412" sc="49" el="412" ec="63" bec="0" bev="0" fileid="29" />
              </SequencePoints>
              <BranchPoints />
              <MethodPoint xsi:type="SequencePoint" vc="0" uspid="1889" ordinal="0" offset="0" sl="412" sc="49" el="412" ec="63" bec="0" bev="0" fileid="29" />
            </Method>
            <Method visited="false" cyclomaticComplexity="1" sequenceCoverage="0" branchCoverage="0" isConstructor="false" isStatic="true" isGetter="false" isSetter="false">
              <Summary numSequencePoints="1" visitedSequencePoints="0" numBranchPoints="1" visitedBranchPoints="0" sequenceCoverage="0" branchCoverage="0" maxCyclomaticComplexity="1" minCyclomaticComplexity="1" visitedClasses="0" numClasses="0" visitedMethods="0" numMethods="1" />
              <MetadataToken>100663531</MetadataToken>
              <Name>System.Object RMWebAPI.Areas.HelpPage.ObjectGenerator/SimpleTypeObjectGenerator::&lt;InitializeGenerators&gt;b__8(System.Int64)</Name>
              <FileRef uid="29" />
              <SequencePoints>
                <SequencePoint vc="0" uspid="1890" ordinal="0" offset="0" sl="413" sc="48" el="413" ec="69" bec="0" bev="0" fileid="29" />
              </SequencePoints>
              <BranchPoints />
              <MethodPoint xsi:type="SequencePoint" vc="0" uspid="1890" ordinal="0" offset="0" sl="413" sc="48" el="413" ec="69" bec="0" bev="0" fileid="29" />
            </Method>
            <Method visited="false" cyclomaticComplexity="1" sequenceCoverage="0" branchCoverage="0" isConstructor="false" isStatic="true" isGetter="false" isSetter="false">
              <Summary numSequencePoints="1" visitedSequencePoints="0" numBranchPoints="1" visitedBranchPoints="0" sequenceCoverage="0" branchCoverage="0" maxCyclomaticComplexity="1" minCyclomaticComplexity="1" visitedClasses="0" numClasses="0" visitedMethods="0" numMethods="1" />
              <MetadataToken>100663532</MetadataToken>
              <Name>System.Object RMWebAPI.Areas.HelpPage.ObjectGenerator/SimpleTypeObjectGenerator::&lt;InitializeGenerators&gt;b__9(System.Int64)</Name>
              <FileRef uid="29" />
              <SequencePoints>
                <SequencePoint vc="0" uspid="1891" ordinal="0" offset="0" sl="414" sc="46" el="414" ec="60" bec="0" bev="0" fileid="29" />
              </SequencePoints>
              <BranchPoints />
              <MethodPoint xsi:type="SequencePoint" vc="0" uspid="1891" ordinal="0" offset="0" sl="414" sc="46" el="414" ec="60" bec="0" bev="0" fileid="29" />
            </Method>
            <Method visited="false" cyclomaticComplexity="1" sequenceCoverage="0" branchCoverage="0" isConstructor="false" isStatic="true" isGetter="false" isSetter="false">
              <Summary numSequencePoints="1" visitedSequencePoints="0" numBranchPoints="1" visitedBranchPoints="0" sequenceCoverage="0" branchCoverage="0" maxCyclomaticComplexity="1" minCyclomaticComplexity="1" visitedClasses="0" numClasses="0" visitedMethods="0" numMethods="1" />
              <MetadataToken>100663533</MetadataToken>
              <Name>System.Object RMWebAPI.Areas.HelpPage.ObjectGenerator/SimpleTypeObjectGenerator::&lt;InitializeGenerators&gt;b__a(System.Int64)</Name>
              <FileRef uid="29" />
              <SequencePoints>
                <SequencePoint vc="0" uspid="1892" ordinal="0" offset="0" sl="415" sc="47" el="415" ec="78" bec="0" bev="0" fileid="29" />
              </SequencePoints>
              <BranchPoints />
              <MethodPoint xsi:type="SequencePoint" vc="0" uspid="1892" ordinal="0" offset="0" sl="415" sc="47" el="415" ec="78" bec="0" bev="0" fileid="29" />
            </Method>
            <Method visited="false" cyclomaticComplexity="1" sequenceCoverage="0" branchCoverage="0" isConstructor="false" isStatic="true" isGetter="false" isSetter="false">
              <Summary numSequencePoints="1" visitedSequencePoints="0" numBranchPoints="1" visitedBranchPoints="0" sequenceCoverage="0" branchCoverage="0" maxCyclomaticComplexity="1" minCyclomaticComplexity="1" visitedClasses="0" numClasses="0" visitedMethods="0" numMethods="1" />
              <MetadataToken>100663534</MetadataToken>
              <Name>System.Object RMWebAPI.Areas.HelpPage.ObjectGenerator/SimpleTypeObjectGenerator::&lt;InitializeGenerators&gt;b__b(System.Int64)</Name>
              <FileRef uid="29" />
              <SequencePoints>
                <SequencePoint vc="0" uspid="1893" ordinal="0" offset="0" sl="416" sc="47" el="416" ec="78" bec="0" bev="0" fileid="29" />
              </SequencePoints>
              <BranchPoints />
              <MethodPoint xsi:type="SequencePoint" vc="0" uspid="1893" ordinal="0" offset="0" sl="416" sc="47" el="416" ec="78" bec="0" bev="0" fileid="29" />
            </Method>
            <Method visited="false" cyclomaticComplexity="1" sequenceCoverage="0" branchCoverage="0" isConstructor="false" isStatic="true" isGetter="false" isSetter="false">
              <Summary numSequencePoints="1" visitedSequencePoints="0" numBranchPoints="1" visitedBranchPoints="0" sequenceCoverage="0" branchCoverage="0" maxCyclomaticComplexity="1" minCyclomaticComplexity="1" visitedClasses="0" numClasses="0" visitedMethods="0" numMethods="1" />
              <MetadataToken>100663535</MetadataToken>
              <Name>System.Object RMWebAPI.Areas.HelpPage.ObjectGenerator/SimpleTypeObjectGenerator::&lt;InitializeGenerators&gt;b__c(System.Int64)</Name>
              <FileRef uid="29" />
              <SequencePoints>
                <SequencePoint vc="0" uspid="1894" ordinal="0" offset="0" sl="417" sc="47" el="417" ec="59" bec="0" bev="0" fileid="29" />
              </SequencePoints>
              <BranchPoints />
              <MethodPoint xsi:type="SequencePoint" vc="0" uspid="1894" ordinal="0" offset="0" sl="417" sc="47" el="417" ec="59" bec="0" bev="0" fileid="29" />
            </Method>
            <Method visited="false" cyclomaticComplexity="1" sequenceCoverage="0" branchCoverage="0" isConstructor="false" isStatic="true" isGetter="false" isSetter="false">
              <Summary numSequencePoints="1" visitedSequencePoints="0" numBranchPoints="1" visitedBranchPoints="0" sequenceCoverage="0" branchCoverage="0" maxCyclomaticComplexity="1" minCyclomaticComplexity="1" visitedClasses="0" numClasses="0" visitedMethods="0" numMethods="1" />
              <MetadataToken>100663536</MetadataToken>
              <Name>System.Object RMWebAPI.Areas.HelpPage.ObjectGenerator/SimpleTypeObjectGenerator::&lt;InitializeGenerators&gt;b__d(System.Int64)</Name>
              <FileRef uid="29" />
              <SequencePoints>
                <SequencePoint vc="0" uspid="1895" ordinal="0" offset="0" sl="418" sc="48" el="418" ec="60" bec="0" bev="0" fileid="29" />
              </SequencePoints>
              <BranchPoints />
              <MethodPoint xsi:type="SequencePoint" vc="0" uspid="1895" ordinal="0" offset="0" sl="418" sc="48" el="418" ec="60" bec="0" bev="0" fileid="29" />
            </Method>
            <Method visited="false" cyclomaticComplexity="1" sequenceCoverage="0" branchCoverage="0" isConstructor="false" isStatic="true" isGetter="false" isSetter="false">
              <Summary numSequencePoints="1" visitedSequencePoints="0" numBranchPoints="1" visitedBranchPoints="0" sequenceCoverage="0" branchCoverage="0" maxCyclomaticComplexity="1" minCyclomaticComplexity="1" visitedClasses="0" numClasses="0" visitedMethods="0" numMethods="1" />
              <MetadataToken>100663537</MetadataToken>
              <Name>System.Object RMWebAPI.Areas.HelpPage.ObjectGenerator/SimpleTypeObjectGenerator::&lt;InitializeGenerators&gt;b__e(System.Int64)</Name>
              <FileRef uid="29" />
              <SequencePoints>
                <SequencePoint vc="0" uspid="1896" ordinal="0" offset="0" sl="419" sc="47" el="419" ec="56" bec="0" bev="0" fileid="29" />
              </SequencePoints>
              <BranchPoints />
              <MethodPoint xsi:type="SequencePoint" vc="0" uspid="1896" ordinal="0" offset="0" sl="419" sc="47" el="419" ec="56" bec="0" bev="0" fileid="29" />
            </Method>
            <Method visited="false" cyclomaticComplexity="1" sequenceCoverage="0" branchCoverage="0" isConstructor="false" isStatic="true" isGetter="false" isSetter="false">
              <Summary numSequencePoints="1" visitedSequencePoints="0" numBranchPoints="1" visitedBranchPoints="0" sequenceCoverage="0" branchCoverage="0" maxCyclomaticComplexity="1" minCyclomaticComplexity="1" visitedClasses="0" numClasses="0" visitedMethods="0" numMethods="1" />
              <MetadataToken>100663538</MetadataToken>
              <Name>System.Object RMWebAPI.Areas.HelpPage.ObjectGenerator/SimpleTypeObjectGenerator::&lt;InitializeGenerators&gt;b__f(System.Int64)</Name>
              <FileRef uid="29" />
              <SequencePoints>
                <SequencePoint vc="0" uspid="1897" ordinal="0" offset="0" sl="420" sc="48" el="420" ec="69" bec="0" bev="0" fileid="29" />
              </SequencePoints>
              <BranchPoints />
              <MethodPoint xsi:type="SequencePoint" vc="0" uspid="1897" ordinal="0" offset="0" sl="420" sc="48" el="420" ec="69" bec="0" bev="0" fileid="29" />
            </Method>
            <Method visited="false" cyclomaticComplexity="1" sequenceCoverage="0" branchCoverage="0" isConstructor="false" isStatic="true" isGetter="false" isSetter="false">
              <Summary numSequencePoints="2" visitedSequencePoints="0" numBranchPoints="1" visitedBranchPoints="0" sequenceCoverage="0" branchCoverage="0" maxCyclomaticComplexity="1" minCyclomaticComplexity="1" visitedClasses="0" numClasses="0" visitedMethods="0" numMethods="1" />
              <MetadataToken>100663539</MetadataToken>
              <Name>System.Object RMWebAPI.Areas.HelpPage.ObjectGenerator/SimpleTypeObjectGenerator::&lt;InitializeGenerators&gt;b__10(System.Int64)</Name>
              <FileRef uid="29" />
              <SequencePoints>
                <SequencePoint vc="0" uspid="1898" ordinal="0" offset="0" sl="423" sc="25" el="423" ec="26" bec="0" bev="0" fileid="29" />
                <SequencePoint vc="0" uspid="1899" ordinal="1" offset="1" sl="424" sc="29" el="424" ec="106" bec="0" bev="0" fileid="29" />
              </SequencePoints>
              <BranchPoints />
              <MethodPoint xsi:type="SequencePoint" vc="0" uspid="1898" ordinal="0" offset="0" sl="423" sc="25" el="423" ec="26" bec="0" bev="0" fileid="29" />
            </Method>
            <Method visited="false" cyclomaticComplexity="1" sequenceCoverage="0" branchCoverage="0" isConstructor="false" isStatic="true" isGetter="false" isSetter="false">
              <Summary numSequencePoints="2" visitedSequencePoints="0" numBranchPoints="1" visitedBranchPoints="0" sequenceCoverage="0" branchCoverage="0" maxCyclomaticComplexity="1" minCyclomaticComplexity="1" visitedClasses="0" numClasses="0" visitedMethods="0" numMethods="1" />
              <MetadataToken>100663540</MetadataToken>
              <Name>System.Object RMWebAPI.Areas.HelpPage.ObjectGenerator/SimpleTypeObjectGenerator::&lt;InitializeGenerators&gt;b__11(System.Int64)</Name>
              <FileRef uid="29" />
              <SequencePoints>
                <SequencePoint vc="0" uspid="1900" ordinal="0" offset="0" sl="429" sc="25" el="429" ec="26" bec="0" bev="0" fileid="29" />
                <SequencePoint vc="0" uspid="1901" ordinal="1" offset="1" sl="430" sc="29" el="430" ec="64" bec="0" bev="0" fileid="29" />
              </SequencePoints>
              <BranchPoints />
              <MethodPoint xsi:type="SequencePoint" vc="0" uspid="1900" ordinal="0" offset="0" sl="429" sc="25" el="429" ec="26" bec="0" bev="0" fileid="29" />
            </Method>
            <Method visited="false" cyclomaticComplexity="1" sequenceCoverage="0" branchCoverage="0" isConstructor="false" isStatic="true" isGetter="false" isSetter="false">
              <Summary numSequencePoints="1" visitedSequencePoints="0" numBranchPoints="1" visitedBranchPoints="0" sequenceCoverage="0" branchCoverage="0" maxCyclomaticComplexity="1" minCyclomaticComplexity="1" visitedClasses="0" numClasses="0" visitedMethods="0" numMethods="1" />
              <MetadataToken>100663541</MetadataToken>
              <Name>System.Object RMWebAPI.Areas.HelpPage.ObjectGenerator/SimpleTypeObjectGenerator::&lt;InitializeGenerators&gt;b__12(System.Int64)</Name>
              <FileRef uid="29" />
              <SequencePoints>
                <SequencePoint vc="0" uspid="1902" ordinal="0" offset="0" sl="433" sc="48" el="433" ec="81" bec="0" bev="0" fileid="29" />
              </SequencePoints>
              <BranchPoints />
              <MethodPoint xsi:type="SequencePoint" vc="0" uspid="1902" ordinal="0" offset="0" sl="433" sc="48" el="433" ec="81" bec="0" bev="0" fileid="29" />
            </Method>
            <Method visited="false" cyclomaticComplexity="1" sequenceCoverage="0" branchCoverage="0" isConstructor="false" isStatic="true" isGetter="false" isSetter="false">
              <Summary numSequencePoints="1" visitedSequencePoints="0" numBranchPoints="1" visitedBranchPoints="0" sequenceCoverage="0" branchCoverage="0" maxCyclomaticComplexity="1" minCyclomaticComplexity="1" visitedClasses="0" numClasses="0" visitedMethods="0" numMethods="1" />
              <MetadataToken>100663542</MetadataToken>
              <Name>System.Object RMWebAPI.Areas.HelpPage.ObjectGenerator/SimpleTypeObjectGenerator::&lt;InitializeGenerators&gt;b__13(System.Int64)</Name>
              <FileRef uid="29" />
              <SequencePoints>
                <SequencePoint vc="0" uspid="1903" ordinal="0" offset="0" sl="434" sc="48" el="434" ec="81" bec="0" bev="0" fileid="29" />
              </SequencePoints>
              <BranchPoints />
              <MethodPoint xsi:type="SequencePoint" vc="0" uspid="1903" ordinal="0" offset="0" sl="434" sc="48" el="434" ec="81" bec="0" bev="0" fileid="29" />
            </Method>
            <Method visited="false" cyclomaticComplexity="1" sequenceCoverage="0" branchCoverage="0" isConstructor="false" isStatic="true" isGetter="false" isSetter="false">
              <Summary numSequencePoints="1" visitedSequencePoints="0" numBranchPoints="1" visitedBranchPoints="0" sequenceCoverage="0" branchCoverage="0" maxCyclomaticComplexity="1" minCyclomaticComplexity="1" visitedClasses="0" numClasses="0" visitedMethods="0" numMethods="1" />
              <MetadataToken>100663543</MetadataToken>
              <Name>System.Object RMWebAPI.Areas.HelpPage.ObjectGenerator/SimpleTypeObjectGenerator::&lt;InitializeGenerators&gt;b__14(System.Int64)</Name>
              <FileRef uid="29" />
              <SequencePoints>
                <SequencePoint vc="0" uspid="1904" ordinal="0" offset="0" sl="435" sc="48" el="435" ec="61" bec="0" bev="0" fileid="29" />
              </SequencePoints>
              <BranchPoints />
              <MethodPoint xsi:type="SequencePoint" vc="0" uspid="1904" ordinal="0" offset="0" sl="435" sc="48" el="435" ec="61" bec="0" bev="0" fileid="29" />
            </Method>
            <Method visited="false" cyclomaticComplexity="1" sequenceCoverage="0" branchCoverage="0" isConstructor="false" isStatic="true" isGetter="false" isSetter="false">
              <Summary numSequencePoints="2" visitedSequencePoints="0" numBranchPoints="1" visitedBranchPoints="0" sequenceCoverage="0" branchCoverage="0" maxCyclomaticComplexity="1" minCyclomaticComplexity="1" visitedClasses="0" numClasses="0" visitedMethods="0" numMethods="1" />
              <MetadataToken>100663544</MetadataToken>
              <Name>System.Object RMWebAPI.Areas.HelpPage.ObjectGenerator/SimpleTypeObjectGenerator::&lt;InitializeGenerators&gt;b__15(System.Int64)</Name>
              <FileRef uid="29" />
              <SequencePoints>
                <SequencePoint vc="0" uspid="1905" ordinal="0" offset="0" sl="438" sc="25" el="438" ec="26" bec="0" bev="0" fileid="29" />
                <SequencePoint vc="0" uspid="1906" ordinal="1" offset="1" sl="439" sc="29" el="439" ec="126" bec="0" bev="0" fileid="29" />
              </SequencePoints>
              <BranchPoints />
              <MethodPoint xsi:type="SequencePoint" vc="0" uspid="1905" ordinal="0" offset="0" sl="438" sc="25" el="438" ec="26" bec="0" bev="0" fileid="29" />
            </Method>
            <Method visited="false" cyclomaticComplexity="1" sequenceCoverage="0" branchCoverage="0" isConstructor="true" isStatic="true" isGetter="false" isSetter="false">
              <Summary numSequencePoints="1" visitedSequencePoints="0" numBranchPoints="1" visitedBranchPoints="0" sequenceCoverage="0" branchCoverage="0" maxCyclomaticComplexity="1" minCyclomaticComplexity="1" visitedClasses="0" numClasses="0" visitedMethods="0" numMethods="1" />
              <MetadataToken>100663545</MetadataToken>
              <Name>System.Void RMWebAPI.Areas.HelpPage.ObjectGenerator/SimpleTypeObjectGenerator::.cctor()</Name>
              <FileRef uid="29" />
              <SequencePoints>
                <SequencePoint vc="0" uspid="1907" ordinal="0" offset="0" sl="399" sc="13" el="399" ec="117" bec="0" bev="0" fileid="29" />
              </SequencePoints>
              <BranchPoints />
              <MethodPoint xsi:type="SequencePoint" vc="0" uspid="1907" ordinal="0" offset="0" sl="399" sc="13" el="399" ec="117" bec="0" bev="0" fileid="29" />
            </Method>
          </Methods>
        </Class>
        <Class>
          <Summary numSequencePoints="17" visitedSequencePoints="0" numBranchPoints="8" visitedBranchPoints="0" sequenceCoverage="0" branchCoverage="0" maxCyclomaticComplexity="2" minCyclomaticComplexity="1" visitedClasses="0" numClasses="1" visitedMethods="0" numMethods="4" />
          <FullName>RMWebAPI.Areas.HelpPage.TextSample</FullName>
          <Methods>
            <Method visited="false" cyclomaticComplexity="1" sequenceCoverage="0" branchCoverage="0" isConstructor="false" isStatic="false" isGetter="true" isSetter="false">
              <Summary numSequencePoints="0" visitedSequencePoints="0" numBranchPoints="0" visitedBranchPoints="0" sequenceCoverage="0" branchCoverage="0" maxCyclomaticComplexity="1" minCyclomaticComplexity="1" visitedClasses="0" numClasses="0" visitedMethods="0" numMethods="0" />
              <MetadataToken>100663547</MetadataToken>
              <Name>System.String RMWebAPI.Areas.HelpPage.TextSample::get_Text()</Name>
              <SequencePoints />
              <BranchPoints />
              <MethodPoint vc="0" uspid="1908" ordinal="0" offset="0" />
            </Method>
            <Method visited="false" cyclomaticComplexity="1" sequenceCoverage="0" branchCoverage="0" isConstructor="false" isStatic="false" isGetter="false" isSetter="true">
              <Summary numSequencePoints="0" visitedSequencePoints="0" numBranchPoints="0" visitedBranchPoints="0" sequenceCoverage="0" branchCoverage="0" maxCyclomaticComplexity="1" minCyclomaticComplexity="1" visitedClasses="0" numClasses="0" visitedMethods="0" numMethods="0" />
              <MetadataToken>100663548</MetadataToken>
              <Name>System.Void RMWebAPI.Areas.HelpPage.TextSample::set_Text(System.String)</Name>
              <SequencePoints />
              <BranchPoints />
              <MethodPoint vc="0" uspid="1909" ordinal="0" offset="0" />
            </Method>
            <Method visited="false" cyclomaticComplexity="2" sequenceCoverage="0" branchCoverage="0" isConstructor="true" isStatic="false" isGetter="false" isSetter="false">
              <Summary numSequencePoints="7" visitedSequencePoints="0" numBranchPoints="3" visitedBranchPoints="0" sequenceCoverage="0" branchCoverage="0" maxCyclomaticComplexity="2" minCyclomaticComplexity="2" visitedClasses="0" numClasses="0" visitedMethods="0" numMethods="1" />
              <MetadataToken>100663546</MetadataToken>
              <Name>System.Void RMWebAPI.Areas.HelpPage.TextSample::.ctor(System.String)</Name>
              <FileRef uid="31" />
              <SequencePoints>
                <SequencePoint vc="0" uspid="1910" ordinal="0" offset="0" sl="10" sc="9" el="10" ec="39" bec="0" bev="0" fileid="31" />
                <SequencePoint vc="0" uspid="1911" ordinal="1" offset="7" sl="11" sc="9" el="11" ec="10" bec="0" bev="0" fileid="31" />
                <SequencePoint vc="0" uspid="1912" ordinal="2" offset="8" sl="12" sc="13" el="12" ec="30" bec="2" bev="0" fileid="31" />
                <SequencePoint vc="0" uspid="1913" ordinal="3" offset="19" sl="13" sc="13" el="13" ec="14" bec="0" bev="0" fileid="31" />
                <SequencePoint vc="0" uspid="1914" ordinal="4" offset="20" sl="14" sc="17" el="14" ec="57" bec="0" bev="0" fileid="31" />
                <SequencePoint vc="0" uspid="1915" ordinal="5" offset="31" sl="16" sc="13" el="16" ec="25" bec="0" bev="0" fileid="31" />
                <SequencePoint vc="0" uspid="1916" ordinal="6" offset="39" sl="17" sc="9" el="17" ec="10" bec="0" bev="0" fileid="31" />
              </SequencePoints>
              <BranchPoints>
                <BranchPoint vc="0" uspid="1917" ordinal="0" offset="17" sl="12" path="0" offsetend="19" fileid="31" />
                <BranchPoint vc="0" uspid="1918" ordinal="1" offset="17" sl="12" path="1" offsetend="31" fileid="31" />
              </BranchPoints>
              <MethodPoint xsi:type="SequencePoint" vc="0" uspid="1910" ordinal="0" offset="0" sl="10" sc="9" el="10" ec="39" bec="0" bev="0" fileid="31" />
            </Method>
            <Method visited="false" cyclomaticComplexity="2" sequenceCoverage="0" branchCoverage="0" isConstructor="false" isStatic="false" isGetter="false" isSetter="false">
              <Summary numSequencePoints="4" visitedSequencePoints="0" numBranchPoints="3" visitedBranchPoints="0" sequenceCoverage="0" branchCoverage="0" maxCyclomaticComplexity="2" minCyclomaticComplexity="2" visitedClasses="0" numClasses="0" visitedMethods="0" numMethods="1" />
              <MetadataToken>100663549</MetadataToken>
              <Name>System.Boolean RMWebAPI.Areas.HelpPage.TextSample::Equals(System.Object)</Name>
              <FileRef uid="31" />
              <SequencePoints>
                <SequencePoint vc="0" uspid="1919" ordinal="0" offset="0" sl="22" sc="9" el="22" ec="10" bec="0" bev="0" fileid="31" />
                <SequencePoint vc="0" uspid="1920" ordinal="1" offset="1" sl="23" sc="13" el="23" ec="50" bec="0" bev="0" fileid="31" />
                <SequencePoint vc="0" uspid="1921" ordinal="2" offset="8" sl="24" sc="13" el="24" ec="56" bec="2" bev="0" fileid="31" />
                <SequencePoint vc="0" uspid="1922" ordinal="3" offset="35" sl="25" sc="9" el="25" ec="10" bec="0" bev="0" fileid="31" />
              </SequencePoints>
              <BranchPoints>
                <BranchPoint vc="0" uspid="1923" ordinal="0" offset="9" sl="24" path="0" offsetend="11" fileid="31" />
                <BranchPoint vc="0" uspid="1924" ordinal="1" offset="9" sl="24" path="1" offsetend="30" fileid="31" />
              </BranchPoints>
              <MethodPoint xsi:type="SequencePoint" vc="0" uspid="1919" ordinal="0" offset="0" sl="22" sc="9" el="22" ec="10" bec="0" bev="0" fileid="31" />
            </Method>
            <Method visited="false" cyclomaticComplexity="1" sequenceCoverage="0" branchCoverage="0" isConstructor="false" isStatic="false" isGetter="false" isSetter="false">
              <Summary numSequencePoints="3" visitedSequencePoints="0" numBranchPoints="1" visitedBranchPoints="0" sequenceCoverage="0" branchCoverage="0" maxCyclomaticComplexity="1" minCyclomaticComplexity="1" visitedClasses="0" numClasses="0" visitedMethods="0" numMethods="1" />
              <MetadataToken>100663550</MetadataToken>
              <Name>System.Int32 RMWebAPI.Areas.HelpPage.TextSample::GetHashCode()</Name>
              <FileRef uid="31" />
              <SequencePoints>
                <SequencePoint vc="0" uspid="1925" ordinal="0" offset="0" sl="28" sc="9" el="28" ec="10" bec="0" bev="0" fileid="31" />
                <SequencePoint vc="0" uspid="1926" ordinal="1" offset="1" sl="29" sc="13" el="29" ec="39" bec="0" bev="0" fileid="31" />
                <SequencePoint vc="0" uspid="1927" ordinal="2" offset="15" sl="30" sc="9" el="30" ec="10" bec="0" bev="0" fileid="31" />
              </SequencePoints>
              <BranchPoints />
              <MethodPoint xsi:type="SequencePoint" vc="0" uspid="1925" ordinal="0" offset="0" sl="28" sc="9" el="28" ec="10" bec="0" bev="0" fileid="31" />
            </Method>
            <Method visited="false" cyclomaticComplexity="1" sequenceCoverage="0" branchCoverage="0" isConstructor="false" isStatic="false" isGetter="false" isSetter="false">
              <Summary numSequencePoints="3" visitedSequencePoints="0" numBranchPoints="1" visitedBranchPoints="0" sequenceCoverage="0" branchCoverage="0" maxCyclomaticComplexity="1" minCyclomaticComplexity="1" visitedClasses="0" numClasses="0" visitedMethods="0" numMethods="1" />
              <MetadataToken>100663551</MetadataToken>
              <Name>System.String RMWebAPI.Areas.HelpPage.TextSample::ToString()</Name>
              <FileRef uid="31" />
              <SequencePoints>
                <SequencePoint vc="0" uspid="1928" ordinal="0" offset="0" sl="33" sc="9" el="33" ec="10" bec="0" bev="0" fileid="31" />
                <SequencePoint vc="0" uspid="1929" ordinal="1" offset="1" sl="34" sc="13" el="34" ec="25" bec="0" bev="0" fileid="31" />
                <SequencePoint vc="0" uspid="1930" ordinal="2" offset="10" sl="35" sc="9" el="35" ec="10" bec="0" bev="0" fileid="31" />
              </SequencePoints>
              <BranchPoints />
              <MethodPoint xsi:type="SequencePoint" vc="0" uspid="1928" ordinal="0" offset="0" sl="33" sc="9" el="33" ec="10" bec="0" bev="0" fileid="31" />
            </Method>
          </Methods>
        </Class>
        <Class>
          <Summary numSequencePoints="99" visitedSequencePoints="0" numBranchPoints="40" visitedBranchPoints="0" sequenceCoverage="0" branchCoverage="0" maxCyclomaticComplexity="4" minCyclomaticComplexity="1" visitedClasses="0" numClasses="1" visitedMethods="0" numMethods="14" />
          <FullName>RMWebAPI.Areas.HelpPage.XmlDocumentationProvider</FullName>
          <Methods>
            <Method visited="false" cyclomaticComplexity="2" sequenceCoverage="0" branchCoverage="0" isConstructor="true" isStatic="false" isGetter="false" isSetter="false">
              <Summary numSequencePoints="8" visitedSequencePoints="0" numBranchPoints="3" visitedBranchPoints="0" sequenceCoverage="0" branchCoverage="0" maxCyclomaticComplexity="2" minCyclomaticComplexity="2" visitedClasses="0" numClasses="0" visitedMethods="0" numMethods="1" />
              <MetadataToken>100663552</MetadataToken>
              <Name>System.Void RMWebAPI.Areas.HelpPage.XmlDocumentationProvider::.ctor(System.String)</Name>
              <FileRef uid="32" />
              <SequencePoints>
                <SequencePoint vc="0" uspid="1931" ordinal="0" offset="0" sl="28" sc="9" el="28" ec="61" bec="0" bev="0" fileid="32" />
                <SequencePoint vc="0" uspid="1932" ordinal="1" offset="7" sl="29" sc="9" el="29" ec="10" bec="0" bev="0" fileid="32" />
                <SequencePoint vc="0" uspid="1933" ordinal="2" offset="8" sl="30" sc="13" el="30" ec="38" bec="2" bev="0" fileid="32" />
                <SequencePoint vc="0" uspid="1934" ordinal="3" offset="19" sl="31" sc="13" el="31" ec="14" bec="0" bev="0" fileid="32" />
                <SequencePoint vc="0" uspid="1935" ordinal="4" offset="20" sl="32" sc="17" el="32" ec="65" bec="0" bev="0" fileid="32" />
                <SequencePoint vc="0" uspid="1936" ordinal="5" offset="31" sl="34" sc="13" el="34" ec="67" bec="0" bev="0" fileid="32" />
                <SequencePoint vc="0" uspid="1937" ordinal="6" offset="38" sl="35" sc="13" el="35" ec="58" bec="0" bev="0" fileid="32" />
                <SequencePoint vc="0" uspid="1938" ordinal="7" offset="50" sl="36" sc="9" el="36" ec="10" bec="0" bev="0" fileid="32" />
              </SequencePoints>
              <BranchPoints>
                <BranchPoint vc="0" uspid="1939" ordinal="0" offset="17" sl="30" path="0" offsetend="19" fileid="32" />
                <BranchPoint vc="0" uspid="1940" ordinal="1" offset="17" sl="30" path="1" offsetend="31" fileid="32" />
              </BranchPoints>
              <MethodPoint xsi:type="SequencePoint" vc="0" uspid="1931" ordinal="0" offset="0" sl="28" sc="9" el="28" ec="61" bec="0" bev="0" fileid="32" />
            </Method>
            <Method visited="false" cyclomaticComplexity="1" sequenceCoverage="0" branchCoverage="0" isConstructor="false" isStatic="false" isGetter="false" isSetter="false">
              <Summary numSequencePoints="4" visitedSequencePoints="0" numBranchPoints="1" visitedBranchPoints="0" sequenceCoverage="0" branchCoverage="0" maxCyclomaticComplexity="1" minCyclomaticComplexity="1" visitedClasses="0" numClasses="0" visitedMethods="0" numMethods="1" />
              <MetadataToken>100663553</MetadataToken>
              <Name>System.String RMWebAPI.Areas.HelpPage.XmlDocumentationProvider::GetDocumentation(System.Web.Http.Controllers.HttpControllerDescriptor)</Name>
              <FileRef uid="32" />
              <SequencePoints>
                <SequencePoint vc="0" uspid="1941" ordinal="0" offset="0" sl="39" sc="9" el="39" ec="10" bec="0" bev="0" fileid="32" />
                <SequencePoint vc="0" uspid="1942" ordinal="1" offset="1" sl="40" sc="13" el="40" ec="88" bec="0" bev="0" fileid="32" />
                <SequencePoint vc="0" uspid="1943" ordinal="2" offset="14" sl="41" sc="13" el="41" ec="53" bec="0" bev="0" fileid="32" />
                <SequencePoint vc="0" uspid="1944" ordinal="3" offset="28" sl="42" sc="9" el="42" ec="10" bec="0" bev="0" fileid="32" />
              </SequencePoints>
              <BranchPoints />
              <MethodPoint xsi:type="SequencePoint" vc="0" uspid="1941" ordinal="0" offset="0" sl="39" sc="9" el="39" ec="10" bec="0" bev="0" fileid="32" />
            </Method>
            <Method visited="false" cyclomaticComplexity="1" sequenceCoverage="0" branchCoverage="0" isConstructor="false" isStatic="false" isGetter="false" isSetter="false">
              <Summary numSequencePoints="4" visitedSequencePoints="0" numBranchPoints="1" visitedBranchPoints="0" sequenceCoverage="0" branchCoverage="0" maxCyclomaticComplexity="1" minCyclomaticComplexity="1" visitedClasses="0" numClasses="0" visitedMethods="0" numMethods="1" />
              <MetadataToken>100663554</MetadataToken>
              <Name>System.String RMWebAPI.Areas.HelpPage.XmlDocumentationProvider::GetDocumentation(System.Web.Http.Controllers.HttpActionDescriptor)</Name>
              <FileRef uid="32" />
              <SequencePoints>
                <SequencePoint vc="0" uspid="1945" ordinal="0" offset="0" sl="45" sc="9" el="45" ec="10" bec="0" bev="0" fileid="32" />
                <SequencePoint vc="0" uspid="1946" ordinal="1" offset="1" sl="46" sc="13" el="46" ec="73" bec="0" bev="0" fileid="32" />
                <SequencePoint vc="0" uspid="1947" ordinal="2" offset="9" sl="47" sc="13" el="47" ec="55" bec="0" bev="0" fileid="32" />
                <SequencePoint vc="0" uspid="1948" ordinal="3" offset="23" sl="48" sc="9" el="48" ec="10" bec="0" bev="0" fileid="32" />
              </SequencePoints>
              <BranchPoints />
              <MethodPoint xsi:type="SequencePoint" vc="0" uspid="1945" ordinal="0" offset="0" sl="45" sc="9" el="45" ec="10" bec="0" bev="0" fileid="32" />
            </Method>
            <Method visited="false" cyclomaticComplexity="4" sequenceCoverage="0" branchCoverage="0" isConstructor="false" isStatic="false" isGetter="false" isSetter="false">
              <Summary numSequencePoints="16" visitedSequencePoints="0" numBranchPoints="7" visitedBranchPoints="0" sequenceCoverage="0" branchCoverage="0" maxCyclomaticComplexity="4" minCyclomaticComplexity="4" visitedClasses="0" numClasses="0" visitedMethods="0" numMethods="1" />
              <MetadataToken>100663555</MetadataToken>
              <Name>System.String RMWebAPI.Areas.HelpPage.XmlDocumentationProvider::GetDocumentation(System.Web.Http.Controllers.HttpParameterDescriptor)</Name>
              <FileRef uid="32" />
              <SequencePoints>
                <SequencePoint vc="0" uspid="1949" ordinal="0" offset="0" sl="51" sc="9" el="51" ec="10" bec="0" bev="0" fileid="32" />
                <SequencePoint vc="0" uspid="1950" ordinal="1" offset="1" sl="52" sc="13" el="52" ec="133" bec="0" bev="0" fileid="32" />
                <SequencePoint vc="0" uspid="1951" ordinal="2" offset="8" sl="53" sc="13" el="53" ec="54" bec="2" bev="0" fileid="32" />
                <SequencePoint vc="0" uspid="1952" ordinal="3" offset="18" sl="54" sc="13" el="54" ec="14" bec="0" bev="0" fileid="32" />
                <SequencePoint vc="0" uspid="1953" ordinal="4" offset="19" sl="55" sc="17" el="55" ec="106" bec="0" bev="0" fileid="32" />
                <SequencePoint vc="0" uspid="1954" ordinal="5" offset="32" sl="56" sc="17" el="56" ec="40" bec="2" bev="0" fileid="32" />
                <SequencePoint vc="0" uspid="1955" ordinal="6" offset="42" sl="57" sc="17" el="57" ec="18" bec="0" bev="0" fileid="32" />
                <SequencePoint vc="0" uspid="1956" ordinal="7" offset="43" sl="58" sc="21" el="58" ec="92" bec="0" bev="0" fileid="32" />
                <SequencePoint vc="0" uspid="1957" ordinal="8" offset="55" sl="59" sc="21" el="59" ec="161" bec="0" bev="0" fileid="32" />
                <SequencePoint vc="0" uspid="1958" ordinal="9" offset="92" sl="60" sc="21" el="60" ec="47" bec="2" bev="0" fileid="32" />
                <SequencePoint vc="0" uspid="1959" ordinal="10" offset="102" sl="61" sc="21" el="61" ec="22" bec="0" bev="0" fileid="32" />
                <SequencePoint vc="0" uspid="1960" ordinal="11" offset="103" sl="62" sc="25" el="62" ec="59" bec="0" bev="0" fileid="32" />
                <SequencePoint vc="0" uspid="1961" ordinal="12" offset="118" sl="64" sc="17" el="64" ec="18" bec="0" bev="0" fileid="32" />
                <SequencePoint vc="0" uspid="1962" ordinal="13" offset="119" sl="65" sc="13" el="65" ec="14" bec="0" bev="0" fileid="32" />
                <SequencePoint vc="0" uspid="1963" ordinal="14" offset="120" sl="67" sc="13" el="67" ec="25" bec="0" bev="0" fileid="32" />
                <SequencePoint vc="0" uspid="1964" ordinal="15" offset="125" sl="68" sc="9" el="68" ec="10" bec="0" bev="0" fileid="32" />
              </SequencePoints>
              <BranchPoints>
                <BranchPoint vc="0" uspid="1965" ordinal="0" offset="16" sl="53" path="0" offsetend="18" fileid="32" />
                <BranchPoint vc="0" uspid="1966" ordinal="1" offset="16" sl="53" path="1" offsetend="120" fileid="32" />
                <BranchPoint vc="0" uspid="1967" ordinal="2" offset="40" sl="56" path="0" offsetend="42" fileid="32" />
                <BranchPoint vc="0" uspid="1968" ordinal="3" offset="40" sl="56" path="1" offsetend="119" fileid="32" />
                <BranchPoint vc="0" uspid="1969" ordinal="4" offset="100" sl="60" path="0" offsetend="102" fileid="32" />
                <BranchPoint vc="0" uspid="1970" ordinal="5" offset="100" sl="60" path="1" offsetend="118" fileid="32" />
              </BranchPoints>
              <MethodPoint xsi:type="SequencePoint" vc="0" uspid="1949" ordinal="0" offset="0" sl="51" sc="9" el="51" ec="10" bec="0" bev="0" fileid="32" />
            </Method>
            <Method visited="false" cyclomaticComplexity="1" sequenceCoverage="0" branchCoverage="0" isConstructor="false" isStatic="false" isGetter="false" isSetter="false">
              <Summary numSequencePoints="4" visitedSequencePoints="0" numBranchPoints="1" visitedBranchPoints="0" sequenceCoverage="0" branchCoverage="0" maxCyclomaticComplexity="1" minCyclomaticComplexity="1" visitedClasses="0" numClasses="0" visitedMethods="0" numMethods="1" />
              <MetadataToken>100663556</MetadataToken>
              <Name>System.String RMWebAPI.Areas.HelpPage.XmlDocumentationProvider::GetResponseDocumentation(System.Web.Http.Controllers.HttpActionDescriptor)</Name>
              <FileRef uid="32" />
              <SequencePoints>
                <SequencePoint vc="0" uspid="1971" ordinal="0" offset="0" sl="71" sc="9" el="71" ec="10" bec="0" bev="0" fileid="32" />
                <SequencePoint vc="0" uspid="1972" ordinal="1" offset="1" sl="72" sc="13" el="72" ec="73" bec="0" bev="0" fileid="32" />
                <SequencePoint vc="0" uspid="1973" ordinal="2" offset="9" sl="73" sc="13" el="73" ec="55" bec="0" bev="0" fileid="32" />
                <SequencePoint vc="0" uspid="1974" ordinal="3" offset="23" sl="74" sc="9" el="74" ec="10" bec="0" bev="0" fileid="32" />
              </SequencePoints>
              <BranchPoints />
              <MethodPoint xsi:type="SequencePoint" vc="0" uspid="1971" ordinal="0" offset="0" sl="71" sc="9" el="71" ec="10" bec="0" bev="0" fileid="32" />
            </Method>
            <Method visited="false" cyclomaticComplexity="3" sequenceCoverage="0" branchCoverage="0" isConstructor="false" isStatic="false" isGetter="false" isSetter="false">
              <Summary numSequencePoints="7" visitedSequencePoints="0" numBranchPoints="3" visitedBranchPoints="0" sequenceCoverage="0" branchCoverage="0" maxCyclomaticComplexity="3" minCyclomaticComplexity="3" visitedClasses="0" numClasses="0" visitedMethods="0" numMethods="1" />
              <MetadataToken>100663557</MetadataToken>
              <Name>System.String RMWebAPI.Areas.HelpPage.XmlDocumentationProvider::GetDocumentation(System.Reflection.MemberInfo)</Name>
              <FileRef uid="32" />
              <SequencePoints>
                <SequencePoint vc="0" uspid="1975" ordinal="0" offset="0" sl="77" sc="9" el="77" ec="10" bec="0" bev="0" fileid="32" />
                <SequencePoint vc="0" uspid="1976" ordinal="1" offset="1" sl="78" sc="13" el="78" ec="136" bec="0" bev="0" fileid="32" />
                <SequencePoint vc="0" uspid="1977" ordinal="2" offset="52" sl="79" sc="13" el="79" ec="111" bec="2" bev="0" fileid="32" />
                <SequencePoint vc="0" uspid="1978" ordinal="3" offset="75" sl="80" sc="13" el="80" ec="107" bec="0" bev="0" fileid="32" />
                <SequencePoint vc="0" uspid="1979" ordinal="4" offset="102" sl="81" sc="13" el="81" ec="97" bec="0" bev="0" fileid="32" />
                <SequencePoint vc="0" uspid="1980" ordinal="5" offset="115" sl="82" sc="13" el="82" ec="57" bec="0" bev="0" fileid="32" />
                <SequencePoint vc="0" uspid="1981" ordinal="6" offset="130" sl="83" sc="9" el="83" ec="10" bec="0" bev="0" fileid="32" />
              </SequencePoints>
              <BranchPoints>
                <BranchPoint vc="0" uspid="1982" ordinal="0" offset="59" sl="79" path="0" offsetend="61" fileid="32" />
                <BranchPoint vc="0" uspid="1983" ordinal="1" offset="59" sl="79" path="1" offsetend="68" fileid="32" />
              </BranchPoints>
              <MethodPoint xsi:type="SequencePoint" vc="0" uspid="1975" ordinal="0" offset="0" sl="77" sc="9" el="77" ec="10" bec="0" bev="0" fileid="32" />
            </Method>
            <Method visited="false" cyclomaticComplexity="1" sequenceCoverage="0" branchCoverage="0" isConstructor="false" isStatic="false" isGetter="false" isSetter="false">
              <Summary numSequencePoints="4" visitedSequencePoints="0" numBranchPoints="1" visitedBranchPoints="0" sequenceCoverage="0" branchCoverage="0" maxCyclomaticComplexity="1" minCyclomaticComplexity="1" visitedClasses="0" numClasses="0" visitedMethods="0" numMethods="1" />
              <MetadataToken>100663558</MetadataToken>
              <Name>System.String RMWebAPI.Areas.HelpPage.XmlDocumentationProvider::GetDocumentation(System.Type)</Name>
              <FileRef uid="32" />
              <SequencePoints>
                <SequencePoint vc="0" uspid="1984" ordinal="0" offset="0" sl="86" sc="9" el="86" ec="10" bec="0" bev="0" fileid="32" />
                <SequencePoint vc="0" uspid="1985" ordinal="1" offset="1" sl="87" sc="13" el="87" ec="57" bec="0" bev="0" fileid="32" />
                <SequencePoint vc="0" uspid="1986" ordinal="2" offset="9" sl="88" sc="13" el="88" ec="53" bec="0" bev="0" fileid="32" />
                <SequencePoint vc="0" uspid="1987" ordinal="3" offset="23" sl="89" sc="9" el="89" ec="10" bec="0" bev="0" fileid="32" />
              </SequencePoints>
              <BranchPoints />
              <MethodPoint xsi:type="SequencePoint" vc="0" uspid="1984" ordinal="0" offset="0" sl="86" sc="9" el="86" ec="10" bec="0" bev="0" fileid="32" />
            </Method>
            <Method visited="false" cyclomaticComplexity="2" sequenceCoverage="0" branchCoverage="0" isConstructor="false" isStatic="false" isGetter="false" isSetter="false">
              <Summary numSequencePoints="8" visitedSequencePoints="0" numBranchPoints="3" visitedBranchPoints="0" sequenceCoverage="0" branchCoverage="0" maxCyclomaticComplexity="2" minCyclomaticComplexity="2" visitedClasses="0" numClasses="0" visitedMethods="0" numMethods="1" />
              <MetadataToken>100663559</MetadataToken>
              <Name>System.Xml.XPath.XPathNavigator RMWebAPI.Areas.HelpPage.XmlDocumentationProvider::GetMethodNode(System.Web.Http.Controllers.HttpActionDescriptor)</Name>
              <FileRef uid="32" />
              <SequencePoints>
                <SequencePoint vc="0" uspid="1988" ordinal="0" offset="0" sl="92" sc="9" el="92" ec="10" bec="0" bev="0" fileid="32" />
                <SequencePoint vc="0" uspid="1989" ordinal="1" offset="1" sl="93" sc="13" el="93" ec="121" bec="0" bev="0" fileid="32" />
                <SequencePoint vc="0" uspid="1990" ordinal="2" offset="8" sl="94" sc="13" el="94" ec="51" bec="2" bev="0" fileid="32" />
                <SequencePoint vc="0" uspid="1991" ordinal="3" offset="16" sl="95" sc="13" el="95" ec="14" bec="0" bev="0" fileid="32" />
                <SequencePoint vc="0" uspid="1992" ordinal="4" offset="17" sl="96" sc="17" el="96" ec="158" bec="0" bev="0" fileid="32" />
                <SequencePoint vc="0" uspid="1993" ordinal="5" offset="58" sl="97" sc="17" el="97" ec="78" bec="0" bev="0" fileid="32" />
                <SequencePoint vc="0" uspid="1994" ordinal="6" offset="73" sl="100" sc="13" el="100" ec="25" bec="0" bev="0" fileid="32" />
                <SequencePoint vc="0" uspid="1995" ordinal="7" offset="77" sl="101" sc="9" el="101" ec="10" bec="0" bev="0" fileid="32" />
              </SequencePoints>
              <BranchPoints>
                <BranchPoint vc="0" uspid="1996" ordinal="0" offset="14" sl="94" path="0" offsetend="16" fileid="32" />
                <BranchPoint vc="0" uspid="1997" ordinal="1" offset="14" sl="94" path="1" offsetend="73" fileid="32" />
              </BranchPoints>
              <MethodPoint xsi:type="SequencePoint" vc="0" uspid="1988" ordinal="0" offset="0" sl="92" sc="9" el="92" ec="10" bec="0" bev="0" fileid="32" />
            </Method>
            <Method visited="false" cyclomaticComplexity="3" sequenceCoverage="0" branchCoverage="0" isConstructor="false" isStatic="true" isGetter="false" isSetter="false">
              <Summary numSequencePoints="10" visitedSequencePoints="0" numBranchPoints="5" visitedBranchPoints="0" sequenceCoverage="0" branchCoverage="0" maxCyclomaticComplexity="3" minCyclomaticComplexity="3" visitedClasses="0" numClasses="0" visitedMethods="0" numMethods="1" />
              <MetadataToken>100663560</MetadataToken>
              <Name>System.String RMWebAPI.Areas.HelpPage.XmlDocumentationProvider::GetMemberName(System.Reflection.MethodInfo)</Name>
              <FileRef uid="32" />
              <SequencePoints>
                <SequencePoint vc="0" uspid="1998" ordinal="0" offset="0" sl="104" sc="9" el="104" ec="10" bec="0" bev="0" fileid="32" />
                <SequencePoint vc="0" uspid="1999" ordinal="1" offset="1" sl="105" sc="13" el="105" ec="130" bec="0" bev="0" fileid="32" />
                <SequencePoint vc="0" uspid="2000" ordinal="2" offset="52" sl="106" sc="13" el="106" ec="65" bec="0" bev="0" fileid="32" />
                <SequencePoint vc="0" uspid="2001" ordinal="3" offset="59" sl="107" sc="13" el="107" ec="40" bec="2" bev="0" fileid="32" />
                <SequencePoint vc="0" uspid="2002" ordinal="4" offset="71" sl="108" sc="13" el="108" ec="14" bec="0" bev="0" fileid="32" />
                <SequencePoint vc="0" uspid="2003" ordinal="5" offset="72" sl="109" sc="17" el="109" ec="118" bec="2" bev="0" fileid="32" />
                <SequencePoint vc="0" uspid="2004" ordinal="6" offset="115" sl="110" sc="17" el="110" ec="116" bec="0" bev="0" fileid="32" />
                <SequencePoint vc="0" uspid="2005" ordinal="7" offset="162" sl="111" sc="13" el="111" ec="14" bec="0" bev="0" fileid="32" />
                <SequencePoint vc="0" uspid="2006" ordinal="8" offset="163" sl="113" sc="13" el="113" ec="25" bec="0" bev="0" fileid="32" />
                <SequencePoint vc="0" uspid="2007" ordinal="9" offset="167" sl="114" sc="9" el="114" ec="10" bec="0" bev="0" fileid="32" />
              </SequencePoints>
              <BranchPoints>
                <BranchPoint vc="0" uspid="2008" ordinal="0" offset="69" sl="107" path="0" offsetend="71" fileid="32" />
                <BranchPoint vc="0" uspid="2009" ordinal="1" offset="69" sl="107" path="1" offsetend="163" fileid="32" />
                <BranchPoint vc="0" uspid="2010" ordinal="2" offset="78" sl="109" path="0" offsetend="80" fileid="32" />
                <BranchPoint vc="0" uspid="2011" ordinal="3" offset="78" sl="109" path="1" offsetend="99" fileid="32" />
              </BranchPoints>
              <MethodPoint xsi:type="SequencePoint" vc="0" uspid="1998" ordinal="0" offset="0" sl="104" sc="9" el="104" ec="10" bec="0" bev="0" fileid="32" />
            </Method>
            <Method visited="false" cyclomaticComplexity="3" sequenceCoverage="0" branchCoverage="0" isConstructor="false" isStatic="true" isGetter="false" isSetter="false">
              <Summary numSequencePoints="10" visitedSequencePoints="0" numBranchPoints="5" visitedBranchPoints="0" sequenceCoverage="0" branchCoverage="0" maxCyclomaticComplexity="3" minCyclomaticComplexity="3" visitedClasses="0" numClasses="0" visitedMethods="0" numMethods="1" />
              <MetadataToken>100663561</MetadataToken>
              <Name>System.String RMWebAPI.Areas.HelpPage.XmlDocumentationProvider::GetTagValue(System.Xml.XPath.XPathNavigator,System.String)</Name>
              <FileRef uid="32" />
              <SequencePoints>
                <SequencePoint vc="0" uspid="2012" ordinal="0" offset="0" sl="117" sc="9" el="117" ec="10" bec="0" bev="0" fileid="32" />
                <SequencePoint vc="0" uspid="2013" ordinal="1" offset="1" sl="118" sc="13" el="118" ec="36" bec="2" bev="0" fileid="32" />
                <SequencePoint vc="0" uspid="2014" ordinal="2" offset="9" sl="119" sc="13" el="119" ec="14" bec="0" bev="0" fileid="32" />
                <SequencePoint vc="0" uspid="2015" ordinal="3" offset="10" sl="120" sc="17" el="120" ec="76" bec="0" bev="0" fileid="32" />
                <SequencePoint vc="0" uspid="2016" ordinal="4" offset="18" sl="121" sc="17" el="121" ec="34" bec="2" bev="0" fileid="32" />
                <SequencePoint vc="0" uspid="2017" ordinal="5" offset="26" sl="122" sc="17" el="122" ec="18" bec="0" bev="0" fileid="32" />
                <SequencePoint vc="0" uspid="2018" ordinal="6" offset="27" sl="123" sc="21" el="123" ec="46" bec="0" bev="0" fileid="32" />
                <SequencePoint vc="0" uspid="2019" ordinal="7" offset="41" sl="125" sc="13" el="125" ec="14" bec="0" bev="0" fileid="32" />
                <SequencePoint vc="0" uspid="2020" ordinal="8" offset="42" sl="127" sc="13" el="127" ec="25" bec="0" bev="0" fileid="32" />
                <SequencePoint vc="0" uspid="2021" ordinal="9" offset="46" sl="128" sc="9" el="128" ec="10" bec="0" bev="0" fileid="32" />
              </SequencePoints>
              <BranchPoints>
                <BranchPoint vc="0" uspid="2022" ordinal="0" offset="7" sl="118" path="0" offsetend="9" fileid="32" />
                <BranchPoint vc="0" uspid="2023" ordinal="1" offset="7" sl="118" path="1" offsetend="42" fileid="32" />
                <BranchPoint vc="0" uspid="2024" ordinal="2" offset="24" sl="121" path="0" offsetend="26" fileid="32" />
                <BranchPoint vc="0" uspid="2025" ordinal="3" offset="24" sl="121" path="1" offsetend="41" fileid="32" />
              </BranchPoints>
              <MethodPoint xsi:type="SequencePoint" vc="0" uspid="2012" ordinal="0" offset="0" sl="117" sc="9" el="117" ec="10" bec="0" bev="0" fileid="32" />
            </Method>
            <Method visited="false" cyclomaticComplexity="1" sequenceCoverage="0" branchCoverage="0" isConstructor="false" isStatic="false" isGetter="false" isSetter="false">
              <Summary numSequencePoints="5" visitedSequencePoints="0" numBranchPoints="1" visitedBranchPoints="0" sequenceCoverage="0" branchCoverage="0" maxCyclomaticComplexity="1" minCyclomaticComplexity="1" visitedClasses="0" numClasses="0" visitedMethods="0" numMethods="1" />
              <MetadataToken>100663562</MetadataToken>
              <Name>System.Xml.XPath.XPathNavigator RMWebAPI.Areas.HelpPage.XmlDocumentationProvider::GetTypeNode(System.Type)</Name>
              <FileRef uid="32" />
              <SequencePoints>
                <SequencePoint vc="0" uspid="2026" ordinal="0" offset="0" sl="131" sc="9" el="131" ec="10" bec="0" bev="0" fileid="32" />
                <SequencePoint vc="0" uspid="2027" ordinal="1" offset="1" sl="132" sc="13" el="132" ec="59" bec="0" bev="0" fileid="32" />
                <SequencePoint vc="0" uspid="2028" ordinal="2" offset="8" sl="133" sc="13" el="133" ec="119" bec="0" bev="0" fileid="32" />
                <SequencePoint vc="0" uspid="2029" ordinal="3" offset="36" sl="134" sc="13" el="134" ec="74" bec="0" bev="0" fileid="32" />
                <SequencePoint vc="0" uspid="2030" ordinal="4" offset="51" sl="135" sc="9" el="135" ec="10" bec="0" bev="0" fileid="32" />
              </SequencePoints>
              <BranchPoints />
              <MethodPoint xsi:type="SequencePoint" vc="0" uspid="2026" ordinal="0" offset="0" sl="131" sc="9" el="131" ec="10" bec="0" bev="0" fileid="32" />
            </Method>
            <Method visited="false" cyclomaticComplexity="4" sequenceCoverage="0" branchCoverage="0" isConstructor="false" isStatic="true" isGetter="false" isSetter="false">
              <Summary numSequencePoints="17" visitedSequencePoints="0" numBranchPoints="7" visitedBranchPoints="0" sequenceCoverage="0" branchCoverage="0" maxCyclomaticComplexity="4" minCyclomaticComplexity="4" visitedClasses="0" numClasses="0" visitedMethods="0" numMethods="1" />
              <MetadataToken>100663563</MetadataToken>
              <Name>System.String RMWebAPI.Areas.HelpPage.XmlDocumentationProvider::GetTypeName(System.Type)</Name>
              <FileRef uid="32" />
              <SequencePoints>
                <SequencePoint vc="0" uspid="2031" ordinal="0" offset="0" sl="138" sc="9" el="138" ec="10" bec="0" bev="0" fileid="32" />
                <SequencePoint vc="0" uspid="2032" ordinal="1" offset="1" sl="139" sc="13" el="139" ec="41" bec="0" bev="0" fileid="32" />
                <SequencePoint vc="0" uspid="2033" ordinal="2" offset="8" sl="140" sc="13" el="140" ec="36" bec="2" bev="0" fileid="32" />
                <SequencePoint vc="0" uspid="2034" ordinal="3" offset="26" sl="141" sc="13" el="141" ec="14" bec="0" bev="0" fileid="32" />
                <SequencePoint vc="0" uspid="2035" ordinal="4" offset="27" sl="143" sc="17" el="143" ec="68" bec="0" bev="0" fileid="32" />
                <SequencePoint vc="0" uspid="2036" ordinal="5" offset="34" sl="144" sc="17" el="144" ec="70" bec="0" bev="0" fileid="32" />
                <SequencePoint vc="0" uspid="2037" ordinal="6" offset="41" sl="145" sc="17" el="145" ec="63" bec="0" bev="0" fileid="32" />
                <SequencePoint vc="0" uspid="2038" ordinal="7" offset="48" sl="148" sc="17" el="148" ec="94" bec="0" bev="0" fileid="32" />
                <SequencePoint vc="0" uspid="2039" ordinal="8" offset="64" sl="149" sc="17" el="149" ec="101" bec="2" bev="0" fileid="32" />
                <SequencePoint vc="0" uspid="2040" ordinal="9" offset="108" sl="150" sc="17" el="150" ec="136" bec="0" bev="0" fileid="32" />
                <SequencePoint vc="0" uspid="2041" ordinal="10" offset="155" sl="151" sc="13" el="151" ec="14" bec="0" bev="0" fileid="32" />
                <SequencePoint vc="0" uspid="2042" ordinal="11" offset="156" sl="152" sc="13" el="152" ec="31" bec="2" bev="0" fileid="32" />
                <SequencePoint vc="0" uspid="2043" ordinal="12" offset="171" sl="153" sc="13" el="153" ec="14" bec="0" bev="0" fileid="32" />
                <SequencePoint vc="0" uspid="2044" ordinal="13" offset="172" sl="155" sc="17" el="155" ec="47" bec="0" bev="0" fileid="32" />
                <SequencePoint vc="0" uspid="2045" ordinal="14" offset="189" sl="156" sc="13" el="156" ec="14" bec="0" bev="0" fileid="32" />
                <SequencePoint vc="0" uspid="2046" ordinal="15" offset="190" sl="158" sc="13" el="158" ec="25" bec="0" bev="0" fileid="32" />
                <SequencePoint vc="0" uspid="2047" ordinal="16" offset="195" sl="159" sc="9" el="159" ec="10" bec="0" bev="0" fileid="32" />
              </SequencePoints>
              <BranchPoints>
                <BranchPoint vc="0" uspid="2048" ordinal="0" offset="21" sl="140" path="0" offsetend="26" fileid="32" />
                <BranchPoint vc="0" uspid="2049" ordinal="1" offset="21" sl="140" path="1" offsetend="156" fileid="32" />
                <BranchPoint vc="0" uspid="2050" ordinal="2" offset="70" sl="149" path="0" offsetend="72" fileid="32" />
                <BranchPoint vc="0" uspid="2051" ordinal="3" offset="70" sl="149" path="1" offsetend="91" fileid="32" />
                <BranchPoint vc="0" uspid="2052" ordinal="4" offset="169" sl="152" path="0" offsetend="171" fileid="32" />
                <BranchPoint vc="0" uspid="2053" ordinal="5" offset="169" sl="152" path="1" offsetend="190" fileid="32" />
              </BranchPoints>
              <MethodPoint xsi:type="SequencePoint" vc="0" uspid="2031" ordinal="0" offset="0" sl="138" sc="9" el="138" ec="10" bec="0" bev="0" fileid="32" />
            </Method>
            <Method visited="false" cyclomaticComplexity="1" sequenceCoverage="0" branchCoverage="0" isConstructor="false" isStatic="true" isGetter="false" isSetter="false">
              <Summary numSequencePoints="1" visitedSequencePoints="0" numBranchPoints="1" visitedBranchPoints="0" sequenceCoverage="0" branchCoverage="0" maxCyclomaticComplexity="1" minCyclomaticComplexity="1" visitedClasses="0" numClasses="0" visitedMethods="0" numMethods="1" />
              <MetadataToken>100663564</MetadataToken>
              <Name>System.String RMWebAPI.Areas.HelpPage.XmlDocumentationProvider::&lt;GetMemberName&gt;b__0(System.Reflection.ParameterInfo)</Name>
              <FileRef uid="32" />
              <SequencePoints>
                <SequencePoint vc="0" uspid="2054" ordinal="0" offset="0" sl="109" sc="74" el="109" ec="106" bec="0" bev="0" fileid="32" />
              </SequencePoints>
              <BranchPoints />
              <MethodPoint xsi:type="SequencePoint" vc="0" uspid="2054" ordinal="0" offset="0" sl="109" sc="74" el="109" ec="106" bec="0" bev="0" fileid="32" />
            </Method>
            <Method visited="false" cyclomaticComplexity="1" sequenceCoverage="0" branchCoverage="0" isConstructor="false" isStatic="true" isGetter="false" isSetter="false">
              <Summary numSequencePoints="1" visitedSequencePoints="0" numBranchPoints="1" visitedBranchPoints="0" sequenceCoverage="0" branchCoverage="0" maxCyclomaticComplexity="1" minCyclomaticComplexity="1" visitedClasses="0" numClasses="0" visitedMethods="0" numMethods="1" />
              <MetadataToken>100663565</MetadataToken>
              <Name>System.String RMWebAPI.Areas.HelpPage.XmlDocumentationProvider::&lt;GetTypeName&gt;b__2(System.Type)</Name>
              <FileRef uid="32" />
              <SequencePoints>
                <SequencePoint vc="0" uspid="2055" ordinal="0" offset="0" sl="149" sc="75" el="149" ec="89" bec="0" bev="0" fileid="32" />
              </SequencePoints>
              <BranchPoints />
              <MethodPoint xsi:type="SequencePoint" vc="0" uspid="2055" ordinal="0" offset="0" sl="149" sc="75" el="149" ec="89" bec="0" bev="0" fileid="32" />
            </Method>
          </Methods>
        </Class>
        <Class>
          <Summary numSequencePoints="75" visitedSequencePoints="0" numBranchPoints="32" visitedBranchPoints="0" sequenceCoverage="0" branchCoverage="0" maxCyclomaticComplexity="7" minCyclomaticComplexity="1" visitedClasses="0" numClasses="1" visitedMethods="0" numMethods="10" />
          <FullName>RMWebAPI.Controllers.AccountController</FullName>
          <Methods>
            <Method visited="false" cyclomaticComplexity="2" sequenceCoverage="0" branchCoverage="0" isConstructor="false" isStatic="false" isGetter="true" isSetter="false">
              <Summary numSequencePoints="3" visitedSequencePoints="0" numBranchPoints="3" visitedBranchPoints="0" sequenceCoverage="0" branchCoverage="0" maxCyclomaticComplexity="2" minCyclomaticComplexity="2" visitedClasses="0" numClasses="0" visitedMethods="0" numMethods="1" />
              <MetadataToken>100663568</MetadataToken>
              <Name>RMWebAPI.ApplicationUserManager RMWebAPI.Controllers.AccountController::get_UserManager()</Name>
              <FileRef uid="33" />
              <SequencePoints>
                <SequencePoint vc="0" uspid="2056" ordinal="0" offset="0" sl="44" sc="13" el="44" ec="14" bec="0" bev="0" fileid="33" />
                <SequencePoint vc="0" uspid="2057" ordinal="1" offset="1" sl="45" sc="17" el="45" ec="106" bec="2" bev="0" fileid="33" />
                <SequencePoint vc="0" uspid="2058" ordinal="2" offset="30" sl="46" sc="13" el="46" ec="14" bec="0" bev="0" fileid="33" />
              </SequencePoints>
              <BranchPoints>
                <BranchPoint vc="0" uspid="2059" ordinal="0" offset="8" sl="45" path="0" offsetend="10" fileid="33" />
                <BranchPoint vc="0" uspid="2060" ordinal="1" offset="8" sl="45" path="1" offsetend="27" fileid="33" />
              </BranchPoints>
              <MethodPoint xsi:type="SequencePoint" vc="0" uspid="2056" ordinal="0" offset="0" sl="44" sc="13" el="44" ec="14" bec="0" bev="0" fileid="33" />
            </Method>
            <Method visited="false" cyclomaticComplexity="1" sequenceCoverage="0" branchCoverage="0" isConstructor="false" isStatic="false" isGetter="false" isSetter="true">
              <Summary numSequencePoints="3" visitedSequencePoints="0" numBranchPoints="1" visitedBranchPoints="0" sequenceCoverage="0" branchCoverage="0" maxCyclomaticComplexity="1" minCyclomaticComplexity="1" visitedClasses="0" numClasses="0" visitedMethods="0" numMethods="1" />
              <MetadataToken>100663569</MetadataToken>
              <Name>System.Void RMWebAPI.Controllers.AccountController::set_UserManager(RMWebAPI.ApplicationUserManager)</Name>
              <FileRef uid="33" />
              <SequencePoints>
                <SequencePoint vc="0" uspid="2061" ordinal="0" offset="0" sl="48" sc="13" el="48" ec="14" bec="0" bev="0" fileid="33" />
                <SequencePoint vc="0" uspid="2062" ordinal="1" offset="1" sl="49" sc="17" el="49" ec="38" bec="0" bev="0" fileid="33" />
                <SequencePoint vc="0" uspid="2063" ordinal="2" offset="8" sl="50" sc="13" el="50" ec="14" bec="0" bev="0" fileid="33" />
              </SequencePoints>
              <BranchPoints />
              <MethodPoint xsi:type="SequencePoint" vc="0" uspid="2061" ordinal="0" offset="0" sl="48" sc="13" el="48" ec="14" bec="0" bev="0" fileid="33" />
            </Method>
            <Method visited="false" cyclomaticComplexity="1" sequenceCoverage="0" branchCoverage="0" isConstructor="false" isStatic="false" isGetter="true" isSetter="false">
              <Summary numSequencePoints="0" visitedSequencePoints="0" numBranchPoints="0" visitedBranchPoints="0" sequenceCoverage="0" branchCoverage="0" maxCyclomaticComplexity="1" minCyclomaticComplexity="1" visitedClasses="0" numClasses="0" visitedMethods="0" numMethods="0" />
              <MetadataToken>100663570</MetadataToken>
              <Name>Microsoft.Owin.Security.ISecureDataFormat`1&lt;Microsoft.Owin.Security.AuthenticationTicket&gt; RMWebAPI.Controllers.AccountController::get_AccessTokenFormat()</Name>
              <SequencePoints />
              <BranchPoints />
              <MethodPoint vc="0" uspid="2064" ordinal="0" offset="0" />
            </Method>
            <Method visited="false" cyclomaticComplexity="1" sequenceCoverage="0" branchCoverage="0" isConstructor="false" isStatic="false" isGetter="false" isSetter="true">
              <Summary numSequencePoints="0" visitedSequencePoints="0" numBranchPoints="0" visitedBranchPoints="0" sequenceCoverage="0" branchCoverage="0" maxCyclomaticComplexity="1" minCyclomaticComplexity="1" visitedClasses="0" numClasses="0" visitedMethods="0" numMethods="0" />
              <MetadataToken>100663571</MetadataToken>
              <Name>System.Void RMWebAPI.Controllers.AccountController::set_AccessTokenFormat(Microsoft.Owin.Security.ISecureDataFormat`1&lt;Microsoft.Owin.Security.AuthenticationTicket&gt;)</Name>
              <SequencePoints />
              <BranchPoints />
              <MethodPoint vc="0" uspid="2065" ordinal="0" offset="0" />
            </Method>
            <Method visited="false" cyclomaticComplexity="1" sequenceCoverage="0" branchCoverage="0" isConstructor="false" isStatic="false" isGetter="true" isSetter="false">
              <Summary numSequencePoints="3" visitedSequencePoints="0" numBranchPoints="1" visitedBranchPoints="0" sequenceCoverage="0" branchCoverage="0" maxCyclomaticComplexity="1" minCyclomaticComplexity="1" visitedClasses="0" numClasses="0" visitedMethods="0" numMethods="1" />
              <MetadataToken>100663584</MetadataToken>
              <Name>Microsoft.Owin.Security.IAuthenticationManager RMWebAPI.Controllers.AccountController::get_Authentication()</Name>
              <FileRef uid="33" />
              <SequencePoints>
                <SequencePoint vc="0" uspid="2066" ordinal="0" offset="0" sl="392" sc="17" el="392" ec="18" bec="0" bev="0" fileid="33" />
                <SequencePoint vc="0" uspid="2067" ordinal="1" offset="1" sl="392" sc="19" el="392" ec="66" bec="0" bev="0" fileid="33" />
                <SequencePoint vc="0" uspid="2068" ordinal="2" offset="20" sl="392" sc="67" el="392" ec="68" bec="0" bev="0" fileid="33" />
              </SequencePoints>
              <BranchPoints />
              <MethodPoint xsi:type="SequencePoint" vc="0" uspid="2066" ordinal="0" offset="0" sl="392" sc="17" el="392" ec="18" bec="0" bev="0" fileid="33" />
            </Method>
            <Method visited="false" cyclomaticComplexity="1" sequenceCoverage="0" branchCoverage="0" isConstructor="true" isStatic="false" isGetter="false" isSetter="false">
              <Summary numSequencePoints="3" visitedSequencePoints="0" numBranchPoints="1" visitedBranchPoints="0" sequenceCoverage="0" branchCoverage="0" maxCyclomaticComplexity="1" minCyclomaticComplexity="1" visitedClasses="0" numClasses="0" visitedMethods="0" numMethods="1" />
              <MetadataToken>100663566</MetadataToken>
              <Name>System.Void RMWebAPI.Controllers.AccountController::.ctor()</Name>
              <FileRef uid="33" />
              <SequencePoints>
                <SequencePoint vc="0" uspid="2069" ordinal="0" offset="0" sl="30" sc="9" el="30" ec="35" bec="0" bev="0" fileid="33" />
                <SequencePoint vc="0" uspid="2070" ordinal="1" offset="7" sl="31" sc="9" el="31" ec="10" bec="0" bev="0" fileid="33" />
                <SequencePoint vc="0" uspid="2071" ordinal="2" offset="8" sl="32" sc="9" el="32" ec="10" bec="0" bev="0" fileid="33" />
              </SequencePoints>
              <BranchPoints />
              <MethodPoint xsi:type="SequencePoint" vc="0" uspid="2069" ordinal="0" offset="0" sl="30" sc="9" el="30" ec="35" bec="0" bev="0" fileid="33" />
            </Method>
            <Method visited="false" cyclomaticComplexity="1" sequenceCoverage="0" branchCoverage="0" isConstructor="true" isStatic="false" isGetter="false" isSetter="false">
              <Summary numSequencePoints="5" visitedSequencePoints="0" numBranchPoints="1" visitedBranchPoints="0" sequenceCoverage="0" branchCoverage="0" maxCyclomaticComplexity="1" minCyclomaticComplexity="1" visitedClasses="0" numClasses="0" visitedMethods="0" numMethods="1" />
              <MetadataToken>100663567</MetadataToken>
              <Name>System.Void RMWebAPI.Controllers.AccountController::.ctor(RMWebAPI.ApplicationUserManager,Microsoft.Owin.Security.ISecureDataFormat`1&lt;Microsoft.Owin.Security.AuthenticationTicket&gt;)</Name>
              <FileRef uid="33" />
              <SequencePoints>
                <SequencePoint vc="0" uspid="2072" ordinal="0" offset="0" sl="34" sc="9" el="35" ec="71" bec="0" bev="0" fileid="33" />
                <SequencePoint vc="0" uspid="2073" ordinal="1" offset="7" sl="36" sc="9" el="36" ec="10" bec="0" bev="0" fileid="33" />
                <SequencePoint vc="0" uspid="2074" ordinal="2" offset="8" sl="37" sc="13" el="37" ec="39" bec="0" bev="0" fileid="33" />
                <SequencePoint vc="0" uspid="2075" ordinal="3" offset="16" sl="38" sc="13" el="38" ec="51" bec="0" bev="0" fileid="33" />
                <SequencePoint vc="0" uspid="2076" ordinal="4" offset="24" sl="39" sc="9" el="39" ec="10" bec="0" bev="0" fileid="33" />
              </SequencePoints>
              <BranchPoints />
              <MethodPoint xsi:type="SequencePoint" vc="0" uspid="2072" ordinal="0" offset="0" sl="34" sc="9" el="35" ec="71" bec="0" bev="0" fileid="33" />
            </Method>
            <Method visited="false" cyclomaticComplexity="3" sequenceCoverage="0" branchCoverage="0" isConstructor="false" isStatic="false" isGetter="false" isSetter="false">
              <Summary numSequencePoints="4" visitedSequencePoints="0" numBranchPoints="3" visitedBranchPoints="0" sequenceCoverage="0" branchCoverage="0" maxCyclomaticComplexity="3" minCyclomaticComplexity="3" visitedClasses="0" numClasses="0" visitedMethods="0" numMethods="1" />
              <MetadataToken>100663572</MetadataToken>
              <Name>RMWebAPI.Models.UserInfoViewModel RMWebAPI.Controllers.AccountController::GetUserInfo()</Name>
              <FileRef uid="33" />
              <SequencePoints>
                <SequencePoint vc="0" uspid="2077" ordinal="0" offset="0" sl="59" sc="9" el="59" ec="10" bec="0" bev="0" fileid="33" />
                <SequencePoint vc="0" uspid="2078" ordinal="1" offset="1" sl="60" sc="13" el="60" ec="111" bec="0" bev="0" fileid="33" />
                <SequencePoint vc="0" uspid="2079" ordinal="2" offset="23" sl="62" sc="13" el="67" ec="15" bec="2" bev="0" fileid="33" />
                <SequencePoint vc="0" uspid="2080" ordinal="3" offset="87" sl="68" sc="9" el="68" ec="10" bec="0" bev="0" fileid="33" />
              </SequencePoints>
              <BranchPoints>
                <BranchPoint vc="0" uspid="2081" ordinal="0" offset="65" sl="62" path="0" offsetend="67" fileid="33" />
                <BranchPoint vc="0" uspid="2082" ordinal="1" offset="65" sl="62" path="1" offsetend="70" fileid="33" />
              </BranchPoints>
              <MethodPoint xsi:type="SequencePoint" vc="0" uspid="2077" ordinal="0" offset="0" sl="59" sc="9" el="59" ec="10" bec="0" bev="0" fileid="33" />
            </Method>
            <Method visited="false" cyclomaticComplexity="1" sequenceCoverage="0" branchCoverage="0" isConstructor="false" isStatic="false" isGetter="false" isSetter="false">
              <Summary numSequencePoints="4" visitedSequencePoints="0" numBranchPoints="1" visitedBranchPoints="0" sequenceCoverage="0" branchCoverage="0" maxCyclomaticComplexity="1" minCyclomaticComplexity="1" visitedClasses="0" numClasses="0" visitedMethods="0" numMethods="1" />
              <MetadataToken>100663573</MetadataToken>
              <Name>System.Web.Http.IHttpActionResult RMWebAPI.Controllers.AccountController::Logout()</Name>
              <FileRef uid="33" />
              <SequencePoints>
                <SequencePoint vc="0" uspid="2083" ordinal="0" offset="0" sl="73" sc="9" el="73" ec="10" bec="0" bev="0" fileid="33" />
                <SequencePoint vc="0" uspid="2084" ordinal="1" offset="1" sl="74" sc="13" el="74" ec="85" bec="0" bev="0" fileid="33" />
                <SequencePoint vc="0" uspid="2085" ordinal="2" offset="29" sl="75" sc="13" el="75" ec="25" bec="0" bev="0" fileid="33" />
                <SequencePoint vc="0" uspid="2086" ordinal="3" offset="38" sl="76" sc="9" el="76" ec="10" bec="0" bev="0" fileid="33" />
              </SequencePoints>
              <BranchPoints />
              <MethodPoint xsi:type="SequencePoint" vc="0" uspid="2083" ordinal="0" offset="0" sl="73" sc="9" el="73" ec="10" bec="0" bev="0" fileid="33" />
            </Method>
            <Method visited="false" cyclomaticComplexity="1" sequenceCoverage="0" branchCoverage="0" isConstructor="false" isStatic="false" isGetter="false" isSetter="false">
              <Summary numSequencePoints="0" visitedSequencePoints="0" numBranchPoints="0" visitedBranchPoints="0" sequenceCoverage="0" branchCoverage="0" maxCyclomaticComplexity="1" minCyclomaticComplexity="1" visitedClasses="0" numClasses="0" visitedMethods="0" numMethods="0" />
              <MetadataToken>100663574</MetadataToken>
              <Name>System.Threading.Tasks.Task`1&lt;RMWebAPI.Models.ManageInfoViewModel&gt; RMWebAPI.Controllers.AccountController::GetManageInfo(System.String,System.Boolean)</Name>
              <SequencePoints />
              <BranchPoints />
              <MethodPoint vc="0" uspid="2087" ordinal="0" offset="0" />
            </Method>
            <Method visited="false" cyclomaticComplexity="1" sequenceCoverage="0" branchCoverage="0" isConstructor="false" isStatic="false" isGetter="false" isSetter="false">
              <Summary numSequencePoints="0" visitedSequencePoints="0" numBranchPoints="0" visitedBranchPoints="0" sequenceCoverage="0" branchCoverage="0" maxCyclomaticComplexity="1" minCyclomaticComplexity="1" visitedClasses="0" numClasses="0" visitedMethods="0" numMethods="0" />
              <MetadataToken>100663575</MetadataToken>
              <Name>System.Threading.Tasks.Task`1&lt;System.Web.Http.IHttpActionResult&gt; RMWebAPI.Controllers.AccountController::ChangePassword(RMWebAPI.Models.ChangePasswordBindingModel)</Name>
              <SequencePoints />
              <BranchPoints />
              <MethodPoint vc="0" uspid="2088" ordinal="0" offset="0" />
            </Method>
            <Method visited="false" cyclomaticComplexity="1" sequenceCoverage="0" branchCoverage="0" isConstructor="false" isStatic="false" isGetter="false" isSetter="false">
              <Summary numSequencePoints="0" visitedSequencePoints="0" numBranchPoints="0" visitedBranchPoints="0" sequenceCoverage="0" branchCoverage="0" maxCyclomaticComplexity="1" minCyclomaticComplexity="1" visitedClasses="0" numClasses="0" visitedMethods="0" numMethods="0" />
              <MetadataToken>100663576</MetadataToken>
              <Name>System.Threading.Tasks.Task`1&lt;System.Web.Http.IHttpActionResult&gt; RMWebAPI.Controllers.AccountController::SetPassword(RMWebAPI.Models.SetPasswordBindingModel)</Name>
              <SequencePoints />
              <BranchPoints />
              <MethodPoint vc="0" uspid="2089" ordinal="0" offset="0" />
            </Method>
            <Method visited="false" cyclomaticComplexity="1" sequenceCoverage="0" branchCoverage="0" isConstructor="false" isStatic="false" isGetter="false" isSetter="false">
              <Summary numSequencePoints="0" visitedSequencePoints="0" numBranchPoints="0" visitedBranchPoints="0" sequenceCoverage="0" branchCoverage="0" maxCyclomaticComplexity="1" minCyclomaticComplexity="1" visitedClasses="0" numClasses="0" visitedMethods="0" numMethods="0" />
              <MetadataToken>100663577</MetadataToken>
              <Name>System.Threading.Tasks.Task`1&lt;System.Web.Http.IHttpActionResult&gt; RMWebAPI.Controllers.AccountController::AddExternalLogin(RMWebAPI.Models.AddExternalLoginBindingModel)</Name>
              <SequencePoints />
              <BranchPoints />
              <MethodPoint vc="0" uspid="2090" ordinal="0" offset="0" />
            </Method>
            <Method visited="false" cyclomaticComplexity="1" sequenceCoverage="0" branchCoverage="0" isConstructor="false" isStatic="false" isGetter="false" isSetter="false">
              <Summary numSequencePoints="0" visitedSequencePoints="0" numBranchPoints="0" visitedBranchPoints="0" sequenceCoverage="0" branchCoverage="0" maxCyclomaticComplexity="1" minCyclomaticComplexity="1" visitedClasses="0" numClasses="0" visitedMethods="0" numMethods="0" />
              <MetadataToken>100663578</MetadataToken>
              <Name>System.Threading.Tasks.Task`1&lt;System.Web.Http.IHttpActionResult&gt; RMWebAPI.Controllers.AccountController::RemoveLogin(RMWebAPI.Models.RemoveLoginBindingModel)</Name>
              <SequencePoints />
              <BranchPoints />
              <MethodPoint vc="0" uspid="2091" ordinal="0" offset="0" />
            </Method>
            <Method visited="false" cyclomaticComplexity="1" sequenceCoverage="0" branchCoverage="0" isConstructor="false" isStatic="false" isGetter="false" isSetter="false">
              <Summary numSequencePoints="0" visitedSequencePoints="0" numBranchPoints="0" visitedBranchPoints="0" sequenceCoverage="0" branchCoverage="0" maxCyclomaticComplexity="1" minCyclomaticComplexity="1" visitedClasses="0" numClasses="0" visitedMethods="0" numMethods="0" />
              <MetadataToken>100663579</MetadataToken>
              <Name>System.Threading.Tasks.Task`1&lt;System.Web.Http.IHttpActionResult&gt; RMWebAPI.Controllers.AccountController::GetExternalLogin(System.String,System.String)</Name>
              <SequencePoints />
              <BranchPoints />
              <MethodPoint vc="0" uspid="2092" ordinal="0" offset="0" />
            </Method>
            <Method visited="false" cyclomaticComplexity="4" sequenceCoverage="0" branchCoverage="0" isConstructor="false" isStatic="false" isGetter="false" isSetter="false">
              <Summary numSequencePoints="20" visitedSequencePoints="0" numBranchPoints="5" visitedBranchPoints="0" sequenceCoverage="0" branchCoverage="0" maxCyclomaticComplexity="4" minCyclomaticComplexity="4" visitedClasses="0" numClasses="0" visitedMethods="0" numMethods="1" />
              <MetadataToken>100663580</MetadataToken>
              <Name>System.Collections.Generic.IEnumerable`1&lt;RMWebAPI.Models.ExternalLoginViewModel&gt; RMWebAPI.Controllers.AccountController::GetExternalLogins(System.String,System.Boolean)</Name>
              <FileRef uid="33" />
              <SequencePoints>
                <SequencePoint vc="0" uspid="2093" ordinal="0" offset="0" sl="285" sc="9" el="285" ec="10" bec="0" bev="0" fileid="33" />
                <SequencePoint vc="0" uspid="2094" ordinal="1" offset="1" sl="286" sc="13" el="286" ec="115" bec="0" bev="0" fileid="33" />
                <SequencePoint vc="0" uspid="2095" ordinal="2" offset="13" sl="287" sc="13" el="287" ec="86" bec="0" bev="0" fileid="33" />
                <SequencePoint vc="0" uspid="2096" ordinal="3" offset="19" sl="291" sc="13" el="291" ec="31" bec="2" bev="0" fileid="33" />
                <SequencePoint vc="0" uspid="2097" ordinal="4" offset="29" sl="292" sc="13" el="292" ec="14" bec="0" bev="0" fileid="33" />
                <SequencePoint vc="0" uspid="2098" ordinal="5" offset="30" sl="294" sc="17" el="294" ec="76" bec="0" bev="0" fileid="33" />
                <SequencePoint vc="0" uspid="2099" ordinal="6" offset="41" sl="295" sc="13" el="295" ec="14" bec="0" bev="0" fileid="33" />
                <SequencePoint vc="0" uspid="2100" ordinal="7" offset="44" sl="297" sc="13" el="297" ec="14" bec="0" bev="0" fileid="33" />
                <SequencePoint vc="0" uspid="2101" ordinal="8" offset="45" sl="298" sc="17" el="298" ec="30" bec="0" bev="0" fileid="33" />
                <SequencePoint vc="0" uspid="2102" ordinal="9" offset="47" sl="299" sc="13" el="299" ec="14" bec="0" bev="0" fileid="33" />
                <SequencePoint vc="0" uspid="2103" ordinal="10" offset="48" sl="301" sc="13" el="301" ec="20" bec="0" bev="0" fileid="33" />
                <SequencePoint vc="0" uspid="2104" ordinal="11" offset="49" sl="301" sc="63" el="301" ec="75" bec="0" bev="0" fileid="33" />
                <SequencePoint vc="0" uspid="2105" ordinal="12" offset="59" sl="301" sc="22" el="301" ec="59" bec="0" bev="0" fileid="33" />
                <SequencePoint vc="0" uspid="2106" ordinal="13" offset="67" sl="302" sc="13" el="302" ec="14" bec="0" bev="0" fileid="33" />
                <SequencePoint vc="0" uspid="2107" ordinal="14" offset="68" sl="303" sc="17" el="315" ec="19" bec="0" bev="0" fileid="33" />
                <SequencePoint vc="0" uspid="2108" ordinal="15" offset="170" sl="316" sc="17" el="316" ec="35" bec="0" bev="0" fileid="33" />
                <SequencePoint vc="0" uspid="2109" ordinal="16" offset="179" sl="317" sc="13" el="317" ec="14" bec="0" bev="0" fileid="33" />
                <SequencePoint vc="0" uspid="2110" ordinal="17" offset="180" sl="301" sc="60" el="301" ec="62" bec="2" bev="0" fileid="33" />
                <SequencePoint vc="0" uspid="2111" ordinal="18" offset="219" sl="319" sc="13" el="319" ec="27" bec="0" bev="0" fileid="33" />
                <SequencePoint vc="0" uspid="2112" ordinal="19" offset="224" sl="320" sc="9" el="320" ec="10" bec="0" bev="0" fileid="33" />
              </SequencePoints>
              <BranchPoints>
                <BranchPoint vc="0" uspid="2113" ordinal="0" offset="27" sl="291" path="0" offsetend="29" fileid="33" />
                <BranchPoint vc="0" uspid="2114" ordinal="1" offset="27" sl="291" path="1" offsetend="44" fileid="33" />
                <BranchPoint vc="0" uspid="2115" ordinal="2" offset="191" sl="301" path="0" offsetend="196" fileid="33" />
                <BranchPoint vc="0" uspid="2116" ordinal="3" offset="191" sl="301" path="1" offsetend="59" fileid="33" />
              </BranchPoints>
              <MethodPoint xsi:type="SequencePoint" vc="0" uspid="2093" ordinal="0" offset="0" sl="285" sc="9" el="285" ec="10" bec="0" bev="0" fileid="33" />
            </Method>
            <Method visited="false" cyclomaticComplexity="1" sequenceCoverage="0" branchCoverage="0" isConstructor="false" isStatic="false" isGetter="false" isSetter="false">
              <Summary numSequencePoints="0" visitedSequencePoints="0" numBranchPoints="0" visitedBranchPoints="0" sequenceCoverage="0" branchCoverage="0" maxCyclomaticComplexity="1" minCyclomaticComplexity="1" visitedClasses="0" numClasses="0" visitedMethods="0" numMethods="0" />
              <MetadataToken>100663581</MetadataToken>
              <Name>System.Threading.Tasks.Task`1&lt;System.Web.Http.IHttpActionResult&gt; RMWebAPI.Controllers.AccountController::Register(RMWebAPI.Models.RegisterBindingModel)</Name>
              <SequencePoints />
              <BranchPoints />
              <MethodPoint vc="0" uspid="2117" ordinal="0" offset="0" />
            </Method>
            <Method visited="false" cyclomaticComplexity="1" sequenceCoverage="0" branchCoverage="0" isConstructor="false" isStatic="false" isGetter="false" isSetter="false">
              <Summary numSequencePoints="0" visitedSequencePoints="0" numBranchPoints="0" visitedBranchPoints="0" sequenceCoverage="0" branchCoverage="0" maxCyclomaticComplexity="1" minCyclomaticComplexity="1" visitedClasses="0" numClasses="0" visitedMethods="0" numMethods="0" />
              <MetadataToken>100663582</MetadataToken>
              <Name>System.Threading.Tasks.Task`1&lt;System.Web.Http.IHttpActionResult&gt; RMWebAPI.Controllers.AccountController::RegisterExternal(RMWebAPI.Models.RegisterExternalBindingModel)</Name>
              <SequencePoints />
              <BranchPoints />
              <MethodPoint vc="0" uspid="2118" ordinal="0" offset="0" />
            </Method>
            <Method visited="false" cyclomaticComplexity="3" sequenceCoverage="0" branchCoverage="0" isConstructor="false" isStatic="false" isGetter="false" isSetter="false">
              <Summary numSequencePoints="8" visitedSequencePoints="0" numBranchPoints="5" visitedBranchPoints="0" sequenceCoverage="0" branchCoverage="0" maxCyclomaticComplexity="3" minCyclomaticComplexity="3" visitedClasses="0" numClasses="0" visitedMethods="0" numMethods="1" />
              <MetadataToken>100663583</MetadataToken>
              <Name>System.Void RMWebAPI.Controllers.AccountController::Dispose(System.Boolean)</Name>
              <FileRef uid="33" />
              <SequencePoints>
                <SequencePoint vc="0" uspid="2119" ordinal="0" offset="0" sl="378" sc="9" el="378" ec="10" bec="0" bev="0" fileid="33" />
                <SequencePoint vc="0" uspid="2120" ordinal="1" offset="1" sl="379" sc="13" el="379" ec="51" bec="4" bev="0" fileid="33" />
                <SequencePoint vc="0" uspid="2121" ordinal="2" offset="21" sl="380" sc="13" el="380" ec="14" bec="0" bev="0" fileid="33" />
                <SequencePoint vc="0" uspid="2122" ordinal="3" offset="22" sl="381" sc="17" el="381" ec="40" bec="0" bev="0" fileid="33" />
                <SequencePoint vc="0" uspid="2123" ordinal="4" offset="34" sl="382" sc="17" el="382" ec="37" bec="0" bev="0" fileid="33" />
                <SequencePoint vc="0" uspid="2124" ordinal="5" offset="41" sl="383" sc="13" el="383" ec="14" bec="0" bev="0" fileid="33" />
                <SequencePoint vc="0" uspid="2125" ordinal="6" offset="42" sl="385" sc="13" el="385" ec="37" bec="0" bev="0" fileid="33" />
                <SequencePoint vc="0" uspid="2126" ordinal="7" offset="50" sl="386" sc="9" el="386" ec="10" bec="0" bev="0" fileid="33" />
              </SequencePoints>
              <BranchPoints>
                <BranchPoint vc="0" uspid="2127" ordinal="0" offset="2" sl="379" path="0" offsetend="4" fileid="33" />
                <BranchPoint vc="0" uspid="2128" ordinal="1" offset="2" sl="379" path="1" offsetend="15" fileid="33" />
                <BranchPoint vc="0" uspid="2129" ordinal="2" offset="19" sl="379" path="0" offsetend="21" fileid="33" />
                <BranchPoint vc="0" uspid="2130" ordinal="3" offset="19" sl="379" path="1" offsetend="42" fileid="33" />
              </BranchPoints>
              <MethodPoint xsi:type="SequencePoint" vc="0" uspid="2119" ordinal="0" offset="0" sl="378" sc="9" el="378" ec="10" bec="0" bev="0" fileid="33" />
            </Method>
            <Method visited="false" cyclomaticComplexity="7" sequenceCoverage="0" branchCoverage="0" isConstructor="false" isStatic="false" isGetter="false" isSetter="false">
              <Summary numSequencePoints="22" visitedSequencePoints="0" numBranchPoints="11" visitedBranchPoints="0" sequenceCoverage="0" branchCoverage="0" maxCyclomaticComplexity="7" minCyclomaticComplexity="7" visitedClasses="0" numClasses="0" visitedMethods="0" numMethods="1" />
              <MetadataToken>100663585</MetadataToken>
              <Name>System.Web.Http.IHttpActionResult RMWebAPI.Controllers.AccountController::GetErrorResult(Microsoft.AspNet.Identity.IdentityResult)</Name>
              <FileRef uid="33" />
              <SequencePoints>
                <SequencePoint vc="0" uspid="2131" ordinal="0" offset="0" sl="396" sc="9" el="396" ec="10" bec="0" bev="0" fileid="33" />
                <SequencePoint vc="0" uspid="2132" ordinal="1" offset="1" sl="397" sc="13" el="397" ec="32" bec="2" bev="0" fileid="33" />
                <SequencePoint vc="0" uspid="2133" ordinal="2" offset="12" sl="398" sc="13" el="398" ec="14" bec="0" bev="0" fileid="33" />
                <SequencePoint vc="0" uspid="2134" ordinal="3" offset="13" sl="399" sc="17" el="399" ec="46" bec="0" bev="0" fileid="33" />
                <SequencePoint vc="0" uspid="2135" ordinal="4" offset="25" sl="402" sc="13" el="402" ec="35" bec="2" bev="0" fileid="33" />
                <SequencePoint vc="0" uspid="2136" ordinal="5" offset="38" sl="403" sc="13" el="403" ec="14" bec="0" bev="0" fileid="33" />
                <SequencePoint vc="0" uspid="2137" ordinal="6" offset="39" sl="404" sc="17" el="404" ec="43" bec="2" bev="0" fileid="33" />
                <SequencePoint vc="0" uspid="2138" ordinal="7" offset="52" sl="405" sc="17" el="405" ec="18" bec="0" bev="0" fileid="33" />
                <SequencePoint vc="0" uspid="2139" ordinal="8" offset="53" sl="406" sc="21" el="406" ec="28" bec="0" bev="0" fileid="33" />
                <SequencePoint vc="0" uspid="2140" ordinal="9" offset="54" sl="406" sc="46" el="406" ec="59" bec="0" bev="0" fileid="33" />
                <SequencePoint vc="0" uspid="2141" ordinal="10" offset="68" sl="406" sc="30" el="406" ec="42" bec="0" bev="0" fileid="33" />
                <SequencePoint vc="0" uspid="2142" ordinal="11" offset="75" sl="407" sc="21" el="407" ec="22" bec="0" bev="0" fileid="33" />
                <SequencePoint vc="0" uspid="2143" ordinal="12" offset="76" sl="408" sc="25" el="408" ec="61" bec="0" bev="0" fileid="33" />
                <SequencePoint vc="0" uspid="2144" ordinal="13" offset="94" sl="409" sc="21" el="409" ec="22" bec="0" bev="0" fileid="33" />
                <SequencePoint vc="0" uspid="2145" ordinal="14" offset="95" sl="406" sc="43" el="406" ec="45" bec="2" bev="0" fileid="33" />
                <SequencePoint vc="0" uspid="2146" ordinal="15" offset="124" sl="410" sc="17" el="410" ec="18" bec="0" bev="0" fileid="33" />
                <SequencePoint vc="0" uspid="2147" ordinal="16" offset="125" sl="412" sc="17" el="412" ec="40" bec="2" bev="0" fileid="33" />
                <SequencePoint vc="0" uspid="2148" ordinal="17" offset="143" sl="413" sc="17" el="413" ec="18" bec="0" bev="0" fileid="33" />
                <SequencePoint vc="0" uspid="2149" ordinal="18" offset="144" sl="415" sc="21" el="415" ec="41" bec="0" bev="0" fileid="33" />
                <SequencePoint vc="0" uspid="2150" ordinal="19" offset="153" sl="418" sc="17" el="418" ec="47" bec="0" bev="0" fileid="33" />
                <SequencePoint vc="0" uspid="2151" ordinal="20" offset="168" sl="421" sc="13" el="421" ec="25" bec="0" bev="0" fileid="33" />
                <SequencePoint vc="0" uspid="2152" ordinal="21" offset="172" sl="422" sc="9" el="422" ec="10" bec="0" bev="0" fileid="33" />
              </SequencePoints>
              <BranchPoints>
                <BranchPoint vc="0" uspid="2153" ordinal="0" offset="10" sl="397" path="0" offsetend="12" fileid="33" />
                <BranchPoint vc="0" uspid="2154" ordinal="1" offset="10" sl="397" path="1" offsetend="25" fileid="33" />
                <BranchPoint vc="0" uspid="2155" ordinal="2" offset="33" sl="402" path="0" offsetend="38" fileid="33" />
                <BranchPoint vc="0" uspid="2156" ordinal="3" offset="33" sl="402" path="1" offsetend="168" fileid="33" />
                <BranchPoint vc="0" uspid="2157" ordinal="4" offset="50" sl="404" path="0" offsetend="52" fileid="33" />
                <BranchPoint vc="0" uspid="2158" ordinal="5" offset="50" sl="404" path="1" offsetend="125" fileid="33" />
                <BranchPoint vc="0" uspid="2159" ordinal="6" offset="103" sl="406" path="0" offsetend="105" fileid="33" />
                <BranchPoint vc="0" uspid="2160" ordinal="7" offset="103" sl="406" path="1" offsetend="68" fileid="33" />
                <BranchPoint vc="0" uspid="2161" ordinal="8" offset="141" sl="412" path="0" offsetend="143" fileid="33" />
                <BranchPoint vc="0" uspid="2162" ordinal="9" offset="141" sl="412" path="1" offsetend="153" fileid="33" />
              </BranchPoints>
              <MethodPoint xsi:type="SequencePoint" vc="0" uspid="2131" ordinal="0" offset="0" sl="396" sc="9" el="396" ec="10" bec="0" bev="0" fileid="33" />
            </Method>
          </Methods>
        </Class>
        <Class>
          <Summary numSequencePoints="22" visitedSequencePoints="0" numBranchPoints="14" visitedBranchPoints="0" sequenceCoverage="0" branchCoverage="0" maxCyclomaticComplexity="6" minCyclomaticComplexity="1" visitedClasses="0" numClasses="1" visitedMethods="0" numMethods="2" />
          <FullName>RMWebAPI.Controllers.AccountController/ExternalLoginData</FullName>
          <Methods>
            <Method visited="false" cyclomaticComplexity="1" sequenceCoverage="0" branchCoverage="0" isConstructor="false" isStatic="false" isGetter="true" isSetter="false">
              <Summary numSequencePoints="0" visitedSequencePoints="0" numBranchPoints="0" visitedBranchPoints="0" sequenceCoverage="0" branchCoverage="0" maxCyclomaticComplexity="1" minCyclomaticComplexity="1" visitedClasses="0" numClasses="0" visitedMethods="0" numMethods="0" />
              <MetadataToken>100663586</MetadataToken>
              <Name>System.String RMWebAPI.Controllers.AccountController/ExternalLoginData::get_LoginProvider()</Name>
              <SequencePoints />
              <BranchPoints />
              <MethodPoint vc="0" uspid="2163" ordinal="0" offset="0" />
            </Method>
            <Method visited="false" cyclomaticComplexity="1" sequenceCoverage="0" branchCoverage="0" isConstructor="false" isStatic="false" isGetter="false" isSetter="true">
              <Summary numSequencePoints="0" visitedSequencePoints="0" numBranchPoints="0" visitedBranchPoints="0" sequenceCoverage="0" branchCoverage="0" maxCyclomaticComplexity="1" minCyclomaticComplexity="1" visitedClasses="0" numClasses="0" visitedMethods="0" numMethods="0" />
              <MetadataToken>100663587</MetadataToken>
              <Name>System.Void RMWebAPI.Controllers.AccountController/ExternalLoginData::set_LoginProvider(System.String)</Name>
              <SequencePoints />
              <BranchPoints />
              <MethodPoint vc="0" uspid="2164" ordinal="0" offset="0" />
            </Method>
            <Method visited="false" cyclomaticComplexity="1" sequenceCoverage="0" branchCoverage="0" isConstructor="false" isStatic="false" isGetter="true" isSetter="false">
              <Summary numSequencePoints="0" visitedSequencePoints="0" numBranchPoints="0" visitedBranchPoints="0" sequenceCoverage="0" branchCoverage="0" maxCyclomaticComplexity="1" minCyclomaticComplexity="1" visitedClasses="0" numClasses="0" visitedMethods="0" numMethods="0" />
              <MetadataToken>100663588</MetadataToken>
              <Name>System.String RMWebAPI.Controllers.AccountController/ExternalLoginData::get_ProviderKey()</Name>
              <SequencePoints />
              <BranchPoints />
              <MethodPoint vc="0" uspid="2165" ordinal="0" offset="0" />
            </Method>
            <Method visited="false" cyclomaticComplexity="1" sequenceCoverage="0" branchCoverage="0" isConstructor="false" isStatic="false" isGetter="false" isSetter="true">
              <Summary numSequencePoints="0" visitedSequencePoints="0" numBranchPoints="0" visitedBranchPoints="0" sequenceCoverage="0" branchCoverage="0" maxCyclomaticComplexity="1" minCyclomaticComplexity="1" visitedClasses="0" numClasses="0" visitedMethods="0" numMethods="0" />
              <MetadataToken>100663589</MetadataToken>
              <Name>System.Void RMWebAPI.Controllers.AccountController/ExternalLoginData::set_ProviderKey(System.String)</Name>
              <SequencePoints />
              <BranchPoints />
              <MethodPoint vc="0" uspid="2166" ordinal="0" offset="0" />
            </Method>
            <Method visited="false" cyclomaticComplexity="1" sequenceCoverage="0" branchCoverage="0" isConstructor="false" isStatic="false" isGetter="true" isSetter="false">
              <Summary numSequencePoints="0" visitedSequencePoints="0" numBranchPoints="0" visitedBranchPoints="0" sequenceCoverage="0" branchCoverage="0" maxCyclomaticComplexity="1" minCyclomaticComplexity="1" visitedClasses="0" numClasses="0" visitedMethods="0" numMethods="0" />
              <MetadataToken>100663590</MetadataToken>
              <Name>System.String RMWebAPI.Controllers.AccountController/ExternalLoginData::get_UserName()</Name>
              <SequencePoints />
              <BranchPoints />
              <MethodPoint vc="0" uspid="2167" ordinal="0" offset="0" />
            </Method>
            <Method visited="false" cyclomaticComplexity="1" sequenceCoverage="0" branchCoverage="0" isConstructor="false" isStatic="false" isGetter="false" isSetter="true">
              <Summary numSequencePoints="0" visitedSequencePoints="0" numBranchPoints="0" visitedBranchPoints="0" sequenceCoverage="0" branchCoverage="0" maxCyclomaticComplexity="1" minCyclomaticComplexity="1" visitedClasses="0" numClasses="0" visitedMethods="0" numMethods="0" />
              <MetadataToken>100663591</MetadataToken>
              <Name>System.Void RMWebAPI.Controllers.AccountController/ExternalLoginData::set_UserName(System.String)</Name>
              <SequencePoints />
              <BranchPoints />
              <MethodPoint vc="0" uspid="2168" ordinal="0" offset="0" />
            </Method>
            <Method visited="false" cyclomaticComplexity="2" sequenceCoverage="0" branchCoverage="0" isConstructor="false" isStatic="false" isGetter="false" isSetter="false">
              <Summary numSequencePoints="9" visitedSequencePoints="0" numBranchPoints="3" visitedBranchPoints="0" sequenceCoverage="0" branchCoverage="0" maxCyclomaticComplexity="2" minCyclomaticComplexity="2" visitedClasses="0" numClasses="0" visitedMethods="0" numMethods="1" />
              <MetadataToken>100663592</MetadataToken>
              <Name>System.Collections.Generic.IList`1&lt;System.Security.Claims.Claim&gt; RMWebAPI.Controllers.AccountController/ExternalLoginData::GetClaims()</Name>
              <FileRef uid="33" />
              <SequencePoints>
                <SequencePoint vc="0" uspid="2169" ordinal="0" offset="0" sl="431" sc="13" el="431" ec="14" bec="0" bev="0" fileid="33" />
                <SequencePoint vc="0" uspid="2170" ordinal="1" offset="1" sl="432" sc="17" el="432" ec="57" bec="0" bev="0" fileid="33" />
                <SequencePoint vc="0" uspid="2171" ordinal="2" offset="7" sl="433" sc="17" el="433" ec="100" bec="0" bev="0" fileid="33" />
                <SequencePoint vc="0" uspid="2172" ordinal="3" offset="37" sl="435" sc="17" el="435" ec="38" bec="2" bev="0" fileid="33" />
                <SequencePoint vc="0" uspid="2173" ordinal="4" offset="50" sl="436" sc="17" el="436" ec="18" bec="0" bev="0" fileid="33" />
                <SequencePoint vc="0" uspid="2174" ordinal="5" offset="51" sl="437" sc="21" el="437" ec="91" bec="0" bev="0" fileid="33" />
                <SequencePoint vc="0" uspid="2175" ordinal="6" offset="81" sl="438" sc="17" el="438" ec="18" bec="0" bev="0" fileid="33" />
                <SequencePoint vc="0" uspid="2176" ordinal="7" offset="82" sl="440" sc="17" el="440" ec="31" bec="0" bev="0" fileid="33" />
                <SequencePoint vc="0" uspid="2177" ordinal="8" offset="86" sl="441" sc="13" el="441" ec="14" bec="0" bev="0" fileid="33" />
              </SequencePoints>
              <BranchPoints>
                <BranchPoint vc="0" uspid="2178" ordinal="0" offset="48" sl="435" path="0" offsetend="50" fileid="33" />
                <BranchPoint vc="0" uspid="2179" ordinal="1" offset="48" sl="435" path="1" offsetend="82" fileid="33" />
              </BranchPoints>
              <MethodPoint xsi:type="SequencePoint" vc="0" uspid="2169" ordinal="0" offset="0" sl="431" sc="13" el="431" ec="14" bec="0" bev="0" fileid="33" />
            </Method>
            <Method visited="false" cyclomaticComplexity="6" sequenceCoverage="0" branchCoverage="0" isConstructor="false" isStatic="true" isGetter="false" isSetter="false">
              <Summary numSequencePoints="13" visitedSequencePoints="0" numBranchPoints="11" visitedBranchPoints="0" sequenceCoverage="0" branchCoverage="0" maxCyclomaticComplexity="6" minCyclomaticComplexity="6" visitedClasses="0" numClasses="0" visitedMethods="0" numMethods="1" />
              <MetadataToken>100663593</MetadataToken>
              <Name>RMWebAPI.Controllers.AccountController/ExternalLoginData RMWebAPI.Controllers.AccountController/ExternalLoginData::FromIdentity(System.Security.Claims.ClaimsIdentity)</Name>
              <FileRef uid="33" />
              <SequencePoints>
                <SequencePoint vc="0" uspid="2180" ordinal="0" offset="0" sl="444" sc="13" el="444" ec="14" bec="0" bev="0" fileid="33" />
                <SequencePoint vc="0" uspid="2181" ordinal="1" offset="1" sl="445" sc="17" el="445" ec="38" bec="2" bev="0" fileid="33" />
                <SequencePoint vc="0" uspid="2182" ordinal="2" offset="12" sl="446" sc="17" el="446" ec="18" bec="0" bev="0" fileid="33" />
                <SequencePoint vc="0" uspid="2183" ordinal="3" offset="13" sl="447" sc="21" el="447" ec="33" bec="0" bev="0" fileid="33" />
                <SequencePoint vc="0" uspid="2184" ordinal="4" offset="20" sl="450" sc="17" el="450" ec="88" bec="0" bev="0" fileid="33" />
                <SequencePoint vc="0" uspid="2185" ordinal="5" offset="32" sl="452" sc="17" el="453" ec="69" bec="5" bev="0" fileid="33" />
                <SequencePoint vc="0" uspid="2186" ordinal="6" offset="70" sl="454" sc="17" el="454" ec="18" bec="0" bev="0" fileid="33" />
                <SequencePoint vc="0" uspid="2187" ordinal="7" offset="71" sl="455" sc="21" el="455" ec="33" bec="0" bev="0" fileid="33" />
                <SequencePoint vc="0" uspid="2188" ordinal="8" offset="75" sl="458" sc="17" el="458" ec="77" bec="2" bev="0" fileid="33" />
                <SequencePoint vc="0" uspid="2189" ordinal="9" offset="98" sl="459" sc="17" el="459" ec="18" bec="0" bev="0" fileid="33" />
                <SequencePoint vc="0" uspid="2190" ordinal="10" offset="99" sl="460" sc="21" el="460" ec="33" bec="0" bev="0" fileid="33" />
                <SequencePoint vc="0" uspid="2191" ordinal="11" offset="103" sl="463" sc="17" el="468" ec="19" bec="0" bev="0" fileid="33" />
                <SequencePoint vc="0" uspid="2192" ordinal="12" offset="157" sl="469" sc="13" el="469" ec="14" bec="0" bev="0" fileid="33" />
              </SequencePoints>
              <BranchPoints>
                <BranchPoint vc="0" uspid="2193" ordinal="0" offset="10" sl="445" path="0" offsetend="12" fileid="33" />
                <BranchPoint vc="0" uspid="2194" ordinal="1" offset="10" sl="445" path="1" offsetend="20" fileid="33" />
                <BranchPoint vc="0" uspid="2195" ordinal="2" offset="33" sl="452" path="0" offsetend="35" fileid="33" />
                <BranchPoint vc="0" uspid="2196" ordinal="3" offset="33" sl="452" path="1" offsetend="64" fileid="33" />
                <BranchPoint vc="0" uspid="2197" ordinal="4" offset="46" sl="452" path="0" offsetend="48" fileid="33" />
                <BranchPoint vc="0" uspid="2198" ordinal="5" offset="46" sl="452" path="1" offsetend="64" fileid="33" />
                <BranchPoint vc="0" uspid="2199" ordinal="6" offset="68" sl="452" path="0" offsetend="70" fileid="33" />
                <BranchPoint vc="0" uspid="2200" ordinal="7" offset="68" sl="452" path="1" offsetend="75" fileid="33" />
                <BranchPoint vc="0" uspid="2201" ordinal="8" offset="96" sl="458" path="0" offsetend="98" fileid="33" />
                <BranchPoint vc="0" uspid="2202" ordinal="9" offset="96" sl="458" path="1" offsetend="103" fileid="33" />
              </BranchPoints>
              <MethodPoint xsi:type="SequencePoint" vc="0" uspid="2180" ordinal="0" offset="0" sl="444" sc="13" el="444" ec="14" bec="0" bev="0" fileid="33" />
            </Method>
            <Method visited="false" cyclomaticComplexity="1" sequenceCoverage="0" branchCoverage="0" isConstructor="true" isStatic="false" isGetter="false" isSetter="false">
              <Summary numSequencePoints="0" visitedSequencePoints="0" numBranchPoints="0" visitedBranchPoints="0" sequenceCoverage="0" branchCoverage="0" maxCyclomaticComplexity="1" minCyclomaticComplexity="1" visitedClasses="0" numClasses="0" visitedMethods="0" numMethods="0" />
              <MetadataToken>100663594</MetadataToken>
              <Name>System.Void RMWebAPI.Controllers.AccountController/ExternalLoginData::.ctor()</Name>
              <SequencePoints />
              <BranchPoints />
              <MethodPoint vc="0" uspid="2203" ordinal="0" offset="0" />
            </Method>
          </Methods>
        </Class>
        <Class>
          <Summary numSequencePoints="10" visitedSequencePoints="0" numBranchPoints="4" visitedBranchPoints="0" sequenceCoverage="0" branchCoverage="0" maxCyclomaticComplexity="2" minCyclomaticComplexity="1" visitedClasses="0" numClasses="1" visitedMethods="0" numMethods="2" />
          <FullName>RMWebAPI.Controllers.AccountController/RandomOAuthStateGenerator</FullName>
          <Methods>
            <Method visited="false" cyclomaticComplexity="2" sequenceCoverage="0" branchCoverage="0" isConstructor="false" isStatic="true" isGetter="false" isSetter="false">
              <Summary numSequencePoints="9" visitedSequencePoints="0" numBranchPoints="3" visitedBranchPoints="0" sequenceCoverage="0" branchCoverage="0" maxCyclomaticComplexity="2" minCyclomaticComplexity="2" visitedClasses="0" numClasses="0" visitedMethods="0" numMethods="1" />
              <MetadataToken>100663595</MetadataToken>
              <Name>System.String RMWebAPI.Controllers.AccountController/RandomOAuthStateGenerator::Generate(System.Int32)</Name>
              <FileRef uid="33" />
              <SequencePoints>
                <SequencePoint vc="0" uspid="2204" ordinal="0" offset="0" sl="477" sc="13" el="477" ec="14" bec="0" bev="0" fileid="33" />
                <SequencePoint vc="0" uspid="2205" ordinal="1" offset="1" sl="480" sc="17" el="480" ec="55" bec="2" bev="0" fileid="33" />
                <SequencePoint vc="0" uspid="2206" ordinal="2" offset="11" sl="481" sc="17" el="481" ec="18" bec="0" bev="0" fileid="33" />
                <SequencePoint vc="0" uspid="2207" ordinal="3" offset="12" sl="482" sc="21" el="482" ec="116" bec="0" bev="0" fileid="33" />
                <SequencePoint vc="0" uspid="2208" ordinal="4" offset="28" sl="485" sc="17" el="485" ec="68" bec="0" bev="0" fileid="33" />
                <SequencePoint vc="0" uspid="2209" ordinal="5" offset="32" sl="487" sc="17" el="487" ec="57" bec="0" bev="0" fileid="33" />
                <SequencePoint vc="0" uspid="2210" ordinal="6" offset="39" sl="488" sc="17" el="488" ec="40" bec="0" bev="0" fileid="33" />
                <SequencePoint vc="0" uspid="2211" ordinal="7" offset="51" sl="489" sc="17" el="489" ec="63" bec="0" bev="0" fileid="33" />
                <SequencePoint vc="0" uspid="2212" ordinal="8" offset="60" sl="490" sc="13" el="490" ec="14" bec="0" bev="0" fileid="33" />
              </SequencePoints>
              <BranchPoints>
                <BranchPoint vc="0" uspid="2213" ordinal="0" offset="9" sl="480" path="0" offsetend="11" fileid="33" />
                <BranchPoint vc="0" uspid="2214" ordinal="1" offset="9" sl="480" path="1" offsetend="28" fileid="33" />
              </BranchPoints>
              <MethodPoint xsi:type="SequencePoint" vc="0" uspid="2204" ordinal="0" offset="0" sl="477" sc="13" el="477" ec="14" bec="0" bev="0" fileid="33" />
            </Method>
            <Method visited="false" cyclomaticComplexity="1" sequenceCoverage="0" branchCoverage="0" isConstructor="true" isStatic="true" isGetter="false" isSetter="false">
              <Summary numSequencePoints="1" visitedSequencePoints="0" numBranchPoints="1" visitedBranchPoints="0" sequenceCoverage="0" branchCoverage="0" maxCyclomaticComplexity="1" minCyclomaticComplexity="1" visitedClasses="0" numClasses="0" visitedMethods="0" numMethods="1" />
              <MetadataToken>100663596</MetadataToken>
              <Name>System.Void RMWebAPI.Controllers.AccountController/RandomOAuthStateGenerator::.cctor()</Name>
              <FileRef uid="33" />
              <SequencePoints>
                <SequencePoint vc="0" uspid="2215" ordinal="0" offset="0" sl="474" sc="13" el="474" ec="91" bec="0" bev="0" fileid="33" />
              </SequencePoints>
              <BranchPoints />
              <MethodPoint xsi:type="SequencePoint" vc="0" uspid="2215" ordinal="0" offset="0" sl="474" sc="13" el="474" ec="91" bec="0" bev="0" fileid="33" />
            </Method>
          </Methods>
        </Class>
        <Class>
          <Summary numSequencePoints="19" visitedSequencePoints="0" numBranchPoints="13" visitedBranchPoints="0" sequenceCoverage="0" branchCoverage="0" maxCyclomaticComplexity="9" minCyclomaticComplexity="1" visitedClasses="0" numClasses="1" visitedMethods="0" numMethods="1" />
          <FullName>RMWebAPI.Controllers.AccountController/&lt;GetManageInfo&gt;d__4</FullName>
          <Methods>
            <Method visited="false" cyclomaticComplexity="9" sequenceCoverage="0" branchCoverage="0" isConstructor="false" isStatic="false" isGetter="false" isSetter="false">
              <Summary numSequencePoints="19" visitedSequencePoints="0" numBranchPoints="13" visitedBranchPoints="0" sequenceCoverage="0" branchCoverage="0" maxCyclomaticComplexity="9" minCyclomaticComplexity="9" visitedClasses="0" numClasses="0" visitedMethods="0" numMethods="1" />
              <MetadataToken>100663718</MetadataToken>
              <Name>System.Void RMWebAPI.Controllers.AccountController/&lt;GetManageInfo&gt;d__4::MoveNext()</Name>
              <FileRef uid="33" />
              <SequencePoints>
                <SequencePoint vc="0" uspid="2216" ordinal="0" offset="32" sl="81" sc="9" el="81" ec="10" bec="4" bev="0" fileid="33" />
                <SequencePoint vc="0" uspid="2217" ordinal="1" offset="33" sl="82" sc="13" el="82" ec="92" bec="2" bev="0" fileid="33" />
                <SequencePoint vc="0" uspid="2218" ordinal="2" offset="179" sl="84" sc="13" el="84" ec="30" bec="2" bev="0" fileid="33" />
                <SequencePoint vc="0" uspid="2219" ordinal="3" offset="197" sl="85" sc="13" el="85" ec="14" bec="0" bev="0" fileid="33" />
                <SequencePoint vc="0" uspid="2220" ordinal="4" offset="198" sl="86" sc="17" el="86" ec="29" bec="0" bev="0" fileid="33" />
                <SequencePoint vc="0" uspid="2221" ordinal="5" offset="206" sl="89" sc="13" el="89" ec="86" bec="0" bev="0" fileid="33" />
                <SequencePoint vc="0" uspid="2222" ordinal="6" offset="217" sl="91" sc="13" el="91" ec="20" bec="0" bev="0" fileid="33" />
                <SequencePoint vc="0" uspid="2223" ordinal="7" offset="218" sl="91" sc="57" el="91" ec="68" bec="0" bev="0" fileid="33" />
                <SequencePoint vc="0" uspid="2224" ordinal="8" offset="242" sl="91" sc="22" el="91" ec="53" bec="0" bev="0" fileid="33" />
                <SequencePoint vc="0" uspid="2225" ordinal="9" offset="250" sl="92" sc="13" el="92" ec="14" bec="0" bev="0" fileid="33" />
                <SequencePoint vc="0" uspid="2226" ordinal="10" offset="251" sl="93" sc="17" el="97" ec="20" bec="0" bev="0" fileid="33" />
                <SequencePoint vc="0" uspid="2227" ordinal="11" offset="296" sl="98" sc="13" el="98" ec="14" bec="0" bev="0" fileid="33" />
                <SequencePoint vc="0" uspid="2228" ordinal="12" offset="297" sl="91" sc="54" el="91" ec="56" bec="2" bev="0" fileid="33" />
                <SequencePoint vc="0" uspid="2229" ordinal="13" offset="343" sl="100" sc="13" el="100" ec="43" bec="2" bev="0" fileid="33" />
                <SequencePoint vc="0" uspid="2230" ordinal="14" offset="363" sl="101" sc="13" el="101" ec="14" bec="0" bev="0" fileid="33" />
                <SequencePoint vc="0" uspid="2231" ordinal="15" offset="364" sl="102" sc="17" el="106" ec="20" bec="0" bev="0" fileid="33" />
                <SequencePoint vc="0" uspid="2232" ordinal="16" offset="413" sl="107" sc="13" el="107" ec="14" bec="0" bev="0" fileid="33" />
                <SequencePoint vc="0" uspid="2233" ordinal="17" offset="414" sl="109" sc="13" el="115" ec="15" bec="0" bev="0" fileid="33" />
                <SequencePoint vc="0" uspid="2234" ordinal="18" offset="557" sl="116" sc="9" el="116" ec="10" bec="0" bev="0" fileid="33" />
              </SequencePoints>
              <BranchPoints>
                <BranchPoint vc="0" uspid="2235" ordinal="0" offset="14" sl="81" path="0" offsetend="16" fileid="33" />
                <BranchPoint vc="0" uspid="2236" ordinal="1" offset="14" sl="81" path="1" offsetchain="23" offsetend="528" fileid="33" />
                <BranchPoint vc="0" uspid="2237" ordinal="2" offset="19" sl="81" path="0" offsetchain="21 30" offsetend="32" fileid="33" />
                <BranchPoint vc="0" uspid="2238" ordinal="3" offset="19" sl="81" path="1" offsetchain="28" offsetend="123" fileid="33" />
                <BranchPoint vc="0" uspid="2239" ordinal="4" offset="84" sl="82" path="0" offsetend="86" fileid="33" />
                <BranchPoint vc="0" uspid="2240" ordinal="5" offset="84" sl="82" path="1" offsetend="154" fileid="33" />
                <BranchPoint vc="0" uspid="2241" ordinal="6" offset="195" sl="84" path="0" offsetend="197" fileid="33" />
                <BranchPoint vc="0" uspid="2242" ordinal="7" offset="195" sl="84" path="1" offsetend="206" fileid="33" />
                <BranchPoint vc="0" uspid="2243" ordinal="8" offset="308" sl="91" path="0" offsetend="310" fileid="33" />
                <BranchPoint vc="0" uspid="2244" ordinal="9" offset="308" sl="91" path="1" offsetend="242" fileid="33" />
                <BranchPoint vc="0" uspid="2245" ordinal="10" offset="361" sl="100" path="0" offsetend="363" fileid="33" />
                <BranchPoint vc="0" uspid="2246" ordinal="11" offset="361" sl="100" path="1" offsetend="414" fileid="33" />
              </BranchPoints>
              <MethodPoint vc="0" uspid="2247" ordinal="0" offset="0" />
            </Method>
            <Method visited="false" cyclomaticComplexity="1" sequenceCoverage="0" branchCoverage="0" isConstructor="false" isStatic="false" isGetter="false" isSetter="false">
              <Summary numSequencePoints="0" visitedSequencePoints="0" numBranchPoints="0" visitedBranchPoints="0" sequenceCoverage="0" branchCoverage="0" maxCyclomaticComplexity="1" minCyclomaticComplexity="1" visitedClasses="0" numClasses="0" visitedMethods="0" numMethods="0" />
              <MetadataToken>100663719</MetadataToken>
              <Name>System.Void RMWebAPI.Controllers.AccountController/&lt;GetManageInfo&gt;d__4::SetStateMachine(System.Runtime.CompilerServices.IAsyncStateMachine)</Name>
              <SequencePoints />
              <BranchPoints />
              <MethodPoint vc="0" uspid="2248" ordinal="0" offset="0" />
            </Method>
          </Methods>
        </Class>
        <Class>
          <Summary numSequencePoints="10" visitedSequencePoints="0" numBranchPoints="11" visitedBranchPoints="0" sequenceCoverage="0" branchCoverage="0" maxCyclomaticComplexity="6" minCyclomaticComplexity="1" visitedClasses="0" numClasses="1" visitedMethods="0" numMethods="1" />
          <FullName>RMWebAPI.Controllers.AccountController/&lt;ChangePassword&gt;d__9</FullName>
          <Methods>
            <Method visited="false" cyclomaticComplexity="6" sequenceCoverage="0" branchCoverage="0" isConstructor="false" isStatic="false" isGetter="false" isSetter="false">
              <Summary numSequencePoints="10" visitedSequencePoints="0" numBranchPoints="11" visitedBranchPoints="0" sequenceCoverage="0" branchCoverage="0" maxCyclomaticComplexity="6" minCyclomaticComplexity="6" visitedClasses="0" numClasses="0" visitedMethods="0" numMethods="1" />
              <MetadataToken>100663720</MetadataToken>
              <Name>System.Void RMWebAPI.Controllers.AccountController/&lt;ChangePassword&gt;d__9::MoveNext()</Name>
              <FileRef uid="33" />
              <SequencePoints>
                <SequencePoint vc="0" uspid="2249" ordinal="0" offset="32" sl="121" sc="9" el="121" ec="10" bec="4" bev="0" fileid="33" />
                <SequencePoint vc="0" uspid="2250" ordinal="1" offset="33" sl="122" sc="13" el="122" ec="37" bec="2" bev="0" fileid="33" />
                <SequencePoint vc="0" uspid="2251" ordinal="2" offset="55" sl="123" sc="13" el="123" ec="14" bec="0" bev="0" fileid="33" />
                <SequencePoint vc="0" uspid="2252" ordinal="3" offset="56" sl="124" sc="17" el="124" ec="47" bec="0" bev="0" fileid="33" />
                <SequencePoint vc="0" uspid="2253" ordinal="4" offset="84" sl="127" sc="13" el="128" ec="36" bec="2" bev="0" fileid="33" />
                <SequencePoint vc="0" uspid="2254" ordinal="5" offset="252" sl="130" sc="13" el="130" ec="35" bec="2" bev="0" fileid="33" />
                <SequencePoint vc="0" uspid="2255" ordinal="6" offset="269" sl="131" sc="13" el="131" ec="14" bec="0" bev="0" fileid="33" />
                <SequencePoint vc="0" uspid="2256" ordinal="7" offset="270" sl="132" sc="17" el="132" ec="47" bec="0" bev="0" fileid="33" />
                <SequencePoint vc="0" uspid="2257" ordinal="8" offset="290" sl="135" sc="13" el="135" ec="25" bec="0" bev="0" fileid="33" />
                <SequencePoint vc="0" uspid="2258" ordinal="9" offset="331" sl="136" sc="9" el="136" ec="10" bec="0" bev="0" fileid="33" />
              </SequencePoints>
              <BranchPoints>
                <BranchPoint vc="0" uspid="2259" ordinal="0" offset="12" sl="121" path="0" offsetend="14" fileid="33" />
                <BranchPoint vc="0" uspid="2260" ordinal="1" offset="12" sl="121" path="1" offsetchain="20" offsetend="304" fileid="33" />
                <BranchPoint vc="0" uspid="2261" ordinal="2" offset="16" sl="121" path="0" offsetchain="18 30" offsetend="32" fileid="33" />
                <BranchPoint vc="0" uspid="2262" ordinal="3" offset="16" sl="121" path="1" offsetchain="25" offsetend="196" fileid="33" />
                <BranchPoint vc="0" uspid="2263" ordinal="4" offset="53" sl="122" path="0" offsetend="55" fileid="33" />
                <BranchPoint vc="0" uspid="2264" ordinal="5" offset="53" sl="122" path="1" offsetend="84" fileid="33" />
                <BranchPoint vc="0" uspid="2265" ordinal="6" offset="157" sl="127" path="0" offsetend="159" fileid="33" />
                <BranchPoint vc="0" uspid="2266" ordinal="7" offset="157" sl="127" path="1" offsetend="227" fileid="33" />
                <BranchPoint vc="0" uspid="2267" ordinal="8" offset="267" sl="130" path="0" offsetend="269" fileid="33" />
                <BranchPoint vc="0" uspid="2268" ordinal="9" offset="267" sl="130" path="1" offsetend="290" fileid="33" />
              </BranchPoints>
              <MethodPoint vc="0" uspid="2269" ordinal="0" offset="0" />
            </Method>
            <Method visited="false" cyclomaticComplexity="1" sequenceCoverage="0" branchCoverage="0" isConstructor="false" isStatic="false" isGetter="false" isSetter="false">
              <Summary numSequencePoints="0" visitedSequencePoints="0" numBranchPoints="0" visitedBranchPoints="0" sequenceCoverage="0" branchCoverage="0" maxCyclomaticComplexity="1" minCyclomaticComplexity="1" visitedClasses="0" numClasses="0" visitedMethods="0" numMethods="0" />
              <MetadataToken>100663721</MetadataToken>
              <Name>System.Void RMWebAPI.Controllers.AccountController/&lt;ChangePassword&gt;d__9::SetStateMachine(System.Runtime.CompilerServices.IAsyncStateMachine)</Name>
              <SequencePoints />
              <BranchPoints />
              <MethodPoint vc="0" uspid="2270" ordinal="0" offset="0" />
            </Method>
          </Methods>
        </Class>
        <Class>
          <Summary numSequencePoints="10" visitedSequencePoints="0" numBranchPoints="11" visitedBranchPoints="0" sequenceCoverage="0" branchCoverage="0" maxCyclomaticComplexity="6" minCyclomaticComplexity="1" visitedClasses="0" numClasses="1" visitedMethods="0" numMethods="1" />
          <FullName>RMWebAPI.Controllers.AccountController/&lt;SetPassword&gt;d__d</FullName>
          <Methods>
            <Method visited="false" cyclomaticComplexity="6" sequenceCoverage="0" branchCoverage="0" isConstructor="false" isStatic="false" isGetter="false" isSetter="false">
              <Summary numSequencePoints="10" visitedSequencePoints="0" numBranchPoints="11" visitedBranchPoints="0" sequenceCoverage="0" branchCoverage="0" maxCyclomaticComplexity="6" minCyclomaticComplexity="6" visitedClasses="0" numClasses="0" visitedMethods="0" numMethods="1" />
              <MetadataToken>100663722</MetadataToken>
              <Name>System.Void RMWebAPI.Controllers.AccountController/&lt;SetPassword&gt;d__d::MoveNext()</Name>
              <FileRef uid="33" />
              <SequencePoints>
                <SequencePoint vc="0" uspid="2271" ordinal="0" offset="32" sl="141" sc="9" el="141" ec="10" bec="4" bev="0" fileid="33" />
                <SequencePoint vc="0" uspid="2272" ordinal="1" offset="33" sl="142" sc="13" el="142" ec="37" bec="2" bev="0" fileid="33" />
                <SequencePoint vc="0" uspid="2273" ordinal="2" offset="55" sl="143" sc="13" el="143" ec="14" bec="0" bev="0" fileid="33" />
                <SequencePoint vc="0" uspid="2274" ordinal="3" offset="56" sl="144" sc="17" el="144" ec="47" bec="0" bev="0" fileid="33" />
                <SequencePoint vc="0" uspid="2275" ordinal="4" offset="84" sl="147" sc="13" el="147" ec="118" bec="2" bev="0" fileid="33" />
                <SequencePoint vc="0" uspid="2276" ordinal="5" offset="241" sl="149" sc="13" el="149" ec="35" bec="2" bev="0" fileid="33" />
                <SequencePoint vc="0" uspid="2277" ordinal="6" offset="258" sl="150" sc="13" el="150" ec="14" bec="0" bev="0" fileid="33" />
                <SequencePoint vc="0" uspid="2278" ordinal="7" offset="259" sl="151" sc="17" el="151" ec="47" bec="0" bev="0" fileid="33" />
                <SequencePoint vc="0" uspid="2279" ordinal="8" offset="279" sl="154" sc="13" el="154" ec="25" bec="0" bev="0" fileid="33" />
                <SequencePoint vc="0" uspid="2280" ordinal="9" offset="320" sl="155" sc="9" el="155" ec="10" bec="0" bev="0" fileid="33" />
              </SequencePoints>
              <BranchPoints>
                <BranchPoint vc="0" uspid="2281" ordinal="0" offset="12" sl="141" path="0" offsetend="14" fileid="33" />
                <BranchPoint vc="0" uspid="2282" ordinal="1" offset="12" sl="141" path="1" offsetchain="20" offsetend="293" fileid="33" />
                <BranchPoint vc="0" uspid="2283" ordinal="2" offset="16" sl="141" path="0" offsetchain="18 30" offsetend="32" fileid="33" />
                <BranchPoint vc="0" uspid="2284" ordinal="3" offset="16" sl="141" path="1" offsetchain="25" offsetend="185" fileid="33" />
                <BranchPoint vc="0" uspid="2285" ordinal="4" offset="53" sl="142" path="0" offsetend="55" fileid="33" />
                <BranchPoint vc="0" uspid="2286" ordinal="5" offset="53" sl="142" path="1" offsetend="84" fileid="33" />
                <BranchPoint vc="0" uspid="2287" ordinal="6" offset="146" sl="147" path="0" offsetend="148" fileid="33" />
                <BranchPoint vc="0" uspid="2288" ordinal="7" offset="146" sl="147" path="1" offsetend="216" fileid="33" />
                <BranchPoint vc="0" uspid="2289" ordinal="8" offset="256" sl="149" path="0" offsetend="258" fileid="33" />
                <BranchPoint vc="0" uspid="2290" ordinal="9" offset="256" sl="149" path="1" offsetend="279" fileid="33" />
              </BranchPoints>
              <MethodPoint vc="0" uspid="2291" ordinal="0" offset="0" />
            </Method>
            <Method visited="false" cyclomaticComplexity="1" sequenceCoverage="0" branchCoverage="0" isConstructor="false" isStatic="false" isGetter="false" isSetter="false">
              <Summary numSequencePoints="0" visitedSequencePoints="0" numBranchPoints="0" visitedBranchPoints="0" sequenceCoverage="0" branchCoverage="0" maxCyclomaticComplexity="1" minCyclomaticComplexity="1" visitedClasses="0" numClasses="0" visitedMethods="0" numMethods="0" />
              <MetadataToken>100663723</MetadataToken>
              <Name>System.Void RMWebAPI.Controllers.AccountController/&lt;SetPassword&gt;d__d::SetStateMachine(System.Runtime.CompilerServices.IAsyncStateMachine)</Name>
              <SequencePoints />
              <BranchPoints />
              <MethodPoint vc="0" uspid="2292" ordinal="0" offset="0" />
            </Method>
          </Methods>
        </Class>
        <Class>
          <Summary numSequencePoints="19" visitedSequencePoints="0" numBranchPoints="23" visitedBranchPoints="0" sequenceCoverage="0" branchCoverage="0" maxCyclomaticComplexity="12" minCyclomaticComplexity="1" visitedClasses="0" numClasses="1" visitedMethods="0" numMethods="1" />
          <FullName>RMWebAPI.Controllers.AccountController/&lt;AddExternalLogin&gt;d__11</FullName>
          <Methods>
            <Method visited="false" cyclomaticComplexity="12" sequenceCoverage="0" branchCoverage="0" isConstructor="false" isStatic="false" isGetter="false" isSetter="false">
              <Summary numSequencePoints="19" visitedSequencePoints="0" numBranchPoints="23" visitedBranchPoints="0" sequenceCoverage="0" branchCoverage="0" maxCyclomaticComplexity="12" minCyclomaticComplexity="12" visitedClasses="0" numClasses="0" visitedMethods="0" numMethods="1" />
              <MetadataToken>100663724</MetadataToken>
              <Name>System.Void RMWebAPI.Controllers.AccountController/&lt;AddExternalLogin&gt;d__11::MoveNext()</Name>
              <FileRef uid="33" />
              <SequencePoints>
                <SequencePoint vc="0" uspid="2293" ordinal="0" offset="32" sl="160" sc="9" el="160" ec="10" bec="4" bev="0" fileid="33" />
                <SequencePoint vc="0" uspid="2294" ordinal="1" offset="33" sl="161" sc="13" el="161" ec="37" bec="2" bev="0" fileid="33" />
                <SequencePoint vc="0" uspid="2295" ordinal="2" offset="55" sl="162" sc="13" el="162" ec="14" bec="0" bev="0" fileid="33" />
                <SequencePoint vc="0" uspid="2296" ordinal="3" offset="56" sl="163" sc="17" el="163" ec="47" bec="0" bev="0" fileid="33" />
                <SequencePoint vc="0" uspid="2297" ordinal="4" offset="84" sl="166" sc="13" el="166" ec="79" bec="0" bev="0" fileid="33" />
                <SequencePoint vc="0" uspid="2298" ordinal="5" offset="120" sl="168" sc="13" el="168" ec="98" bec="0" bev="0" fileid="33" />
                <SequencePoint vc="0" uspid="2299" ordinal="6" offset="153" sl="170" sc="13" el="172" ec="80" bec="8" bev="0" fileid="33" />
                <SequencePoint vc="0" uspid="2300" ordinal="7" offset="266" sl="173" sc="13" el="173" ec="14" bec="0" bev="0" fileid="33" />
                <SequencePoint vc="0" uspid="2301" ordinal="8" offset="267" sl="174" sc="17" el="174" ec="62" bec="0" bev="0" fileid="33" />
                <SequencePoint vc="0" uspid="2302" ordinal="9" offset="289" sl="177" sc="13" el="177" ec="94" bec="0" bev="0" fileid="33" />
                <SequencePoint vc="0" uspid="2303" ordinal="10" offset="311" sl="179" sc="13" el="179" ec="38" bec="2" bev="0" fileid="33" />
                <SequencePoint vc="0" uspid="2304" ordinal="11" offset="329" sl="180" sc="13" el="180" ec="14" bec="0" bev="0" fileid="33" />
                <SequencePoint vc="0" uspid="2305" ordinal="12" offset="330" sl="181" sc="17" el="181" ec="96" bec="0" bev="0" fileid="33" />
                <SequencePoint vc="0" uspid="2306" ordinal="13" offset="352" sl="184" sc="13" el="185" ec="90" bec="2" bev="0" fileid="33" />
                <SequencePoint vc="0" uspid="2307" ordinal="14" offset="525" sl="187" sc="13" el="187" ec="35" bec="2" bev="0" fileid="33" />
                <SequencePoint vc="0" uspid="2308" ordinal="15" offset="542" sl="188" sc="13" el="188" ec="14" bec="0" bev="0" fileid="33" />
                <SequencePoint vc="0" uspid="2309" ordinal="16" offset="543" sl="189" sc="17" el="189" ec="47" bec="0" bev="0" fileid="33" />
                <SequencePoint vc="0" uspid="2310" ordinal="17" offset="563" sl="192" sc="13" el="192" ec="25" bec="0" bev="0" fileid="33" />
                <SequencePoint vc="0" uspid="2311" ordinal="18" offset="604" sl="193" sc="9" el="193" ec="10" bec="0" bev="0" fileid="33" />
              </SequencePoints>
              <BranchPoints>
                <BranchPoint vc="0" uspid="2312" ordinal="0" offset="12" sl="160" path="0" offsetend="14" fileid="33" />
                <BranchPoint vc="0" uspid="2313" ordinal="1" offset="12" sl="160" path="1" offsetchain="20" offsetend="577" fileid="33" />
                <BranchPoint vc="0" uspid="2314" ordinal="2" offset="16" sl="160" path="0" offsetchain="18 30" offsetend="32" fileid="33" />
                <BranchPoint vc="0" uspid="2315" ordinal="3" offset="16" sl="160" path="1" offsetchain="25" offsetend="469" fileid="33" />
                <BranchPoint vc="0" uspid="2316" ordinal="4" offset="53" sl="161" path="0" offsetend="55" fileid="33" />
                <BranchPoint vc="0" uspid="2317" ordinal="5" offset="53" sl="161" path="1" offsetend="84" fileid="33" />
                <BranchPoint vc="0" uspid="2318" ordinal="6" offset="159" sl="170" path="0" offsetend="161" fileid="33" />
                <BranchPoint vc="0" uspid="2319" ordinal="7" offset="159" sl="170" path="1" offsetend="258" fileid="33" />
                <BranchPoint vc="0" uspid="2320" ordinal="8" offset="172" sl="170" path="0" offsetend="174" fileid="33" />
                <BranchPoint vc="0" uspid="2321" ordinal="9" offset="172" sl="170" path="1" offsetend="258" fileid="33" />
                <BranchPoint vc="0" uspid="2322" ordinal="10" offset="185" sl="170" path="0" offsetend="187" fileid="33" />
                <BranchPoint vc="0" uspid="2323" ordinal="11" offset="185" sl="170" path="1" offsetend="254" fileid="33" />
                <BranchPoint vc="0" uspid="2324" ordinal="12" offset="212" sl="170" path="0" offsetend="214" fileid="33" />
                <BranchPoint vc="0" uspid="2325" ordinal="13" offset="212" sl="170" path="1" offsetend="254" fileid="33" />
                <BranchPoint vc="0" uspid="2326" ordinal="14" offset="264" sl="170" path="0" offsetend="266" fileid="33" />
                <BranchPoint vc="0" uspid="2327" ordinal="15" offset="264" sl="170" path="1" offsetend="289" fileid="33" />
                <BranchPoint vc="0" uspid="2328" ordinal="16" offset="327" sl="179" path="0" offsetend="329" fileid="33" />
                <BranchPoint vc="0" uspid="2329" ordinal="17" offset="327" sl="179" path="1" offsetend="352" fileid="33" />
                <BranchPoint vc="0" uspid="2330" ordinal="18" offset="430" sl="184" path="0" offsetend="432" fileid="33" />
                <BranchPoint vc="0" uspid="2331" ordinal="19" offset="430" sl="184" path="1" offsetend="500" fileid="33" />
                <BranchPoint vc="0" uspid="2332" ordinal="20" offset="540" sl="187" path="0" offsetend="542" fileid="33" />
                <BranchPoint vc="0" uspid="2333" ordinal="21" offset="540" sl="187" path="1" offsetend="563" fileid="33" />
              </BranchPoints>
              <MethodPoint vc="0" uspid="2334" ordinal="0" offset="0" />
            </Method>
            <Method visited="false" cyclomaticComplexity="1" sequenceCoverage="0" branchCoverage="0" isConstructor="false" isStatic="false" isGetter="false" isSetter="false">
              <Summary numSequencePoints="0" visitedSequencePoints="0" numBranchPoints="0" visitedBranchPoints="0" sequenceCoverage="0" branchCoverage="0" maxCyclomaticComplexity="1" minCyclomaticComplexity="1" visitedClasses="0" numClasses="0" visitedMethods="0" numMethods="0" />
              <MetadataToken>100663725</MetadataToken>
              <Name>System.Void RMWebAPI.Controllers.AccountController/&lt;AddExternalLogin&gt;d__11::SetStateMachine(System.Runtime.CompilerServices.IAsyncStateMachine)</Name>
              <SequencePoints />
              <BranchPoints />
              <MethodPoint vc="0" uspid="2335" ordinal="0" offset="0" />
            </Method>
          </Methods>
        </Class>
        <Class>
          <Summary numSequencePoints="16" visitedSequencePoints="0" numBranchPoints="17" visitedBranchPoints="0" sequenceCoverage="0" branchCoverage="0" maxCyclomaticComplexity="10" minCyclomaticComplexity="1" visitedClasses="0" numClasses="1" visitedMethods="0" numMethods="1" />
          <FullName>RMWebAPI.Controllers.AccountController/&lt;RemoveLogin&gt;d__17</FullName>
          <Methods>
            <Method visited="false" cyclomaticComplexity="10" sequenceCoverage="0" branchCoverage="0" isConstructor="false" isStatic="false" isGetter="false" isSetter="false">
              <Summary numSequencePoints="16" visitedSequencePoints="0" numBranchPoints="17" visitedBranchPoints="0" sequenceCoverage="0" branchCoverage="0" maxCyclomaticComplexity="10" minCyclomaticComplexity="10" visitedClasses="0" numClasses="0" visitedMethods="0" numMethods="1" />
              <MetadataToken>100663726</MetadataToken>
              <Name>System.Void RMWebAPI.Controllers.AccountController/&lt;RemoveLogin&gt;d__17::MoveNext()</Name>
              <FileRef uid="33" />
              <SequencePoints>
                <SequencePoint vc="0" uspid="2336" ordinal="0" offset="57" sl="198" sc="9" el="198" ec="10" bec="4" bev="0" fileid="33" />
                <SequencePoint vc="0" uspid="2337" ordinal="1" offset="58" sl="199" sc="13" el="199" ec="37" bec="2" bev="0" fileid="33" />
                <SequencePoint vc="0" uspid="2338" ordinal="2" offset="80" sl="200" sc="13" el="200" ec="14" bec="0" bev="0" fileid="33" />
                <SequencePoint vc="0" uspid="2339" ordinal="3" offset="81" sl="201" sc="17" el="201" ec="47" bec="0" bev="0" fileid="33" />
                <SequencePoint vc="0" uspid="2340" ordinal="4" offset="109" sl="206" sc="13" el="206" ec="59" bec="2" bev="0" fileid="33" />
                <SequencePoint vc="0" uspid="2341" ordinal="5" offset="142" sl="207" sc="13" el="207" ec="14" bec="0" bev="0" fileid="33" />
                <SequencePoint vc="0" uspid="2342" ordinal="6" offset="143" sl="208" sc="17" el="208" ec="91" bec="2" bev="0" fileid="33" />
                <SequencePoint vc="0" uspid="2343" ordinal="7" offset="289" sl="209" sc="13" el="209" ec="14" bec="0" bev="0" fileid="33" />
                <SequencePoint vc="0" uspid="2344" ordinal="8" offset="295" sl="211" sc="13" el="211" ec="14" bec="0" bev="0" fileid="33" />
                <SequencePoint vc="0" uspid="2345" ordinal="9" offset="296" sl="212" sc="17" el="213" ec="80" bec="2" bev="0" fileid="33" />
                <SequencePoint vc="0" uspid="2346" ordinal="10" offset="469" sl="214" sc="13" el="214" ec="14" bec="0" bev="0" fileid="33" />
                <SequencePoint vc="0" uspid="2347" ordinal="11" offset="470" sl="216" sc="13" el="216" ec="35" bec="2" bev="0" fileid="33" />
                <SequencePoint vc="0" uspid="2348" ordinal="12" offset="487" sl="217" sc="13" el="217" ec="14" bec="0" bev="0" fileid="33" />
                <SequencePoint vc="0" uspid="2349" ordinal="13" offset="488" sl="218" sc="17" el="218" ec="47" bec="0" bev="0" fileid="33" />
                <SequencePoint vc="0" uspid="2350" ordinal="14" offset="508" sl="221" sc="13" el="221" ec="25" bec="0" bev="0" fileid="33" />
                <SequencePoint vc="0" uspid="2351" ordinal="15" offset="549" sl="222" sc="9" el="222" ec="10" bec="0" bev="0" fileid="33" />
              </SequencePoints>
              <BranchPoints>
                <BranchPoint vc="0" uspid="2352" ordinal="0" offset="13" sl="198" path="0" offsetchain="38 55" offsetend="57" fileid="33" />
                <BranchPoint vc="0" uspid="2353" ordinal="1" offset="13" sl="198" path="1" offsetchain="40" offsetend="522" fileid="33" />
                <BranchPoint vc="0" uspid="2354" ordinal="2" offset="13" sl="198" path="2" offsetchain="55" offsetend="57" fileid="33" />
                <BranchPoint vc="0" uspid="2355" ordinal="3" offset="13" sl="198" path="3" offsetchain="55" offsetend="57" fileid="33" />
                <BranchPoint vc="0" uspid="2356" ordinal="4" offset="13" sl="198" path="4" offsetchain="45" offsetend="233" fileid="33" />
                <BranchPoint vc="0" uspid="2357" ordinal="5" offset="13" sl="198" path="5" offsetchain="50" offsetend="413" fileid="33" />
                <BranchPoint vc="0" uspid="2358" ordinal="6" offset="78" sl="199" path="0" offsetend="80" fileid="33" />
                <BranchPoint vc="0" uspid="2359" ordinal="7" offset="78" sl="199" path="1" offsetend="109" fileid="33" />
                <BranchPoint vc="0" uspid="2360" ordinal="8" offset="137" sl="206" path="0" offsetend="142" fileid="33" />
                <BranchPoint vc="0" uspid="2361" ordinal="9" offset="137" sl="206" path="1" offsetend="295" fileid="33" />
                <BranchPoint vc="0" uspid="2362" ordinal="10" offset="194" sl="208" path="0" offsetend="196" fileid="33" />
                <BranchPoint vc="0" uspid="2363" ordinal="11" offset="194" sl="208" path="1" offsetend="264" fileid="33" />
                <BranchPoint vc="0" uspid="2364" ordinal="12" offset="374" sl="212" path="0" offsetend="376" fileid="33" />
                <BranchPoint vc="0" uspid="2365" ordinal="13" offset="374" sl="212" path="1" offsetend="444" fileid="33" />
                <BranchPoint vc="0" uspid="2366" ordinal="14" offset="485" sl="216" path="0" offsetend="487" fileid="33" />
                <BranchPoint vc="0" uspid="2367" ordinal="15" offset="485" sl="216" path="1" offsetend="508" fileid="33" />
              </BranchPoints>
              <MethodPoint vc="0" uspid="2368" ordinal="0" offset="0" />
            </Method>
            <Method visited="false" cyclomaticComplexity="1" sequenceCoverage="0" branchCoverage="0" isConstructor="false" isStatic="false" isGetter="false" isSetter="false">
              <Summary numSequencePoints="0" visitedSequencePoints="0" numBranchPoints="0" visitedBranchPoints="0" sequenceCoverage="0" branchCoverage="0" maxCyclomaticComplexity="1" minCyclomaticComplexity="1" visitedClasses="0" numClasses="0" visitedMethods="0" numMethods="0" />
              <MetadataToken>100663727</MetadataToken>
              <Name>System.Void RMWebAPI.Controllers.AccountController/&lt;RemoveLogin&gt;d__17::SetStateMachine(System.Runtime.CompilerServices.IAsyncStateMachine)</Name>
              <SequencePoints />
              <BranchPoints />
              <MethodPoint vc="0" uspid="2369" ordinal="0" offset="0" />
            </Method>
          </Methods>
        </Class>
        <Class>
          <Summary numSequencePoints="32" visitedSequencePoints="0" numBranchPoints="24" visitedBranchPoints="0" sequenceCoverage="0" branchCoverage="0" maxCyclomaticComplexity="14" minCyclomaticComplexity="1" visitedClasses="0" numClasses="1" visitedMethods="0" numMethods="1" />
          <FullName>RMWebAPI.Controllers.AccountController/&lt;GetExternalLogin&gt;d__1b</FullName>
          <Methods>
            <Method visited="false" cyclomaticComplexity="14" sequenceCoverage="0" branchCoverage="0" isConstructor="false" isStatic="false" isGetter="false" isSetter="false">
              <Summary numSequencePoints="32" visitedSequencePoints="0" numBranchPoints="24" visitedBranchPoints="0" sequenceCoverage="0" branchCoverage="0" maxCyclomaticComplexity="14" minCyclomaticComplexity="14" visitedClasses="0" numClasses="0" visitedMethods="0" numMethods="1" />
              <MetadataToken>100663728</MetadataToken>
              <Name>System.Void RMWebAPI.Controllers.AccountController/&lt;GetExternalLogin&gt;d__1b::MoveNext()</Name>
              <FileRef uid="33" />
              <SequencePoints>
                <SequencePoint vc="0" uspid="2370" ordinal="0" offset="68" sl="230" sc="9" el="230" ec="10" bec="5" bev="0" fileid="33" />
                <SequencePoint vc="0" uspid="2371" ordinal="1" offset="69" sl="231" sc="13" el="231" ec="31" bec="2" bev="0" fileid="33" />
                <SequencePoint vc="0" uspid="2372" ordinal="2" offset="84" sl="232" sc="13" el="232" ec="14" bec="0" bev="0" fileid="33" />
                <SequencePoint vc="0" uspid="2373" ordinal="3" offset="85" sl="233" sc="17" el="233" ec="94" bec="0" bev="0" fileid="33" />
                <SequencePoint vc="0" uspid="2374" ordinal="4" offset="144" sl="236" sc="13" el="236" ec="48" bec="2" bev="0" fileid="33" />
                <SequencePoint vc="0" uspid="2375" ordinal="5" offset="171" sl="237" sc="13" el="237" ec="14" bec="0" bev="0" fileid="33" />
                <SequencePoint vc="0" uspid="2376" ordinal="6" offset="172" sl="238" sc="17" el="238" ec="60" bec="0" bev="0" fileid="33" />
                <SequencePoint vc="0" uspid="2377" ordinal="7" offset="195" sl="241" sc="13" el="241" ec="111" bec="0" bev="0" fileid="33" />
                <SequencePoint vc="0" uspid="2378" ordinal="8" offset="227" sl="243" sc="13" el="243" ec="39" bec="2" bev="0" fileid="33" />
                <SequencePoint vc="0" uspid="2379" ordinal="9" offset="245" sl="244" sc="13" el="244" ec="14" bec="0" bev="0" fileid="33" />
                <SequencePoint vc="0" uspid="2380" ordinal="10" offset="246" sl="245" sc="17" el="245" ec="46" bec="0" bev="0" fileid="33" />
                <SequencePoint vc="0" uspid="2381" ordinal="11" offset="263" sl="248" sc="13" el="248" ec="57" bec="2" bev="0" fileid="33" />
                <SequencePoint vc="0" uspid="2382" ordinal="12" offset="294" sl="249" sc="13" el="249" ec="14" bec="0" bev="0" fileid="33" />
                <SequencePoint vc="0" uspid="2383" ordinal="13" offset="295" sl="250" sc="17" el="250" ec="83" bec="0" bev="0" fileid="33" />
                <SequencePoint vc="0" uspid="2384" ordinal="14" offset="331" sl="251" sc="17" el="251" ec="60" bec="0" bev="0" fileid="33" />
                <SequencePoint vc="0" uspid="2385" ordinal="15" offset="354" sl="254" sc="13" el="255" ec="45" bec="2" bev="0" fileid="33" />
                <SequencePoint vc="0" uspid="2386" ordinal="16" offset="506" sl="257" sc="13" el="257" ec="47" bec="0" bev="0" fileid="33" />
                <SequencePoint vc="0" uspid="2387" ordinal="17" offset="524" sl="259" sc="13" el="259" ec="31" bec="2" bev="0" fileid="33" />
                <SequencePoint vc="0" uspid="2388" ordinal="18" offset="542" sl="260" sc="13" el="260" ec="14" bec="0" bev="0" fileid="33" />
                <SequencePoint vc="0" uspid="2389" ordinal="19" offset="543" sl="261" sc="17" el="261" ec="83" bec="0" bev="0" fileid="33" />
                <SequencePoint vc="0" uspid="2390" ordinal="20" offset="579" sl="263" sc="18" el="264" ec="55" bec="2" bev="0" fileid="33" />
                <SequencePoint vc="0" uspid="2391" ordinal="21" offset="715" sl="265" sc="17" el="266" ec="70" bec="2" bev="0" fileid="33" />
                <SequencePoint vc="0" uspid="2392" ordinal="22" offset="851" sl="268" sc="17" el="268" ec="112" bec="0" bev="0" fileid="33" />
                <SequencePoint vc="0" uspid="2393" ordinal="23" offset="873" sl="269" sc="17" el="269" ec="82" bec="0" bev="0" fileid="33" />
                <SequencePoint vc="0" uspid="2394" ordinal="24" offset="926" sl="270" sc="13" el="270" ec="14" bec="0" bev="0" fileid="33" />
                <SequencePoint vc="0" uspid="2395" ordinal="25" offset="929" sl="272" sc="13" el="272" ec="14" bec="0" bev="0" fileid="33" />
                <SequencePoint vc="0" uspid="2396" ordinal="26" offset="930" sl="273" sc="17" el="273" ec="71" bec="0" bev="0" fileid="33" />
                <SequencePoint vc="0" uspid="2397" ordinal="27" offset="942" sl="274" sc="17" el="274" ec="104" bec="0" bev="0" fileid="33" />
                <SequencePoint vc="0" uspid="2398" ordinal="28" offset="954" sl="275" sc="17" el="275" ec="49" bec="0" bev="0" fileid="33" />
                <SequencePoint vc="0" uspid="2399" ordinal="29" offset="986" sl="276" sc="13" el="276" ec="14" bec="0" bev="0" fileid="33" />
                <SequencePoint vc="0" uspid="2400" ordinal="30" offset="987" sl="278" sc="13" el="278" ec="25" bec="0" bev="0" fileid="33" />
                <SequencePoint vc="0" uspid="2401" ordinal="31" offset="1030" sl="279" sc="9" el="279" ec="10" bec="0" bev="0" fileid="33" />
              </SequencePoints>
              <BranchPoints>
                <BranchPoint vc="0" uspid="2402" ordinal="0" offset="15" sl="230" path="0" offsetchain="44 66" offsetend="68" fileid="33" />
                <BranchPoint vc="0" uspid="2403" ordinal="1" offset="15" sl="230" path="1" offsetchain="46" offsetend="1001" fileid="33" />
                <BranchPoint vc="0" uspid="2404" ordinal="2" offset="15" sl="230" path="2" offsetchain="66" offsetend="68" fileid="33" />
                <BranchPoint vc="0" uspid="2405" ordinal="3" offset="15" sl="230" path="3" offsetchain="66" offsetend="68" fileid="33" />
                <BranchPoint vc="0" uspid="2406" ordinal="4" offset="15" sl="230" path="4" offsetchain="51" offsetend="450" fileid="33" />
                <BranchPoint vc="0" uspid="2407" ordinal="5" offset="15" sl="230" path="5" offsetchain="56" offsetend="659" fileid="33" />
                <BranchPoint vc="0" uspid="2408" ordinal="6" offset="15" sl="230" path="6" offsetchain="61" offsetend="795" fileid="33" />
                <BranchPoint vc="0" uspid="2409" ordinal="7" offset="82" sl="231" path="0" offsetend="84" fileid="33" />
                <BranchPoint vc="0" uspid="2410" ordinal="8" offset="82" sl="231" path="1" offsetend="144" fileid="33" />
                <BranchPoint vc="0" uspid="2411" ordinal="9" offset="169" sl="236" path="0" offsetend="171" fileid="33" />
                <BranchPoint vc="0" uspid="2412" ordinal="10" offset="169" sl="236" path="1" offsetend="195" fileid="33" />
                <BranchPoint vc="0" uspid="2413" ordinal="11" offset="243" sl="243" path="0" offsetend="245" fileid="33" />
                <BranchPoint vc="0" uspid="2414" ordinal="12" offset="243" sl="243" path="1" offsetend="263" fileid="33" />
                <BranchPoint vc="0" uspid="2415" ordinal="13" offset="292" sl="248" path="0" offsetend="294" fileid="33" />
                <BranchPoint vc="0" uspid="2416" ordinal="14" offset="292" sl="248" path="1" offsetend="354" fileid="33" />
                <BranchPoint vc="0" uspid="2417" ordinal="15" offset="411" sl="254" path="0" offsetend="413" fileid="33" />
                <BranchPoint vc="0" uspid="2418" ordinal="16" offset="411" sl="254" path="1" offsetend="481" fileid="33" />
                <BranchPoint vc="0" uspid="2419" ordinal="17" offset="537" sl="259" path="0" offsetend="542" fileid="33" />
                <BranchPoint vc="0" uspid="2420" ordinal="18" offset="537" sl="259" path="1" offsetend="929" fileid="33" />
                <BranchPoint vc="0" uspid="2421" ordinal="19" offset="620" sl="263" path="0" offsetend="622" fileid="33" />
                <BranchPoint vc="0" uspid="2422" ordinal="20" offset="620" sl="263" path="1" offsetend="690" fileid="33" />
                <BranchPoint vc="0" uspid="2423" ordinal="21" offset="756" sl="265" path="0" offsetend="758" fileid="33" />
                <BranchPoint vc="0" uspid="2424" ordinal="22" offset="756" sl="265" path="1" offsetend="826" fileid="33" />
              </BranchPoints>
              <MethodPoint vc="0" uspid="2425" ordinal="0" offset="0" />
            </Method>
            <Method visited="false" cyclomaticComplexity="1" sequenceCoverage="0" branchCoverage="0" isConstructor="false" isStatic="false" isGetter="false" isSetter="false">
              <Summary numSequencePoints="0" visitedSequencePoints="0" numBranchPoints="0" visitedBranchPoints="0" sequenceCoverage="0" branchCoverage="0" maxCyclomaticComplexity="1" minCyclomaticComplexity="1" visitedClasses="0" numClasses="0" visitedMethods="0" numMethods="0" />
              <MetadataToken>100663729</MetadataToken>
              <Name>System.Void RMWebAPI.Controllers.AccountController/&lt;GetExternalLogin&gt;d__1b::SetStateMachine(System.Runtime.CompilerServices.IAsyncStateMachine)</Name>
              <SequencePoints />
              <BranchPoints />
              <MethodPoint vc="0" uspid="2426" ordinal="0" offset="0" />
            </Method>
          </Methods>
        </Class>
        <Class>
          <Summary numSequencePoints="11" visitedSequencePoints="0" numBranchPoints="11" visitedBranchPoints="0" sequenceCoverage="0" branchCoverage="0" maxCyclomaticComplexity="6" minCyclomaticComplexity="1" visitedClasses="0" numClasses="1" visitedMethods="0" numMethods="1" />
          <FullName>RMWebAPI.Controllers.AccountController/&lt;Register&gt;d__27</FullName>
          <Methods>
            <Method visited="false" cyclomaticComplexity="6" sequenceCoverage="0" branchCoverage="0" isConstructor="false" isStatic="false" isGetter="false" isSetter="false">
              <Summary numSequencePoints="11" visitedSequencePoints="0" numBranchPoints="11" visitedBranchPoints="0" sequenceCoverage="0" branchCoverage="0" maxCyclomaticComplexity="6" minCyclomaticComplexity="6" visitedClasses="0" numClasses="0" visitedMethods="0" numMethods="1" />
              <MetadataToken>100663739</MetadataToken>
              <Name>System.Void RMWebAPI.Controllers.AccountController/&lt;Register&gt;d__27::MoveNext()</Name>
              <FileRef uid="33" />
              <SequencePoints>
                <SequencePoint vc="0" uspid="2427" ordinal="0" offset="32" sl="326" sc="9" el="326" ec="10" bec="4" bev="0" fileid="33" />
                <SequencePoint vc="0" uspid="2428" ordinal="1" offset="33" sl="327" sc="13" el="327" ec="37" bec="2" bev="0" fileid="33" />
                <SequencePoint vc="0" uspid="2429" ordinal="2" offset="55" sl="328" sc="13" el="328" ec="14" bec="0" bev="0" fileid="33" />
                <SequencePoint vc="0" uspid="2430" ordinal="3" offset="56" sl="329" sc="17" el="329" ec="47" bec="0" bev="0" fileid="33" />
                <SequencePoint vc="0" uspid="2431" ordinal="4" offset="84" sl="332" sc="13" el="332" ec="94" bec="0" bev="0" fileid="33" />
                <SequencePoint vc="0" uspid="2432" ordinal="5" offset="153" sl="334" sc="13" el="334" ec="89" bec="2" bev="0" fileid="33" />
                <SequencePoint vc="0" uspid="2433" ordinal="6" offset="295" sl="336" sc="13" el="336" ec="35" bec="2" bev="0" fileid="33" />
                <SequencePoint vc="0" uspid="2434" ordinal="7" offset="312" sl="337" sc="13" el="337" ec="14" bec="0" bev="0" fileid="33" />
                <SequencePoint vc="0" uspid="2435" ordinal="8" offset="313" sl="338" sc="17" el="338" ec="47" bec="0" bev="0" fileid="33" />
                <SequencePoint vc="0" uspid="2436" ordinal="9" offset="333" sl="341" sc="13" el="341" ec="25" bec="0" bev="0" fileid="33" />
                <SequencePoint vc="0" uspid="2437" ordinal="10" offset="374" sl="342" sc="9" el="342" ec="10" bec="0" bev="0" fileid="33" />
              </SequencePoints>
              <BranchPoints>
                <BranchPoint vc="0" uspid="2438" ordinal="0" offset="12" sl="326" path="0" offsetend="14" fileid="33" />
                <BranchPoint vc="0" uspid="2439" ordinal="1" offset="12" sl="326" path="1" offsetchain="20" offsetend="347" fileid="33" />
                <BranchPoint vc="0" uspid="2440" ordinal="2" offset="16" sl="326" path="0" offsetchain="18 30" offsetend="32" fileid="33" />
                <BranchPoint vc="0" uspid="2441" ordinal="3" offset="16" sl="326" path="1" offsetchain="25" offsetend="239" fileid="33" />
                <BranchPoint vc="0" uspid="2442" ordinal="4" offset="53" sl="327" path="0" offsetend="55" fileid="33" />
                <BranchPoint vc="0" uspid="2443" ordinal="5" offset="53" sl="327" path="1" offsetend="84" fileid="33" />
                <BranchPoint vc="0" uspid="2444" ordinal="6" offset="200" sl="334" path="0" offsetend="202" fileid="33" />
                <BranchPoint vc="0" uspid="2445" ordinal="7" offset="200" sl="334" path="1" offsetend="270" fileid="33" />
                <BranchPoint vc="0" uspid="2446" ordinal="8" offset="310" sl="336" path="0" offsetend="312" fileid="33" />
                <BranchPoint vc="0" uspid="2447" ordinal="9" offset="310" sl="336" path="1" offsetend="333" fileid="33" />
              </BranchPoints>
              <MethodPoint vc="0" uspid="2448" ordinal="0" offset="0" />
            </Method>
            <Method visited="false" cyclomaticComplexity="1" sequenceCoverage="0" branchCoverage="0" isConstructor="false" isStatic="false" isGetter="false" isSetter="false">
              <Summary numSequencePoints="0" visitedSequencePoints="0" numBranchPoints="0" visitedBranchPoints="0" sequenceCoverage="0" branchCoverage="0" maxCyclomaticComplexity="1" minCyclomaticComplexity="1" visitedClasses="0" numClasses="0" visitedMethods="0" numMethods="0" />
              <MetadataToken>100663740</MetadataToken>
              <Name>System.Void RMWebAPI.Controllers.AccountController/&lt;Register&gt;d__27::SetStateMachine(System.Runtime.CompilerServices.IAsyncStateMachine)</Name>
              <SequencePoints />
              <BranchPoints />
              <MethodPoint vc="0" uspid="2449" ordinal="0" offset="0" />
            </Method>
          </Methods>
        </Class>
        <Class>
          <Summary numSequencePoints="19" visitedSequencePoints="0" numBranchPoints="22" visitedBranchPoints="0" sequenceCoverage="0" branchCoverage="0" maxCyclomaticComplexity="13" minCyclomaticComplexity="1" visitedClasses="0" numClasses="1" visitedMethods="0" numMethods="1" />
          <FullName>RMWebAPI.Controllers.AccountController/&lt;RegisterExternal&gt;d__2d</FullName>
          <Methods>
            <Method visited="false" cyclomaticComplexity="13" sequenceCoverage="0" branchCoverage="0" isConstructor="false" isStatic="false" isGetter="false" isSetter="false">
              <Summary numSequencePoints="19" visitedSequencePoints="0" numBranchPoints="22" visitedBranchPoints="0" sequenceCoverage="0" branchCoverage="0" maxCyclomaticComplexity="13" minCyclomaticComplexity="13" visitedClasses="0" numClasses="0" visitedMethods="0" numMethods="1" />
              <MetadataToken>100663741</MetadataToken>
              <Name>System.Void RMWebAPI.Controllers.AccountController/&lt;RegisterExternal&gt;d__2d::MoveNext()</Name>
              <FileRef uid="33" />
              <SequencePoints>
                <SequencePoint vc="0" uspid="2450" ordinal="0" offset="66" sl="349" sc="9" el="349" ec="10" bec="5" bev="0" fileid="33" />
                <SequencePoint vc="0" uspid="2451" ordinal="1" offset="67" sl="350" sc="13" el="350" ec="37" bec="2" bev="0" fileid="33" />
                <SequencePoint vc="0" uspid="2452" ordinal="2" offset="89" sl="351" sc="13" el="351" ec="14" bec="0" bev="0" fileid="33" />
                <SequencePoint vc="0" uspid="2453" ordinal="3" offset="90" sl="352" sc="17" el="352" ec="47" bec="0" bev="0" fileid="33" />
                <SequencePoint vc="0" uspid="2454" ordinal="4" offset="118" sl="355" sc="13" el="355" ec="73" bec="2" bev="0" fileid="33" />
                <SequencePoint vc="0" uspid="2455" ordinal="5" offset="243" sl="356" sc="13" el="356" ec="30" bec="2" bev="0" fileid="33" />
                <SequencePoint vc="0" uspid="2456" ordinal="6" offset="261" sl="357" sc="13" el="357" ec="14" bec="0" bev="0" fileid="33" />
                <SequencePoint vc="0" uspid="2457" ordinal="7" offset="262" sl="358" sc="17" el="358" ec="46" bec="0" bev="0" fileid="33" />
                <SequencePoint vc="0" uspid="2458" ordinal="8" offset="279" sl="361" sc="13" el="361" ec="94" bec="0" bev="0" fileid="33" />
                <SequencePoint vc="0" uspid="2459" ordinal="9" offset="348" sl="363" sc="13" el="363" ec="73" bec="2" bev="0" fileid="33" />
                <SequencePoint vc="0" uspid="2460" ordinal="10" offset="479" sl="364" sc="13" el="364" ec="35" bec="2" bev="0" fileid="33" />
                <SequencePoint vc="0" uspid="2461" ordinal="11" offset="496" sl="365" sc="13" el="365" ec="14" bec="0" bev="0" fileid="33" />
                <SequencePoint vc="0" uspid="2462" ordinal="12" offset="497" sl="366" sc="17" el="366" ec="47" bec="0" bev="0" fileid="33" />
                <SequencePoint vc="0" uspid="2463" ordinal="13" offset="520" sl="369" sc="13" el="369" ec="75" bec="2" bev="0" fileid="33" />
                <SequencePoint vc="0" uspid="2464" ordinal="14" offset="667" sl="370" sc="13" el="370" ec="35" bec="2" bev="0" fileid="33" />
                <SequencePoint vc="0" uspid="2465" ordinal="15" offset="684" sl="371" sc="13" el="371" ec="14" bec="0" bev="0" fileid="33" />
                <SequencePoint vc="0" uspid="2466" ordinal="16" offset="685" sl="372" sc="17" el="372" ec="47" bec="0" bev="0" fileid="33" />
                <SequencePoint vc="0" uspid="2467" ordinal="17" offset="705" sl="374" sc="13" el="374" ec="25" bec="0" bev="0" fileid="33" />
                <SequencePoint vc="0" uspid="2468" ordinal="18" offset="746" sl="375" sc="9" el="375" ec="10" bec="0" bev="0" fileid="33" />
              </SequencePoints>
              <BranchPoints>
                <BranchPoint vc="0" uspid="2469" ordinal="0" offset="13" sl="349" path="0" offsetchain="42 64" offsetend="66" fileid="33" />
                <BranchPoint vc="0" uspid="2470" ordinal="1" offset="13" sl="349" path="1" offsetchain="44" offsetend="719" fileid="33" />
                <BranchPoint vc="0" uspid="2471" ordinal="2" offset="13" sl="349" path="2" offsetchain="64" offsetend="66" fileid="33" />
                <BranchPoint vc="0" uspid="2472" ordinal="3" offset="13" sl="349" path="3" offsetchain="64" offsetend="66" fileid="33" />
                <BranchPoint vc="0" uspid="2473" ordinal="4" offset="13" sl="349" path="4" offsetchain="49" offsetend="187" fileid="33" />
                <BranchPoint vc="0" uspid="2474" ordinal="5" offset="13" sl="349" path="5" offsetchain="54" offsetend="423" fileid="33" />
                <BranchPoint vc="0" uspid="2475" ordinal="6" offset="13" sl="349" path="6" offsetchain="59" offsetend="611" fileid="33" />
                <BranchPoint vc="0" uspid="2476" ordinal="7" offset="87" sl="350" path="0" offsetend="89" fileid="33" />
                <BranchPoint vc="0" uspid="2477" ordinal="8" offset="87" sl="350" path="1" offsetend="118" fileid="33" />
                <BranchPoint vc="0" uspid="2478" ordinal="9" offset="148" sl="355" path="0" offsetend="150" fileid="33" />
                <BranchPoint vc="0" uspid="2479" ordinal="10" offset="148" sl="355" path="1" offsetend="218" fileid="33" />
                <BranchPoint vc="0" uspid="2480" ordinal="11" offset="259" sl="356" path="0" offsetend="261" fileid="33" />
                <BranchPoint vc="0" uspid="2481" ordinal="12" offset="259" sl="356" path="1" offsetend="279" fileid="33" />
                <BranchPoint vc="0" uspid="2482" ordinal="13" offset="384" sl="363" path="0" offsetend="386" fileid="33" />
                <BranchPoint vc="0" uspid="2483" ordinal="14" offset="384" sl="363" path="1" offsetend="454" fileid="33" />
                <BranchPoint vc="0" uspid="2484" ordinal="15" offset="494" sl="364" path="0" offsetend="496" fileid="33" />
                <BranchPoint vc="0" uspid="2485" ordinal="16" offset="494" sl="364" path="1" offsetend="520" fileid="33" />
                <BranchPoint vc="0" uspid="2486" ordinal="17" offset="572" sl="369" path="0" offsetend="574" fileid="33" />
                <BranchPoint vc="0" uspid="2487" ordinal="18" offset="572" sl="369" path="1" offsetend="642" fileid="33" />
                <BranchPoint vc="0" uspid="2488" ordinal="19" offset="682" sl="370" path="0" offsetend="684" fileid="33" />
                <BranchPoint vc="0" uspid="2489" ordinal="20" offset="682" sl="370" path="1" offsetend="705" fileid="33" />
              </BranchPoints>
              <MethodPoint vc="0" uspid="2490" ordinal="0" offset="0" />
            </Method>
            <Method visited="false" cyclomaticComplexity="1" sequenceCoverage="0" branchCoverage="0" isConstructor="false" isStatic="false" isGetter="false" isSetter="false">
              <Summary numSequencePoints="0" visitedSequencePoints="0" numBranchPoints="0" visitedBranchPoints="0" sequenceCoverage="0" branchCoverage="0" maxCyclomaticComplexity="1" minCyclomaticComplexity="1" visitedClasses="0" numClasses="0" visitedMethods="0" numMethods="0" />
              <MetadataToken>100663742</MetadataToken>
              <Name>System.Void RMWebAPI.Controllers.AccountController/&lt;RegisterExternal&gt;d__2d::SetStateMachine(System.Runtime.CompilerServices.IAsyncStateMachine)</Name>
              <SequencePoints />
              <BranchPoints />
              <MethodPoint vc="0" uspid="2491" ordinal="0" offset="0" />
            </Method>
          </Methods>
        </Class>
        <Class>
          <Summary numSequencePoints="4" visitedSequencePoints="4" numBranchPoints="3" visitedBranchPoints="2" sequenceCoverage="100" branchCoverage="66.67" maxCyclomaticComplexity="2" minCyclomaticComplexity="1" visitedClasses="1" numClasses="1" visitedMethods="1" numMethods="1" />
          <FullName>RMWebAPI.Controllers.HomeController</FullName>
          <Methods>
            <Method visited="true" cyclomaticComplexity="2" sequenceCoverage="100" branchCoverage="66.67" isConstructor="false" isStatic="false" isGetter="false" isSetter="false">
              <Summary numSequencePoints="4" visitedSequencePoints="4" numBranchPoints="3" visitedBranchPoints="2" sequenceCoverage="100" branchCoverage="66.67" maxCyclomaticComplexity="2" minCyclomaticComplexity="2" visitedClasses="0" numClasses="0" visitedMethods="1" numMethods="1" />
              <MetadataToken>100663597</MetadataToken>
              <Name>System.Web.Mvc.ActionResult RMWebAPI.Controllers.HomeController::Index()</Name>
              <FileRef uid="44" />
              <SequencePoints>
                <SequencePoint vc="1" uspid="2492" ordinal="0" offset="0" sl="12" sc="9" el="12" ec="10" bec="0" bev="0" fileid="44" />
                <SequencePoint vc="1" uspid="2493" ordinal="1" offset="1" sl="13" sc="13" el="13" ec="41" bec="2" bev="1" fileid="44" />
                <SequencePoint vc="1" uspid="2494" ordinal="2" offset="101" sl="15" sc="13" el="15" ec="27" bec="0" bev="0" fileid="44" />
                <SequencePoint vc="1" uspid="2495" ordinal="3" offset="110" sl="16" sc="9" el="16" ec="10" bec="0" bev="0" fileid="44" />
              </SequencePoints>
              <BranchPoints>
                <BranchPoint vc="1" uspid="2496" ordinal="0" offset="6" sl="13" path="0" offsetend="8" fileid="44" />
                <BranchPoint vc="0" uspid="2497" ordinal="1" offset="6" sl="13" path="1" offsetend="69" fileid="44" />
              </BranchPoints>
              <MethodPoint xsi:type="SequencePoint" vc="1" uspid="2492" ordinal="0" offset="0" sl="12" sc="9" el="12" ec="10" bec="0" bev="0" fileid="44" />
            </Method>
            <Method visited="true" cyclomaticComplexity="1" sequenceCoverage="0" branchCoverage="0" isConstructor="true" isStatic="false" isGetter="false" isSetter="false">
              <Summary numSequencePoints="0" visitedSequencePoints="0" numBranchPoints="0" visitedBranchPoints="0" sequenceCoverage="0" branchCoverage="0" maxCyclomaticComplexity="1" minCyclomaticComplexity="1" visitedClasses="0" numClasses="0" visitedMethods="0" numMethods="0" />
              <MetadataToken>100663598</MetadataToken>
              <Name>System.Void RMWebAPI.Controllers.HomeController::.ctor()</Name>
              <SequencePoints />
              <BranchPoints />
              <MethodPoint vc="1" uspid="2498" ordinal="0" offset="0" />
            </Method>
          </Methods>
        </Class>
        <Class>
          <Summary numSequencePoints="0" visitedSequencePoints="0" numBranchPoints="0" visitedBranchPoints="0" sequenceCoverage="0" branchCoverage="0" maxCyclomaticComplexity="0" minCyclomaticComplexity="0" visitedClasses="0" numClasses="0" visitedMethods="0" numMethods="0" />
          <FullName>RMWebAPI.Controllers.HomeController/&lt;Index&gt;o__SiteContainer0</FullName>
          <Methods />
        </Class>
        <Class>
          <Summary numSequencePoints="12" visitedSequencePoints="12" numBranchPoints="5" visitedBranchPoints="5" sequenceCoverage="100" branchCoverage="100" maxCyclomaticComplexity="1" minCyclomaticComplexity="1" visitedClasses="1" numClasses="1" visitedMethods="5" numMethods="5" />
          <FullName>RMWebAPI.Controllers.ValuesController</FullName>
          <Methods>
            <Method visited="true" cyclomaticComplexity="1" sequenceCoverage="100" branchCoverage="100" isConstructor="false" isStatic="false" isGetter="false" isSetter="false">
              <Summary numSequencePoints="3" visitedSequencePoints="3" numBranchPoints="1" visitedBranchPoints="1" sequenceCoverage="100" branchCoverage="100" maxCyclomaticComplexity="1" minCyclomaticComplexity="1" visitedClasses="0" numClasses="0" visitedMethods="1" numMethods="1" />
              <MetadataToken>100663599</MetadataToken>
              <Name>System.Collections.Generic.IEnumerable`1&lt;System.String&gt; RMWebAPI.Controllers.ValuesController::Get()</Name>
              <FileRef uid="45" />
              <SequencePoints>
                <SequencePoint vc="1" uspid="2499" ordinal="0" offset="0" sl="15" sc="9" el="15" ec="10" bec="0" bev="0" fileid="45" />
                <SequencePoint vc="1" uspid="2500" ordinal="1" offset="1" sl="16" sc="13" el="16" ec="56" bec="0" bev="0" fileid="45" />
                <SequencePoint vc="1" uspid="2501" ordinal="2" offset="28" sl="17" sc="9" el="17" ec="10" bec="0" bev="0" fileid="45" />
              </SequencePoints>
              <BranchPoints />
              <MethodPoint xsi:type="SequencePoint" vc="1" uspid="2499" ordinal="0" offset="0" sl="15" sc="9" el="15" ec="10" bec="0" bev="0" fileid="45" />
            </Method>
            <Method visited="true" cyclomaticComplexity="1" sequenceCoverage="100" branchCoverage="100" isConstructor="false" isStatic="false" isGetter="false" isSetter="false">
              <Summary numSequencePoints="3" visitedSequencePoints="3" numBranchPoints="1" visitedBranchPoints="1" sequenceCoverage="100" branchCoverage="100" maxCyclomaticComplexity="1" minCyclomaticComplexity="1" visitedClasses="0" numClasses="0" visitedMethods="1" numMethods="1" />
              <MetadataToken>100663600</MetadataToken>
              <Name>System.String RMWebAPI.Controllers.ValuesController::Get(System.Int32)</Name>
              <FileRef uid="45" />
              <SequencePoints>
                <SequencePoint vc="1" uspid="2502" ordinal="0" offset="0" sl="21" sc="9" el="21" ec="10" bec="0" bev="0" fileid="45" />
                <SequencePoint vc="1" uspid="2503" ordinal="1" offset="1" sl="22" sc="13" el="22" ec="28" bec="0" bev="0" fileid="45" />
                <SequencePoint vc="1" uspid="2504" ordinal="2" offset="9" sl="23" sc="9" el="23" ec="10" bec="0" bev="0" fileid="45" />
              </SequencePoints>
              <BranchPoints />
              <MethodPoint xsi:type="SequencePoint" vc="1" uspid="2502" ordinal="0" offset="0" sl="21" sc="9" el="21" ec="10" bec="0" bev="0" fileid="45" />
            </Method>
            <Method visited="true" cyclomaticComplexity="1" sequenceCoverage="100" branchCoverage="100" isConstructor="false" isStatic="false" isGetter="false" isSetter="false">
              <Summary numSequencePoints="2" visitedSequencePoints="2" numBranchPoints="1" visitedBranchPoints="1" sequenceCoverage="100" branchCoverage="100" maxCyclomaticComplexity="1" minCyclomaticComplexity="1" visitedClasses="0" numClasses="0" visitedMethods="1" numMethods="1" />
              <MetadataToken>100663601</MetadataToken>
              <Name>System.Void RMWebAPI.Controllers.ValuesController::Post(System.String)</Name>
              <FileRef uid="45" />
              <SequencePoints>
                <SequencePoint vc="1" uspid="2505" ordinal="0" offset="0" sl="27" sc="9" el="27" ec="10" bec="0" bev="0" fileid="45" />
                <SequencePoint vc="1" uspid="2506" ordinal="1" offset="1" sl="28" sc="9" el="28" ec="10" bec="0" bev="0" fileid="45" />
              </SequencePoints>
              <BranchPoints />
              <MethodPoint xsi:type="SequencePoint" vc="1" uspid="2505" ordinal="0" offset="0" sl="27" sc="9" el="27" ec="10" bec="0" bev="0" fileid="45" />
            </Method>
            <Method visited="true" cyclomaticComplexity="1" sequenceCoverage="100" branchCoverage="100" isConstructor="false" isStatic="false" isGetter="false" isSetter="false">
              <Summary numSequencePoints="2" visitedSequencePoints="2" numBranchPoints="1" visitedBranchPoints="1" sequenceCoverage="100" branchCoverage="100" maxCyclomaticComplexity="1" minCyclomaticComplexity="1" visitedClasses="0" numClasses="0" visitedMethods="1" numMethods="1" />
              <MetadataToken>100663602</MetadataToken>
              <Name>System.Void RMWebAPI.Controllers.ValuesController::Put(System.Int32,System.String)</Name>
              <FileRef uid="45" />
              <SequencePoints>
                <SequencePoint vc="1" uspid="2507" ordinal="0" offset="0" sl="32" sc="9" el="32" ec="10" bec="0" bev="0" fileid="45" />
                <SequencePoint vc="1" uspid="2508" ordinal="1" offset="1" sl="33" sc="9" el="33" ec="10" bec="0" bev="0" fileid="45" />
              </SequencePoints>
              <BranchPoints />
              <MethodPoint xsi:type="SequencePoint" vc="1" uspid="2507" ordinal="0" offset="0" sl="32" sc="9" el="32" ec="10" bec="0" bev="0" fileid="45" />
            </Method>
            <Method visited="true" cyclomaticComplexity="1" sequenceCoverage="100" branchCoverage="100" isConstructor="false" isStatic="false" isGetter="false" isSetter="false">
              <Summary numSequencePoints="2" visitedSequencePoints="2" numBranchPoints="1" visitedBranchPoints="1" sequenceCoverage="100" branchCoverage="100" maxCyclomaticComplexity="1" minCyclomaticComplexity="1" visitedClasses="0" numClasses="0" visitedMethods="1" numMethods="1" />
              <MetadataToken>100663603</MetadataToken>
              <Name>System.Void RMWebAPI.Controllers.ValuesController::Delete(System.Int32)</Name>
              <FileRef uid="45" />
              <SequencePoints>
                <SequencePoint vc="1" uspid="2509" ordinal="0" offset="0" sl="37" sc="9" el="37" ec="10" bec="0" bev="0" fileid="45" />
                <SequencePoint vc="1" uspid="2510" ordinal="1" offset="1" sl="38" sc="9" el="38" ec="10" bec="0" bev="0" fileid="45" />
              </SequencePoints>
              <BranchPoints />
              <MethodPoint xsi:type="SequencePoint" vc="1" uspid="2509" ordinal="0" offset="0" sl="37" sc="9" el="37" ec="10" bec="0" bev="0" fileid="45" />
            </Method>
            <Method visited="true" cyclomaticComplexity="1" sequenceCoverage="0" branchCoverage="0" isConstructor="true" isStatic="false" isGetter="false" isSetter="false">
              <Summary numSequencePoints="0" visitedSequencePoints="0" numBranchPoints="0" visitedBranchPoints="0" sequenceCoverage="0" branchCoverage="0" maxCyclomaticComplexity="1" minCyclomaticComplexity="1" visitedClasses="0" numClasses="0" visitedMethods="0" numMethods="0" />
              <MetadataToken>100663604</MetadataToken>
              <Name>System.Void RMWebAPI.Controllers.ValuesController::.ctor()</Name>
              <SequencePoints />
              <BranchPoints />
              <MethodPoint vc="5" uspid="2511" ordinal="0" offset="0" />
            </Method>
          </Methods>
        </Class>
        <Class>
          <Summary numSequencePoints="7" visitedSequencePoints="0" numBranchPoints="1" visitedBranchPoints="0" sequenceCoverage="0" branchCoverage="0" maxCyclomaticComplexity="1" minCyclomaticComplexity="1" visitedClasses="0" numClasses="1" visitedMethods="0" numMethods="1" />
          <FullName>RMWebAPI.WebApiApplication</FullName>
          <Methods>
            <Method visited="false" cyclomaticComplexity="1" sequenceCoverage="0" branchCoverage="0" isConstructor="false" isStatic="false" isGetter="false" isSetter="false">
              <Summary numSequencePoints="7" visitedSequencePoints="0" numBranchPoints="1" visitedBranchPoints="0" sequenceCoverage="0" branchCoverage="0" maxCyclomaticComplexity="1" minCyclomaticComplexity="1" visitedClasses="0" numClasses="0" visitedMethods="0" numMethods="1" />
              <MetadataToken>100663605</MetadataToken>
              <Name>System.Void RMWebAPI.WebApiApplication::Application_Start()</Name>
              <FileRef uid="46" />
              <SequencePoints>
                <SequencePoint vc="0" uspid="2512" ordinal="0" offset="0" sl="15" sc="9" el="15" ec="10" bec="0" bev="0" fileid="46" />
                <SequencePoint vc="0" uspid="2513" ordinal="1" offset="1" sl="16" sc="13" el="16" ec="49" bec="0" bev="0" fileid="46" />
                <SequencePoint vc="0" uspid="2514" ordinal="2" offset="7" sl="17" sc="13" el="17" ec="66" bec="0" bev="0" fileid="46" />
                <SequencePoint vc="0" uspid="2515" ordinal="3" offset="25" sl="18" sc="13" el="18" ec="71" bec="0" bev="0" fileid="46" />
                <SequencePoint vc="0" uspid="2516" ordinal="4" offset="36" sl="19" sc="13" el="19" ec="59" bec="0" bev="0" fileid="46" />
                <SequencePoint vc="0" uspid="2517" ordinal="5" offset="47" sl="20" sc="13" el="20" ec="63" bec="0" bev="0" fileid="46" />
                <SequencePoint vc="0" uspid="2518" ordinal="6" offset="58" sl="21" sc="9" el="21" ec="10" bec="0" bev="0" fileid="46" />
              </SequencePoints>
              <BranchPoints />
              <MethodPoint xsi:type="SequencePoint" vc="0" uspid="2512" ordinal="0" offset="0" sl="15" sc="9" el="15" ec="10" bec="0" bev="0" fileid="46" />
            </Method>
            <Method visited="false" cyclomaticComplexity="1" sequenceCoverage="0" branchCoverage="0" isConstructor="true" isStatic="false" isGetter="false" isSetter="false">
              <Summary numSequencePoints="0" visitedSequencePoints="0" numBranchPoints="0" visitedBranchPoints="0" sequenceCoverage="0" branchCoverage="0" maxCyclomaticComplexity="1" minCyclomaticComplexity="1" visitedClasses="0" numClasses="0" visitedMethods="0" numMethods="0" />
              <MetadataToken>100663606</MetadataToken>
              <Name>System.Void RMWebAPI.WebApiApplication::.ctor()</Name>
              <SequencePoints />
              <BranchPoints />
              <MethodPoint vc="0" uspid="2519" ordinal="0" offset="0" />
            </Method>
          </Methods>
        </Class>
        <Class>
          <Summary numSequencePoints="0" visitedSequencePoints="0" numBranchPoints="0" visitedBranchPoints="0" sequenceCoverage="0" branchCoverage="0" maxCyclomaticComplexity="1" minCyclomaticComplexity="1" visitedClasses="0" numClasses="0" visitedMethods="0" numMethods="0" />
          <FullName>RMWebAPI.Models.AddExternalLoginBindingModel</FullName>
          <Methods>
            <Method visited="false" cyclomaticComplexity="1" sequenceCoverage="0" branchCoverage="0" isConstructor="false" isStatic="false" isGetter="true" isSetter="false">
              <Summary numSequencePoints="0" visitedSequencePoints="0" numBranchPoints="0" visitedBranchPoints="0" sequenceCoverage="0" branchCoverage="0" maxCyclomaticComplexity="1" minCyclomaticComplexity="1" visitedClasses="0" numClasses="0" visitedMethods="0" numMethods="0" />
              <MetadataToken>100663607</MetadataToken>
              <Name>System.String RMWebAPI.Models.AddExternalLoginBindingModel::get_ExternalAccessToken()</Name>
              <SequencePoints />
              <BranchPoints />
              <MethodPoint vc="0" uspid="2520" ordinal="0" offset="0" />
            </Method>
            <Method visited="false" cyclomaticComplexity="1" sequenceCoverage="0" branchCoverage="0" isConstructor="false" isStatic="false" isGetter="false" isSetter="true">
              <Summary numSequencePoints="0" visitedSequencePoints="0" numBranchPoints="0" visitedBranchPoints="0" sequenceCoverage="0" branchCoverage="0" maxCyclomaticComplexity="1" minCyclomaticComplexity="1" visitedClasses="0" numClasses="0" visitedMethods="0" numMethods="0" />
              <MetadataToken>100663608</MetadataToken>
              <Name>System.Void RMWebAPI.Models.AddExternalLoginBindingModel::set_ExternalAccessToken(System.String)</Name>
              <SequencePoints />
              <BranchPoints />
              <MethodPoint vc="0" uspid="2521" ordinal="0" offset="0" />
            </Method>
            <Method visited="false" cyclomaticComplexity="1" sequenceCoverage="0" branchCoverage="0" isConstructor="true" isStatic="false" isGetter="false" isSetter="false">
              <Summary numSequencePoints="0" visitedSequencePoints="0" numBranchPoints="0" visitedBranchPoints="0" sequenceCoverage="0" branchCoverage="0" maxCyclomaticComplexity="1" minCyclomaticComplexity="1" visitedClasses="0" numClasses="0" visitedMethods="0" numMethods="0" />
              <MetadataToken>100663609</MetadataToken>
              <Name>System.Void RMWebAPI.Models.AddExternalLoginBindingModel::.ctor()</Name>
              <SequencePoints />
              <BranchPoints />
              <MethodPoint vc="0" uspid="2522" ordinal="0" offset="0" />
            </Method>
          </Methods>
        </Class>
        <Class>
          <Summary numSequencePoints="0" visitedSequencePoints="0" numBranchPoints="0" visitedBranchPoints="0" sequenceCoverage="0" branchCoverage="0" maxCyclomaticComplexity="1" minCyclomaticComplexity="1" visitedClasses="0" numClasses="0" visitedMethods="0" numMethods="0" />
          <FullName>RMWebAPI.Models.ChangePasswordBindingModel</FullName>
          <Methods>
            <Method visited="false" cyclomaticComplexity="1" sequenceCoverage="0" branchCoverage="0" isConstructor="false" isStatic="false" isGetter="true" isSetter="false">
              <Summary numSequencePoints="0" visitedSequencePoints="0" numBranchPoints="0" visitedBranchPoints="0" sequenceCoverage="0" branchCoverage="0" maxCyclomaticComplexity="1" minCyclomaticComplexity="1" visitedClasses="0" numClasses="0" visitedMethods="0" numMethods="0" />
              <MetadataToken>100663610</MetadataToken>
              <Name>System.String RMWebAPI.Models.ChangePasswordBindingModel::get_OldPassword()</Name>
              <SequencePoints />
              <BranchPoints />
              <MethodPoint vc="0" uspid="2523" ordinal="0" offset="0" />
            </Method>
            <Method visited="false" cyclomaticComplexity="1" sequenceCoverage="0" branchCoverage="0" isConstructor="false" isStatic="false" isGetter="false" isSetter="true">
              <Summary numSequencePoints="0" visitedSequencePoints="0" numBranchPoints="0" visitedBranchPoints="0" sequenceCoverage="0" branchCoverage="0" maxCyclomaticComplexity="1" minCyclomaticComplexity="1" visitedClasses="0" numClasses="0" visitedMethods="0" numMethods="0" />
              <MetadataToken>100663611</MetadataToken>
              <Name>System.Void RMWebAPI.Models.ChangePasswordBindingModel::set_OldPassword(System.String)</Name>
              <SequencePoints />
              <BranchPoints />
              <MethodPoint vc="0" uspid="2524" ordinal="0" offset="0" />
            </Method>
            <Method visited="false" cyclomaticComplexity="1" sequenceCoverage="0" branchCoverage="0" isConstructor="false" isStatic="false" isGetter="true" isSetter="false">
              <Summary numSequencePoints="0" visitedSequencePoints="0" numBranchPoints="0" visitedBranchPoints="0" sequenceCoverage="0" branchCoverage="0" maxCyclomaticComplexity="1" minCyclomaticComplexity="1" visitedClasses="0" numClasses="0" visitedMethods="0" numMethods="0" />
              <MetadataToken>100663612</MetadataToken>
              <Name>System.String RMWebAPI.Models.ChangePasswordBindingModel::get_NewPassword()</Name>
              <SequencePoints />
              <BranchPoints />
              <MethodPoint vc="0" uspid="2525" ordinal="0" offset="0" />
            </Method>
            <Method visited="false" cyclomaticComplexity="1" sequenceCoverage="0" branchCoverage="0" isConstructor="false" isStatic="false" isGetter="false" isSetter="true">
              <Summary numSequencePoints="0" visitedSequencePoints="0" numBranchPoints="0" visitedBranchPoints="0" sequenceCoverage="0" branchCoverage="0" maxCyclomaticComplexity="1" minCyclomaticComplexity="1" visitedClasses="0" numClasses="0" visitedMethods="0" numMethods="0" />
              <MetadataToken>100663613</MetadataToken>
              <Name>System.Void RMWebAPI.Models.ChangePasswordBindingModel::set_NewPassword(System.String)</Name>
              <SequencePoints />
              <BranchPoints />
              <MethodPoint vc="0" uspid="2526" ordinal="0" offset="0" />
            </Method>
            <Method visited="false" cyclomaticComplexity="1" sequenceCoverage="0" branchCoverage="0" isConstructor="false" isStatic="false" isGetter="true" isSetter="false">
              <Summary numSequencePoints="0" visitedSequencePoints="0" numBranchPoints="0" visitedBranchPoints="0" sequenceCoverage="0" branchCoverage="0" maxCyclomaticComplexity="1" minCyclomaticComplexity="1" visitedClasses="0" numClasses="0" visitedMethods="0" numMethods="0" />
              <MetadataToken>100663614</MetadataToken>
              <Name>System.String RMWebAPI.Models.ChangePasswordBindingModel::get_ConfirmPassword()</Name>
              <SequencePoints />
              <BranchPoints />
              <MethodPoint vc="0" uspid="2527" ordinal="0" offset="0" />
            </Method>
            <Method visited="false" cyclomaticComplexity="1" sequenceCoverage="0" branchCoverage="0" isConstructor="false" isStatic="false" isGetter="false" isSetter="true">
              <Summary numSequencePoints="0" visitedSequencePoints="0" numBranchPoints="0" visitedBranchPoints="0" sequenceCoverage="0" branchCoverage="0" maxCyclomaticComplexity="1" minCyclomaticComplexity="1" visitedClasses="0" numClasses="0" visitedMethods="0" numMethods="0" />
              <MetadataToken>100663615</MetadataToken>
              <Name>System.Void RMWebAPI.Models.ChangePasswordBindingModel::set_ConfirmPassword(System.String)</Name>
              <SequencePoints />
              <BranchPoints />
              <MethodPoint vc="0" uspid="2528" ordinal="0" offset="0" />
            </Method>
            <Method visited="false" cyclomaticComplexity="1" sequenceCoverage="0" branchCoverage="0" isConstructor="true" isStatic="false" isGetter="false" isSetter="false">
              <Summary numSequencePoints="0" visitedSequencePoints="0" numBranchPoints="0" visitedBranchPoints="0" sequenceCoverage="0" branchCoverage="0" maxCyclomaticComplexity="1" minCyclomaticComplexity="1" visitedClasses="0" numClasses="0" visitedMethods="0" numMethods="0" />
              <MetadataToken>100663616</MetadataToken>
              <Name>System.Void RMWebAPI.Models.ChangePasswordBindingModel::.ctor()</Name>
              <SequencePoints />
              <BranchPoints />
              <MethodPoint vc="0" uspid="2529" ordinal="0" offset="0" />
            </Method>
          </Methods>
        </Class>
        <Class>
          <Summary numSequencePoints="0" visitedSequencePoints="0" numBranchPoints="0" visitedBranchPoints="0" sequenceCoverage="0" branchCoverage="0" maxCyclomaticComplexity="1" minCyclomaticComplexity="1" visitedClasses="0" numClasses="0" visitedMethods="0" numMethods="0" />
          <FullName>RMWebAPI.Models.RegisterBindingModel</FullName>
          <Methods>
            <Method visited="false" cyclomaticComplexity="1" sequenceCoverage="0" branchCoverage="0" isConstructor="false" isStatic="false" isGetter="true" isSetter="false">
              <Summary numSequencePoints="0" visitedSequencePoints="0" numBranchPoints="0" visitedBranchPoints="0" sequenceCoverage="0" branchCoverage="0" maxCyclomaticComplexity="1" minCyclomaticComplexity="1" visitedClasses="0" numClasses="0" visitedMethods="0" numMethods="0" />
              <MetadataToken>100663617</MetadataToken>
              <Name>System.String RMWebAPI.Models.RegisterBindingModel::get_Email()</Name>
              <SequencePoints />
              <BranchPoints />
              <MethodPoint vc="0" uspid="2530" ordinal="0" offset="0" />
            </Method>
            <Method visited="false" cyclomaticComplexity="1" sequenceCoverage="0" branchCoverage="0" isConstructor="false" isStatic="false" isGetter="false" isSetter="true">
              <Summary numSequencePoints="0" visitedSequencePoints="0" numBranchPoints="0" visitedBranchPoints="0" sequenceCoverage="0" branchCoverage="0" maxCyclomaticComplexity="1" minCyclomaticComplexity="1" visitedClasses="0" numClasses="0" visitedMethods="0" numMethods="0" />
              <MetadataToken>100663618</MetadataToken>
              <Name>System.Void RMWebAPI.Models.RegisterBindingModel::set_Email(System.String)</Name>
              <SequencePoints />
              <BranchPoints />
              <MethodPoint vc="0" uspid="2531" ordinal="0" offset="0" />
            </Method>
            <Method visited="false" cyclomaticComplexity="1" sequenceCoverage="0" branchCoverage="0" isConstructor="false" isStatic="false" isGetter="true" isSetter="false">
              <Summary numSequencePoints="0" visitedSequencePoints="0" numBranchPoints="0" visitedBranchPoints="0" sequenceCoverage="0" branchCoverage="0" maxCyclomaticComplexity="1" minCyclomaticComplexity="1" visitedClasses="0" numClasses="0" visitedMethods="0" numMethods="0" />
              <MetadataToken>100663619</MetadataToken>
              <Name>System.String RMWebAPI.Models.RegisterBindingModel::get_Password()</Name>
              <SequencePoints />
              <BranchPoints />
              <MethodPoint vc="0" uspid="2532" ordinal="0" offset="0" />
            </Method>
            <Method visited="false" cyclomaticComplexity="1" sequenceCoverage="0" branchCoverage="0" isConstructor="false" isStatic="false" isGetter="false" isSetter="true">
              <Summary numSequencePoints="0" visitedSequencePoints="0" numBranchPoints="0" visitedBranchPoints="0" sequenceCoverage="0" branchCoverage="0" maxCyclomaticComplexity="1" minCyclomaticComplexity="1" visitedClasses="0" numClasses="0" visitedMethods="0" numMethods="0" />
              <MetadataToken>100663620</MetadataToken>
              <Name>System.Void RMWebAPI.Models.RegisterBindingModel::set_Password(System.String)</Name>
              <SequencePoints />
              <BranchPoints />
              <MethodPoint vc="0" uspid="2533" ordinal="0" offset="0" />
            </Method>
            <Method visited="false" cyclomaticComplexity="1" sequenceCoverage="0" branchCoverage="0" isConstructor="false" isStatic="false" isGetter="true" isSetter="false">
              <Summary numSequencePoints="0" visitedSequencePoints="0" numBranchPoints="0" visitedBranchPoints="0" sequenceCoverage="0" branchCoverage="0" maxCyclomaticComplexity="1" minCyclomaticComplexity="1" visitedClasses="0" numClasses="0" visitedMethods="0" numMethods="0" />
              <MetadataToken>100663621</MetadataToken>
              <Name>System.String RMWebAPI.Models.RegisterBindingModel::get_ConfirmPassword()</Name>
              <SequencePoints />
              <BranchPoints />
              <MethodPoint vc="0" uspid="2534" ordinal="0" offset="0" />
            </Method>
            <Method visited="false" cyclomaticComplexity="1" sequenceCoverage="0" branchCoverage="0" isConstructor="false" isStatic="false" isGetter="false" isSetter="true">
              <Summary numSequencePoints="0" visitedSequencePoints="0" numBranchPoints="0" visitedBranchPoints="0" sequenceCoverage="0" branchCoverage="0" maxCyclomaticComplexity="1" minCyclomaticComplexity="1" visitedClasses="0" numClasses="0" visitedMethods="0" numMethods="0" />
              <MetadataToken>100663622</MetadataToken>
              <Name>System.Void RMWebAPI.Models.RegisterBindingModel::set_ConfirmPassword(System.String)</Name>
              <SequencePoints />
              <BranchPoints />
              <MethodPoint vc="0" uspid="2535" ordinal="0" offset="0" />
            </Method>
            <Method visited="false" cyclomaticComplexity="1" sequenceCoverage="0" branchCoverage="0" isConstructor="true" isStatic="false" isGetter="false" isSetter="false">
              <Summary numSequencePoints="0" visitedSequencePoints="0" numBranchPoints="0" visitedBranchPoints="0" sequenceCoverage="0" branchCoverage="0" maxCyclomaticComplexity="1" minCyclomaticComplexity="1" visitedClasses="0" numClasses="0" visitedMethods="0" numMethods="0" />
              <MetadataToken>100663623</MetadataToken>
              <Name>System.Void RMWebAPI.Models.RegisterBindingModel::.ctor()</Name>
              <SequencePoints />
              <BranchPoints />
              <MethodPoint vc="0" uspid="2536" ordinal="0" offset="0" />
            </Method>
          </Methods>
        </Class>
        <Class>
          <Summary numSequencePoints="0" visitedSequencePoints="0" numBranchPoints="0" visitedBranchPoints="0" sequenceCoverage="0" branchCoverage="0" maxCyclomaticComplexity="1" minCyclomaticComplexity="1" visitedClasses="0" numClasses="0" visitedMethods="0" numMethods="0" />
          <FullName>RMWebAPI.Models.RegisterExternalBindingModel</FullName>
          <Methods>
            <Method visited="false" cyclomaticComplexity="1" sequenceCoverage="0" branchCoverage="0" isConstructor="false" isStatic="false" isGetter="true" isSetter="false">
              <Summary numSequencePoints="0" visitedSequencePoints="0" numBranchPoints="0" visitedBranchPoints="0" sequenceCoverage="0" branchCoverage="0" maxCyclomaticComplexity="1" minCyclomaticComplexity="1" visitedClasses="0" numClasses="0" visitedMethods="0" numMethods="0" />
              <MetadataToken>100663624</MetadataToken>
              <Name>System.String RMWebAPI.Models.RegisterExternalBindingModel::get_Email()</Name>
              <SequencePoints />
              <BranchPoints />
              <MethodPoint vc="0" uspid="2537" ordinal="0" offset="0" />
            </Method>
            <Method visited="false" cyclomaticComplexity="1" sequenceCoverage="0" branchCoverage="0" isConstructor="false" isStatic="false" isGetter="false" isSetter="true">
              <Summary numSequencePoints="0" visitedSequencePoints="0" numBranchPoints="0" visitedBranchPoints="0" sequenceCoverage="0" branchCoverage="0" maxCyclomaticComplexity="1" minCyclomaticComplexity="1" visitedClasses="0" numClasses="0" visitedMethods="0" numMethods="0" />
              <MetadataToken>100663625</MetadataToken>
              <Name>System.Void RMWebAPI.Models.RegisterExternalBindingModel::set_Email(System.String)</Name>
              <SequencePoints />
              <BranchPoints />
              <MethodPoint vc="0" uspid="2538" ordinal="0" offset="0" />
            </Method>
            <Method visited="false" cyclomaticComplexity="1" sequenceCoverage="0" branchCoverage="0" isConstructor="true" isStatic="false" isGetter="false" isSetter="false">
              <Summary numSequencePoints="0" visitedSequencePoints="0" numBranchPoints="0" visitedBranchPoints="0" sequenceCoverage="0" branchCoverage="0" maxCyclomaticComplexity="1" minCyclomaticComplexity="1" visitedClasses="0" numClasses="0" visitedMethods="0" numMethods="0" />
              <MetadataToken>100663626</MetadataToken>
              <Name>System.Void RMWebAPI.Models.RegisterExternalBindingModel::.ctor()</Name>
              <SequencePoints />
              <BranchPoints />
              <MethodPoint vc="0" uspid="2539" ordinal="0" offset="0" />
            </Method>
          </Methods>
        </Class>
        <Class>
          <Summary numSequencePoints="0" visitedSequencePoints="0" numBranchPoints="0" visitedBranchPoints="0" sequenceCoverage="0" branchCoverage="0" maxCyclomaticComplexity="1" minCyclomaticComplexity="1" visitedClasses="0" numClasses="0" visitedMethods="0" numMethods="0" />
          <FullName>RMWebAPI.Models.RemoveLoginBindingModel</FullName>
          <Methods>
            <Method visited="false" cyclomaticComplexity="1" sequenceCoverage="0" branchCoverage="0" isConstructor="false" isStatic="false" isGetter="true" isSetter="false">
              <Summary numSequencePoints="0" visitedSequencePoints="0" numBranchPoints="0" visitedBranchPoints="0" sequenceCoverage="0" branchCoverage="0" maxCyclomaticComplexity="1" minCyclomaticComplexity="1" visitedClasses="0" numClasses="0" visitedMethods="0" numMethods="0" />
              <MetadataToken>100663627</MetadataToken>
              <Name>System.String RMWebAPI.Models.RemoveLoginBindingModel::get_LoginProvider()</Name>
              <SequencePoints />
              <BranchPoints />
              <MethodPoint vc="0" uspid="2540" ordinal="0" offset="0" />
            </Method>
            <Method visited="false" cyclomaticComplexity="1" sequenceCoverage="0" branchCoverage="0" isConstructor="false" isStatic="false" isGetter="false" isSetter="true">
              <Summary numSequencePoints="0" visitedSequencePoints="0" numBranchPoints="0" visitedBranchPoints="0" sequenceCoverage="0" branchCoverage="0" maxCyclomaticComplexity="1" minCyclomaticComplexity="1" visitedClasses="0" numClasses="0" visitedMethods="0" numMethods="0" />
              <MetadataToken>100663628</MetadataToken>
              <Name>System.Void RMWebAPI.Models.RemoveLoginBindingModel::set_LoginProvider(System.String)</Name>
              <SequencePoints />
              <BranchPoints />
              <MethodPoint vc="0" uspid="2541" ordinal="0" offset="0" />
            </Method>
            <Method visited="false" cyclomaticComplexity="1" sequenceCoverage="0" branchCoverage="0" isConstructor="false" isStatic="false" isGetter="true" isSetter="false">
              <Summary numSequencePoints="0" visitedSequencePoints="0" numBranchPoints="0" visitedBranchPoints="0" sequenceCoverage="0" branchCoverage="0" maxCyclomaticComplexity="1" minCyclomaticComplexity="1" visitedClasses="0" numClasses="0" visitedMethods="0" numMethods="0" />
              <MetadataToken>100663629</MetadataToken>
              <Name>System.String RMWebAPI.Models.RemoveLoginBindingModel::get_ProviderKey()</Name>
              <SequencePoints />
              <BranchPoints />
              <MethodPoint vc="0" uspid="2542" ordinal="0" offset="0" />
            </Method>
            <Method visited="false" cyclomaticComplexity="1" sequenceCoverage="0" branchCoverage="0" isConstructor="false" isStatic="false" isGetter="false" isSetter="true">
              <Summary numSequencePoints="0" visitedSequencePoints="0" numBranchPoints="0" visitedBranchPoints="0" sequenceCoverage="0" branchCoverage="0" maxCyclomaticComplexity="1" minCyclomaticComplexity="1" visitedClasses="0" numClasses="0" visitedMethods="0" numMethods="0" />
              <MetadataToken>100663630</MetadataToken>
              <Name>System.Void RMWebAPI.Models.RemoveLoginBindingModel::set_ProviderKey(System.String)</Name>
              <SequencePoints />
              <BranchPoints />
              <MethodPoint vc="0" uspid="2543" ordinal="0" offset="0" />
            </Method>
            <Method visited="false" cyclomaticComplexity="1" sequenceCoverage="0" branchCoverage="0" isConstructor="true" isStatic="false" isGetter="false" isSetter="false">
              <Summary numSequencePoints="0" visitedSequencePoints="0" numBranchPoints="0" visitedBranchPoints="0" sequenceCoverage="0" branchCoverage="0" maxCyclomaticComplexity="1" minCyclomaticComplexity="1" visitedClasses="0" numClasses="0" visitedMethods="0" numMethods="0" />
              <MetadataToken>100663631</MetadataToken>
              <Name>System.Void RMWebAPI.Models.RemoveLoginBindingModel::.ctor()</Name>
              <SequencePoints />
              <BranchPoints />
              <MethodPoint vc="0" uspid="2544" ordinal="0" offset="0" />
            </Method>
          </Methods>
        </Class>
        <Class>
          <Summary numSequencePoints="0" visitedSequencePoints="0" numBranchPoints="0" visitedBranchPoints="0" sequenceCoverage="0" branchCoverage="0" maxCyclomaticComplexity="1" minCyclomaticComplexity="1" visitedClasses="0" numClasses="0" visitedMethods="0" numMethods="0" />
          <FullName>RMWebAPI.Models.SetPasswordBindingModel</FullName>
          <Methods>
            <Method visited="false" cyclomaticComplexity="1" sequenceCoverage="0" branchCoverage="0" isConstructor="false" isStatic="false" isGetter="true" isSetter="false">
              <Summary numSequencePoints="0" visitedSequencePoints="0" numBranchPoints="0" visitedBranchPoints="0" sequenceCoverage="0" branchCoverage="0" maxCyclomaticComplexity="1" minCyclomaticComplexity="1" visitedClasses="0" numClasses="0" visitedMethods="0" numMethods="0" />
              <MetadataToken>100663632</MetadataToken>
              <Name>System.String RMWebAPI.Models.SetPasswordBindingModel::get_NewPassword()</Name>
              <SequencePoints />
              <BranchPoints />
              <MethodPoint vc="0" uspid="2545" ordinal="0" offset="0" />
            </Method>
            <Method visited="false" cyclomaticComplexity="1" sequenceCoverage="0" branchCoverage="0" isConstructor="false" isStatic="false" isGetter="false" isSetter="true">
              <Summary numSequencePoints="0" visitedSequencePoints="0" numBranchPoints="0" visitedBranchPoints="0" sequenceCoverage="0" branchCoverage="0" maxCyclomaticComplexity="1" minCyclomaticComplexity="1" visitedClasses="0" numClasses="0" visitedMethods="0" numMethods="0" />
              <MetadataToken>100663633</MetadataToken>
              <Name>System.Void RMWebAPI.Models.SetPasswordBindingModel::set_NewPassword(System.String)</Name>
              <SequencePoints />
              <BranchPoints />
              <MethodPoint vc="0" uspid="2546" ordinal="0" offset="0" />
            </Method>
            <Method visited="false" cyclomaticComplexity="1" sequenceCoverage="0" branchCoverage="0" isConstructor="false" isStatic="false" isGetter="true" isSetter="false">
              <Summary numSequencePoints="0" visitedSequencePoints="0" numBranchPoints="0" visitedBranchPoints="0" sequenceCoverage="0" branchCoverage="0" maxCyclomaticComplexity="1" minCyclomaticComplexity="1" visitedClasses="0" numClasses="0" visitedMethods="0" numMethods="0" />
              <MetadataToken>100663634</MetadataToken>
              <Name>System.String RMWebAPI.Models.SetPasswordBindingModel::get_ConfirmPassword()</Name>
              <SequencePoints />
              <BranchPoints />
              <MethodPoint vc="0" uspid="2547" ordinal="0" offset="0" />
            </Method>
            <Method visited="false" cyclomaticComplexity="1" sequenceCoverage="0" branchCoverage="0" isConstructor="false" isStatic="false" isGetter="false" isSetter="true">
              <Summary numSequencePoints="0" visitedSequencePoints="0" numBranchPoints="0" visitedBranchPoints="0" sequenceCoverage="0" branchCoverage="0" maxCyclomaticComplexity="1" minCyclomaticComplexity="1" visitedClasses="0" numClasses="0" visitedMethods="0" numMethods="0" />
              <MetadataToken>100663635</MetadataToken>
              <Name>System.Void RMWebAPI.Models.SetPasswordBindingModel::set_ConfirmPassword(System.String)</Name>
              <SequencePoints />
              <BranchPoints />
              <MethodPoint vc="0" uspid="2548" ordinal="0" offset="0" />
            </Method>
            <Method visited="false" cyclomaticComplexity="1" sequenceCoverage="0" branchCoverage="0" isConstructor="true" isStatic="false" isGetter="false" isSetter="false">
              <Summary numSequencePoints="0" visitedSequencePoints="0" numBranchPoints="0" visitedBranchPoints="0" sequenceCoverage="0" branchCoverage="0" maxCyclomaticComplexity="1" minCyclomaticComplexity="1" visitedClasses="0" numClasses="0" visitedMethods="0" numMethods="0" />
              <MetadataToken>100663636</MetadataToken>
              <Name>System.Void RMWebAPI.Models.SetPasswordBindingModel::.ctor()</Name>
              <SequencePoints />
              <BranchPoints />
              <MethodPoint vc="0" uspid="2549" ordinal="0" offset="0" />
            </Method>
          </Methods>
        </Class>
        <Class>
          <Summary numSequencePoints="0" visitedSequencePoints="0" numBranchPoints="0" visitedBranchPoints="0" sequenceCoverage="0" branchCoverage="0" maxCyclomaticComplexity="1" minCyclomaticComplexity="1" visitedClasses="0" numClasses="0" visitedMethods="0" numMethods="0" />
          <FullName>RMWebAPI.Models.ExternalLoginViewModel</FullName>
          <Methods>
            <Method visited="false" cyclomaticComplexity="1" sequenceCoverage="0" branchCoverage="0" isConstructor="false" isStatic="false" isGetter="true" isSetter="false">
              <Summary numSequencePoints="0" visitedSequencePoints="0" numBranchPoints="0" visitedBranchPoints="0" sequenceCoverage="0" branchCoverage="0" maxCyclomaticComplexity="1" minCyclomaticComplexity="1" visitedClasses="0" numClasses="0" visitedMethods="0" numMethods="0" />
              <MetadataToken>100663637</MetadataToken>
              <Name>System.String RMWebAPI.Models.ExternalLoginViewModel::get_Name()</Name>
              <SequencePoints />
              <BranchPoints />
              <MethodPoint vc="0" uspid="2550" ordinal="0" offset="0" />
            </Method>
            <Method visited="false" cyclomaticComplexity="1" sequenceCoverage="0" branchCoverage="0" isConstructor="false" isStatic="false" isGetter="false" isSetter="true">
              <Summary numSequencePoints="0" visitedSequencePoints="0" numBranchPoints="0" visitedBranchPoints="0" sequenceCoverage="0" branchCoverage="0" maxCyclomaticComplexity="1" minCyclomaticComplexity="1" visitedClasses="0" numClasses="0" visitedMethods="0" numMethods="0" />
              <MetadataToken>100663638</MetadataToken>
              <Name>System.Void RMWebAPI.Models.ExternalLoginViewModel::set_Name(System.String)</Name>
              <SequencePoints />
              <BranchPoints />
              <MethodPoint vc="0" uspid="2551" ordinal="0" offset="0" />
            </Method>
            <Method visited="false" cyclomaticComplexity="1" sequenceCoverage="0" branchCoverage="0" isConstructor="false" isStatic="false" isGetter="true" isSetter="false">
              <Summary numSequencePoints="0" visitedSequencePoints="0" numBranchPoints="0" visitedBranchPoints="0" sequenceCoverage="0" branchCoverage="0" maxCyclomaticComplexity="1" minCyclomaticComplexity="1" visitedClasses="0" numClasses="0" visitedMethods="0" numMethods="0" />
              <MetadataToken>100663639</MetadataToken>
              <Name>System.String RMWebAPI.Models.ExternalLoginViewModel::get_Url()</Name>
              <SequencePoints />
              <BranchPoints />
              <MethodPoint vc="0" uspid="2552" ordinal="0" offset="0" />
            </Method>
            <Method visited="false" cyclomaticComplexity="1" sequenceCoverage="0" branchCoverage="0" isConstructor="false" isStatic="false" isGetter="false" isSetter="true">
              <Summary numSequencePoints="0" visitedSequencePoints="0" numBranchPoints="0" visitedBranchPoints="0" sequenceCoverage="0" branchCoverage="0" maxCyclomaticComplexity="1" minCyclomaticComplexity="1" visitedClasses="0" numClasses="0" visitedMethods="0" numMethods="0" />
              <MetadataToken>100663640</MetadataToken>
              <Name>System.Void RMWebAPI.Models.ExternalLoginViewModel::set_Url(System.String)</Name>
              <SequencePoints />
              <BranchPoints />
              <MethodPoint vc="0" uspid="2553" ordinal="0" offset="0" />
            </Method>
            <Method visited="false" cyclomaticComplexity="1" sequenceCoverage="0" branchCoverage="0" isConstructor="false" isStatic="false" isGetter="true" isSetter="false">
              <Summary numSequencePoints="0" visitedSequencePoints="0" numBranchPoints="0" visitedBranchPoints="0" sequenceCoverage="0" branchCoverage="0" maxCyclomaticComplexity="1" minCyclomaticComplexity="1" visitedClasses="0" numClasses="0" visitedMethods="0" numMethods="0" />
              <MetadataToken>100663641</MetadataToken>
              <Name>System.String RMWebAPI.Models.ExternalLoginViewModel::get_State()</Name>
              <SequencePoints />
              <BranchPoints />
              <MethodPoint vc="0" uspid="2554" ordinal="0" offset="0" />
            </Method>
            <Method visited="false" cyclomaticComplexity="1" sequenceCoverage="0" branchCoverage="0" isConstructor="false" isStatic="false" isGetter="false" isSetter="true">
              <Summary numSequencePoints="0" visitedSequencePoints="0" numBranchPoints="0" visitedBranchPoints="0" sequenceCoverage="0" branchCoverage="0" maxCyclomaticComplexity="1" minCyclomaticComplexity="1" visitedClasses="0" numClasses="0" visitedMethods="0" numMethods="0" />
              <MetadataToken>100663642</MetadataToken>
              <Name>System.Void RMWebAPI.Models.ExternalLoginViewModel::set_State(System.String)</Name>
              <SequencePoints />
              <BranchPoints />
              <MethodPoint vc="0" uspid="2555" ordinal="0" offset="0" />
            </Method>
            <Method visited="false" cyclomaticComplexity="1" sequenceCoverage="0" branchCoverage="0" isConstructor="true" isStatic="false" isGetter="false" isSetter="false">
              <Summary numSequencePoints="0" visitedSequencePoints="0" numBranchPoints="0" visitedBranchPoints="0" sequenceCoverage="0" branchCoverage="0" maxCyclomaticComplexity="1" minCyclomaticComplexity="1" visitedClasses="0" numClasses="0" visitedMethods="0" numMethods="0" />
              <MetadataToken>100663643</MetadataToken>
              <Name>System.Void RMWebAPI.Models.ExternalLoginViewModel::.ctor()</Name>
              <SequencePoints />
              <BranchPoints />
              <MethodPoint vc="0" uspid="2556" ordinal="0" offset="0" />
            </Method>
          </Methods>
        </Class>
        <Class>
          <Summary numSequencePoints="0" visitedSequencePoints="0" numBranchPoints="0" visitedBranchPoints="0" sequenceCoverage="0" branchCoverage="0" maxCyclomaticComplexity="1" minCyclomaticComplexity="1" visitedClasses="0" numClasses="0" visitedMethods="0" numMethods="0" />
          <FullName>RMWebAPI.Models.ManageInfoViewModel</FullName>
          <Methods>
            <Method visited="false" cyclomaticComplexity="1" sequenceCoverage="0" branchCoverage="0" isConstructor="false" isStatic="false" isGetter="true" isSetter="false">
              <Summary numSequencePoints="0" visitedSequencePoints="0" numBranchPoints="0" visitedBranchPoints="0" sequenceCoverage="0" branchCoverage="0" maxCyclomaticComplexity="1" minCyclomaticComplexity="1" visitedClasses="0" numClasses="0" visitedMethods="0" numMethods="0" />
              <MetadataToken>100663644</MetadataToken>
              <Name>System.String RMWebAPI.Models.ManageInfoViewModel::get_LocalLoginProvider()</Name>
              <SequencePoints />
              <BranchPoints />
              <MethodPoint vc="0" uspid="2557" ordinal="0" offset="0" />
            </Method>
            <Method visited="false" cyclomaticComplexity="1" sequenceCoverage="0" branchCoverage="0" isConstructor="false" isStatic="false" isGetter="false" isSetter="true">
              <Summary numSequencePoints="0" visitedSequencePoints="0" numBranchPoints="0" visitedBranchPoints="0" sequenceCoverage="0" branchCoverage="0" maxCyclomaticComplexity="1" minCyclomaticComplexity="1" visitedClasses="0" numClasses="0" visitedMethods="0" numMethods="0" />
              <MetadataToken>100663645</MetadataToken>
              <Name>System.Void RMWebAPI.Models.ManageInfoViewModel::set_LocalLoginProvider(System.String)</Name>
              <SequencePoints />
              <BranchPoints />
              <MethodPoint vc="0" uspid="2558" ordinal="0" offset="0" />
            </Method>
            <Method visited="false" cyclomaticComplexity="1" sequenceCoverage="0" branchCoverage="0" isConstructor="false" isStatic="false" isGetter="true" isSetter="false">
              <Summary numSequencePoints="0" visitedSequencePoints="0" numBranchPoints="0" visitedBranchPoints="0" sequenceCoverage="0" branchCoverage="0" maxCyclomaticComplexity="1" minCyclomaticComplexity="1" visitedClasses="0" numClasses="0" visitedMethods="0" numMethods="0" />
              <MetadataToken>100663646</MetadataToken>
              <Name>System.String RMWebAPI.Models.ManageInfoViewModel::get_Email()</Name>
              <SequencePoints />
              <BranchPoints />
              <MethodPoint vc="0" uspid="2559" ordinal="0" offset="0" />
            </Method>
            <Method visited="false" cyclomaticComplexity="1" sequenceCoverage="0" branchCoverage="0" isConstructor="false" isStatic="false" isGetter="false" isSetter="true">
              <Summary numSequencePoints="0" visitedSequencePoints="0" numBranchPoints="0" visitedBranchPoints="0" sequenceCoverage="0" branchCoverage="0" maxCyclomaticComplexity="1" minCyclomaticComplexity="1" visitedClasses="0" numClasses="0" visitedMethods="0" numMethods="0" />
              <MetadataToken>100663647</MetadataToken>
              <Name>System.Void RMWebAPI.Models.ManageInfoViewModel::set_Email(System.String)</Name>
              <SequencePoints />
              <BranchPoints />
              <MethodPoint vc="0" uspid="2560" ordinal="0" offset="0" />
            </Method>
            <Method visited="false" cyclomaticComplexity="1" sequenceCoverage="0" branchCoverage="0" isConstructor="false" isStatic="false" isGetter="true" isSetter="false">
              <Summary numSequencePoints="0" visitedSequencePoints="0" numBranchPoints="0" visitedBranchPoints="0" sequenceCoverage="0" branchCoverage="0" maxCyclomaticComplexity="1" minCyclomaticComplexity="1" visitedClasses="0" numClasses="0" visitedMethods="0" numMethods="0" />
              <MetadataToken>100663648</MetadataToken>
              <Name>System.Collections.Generic.IEnumerable`1&lt;RMWebAPI.Models.UserLoginInfoViewModel&gt; RMWebAPI.Models.ManageInfoViewModel::get_Logins()</Name>
              <SequencePoints />
              <BranchPoints />
              <MethodPoint vc="0" uspid="2561" ordinal="0" offset="0" />
            </Method>
            <Method visited="false" cyclomaticComplexity="1" sequenceCoverage="0" branchCoverage="0" isConstructor="false" isStatic="false" isGetter="false" isSetter="true">
              <Summary numSequencePoints="0" visitedSequencePoints="0" numBranchPoints="0" visitedBranchPoints="0" sequenceCoverage="0" branchCoverage="0" maxCyclomaticComplexity="1" minCyclomaticComplexity="1" visitedClasses="0" numClasses="0" visitedMethods="0" numMethods="0" />
              <MetadataToken>100663649</MetadataToken>
              <Name>System.Void RMWebAPI.Models.ManageInfoViewModel::set_Logins(System.Collections.Generic.IEnumerable`1&lt;RMWebAPI.Models.UserLoginInfoViewModel&gt;)</Name>
              <SequencePoints />
              <BranchPoints />
              <MethodPoint vc="0" uspid="2562" ordinal="0" offset="0" />
            </Method>
            <Method visited="false" cyclomaticComplexity="1" sequenceCoverage="0" branchCoverage="0" isConstructor="false" isStatic="false" isGetter="true" isSetter="false">
              <Summary numSequencePoints="0" visitedSequencePoints="0" numBranchPoints="0" visitedBranchPoints="0" sequenceCoverage="0" branchCoverage="0" maxCyclomaticComplexity="1" minCyclomaticComplexity="1" visitedClasses="0" numClasses="0" visitedMethods="0" numMethods="0" />
              <MetadataToken>100663650</MetadataToken>
              <Name>System.Collections.Generic.IEnumerable`1&lt;RMWebAPI.Models.ExternalLoginViewModel&gt; RMWebAPI.Models.ManageInfoViewModel::get_ExternalLoginProviders()</Name>
              <SequencePoints />
              <BranchPoints />
              <MethodPoint vc="0" uspid="2563" ordinal="0" offset="0" />
            </Method>
            <Method visited="false" cyclomaticComplexity="1" sequenceCoverage="0" branchCoverage="0" isConstructor="false" isStatic="false" isGetter="false" isSetter="true">
              <Summary numSequencePoints="0" visitedSequencePoints="0" numBranchPoints="0" visitedBranchPoints="0" sequenceCoverage="0" branchCoverage="0" maxCyclomaticComplexity="1" minCyclomaticComplexity="1" visitedClasses="0" numClasses="0" visitedMethods="0" numMethods="0" />
              <MetadataToken>100663651</MetadataToken>
              <Name>System.Void RMWebAPI.Models.ManageInfoViewModel::set_ExternalLoginProviders(System.Collections.Generic.IEnumerable`1&lt;RMWebAPI.Models.ExternalLoginViewModel&gt;)</Name>
              <SequencePoints />
              <BranchPoints />
              <MethodPoint vc="0" uspid="2564" ordinal="0" offset="0" />
            </Method>
            <Method visited="false" cyclomaticComplexity="1" sequenceCoverage="0" branchCoverage="0" isConstructor="true" isStatic="false" isGetter="false" isSetter="false">
              <Summary numSequencePoints="0" visitedSequencePoints="0" numBranchPoints="0" visitedBranchPoints="0" sequenceCoverage="0" branchCoverage="0" maxCyclomaticComplexity="1" minCyclomaticComplexity="1" visitedClasses="0" numClasses="0" visitedMethods="0" numMethods="0" />
              <MetadataToken>100663652</MetadataToken>
              <Name>System.Void RMWebAPI.Models.ManageInfoViewModel::.ctor()</Name>
              <SequencePoints />
              <BranchPoints />
              <MethodPoint vc="0" uspid="2565" ordinal="0" offset="0" />
            </Method>
          </Methods>
        </Class>
        <Class>
          <Summary numSequencePoints="0" visitedSequencePoints="0" numBranchPoints="0" visitedBranchPoints="0" sequenceCoverage="0" branchCoverage="0" maxCyclomaticComplexity="1" minCyclomaticComplexity="1" visitedClasses="0" numClasses="0" visitedMethods="0" numMethods="0" />
          <FullName>RMWebAPI.Models.UserInfoViewModel</FullName>
          <Methods>
            <Method visited="false" cyclomaticComplexity="1" sequenceCoverage="0" branchCoverage="0" isConstructor="false" isStatic="false" isGetter="true" isSetter="false">
              <Summary numSequencePoints="0" visitedSequencePoints="0" numBranchPoints="0" visitedBranchPoints="0" sequenceCoverage="0" branchCoverage="0" maxCyclomaticComplexity="1" minCyclomaticComplexity="1" visitedClasses="0" numClasses="0" visitedMethods="0" numMethods="0" />
              <MetadataToken>100663653</MetadataToken>
              <Name>System.String RMWebAPI.Models.UserInfoViewModel::get_Email()</Name>
              <SequencePoints />
              <BranchPoints />
              <MethodPoint vc="0" uspid="2566" ordinal="0" offset="0" />
            </Method>
            <Method visited="false" cyclomaticComplexity="1" sequenceCoverage="0" branchCoverage="0" isConstructor="false" isStatic="false" isGetter="false" isSetter="true">
              <Summary numSequencePoints="0" visitedSequencePoints="0" numBranchPoints="0" visitedBranchPoints="0" sequenceCoverage="0" branchCoverage="0" maxCyclomaticComplexity="1" minCyclomaticComplexity="1" visitedClasses="0" numClasses="0" visitedMethods="0" numMethods="0" />
              <MetadataToken>100663654</MetadataToken>
              <Name>System.Void RMWebAPI.Models.UserInfoViewModel::set_Email(System.String)</Name>
              <SequencePoints />
              <BranchPoints />
              <MethodPoint vc="0" uspid="2567" ordinal="0" offset="0" />
            </Method>
            <Method visited="false" cyclomaticComplexity="1" sequenceCoverage="0" branchCoverage="0" isConstructor="false" isStatic="false" isGetter="true" isSetter="false">
              <Summary numSequencePoints="0" visitedSequencePoints="0" numBranchPoints="0" visitedBranchPoints="0" sequenceCoverage="0" branchCoverage="0" maxCyclomaticComplexity="1" minCyclomaticComplexity="1" visitedClasses="0" numClasses="0" visitedMethods="0" numMethods="0" />
              <MetadataToken>100663655</MetadataToken>
              <Name>System.Boolean RMWebAPI.Models.UserInfoViewModel::get_HasRegistered()</Name>
              <SequencePoints />
              <BranchPoints />
              <MethodPoint vc="0" uspid="2568" ordinal="0" offset="0" />
            </Method>
            <Method visited="false" cyclomaticComplexity="1" sequenceCoverage="0" branchCoverage="0" isConstructor="false" isStatic="false" isGetter="false" isSetter="true">
              <Summary numSequencePoints="0" visitedSequencePoints="0" numBranchPoints="0" visitedBranchPoints="0" sequenceCoverage="0" branchCoverage="0" maxCyclomaticComplexity="1" minCyclomaticComplexity="1" visitedClasses="0" numClasses="0" visitedMethods="0" numMethods="0" />
              <MetadataToken>100663656</MetadataToken>
              <Name>System.Void RMWebAPI.Models.UserInfoViewModel::set_HasRegistered(System.Boolean)</Name>
              <SequencePoints />
              <BranchPoints />
              <MethodPoint vc="0" uspid="2569" ordinal="0" offset="0" />
            </Method>
            <Method visited="false" cyclomaticComplexity="1" sequenceCoverage="0" branchCoverage="0" isConstructor="false" isStatic="false" isGetter="true" isSetter="false">
              <Summary numSequencePoints="0" visitedSequencePoints="0" numBranchPoints="0" visitedBranchPoints="0" sequenceCoverage="0" branchCoverage="0" maxCyclomaticComplexity="1" minCyclomaticComplexity="1" visitedClasses="0" numClasses="0" visitedMethods="0" numMethods="0" />
              <MetadataToken>100663657</MetadataToken>
              <Name>System.String RMWebAPI.Models.UserInfoViewModel::get_LoginProvider()</Name>
              <SequencePoints />
              <BranchPoints />
              <MethodPoint vc="0" uspid="2570" ordinal="0" offset="0" />
            </Method>
            <Method visited="false" cyclomaticComplexity="1" sequenceCoverage="0" branchCoverage="0" isConstructor="false" isStatic="false" isGetter="false" isSetter="true">
              <Summary numSequencePoints="0" visitedSequencePoints="0" numBranchPoints="0" visitedBranchPoints="0" sequenceCoverage="0" branchCoverage="0" maxCyclomaticComplexity="1" minCyclomaticComplexity="1" visitedClasses="0" numClasses="0" visitedMethods="0" numMethods="0" />
              <MetadataToken>100663658</MetadataToken>
              <Name>System.Void RMWebAPI.Models.UserInfoViewModel::set_LoginProvider(System.String)</Name>
              <SequencePoints />
              <BranchPoints />
              <MethodPoint vc="0" uspid="2571" ordinal="0" offset="0" />
            </Method>
            <Method visited="false" cyclomaticComplexity="1" sequenceCoverage="0" branchCoverage="0" isConstructor="true" isStatic="false" isGetter="false" isSetter="false">
              <Summary numSequencePoints="0" visitedSequencePoints="0" numBranchPoints="0" visitedBranchPoints="0" sequenceCoverage="0" branchCoverage="0" maxCyclomaticComplexity="1" minCyclomaticComplexity="1" visitedClasses="0" numClasses="0" visitedMethods="0" numMethods="0" />
              <MetadataToken>100663659</MetadataToken>
              <Name>System.Void RMWebAPI.Models.UserInfoViewModel::.ctor()</Name>
              <SequencePoints />
              <BranchPoints />
              <MethodPoint vc="0" uspid="2572" ordinal="0" offset="0" />
            </Method>
          </Methods>
        </Class>
        <Class>
          <Summary numSequencePoints="0" visitedSequencePoints="0" numBranchPoints="0" visitedBranchPoints="0" sequenceCoverage="0" branchCoverage="0" maxCyclomaticComplexity="1" minCyclomaticComplexity="1" visitedClasses="0" numClasses="0" visitedMethods="0" numMethods="0" />
          <FullName>RMWebAPI.Models.UserLoginInfoViewModel</FullName>
          <Methods>
            <Method visited="false" cyclomaticComplexity="1" sequenceCoverage="0" branchCoverage="0" isConstructor="false" isStatic="false" isGetter="true" isSetter="false">
              <Summary numSequencePoints="0" visitedSequencePoints="0" numBranchPoints="0" visitedBranchPoints="0" sequenceCoverage="0" branchCoverage="0" maxCyclomaticComplexity="1" minCyclomaticComplexity="1" visitedClasses="0" numClasses="0" visitedMethods="0" numMethods="0" />
              <MetadataToken>100663660</MetadataToken>
              <Name>System.String RMWebAPI.Models.UserLoginInfoViewModel::get_LoginProvider()</Name>
              <SequencePoints />
              <BranchPoints />
              <MethodPoint vc="0" uspid="2573" ordinal="0" offset="0" />
            </Method>
            <Method visited="false" cyclomaticComplexity="1" sequenceCoverage="0" branchCoverage="0" isConstructor="false" isStatic="false" isGetter="false" isSetter="true">
              <Summary numSequencePoints="0" visitedSequencePoints="0" numBranchPoints="0" visitedBranchPoints="0" sequenceCoverage="0" branchCoverage="0" maxCyclomaticComplexity="1" minCyclomaticComplexity="1" visitedClasses="0" numClasses="0" visitedMethods="0" numMethods="0" />
              <MetadataToken>100663661</MetadataToken>
              <Name>System.Void RMWebAPI.Models.UserLoginInfoViewModel::set_LoginProvider(System.String)</Name>
              <SequencePoints />
              <BranchPoints />
              <MethodPoint vc="0" uspid="2574" ordinal="0" offset="0" />
            </Method>
            <Method visited="false" cyclomaticComplexity="1" sequenceCoverage="0" branchCoverage="0" isConstructor="false" isStatic="false" isGetter="true" isSetter="false">
              <Summary numSequencePoints="0" visitedSequencePoints="0" numBranchPoints="0" visitedBranchPoints="0" sequenceCoverage="0" branchCoverage="0" maxCyclomaticComplexity="1" minCyclomaticComplexity="1" visitedClasses="0" numClasses="0" visitedMethods="0" numMethods="0" />
              <MetadataToken>100663662</MetadataToken>
              <Name>System.String RMWebAPI.Models.UserLoginInfoViewModel::get_ProviderKey()</Name>
              <SequencePoints />
              <BranchPoints />
              <MethodPoint vc="0" uspid="2575" ordinal="0" offset="0" />
            </Method>
            <Method visited="false" cyclomaticComplexity="1" sequenceCoverage="0" branchCoverage="0" isConstructor="false" isStatic="false" isGetter="false" isSetter="true">
              <Summary numSequencePoints="0" visitedSequencePoints="0" numBranchPoints="0" visitedBranchPoints="0" sequenceCoverage="0" branchCoverage="0" maxCyclomaticComplexity="1" minCyclomaticComplexity="1" visitedClasses="0" numClasses="0" visitedMethods="0" numMethods="0" />
              <MetadataToken>100663663</MetadataToken>
              <Name>System.Void RMWebAPI.Models.UserLoginInfoViewModel::set_ProviderKey(System.String)</Name>
              <SequencePoints />
              <BranchPoints />
              <MethodPoint vc="0" uspid="2576" ordinal="0" offset="0" />
            </Method>
            <Method visited="false" cyclomaticComplexity="1" sequenceCoverage="0" branchCoverage="0" isConstructor="true" isStatic="false" isGetter="false" isSetter="false">
              <Summary numSequencePoints="0" visitedSequencePoints="0" numBranchPoints="0" visitedBranchPoints="0" sequenceCoverage="0" branchCoverage="0" maxCyclomaticComplexity="1" minCyclomaticComplexity="1" visitedClasses="0" numClasses="0" visitedMethods="0" numMethods="0" />
              <MetadataToken>100663664</MetadataToken>
              <Name>System.Void RMWebAPI.Models.UserLoginInfoViewModel::.ctor()</Name>
              <SequencePoints />
              <BranchPoints />
              <MethodPoint vc="0" uspid="2577" ordinal="0" offset="0" />
            </Method>
          </Methods>
        </Class>
        <Class>
          <Summary numSequencePoints="0" visitedSequencePoints="0" numBranchPoints="0" visitedBranchPoints="0" sequenceCoverage="0" branchCoverage="0" maxCyclomaticComplexity="1" minCyclomaticComplexity="1" visitedClasses="0" numClasses="0" visitedMethods="0" numMethods="0" />
          <FullName>RMWebAPI.Models.ApplicationUser</FullName>
          <Methods>
            <Method visited="false" cyclomaticComplexity="1" sequenceCoverage="0" branchCoverage="0" isConstructor="false" isStatic="false" isGetter="false" isSetter="false">
              <Summary numSequencePoints="0" visitedSequencePoints="0" numBranchPoints="0" visitedBranchPoints="0" sequenceCoverage="0" branchCoverage="0" maxCyclomaticComplexity="1" minCyclomaticComplexity="1" visitedClasses="0" numClasses="0" visitedMethods="0" numMethods="0" />
              <MetadataToken>100663665</MetadataToken>
              <Name>System.Threading.Tasks.Task`1&lt;System.Security.Claims.ClaimsIdentity&gt; RMWebAPI.Models.ApplicationUser::GenerateUserIdentityAsync(Microsoft.AspNet.Identity.UserManager`1&lt;RMWebAPI.Models.ApplicationUser&gt;,System.String)</Name>
              <SequencePoints />
              <BranchPoints />
              <MethodPoint vc="0" uspid="2578" ordinal="0" offset="0" />
            </Method>
            <Method visited="false" cyclomaticComplexity="1" sequenceCoverage="0" branchCoverage="0" isConstructor="true" isStatic="false" isGetter="false" isSetter="false">
              <Summary numSequencePoints="0" visitedSequencePoints="0" numBranchPoints="0" visitedBranchPoints="0" sequenceCoverage="0" branchCoverage="0" maxCyclomaticComplexity="1" minCyclomaticComplexity="1" visitedClasses="0" numClasses="0" visitedMethods="0" numMethods="0" />
              <MetadataToken>100663666</MetadataToken>
              <Name>System.Void RMWebAPI.Models.ApplicationUser::.ctor()</Name>
              <SequencePoints />
              <BranchPoints />
              <MethodPoint vc="0" uspid="2579" ordinal="0" offset="0" />
            </Method>
          </Methods>
        </Class>
        <Class>
          <Summary numSequencePoints="4" visitedSequencePoints="0" numBranchPoints="7" visitedBranchPoints="0" sequenceCoverage="0" branchCoverage="0" maxCyclomaticComplexity="4" minCyclomaticComplexity="1" visitedClasses="0" numClasses="1" visitedMethods="0" numMethods="1" />
          <FullName>RMWebAPI.Models.ApplicationUser/&lt;GenerateUserIdentityAsync&gt;d__0</FullName>
          <Methods>
            <Method visited="false" cyclomaticComplexity="4" sequenceCoverage="0" branchCoverage="0" isConstructor="false" isStatic="false" isGetter="false" isSetter="false">
              <Summary numSequencePoints="4" visitedSequencePoints="0" numBranchPoints="7" visitedBranchPoints="0" sequenceCoverage="0" branchCoverage="0" maxCyclomaticComplexity="4" minCyclomaticComplexity="4" visitedClasses="0" numClasses="0" visitedMethods="0" numMethods="1" />
              <MetadataToken>100663743</MetadataToken>
              <Name>System.Void RMWebAPI.Models.ApplicationUser/&lt;GenerateUserIdentityAsync&gt;d__0::MoveNext()</Name>
              <FileRef uid="47" />
              <SequencePoints>
                <SequencePoint vc="0" uspid="2580" ordinal="0" offset="29" sl="13" sc="9" el="13" ec="10" bec="4" bev="0" fileid="47" />
                <SequencePoint vc="0" uspid="2581" ordinal="1" offset="30" sl="15" sc="13" el="15" ec="92" bec="2" bev="0" fileid="47" />
                <SequencePoint vc="0" uspid="2582" ordinal="2" offset="159" sl="17" sc="13" el="17" ec="33" bec="0" bev="0" fileid="47" />
                <SequencePoint vc="0" uspid="2583" ordinal="3" offset="195" sl="18" sc="9" el="18" ec="10" bec="0" bev="0" fileid="47" />
              </SequencePoints>
              <BranchPoints>
                <BranchPoint vc="0" uspid="2584" ordinal="0" offset="12" sl="13" path="0" offsetend="14" fileid="47" />
                <BranchPoint vc="0" uspid="2585" ordinal="1" offset="12" sl="13" path="1" offsetchain="20" offsetend="168" fileid="47" />
                <BranchPoint vc="0" uspid="2586" ordinal="2" offset="16" sl="13" path="0" offsetchain="18 27" offsetend="29" fileid="47" />
                <BranchPoint vc="0" uspid="2587" ordinal="3" offset="16" sl="13" path="1" offsetchain="25" offsetend="103" fileid="47" />
                <BranchPoint vc="0" uspid="2588" ordinal="4" offset="67" sl="15" path="0" offsetend="69" fileid="47" />
                <BranchPoint vc="0" uspid="2589" ordinal="5" offset="67" sl="15" path="1" offsetend="134" fileid="47" />
              </BranchPoints>
              <MethodPoint vc="0" uspid="2590" ordinal="0" offset="0" />
            </Method>
            <Method visited="false" cyclomaticComplexity="1" sequenceCoverage="0" branchCoverage="0" isConstructor="false" isStatic="false" isGetter="false" isSetter="false">
              <Summary numSequencePoints="0" visitedSequencePoints="0" numBranchPoints="0" visitedBranchPoints="0" sequenceCoverage="0" branchCoverage="0" maxCyclomaticComplexity="1" minCyclomaticComplexity="1" visitedClasses="0" numClasses="0" visitedMethods="0" numMethods="0" />
              <MetadataToken>100663744</MetadataToken>
              <Name>System.Void RMWebAPI.Models.ApplicationUser/&lt;GenerateUserIdentityAsync&gt;d__0::SetStateMachine(System.Runtime.CompilerServices.IAsyncStateMachine)</Name>
              <SequencePoints />
              <BranchPoints />
              <MethodPoint vc="0" uspid="2591" ordinal="0" offset="0" />
            </Method>
          </Methods>
        </Class>
        <Class>
          <Summary numSequencePoints="6" visitedSequencePoints="0" numBranchPoints="2" visitedBranchPoints="0" sequenceCoverage="0" branchCoverage="0" maxCyclomaticComplexity="1" minCyclomaticComplexity="1" visitedClasses="0" numClasses="1" visitedMethods="0" numMethods="2" />
          <FullName>RMWebAPI.Models.ApplicationDbContext</FullName>
          <Methods>
            <Method visited="false" cyclomaticComplexity="1" sequenceCoverage="0" branchCoverage="0" isConstructor="true" isStatic="false" isGetter="false" isSetter="false">
              <Summary numSequencePoints="3" visitedSequencePoints="0" numBranchPoints="1" visitedBranchPoints="0" sequenceCoverage="0" branchCoverage="0" maxCyclomaticComplexity="1" minCyclomaticComplexity="1" visitedClasses="0" numClasses="0" visitedMethods="0" numMethods="1" />
              <MetadataToken>100663667</MetadataToken>
              <Name>System.Void RMWebAPI.Models.ApplicationDbContext::.ctor()</Name>
              <FileRef uid="47" />
              <SequencePoints>
                <SequencePoint vc="0" uspid="2592" ordinal="0" offset="0" sl="23" sc="9" el="24" ec="64" bec="0" bev="0" fileid="47" />
                <SequencePoint vc="0" uspid="2593" ordinal="1" offset="13" sl="25" sc="9" el="25" ec="10" bec="0" bev="0" fileid="47" />
                <SequencePoint vc="0" uspid="2594" ordinal="2" offset="14" sl="26" sc="9" el="26" ec="10" bec="0" bev="0" fileid="47" />
              </SequencePoints>
              <BranchPoints />
              <MethodPoint xsi:type="SequencePoint" vc="0" uspid="2592" ordinal="0" offset="0" sl="23" sc="9" el="24" ec="64" bec="0" bev="0" fileid="47" />
            </Method>
            <Method visited="false" cyclomaticComplexity="1" sequenceCoverage="0" branchCoverage="0" isConstructor="false" isStatic="true" isGetter="false" isSetter="false">
              <Summary numSequencePoints="3" visitedSequencePoints="0" numBranchPoints="1" visitedBranchPoints="0" sequenceCoverage="0" branchCoverage="0" maxCyclomaticComplexity="1" minCyclomaticComplexity="1" visitedClasses="0" numClasses="0" visitedMethods="0" numMethods="1" />
              <MetadataToken>100663668</MetadataToken>
              <Name>RMWebAPI.Models.ApplicationDbContext RMWebAPI.Models.ApplicationDbContext::Create()</Name>
              <FileRef uid="47" />
              <SequencePoints>
                <SequencePoint vc="0" uspid="2595" ordinal="0" offset="0" sl="29" sc="9" el="29" ec="10" bec="0" bev="0" fileid="47" />
                <SequencePoint vc="0" uspid="2596" ordinal="1" offset="1" sl="30" sc="13" el="30" ec="47" bec="0" bev="0" fileid="47" />
                <SequencePoint vc="0" uspid="2597" ordinal="2" offset="9" sl="31" sc="9" el="31" ec="10" bec="0" bev="0" fileid="47" />
              </SequencePoints>
              <BranchPoints />
              <MethodPoint xsi:type="SequencePoint" vc="0" uspid="2595" ordinal="0" offset="0" sl="29" sc="9" el="29" ec="10" bec="0" bev="0" fileid="47" />
            </Method>
          </Methods>
        </Class>
        <Class>
          <Summary numSequencePoints="39" visitedSequencePoints="0" numBranchPoints="15" visitedBranchPoints="0" sequenceCoverage="0" branchCoverage="0" maxCyclomaticComplexity="3" minCyclomaticComplexity="1" visitedClasses="0" numClasses="1" visitedMethods="0" numMethods="5" />
          <FullName>RMWebAPI.Providers.ApplicationOAuthProvider</FullName>
          <Methods>
            <Method visited="false" cyclomaticComplexity="2" sequenceCoverage="0" branchCoverage="0" isConstructor="true" isStatic="false" isGetter="false" isSetter="false">
              <Summary numSequencePoints="7" visitedSequencePoints="0" numBranchPoints="3" visitedBranchPoints="0" sequenceCoverage="0" branchCoverage="0" maxCyclomaticComplexity="2" minCyclomaticComplexity="2" visitedClasses="0" numClasses="0" visitedMethods="0" numMethods="1" />
              <MetadataToken>100663669</MetadataToken>
              <Name>System.Void RMWebAPI.Providers.ApplicationOAuthProvider::.ctor(System.String)</Name>
              <FileRef uid="49" />
              <SequencePoints>
                <SequencePoint vc="0" uspid="2598" ordinal="0" offset="0" sl="20" sc="9" el="20" ec="63" bec="0" bev="0" fileid="49" />
                <SequencePoint vc="0" uspid="2599" ordinal="1" offset="7" sl="21" sc="9" el="21" ec="10" bec="0" bev="0" fileid="49" />
                <SequencePoint vc="0" uspid="2600" ordinal="2" offset="8" sl="22" sc="13" el="22" ec="40" bec="2" bev="0" fileid="49" />
                <SequencePoint vc="0" uspid="2601" ordinal="3" offset="19" sl="23" sc="13" el="23" ec="14" bec="0" bev="0" fileid="49" />
                <SequencePoint vc="0" uspid="2602" ordinal="4" offset="20" sl="24" sc="17" el="24" ec="67" bec="0" bev="0" fileid="49" />
                <SequencePoint vc="0" uspid="2603" ordinal="5" offset="31" sl="27" sc="13" el="27" ec="46" bec="0" bev="0" fileid="49" />
                <SequencePoint vc="0" uspid="2604" ordinal="6" offset="38" sl="28" sc="9" el="28" ec="10" bec="0" bev="0" fileid="49" />
              </SequencePoints>
              <BranchPoints>
                <BranchPoint vc="0" uspid="2605" ordinal="0" offset="17" sl="22" path="0" offsetend="19" fileid="49" />
                <BranchPoint vc="0" uspid="2606" ordinal="1" offset="17" sl="22" path="1" offsetend="31" fileid="49" />
              </BranchPoints>
              <MethodPoint xsi:type="SequencePoint" vc="0" uspid="2598" ordinal="0" offset="0" sl="20" sc="9" el="20" ec="63" bec="0" bev="0" fileid="49" />
            </Method>
            <Method visited="false" cyclomaticComplexity="1" sequenceCoverage="0" branchCoverage="0" isConstructor="false" isStatic="false" isGetter="false" isSetter="false">
              <Summary numSequencePoints="0" visitedSequencePoints="0" numBranchPoints="0" visitedBranchPoints="0" sequenceCoverage="0" branchCoverage="0" maxCyclomaticComplexity="1" minCyclomaticComplexity="1" visitedClasses="0" numClasses="0" visitedMethods="0" numMethods="0" />
              <MetadataToken>100663670</MetadataToken>
              <Name>System.Threading.Tasks.Task RMWebAPI.Providers.ApplicationOAuthProvider::GrantResourceOwnerCredentials(Microsoft.Owin.Security.OAuth.OAuthGrantResourceOwnerCredentialsContext)</Name>
              <SequencePoints />
              <BranchPoints />
              <MethodPoint vc="0" uspid="2607" ordinal="0" offset="0" />
            </Method>
            <Method visited="false" cyclomaticComplexity="3" sequenceCoverage="0" branchCoverage="0" isConstructor="false" isStatic="false" isGetter="false" isSetter="false">
              <Summary numSequencePoints="10" visitedSequencePoints="0" numBranchPoints="3" visitedBranchPoints="0" sequenceCoverage="0" branchCoverage="0" maxCyclomaticComplexity="3" minCyclomaticComplexity="3" visitedClasses="0" numClasses="0" visitedMethods="0" numMethods="1" />
              <MetadataToken>100663671</MetadataToken>
              <Name>System.Threading.Tasks.Task RMWebAPI.Providers.ApplicationOAuthProvider::TokenEndpoint(Microsoft.Owin.Security.OAuth.OAuthTokenEndpointContext)</Name>
              <FileRef uid="49" />
              <SequencePoints>
                <SequencePoint vc="0" uspid="2608" ordinal="0" offset="0" sl="54" sc="9" el="54" ec="10" bec="0" bev="0" fileid="49" />
                <SequencePoint vc="0" uspid="2609" ordinal="1" offset="1" sl="55" sc="13" el="55" ec="20" bec="0" bev="0" fileid="49" />
                <SequencePoint vc="0" uspid="2610" ordinal="2" offset="2" sl="55" sc="63" el="55" ec="92" bec="0" bev="0" fileid="49" />
                <SequencePoint vc="0" uspid="2611" ordinal="3" offset="21" sl="55" sc="22" el="55" ec="59" bec="0" bev="0" fileid="49" />
                <SequencePoint vc="0" uspid="2612" ordinal="4" offset="28" sl="56" sc="13" el="56" ec="14" bec="0" bev="0" fileid="49" />
                <SequencePoint vc="0" uspid="2613" ordinal="5" offset="29" sl="57" sc="17" el="57" ec="88" bec="0" bev="0" fileid="49" />
                <SequencePoint vc="0" uspid="2614" ordinal="6" offset="55" sl="58" sc="13" el="58" ec="14" bec="0" bev="0" fileid="49" />
                <SequencePoint vc="0" uspid="2615" ordinal="7" offset="56" sl="55" sc="60" el="55" ec="62" bec="2" bev="0" fileid="49" />
                <SequencePoint vc="0" uspid="2616" ordinal="8" offset="85" sl="60" sc="13" el="60" ec="50" bec="0" bev="0" fileid="49" />
                <SequencePoint vc="0" uspid="2617" ordinal="9" offset="94" sl="61" sc="9" el="61" ec="10" bec="0" bev="0" fileid="49" />
              </SequencePoints>
              <BranchPoints>
                <BranchPoint vc="0" uspid="2618" ordinal="0" offset="64" sl="55" path="0" offsetend="66" fileid="49" />
                <BranchPoint vc="0" uspid="2619" ordinal="1" offset="64" sl="55" path="1" offsetend="21" fileid="49" />
              </BranchPoints>
              <MethodPoint xsi:type="SequencePoint" vc="0" uspid="2608" ordinal="0" offset="0" sl="54" sc="9" el="54" ec="10" bec="0" bev="0" fileid="49" />
            </Method>
            <Method visited="false" cyclomaticComplexity="2" sequenceCoverage="0" branchCoverage="0" isConstructor="false" isStatic="false" isGetter="false" isSetter="false">
              <Summary numSequencePoints="7" visitedSequencePoints="0" numBranchPoints="3" visitedBranchPoints="0" sequenceCoverage="0" branchCoverage="0" maxCyclomaticComplexity="2" minCyclomaticComplexity="2" visitedClasses="0" numClasses="0" visitedMethods="0" numMethods="1" />
              <MetadataToken>100663672</MetadataToken>
              <Name>System.Threading.Tasks.Task RMWebAPI.Providers.ApplicationOAuthProvider::ValidateClientAuthentication(Microsoft.Owin.Security.OAuth.OAuthValidateClientAuthenticationContext)</Name>
              <FileRef uid="49" />
              <SequencePoints>
                <SequencePoint vc="0" uspid="2620" ordinal="0" offset="0" sl="64" sc="9" el="64" ec="10" bec="0" bev="0" fileid="49" />
                <SequencePoint vc="0" uspid="2621" ordinal="1" offset="1" sl="66" sc="13" el="66" ec="42" bec="2" bev="0" fileid="49" />
                <SequencePoint vc="0" uspid="2622" ordinal="2" offset="17" sl="67" sc="13" el="67" ec="14" bec="0" bev="0" fileid="49" />
                <SequencePoint vc="0" uspid="2623" ordinal="3" offset="18" sl="68" sc="17" el="68" ec="37" bec="0" bev="0" fileid="49" />
                <SequencePoint vc="0" uspid="2624" ordinal="4" offset="25" sl="69" sc="13" el="69" ec="14" bec="0" bev="0" fileid="49" />
                <SequencePoint vc="0" uspid="2625" ordinal="5" offset="26" sl="71" sc="13" el="71" ec="50" bec="0" bev="0" fileid="49" />
                <SequencePoint vc="0" uspid="2626" ordinal="6" offset="35" sl="72" sc="9" el="72" ec="10" bec="0" bev="0" fileid="49" />
              </SequencePoints>
              <BranchPoints>
                <BranchPoint vc="0" uspid="2627" ordinal="0" offset="15" sl="66" path="0" offsetend="17" fileid="49" />
                <BranchPoint vc="0" uspid="2628" ordinal="1" offset="15" sl="66" path="1" offsetend="26" fileid="49" />
              </BranchPoints>
              <MethodPoint xsi:type="SequencePoint" vc="0" uspid="2620" ordinal="0" offset="0" sl="64" sc="9" el="64" ec="10" bec="0" bev="0" fileid="49" />
            </Method>
            <Method visited="false" cyclomaticComplexity="3" sequenceCoverage="0" branchCoverage="0" isConstructor="false" isStatic="false" isGetter="false" isSetter="false">
              <Summary numSequencePoints="11" visitedSequencePoints="0" numBranchPoints="5" visitedBranchPoints="0" sequenceCoverage="0" branchCoverage="0" maxCyclomaticComplexity="3" minCyclomaticComplexity="3" visitedClasses="0" numClasses="0" visitedMethods="0" numMethods="1" />
              <MetadataToken>100663673</MetadataToken>
              <Name>System.Threading.Tasks.Task RMWebAPI.Providers.ApplicationOAuthProvider::ValidateClientRedirectUri(Microsoft.Owin.Security.OAuth.OAuthValidateClientRedirectUriContext)</Name>
              <FileRef uid="49" />
              <SequencePoints>
                <SequencePoint vc="0" uspid="2629" ordinal="0" offset="0" sl="75" sc="9" el="75" ec="10" bec="0" bev="0" fileid="49" />
                <SequencePoint vc="0" uspid="2630" ordinal="1" offset="1" sl="76" sc="13" el="76" ec="53" bec="2" bev="0" fileid="49" />
                <SequencePoint vc="0" uspid="2631" ordinal="2" offset="25" sl="77" sc="13" el="77" ec="14" bec="0" bev="0" fileid="49" />
                <SequencePoint vc="0" uspid="2632" ordinal="3" offset="26" sl="78" sc="17" el="78" ec="73" bec="0" bev="0" fileid="49" />
                <SequencePoint vc="0" uspid="2633" ordinal="4" offset="48" sl="80" sc="17" el="80" ec="72" bec="2" bev="0" fileid="49" />
                <SequencePoint vc="0" uspid="2634" ordinal="5" offset="72" sl="81" sc="17" el="81" ec="18" bec="0" bev="0" fileid="49" />
                <SequencePoint vc="0" uspid="2635" ordinal="6" offset="73" sl="82" sc="21" el="82" ec="41" bec="0" bev="0" fileid="49" />
                <SequencePoint vc="0" uspid="2636" ordinal="7" offset="80" sl="83" sc="17" el="83" ec="18" bec="0" bev="0" fileid="49" />
                <SequencePoint vc="0" uspid="2637" ordinal="8" offset="81" sl="84" sc="13" el="84" ec="14" bec="0" bev="0" fileid="49" />
                <SequencePoint vc="0" uspid="2638" ordinal="9" offset="82" sl="86" sc="13" el="86" ec="50" bec="0" bev="0" fileid="49" />
                <SequencePoint vc="0" uspid="2639" ordinal="10" offset="91" sl="87" sc="9" el="87" ec="10" bec="0" bev="0" fileid="49" />
              </SequencePoints>
              <BranchPoints>
                <BranchPoint vc="0" uspid="2640" ordinal="0" offset="23" sl="76" path="0" offsetend="25" fileid="49" />
                <BranchPoint vc="0" uspid="2641" ordinal="1" offset="23" sl="76" path="1" offsetend="82" fileid="49" />
                <BranchPoint vc="0" uspid="2642" ordinal="2" offset="70" sl="80" path="0" offsetend="72" fileid="49" />
                <BranchPoint vc="0" uspid="2643" ordinal="3" offset="70" sl="80" path="1" offsetend="81" fileid="49" />
              </BranchPoints>
              <MethodPoint xsi:type="SequencePoint" vc="0" uspid="2629" ordinal="0" offset="0" sl="75" sc="9" el="75" ec="10" bec="0" bev="0" fileid="49" />
            </Method>
            <Method visited="false" cyclomaticComplexity="1" sequenceCoverage="0" branchCoverage="0" isConstructor="false" isStatic="true" isGetter="false" isSetter="false">
              <Summary numSequencePoints="4" visitedSequencePoints="0" numBranchPoints="1" visitedBranchPoints="0" sequenceCoverage="0" branchCoverage="0" maxCyclomaticComplexity="1" minCyclomaticComplexity="1" visitedClasses="0" numClasses="0" visitedMethods="0" numMethods="1" />
              <MetadataToken>100663674</MetadataToken>
              <Name>Microsoft.Owin.Security.AuthenticationProperties RMWebAPI.Providers.ApplicationOAuthProvider::CreateProperties(System.String)</Name>
              <FileRef uid="49" />
              <SequencePoints>
                <SequencePoint vc="0" uspid="2644" ordinal="0" offset="0" sl="90" sc="9" el="90" ec="10" bec="0" bev="0" fileid="49" />
                <SequencePoint vc="0" uspid="2645" ordinal="1" offset="1" sl="91" sc="13" el="94" ec="15" bec="0" bev="0" fileid="49" />
                <SequencePoint vc="0" uspid="2646" ordinal="2" offset="22" sl="95" sc="13" el="95" ec="55" bec="0" bev="0" fileid="49" />
                <SequencePoint vc="0" uspid="2647" ordinal="3" offset="31" sl="96" sc="9" el="96" ec="10" bec="0" bev="0" fileid="49" />
              </SequencePoints>
              <BranchPoints />
              <MethodPoint xsi:type="SequencePoint" vc="0" uspid="2644" ordinal="0" offset="0" sl="90" sc="9" el="90" ec="10" bec="0" bev="0" fileid="49" />
            </Method>
          </Methods>
        </Class>
        <Class>
          <Summary numSequencePoints="14" visitedSequencePoints="0" numBranchPoints="16" visitedBranchPoints="0" sequenceCoverage="0" branchCoverage="0" maxCyclomaticComplexity="10" minCyclomaticComplexity="1" visitedClasses="0" numClasses="1" visitedMethods="0" numMethods="1" />
          <FullName>RMWebAPI.Providers.ApplicationOAuthProvider/&lt;GrantResourceOwnerCredentials&gt;d__0</FullName>
          <Methods>
            <Method visited="false" cyclomaticComplexity="10" sequenceCoverage="0" branchCoverage="0" isConstructor="false" isStatic="false" isGetter="false" isSetter="false">
              <Summary numSequencePoints="14" visitedSequencePoints="0" numBranchPoints="16" visitedBranchPoints="0" sequenceCoverage="0" branchCoverage="0" maxCyclomaticComplexity="10" minCyclomaticComplexity="10" visitedClasses="0" numClasses="0" visitedMethods="0" numMethods="1" />
              <MetadataToken>100663745</MetadataToken>
              <Name>System.Void RMWebAPI.Providers.ApplicationOAuthProvider/&lt;GrantResourceOwnerCredentials&gt;d__0::MoveNext()</Name>
              <FileRef uid="49" />
              <SequencePoints>
                <SequencePoint vc="0" uspid="2648" ordinal="0" offset="63" sl="31" sc="9" el="31" ec="10" bec="5" bev="0" fileid="49" />
                <SequencePoint vc="0" uspid="2649" ordinal="1" offset="64" sl="32" sc="13" el="32" ec="92" bec="0" bev="0" fileid="49" />
                <SequencePoint vc="0" uspid="2650" ordinal="2" offset="86" sl="34" sc="13" el="34" ec="100" bec="2" bev="0" fileid="49" />
                <SequencePoint vc="0" uspid="2651" ordinal="3" offset="225" sl="36" sc="13" el="36" ec="30" bec="2" bev="0" fileid="49" />
                <SequencePoint vc="0" uspid="2652" ordinal="4" offset="243" sl="37" sc="13" el="37" ec="14" bec="0" bev="0" fileid="49" />
                <SequencePoint vc="0" uspid="2653" ordinal="5" offset="244" sl="38" sc="17" el="38" ec="94" bec="0" bev="0" fileid="49" />
                <SequencePoint vc="0" uspid="2654" ordinal="6" offset="266" sl="39" sc="17" el="39" ec="24" bec="0" bev="0" fileid="49" />
                <SequencePoint vc="0" uspid="2655" ordinal="7" offset="271" sl="42" sc="13" el="43" ec="50" bec="2" bev="0" fileid="49" />
                <SequencePoint vc="0" uspid="2656" ordinal="8" offset="402" sl="44" sc="13" el="45" ec="66" bec="2" bev="0" fileid="49" />
                <SequencePoint vc="0" uspid="2657" ordinal="9" offset="533" sl="47" sc="13" el="47" ec="83" bec="0" bev="0" fileid="49" />
                <SequencePoint vc="0" uspid="2658" ordinal="10" offset="555" sl="48" sc="13" el="48" ec="95" bec="0" bev="0" fileid="49" />
                <SequencePoint vc="0" uspid="2659" ordinal="11" offset="578" sl="49" sc="13" el="49" ec="39" bec="0" bev="0" fileid="49" />
                <SequencePoint vc="0" uspid="2660" ordinal="12" offset="596" sl="50" sc="13" el="50" ec="76" bec="0" bev="0" fileid="49" />
                <SequencePoint vc="0" uspid="2661" ordinal="13" offset="670" sl="51" sc="9" el="51" ec="10" bec="0" bev="0" fileid="49" />
              </SequencePoints>
              <BranchPoints>
                <BranchPoint vc="0" uspid="2662" ordinal="0" offset="13" sl="31" path="0" offsetchain="42 61" offsetend="63" fileid="49" />
                <BranchPoint vc="0" uspid="2663" ordinal="1" offset="13" sl="31" path="1" offsetchain="44" offsetend="643" fileid="49" />
                <BranchPoint vc="0" uspid="2664" ordinal="2" offset="13" sl="31" path="2" offsetchain="61" offsetend="63" fileid="49" />
                <BranchPoint vc="0" uspid="2665" ordinal="3" offset="13" sl="31" path="3" offsetchain="61" offsetend="63" fileid="49" />
                <BranchPoint vc="0" uspid="2666" ordinal="4" offset="13" sl="31" path="4" offsetchain="49" offsetend="170" fileid="49" />
                <BranchPoint vc="0" uspid="2667" ordinal="5" offset="13" sl="31" path="5" offsetchain="51" offsetend="346" fileid="49" />
                <BranchPoint vc="0" uspid="2668" ordinal="6" offset="13" sl="31" path="6" offsetchain="56" offsetend="477" fileid="49" />
                <BranchPoint vc="0" uspid="2669" ordinal="7" offset="132" sl="34" path="0" offsetend="134" fileid="49" />
                <BranchPoint vc="0" uspid="2670" ordinal="8" offset="132" sl="34" path="1" offsetend="200" fileid="49" />
                <BranchPoint vc="0" uspid="2671" ordinal="9" offset="241" sl="36" path="0" offsetend="243" fileid="49" />
                <BranchPoint vc="0" uspid="2672" ordinal="10" offset="241" sl="36" path="1" offsetend="271" fileid="49" />
                <BranchPoint vc="0" uspid="2673" ordinal="11" offset="307" sl="42" path="0" offsetend="309" fileid="49" />
                <BranchPoint vc="0" uspid="2674" ordinal="12" offset="307" sl="42" path="1" offsetend="377" fileid="49" />
                <BranchPoint vc="0" uspid="2675" ordinal="13" offset="438" sl="44" path="0" offsetend="440" fileid="49" />
                <BranchPoint vc="0" uspid="2676" ordinal="14" offset="438" sl="44" path="1" offsetend="508" fileid="49" />
              </BranchPoints>
              <MethodPoint vc="0" uspid="2677" ordinal="0" offset="0" />
            </Method>
            <Method visited="false" cyclomaticComplexity="1" sequenceCoverage="0" branchCoverage="0" isConstructor="false" isStatic="false" isGetter="false" isSetter="false">
              <Summary numSequencePoints="0" visitedSequencePoints="0" numBranchPoints="0" visitedBranchPoints="0" sequenceCoverage="0" branchCoverage="0" maxCyclomaticComplexity="1" minCyclomaticComplexity="1" visitedClasses="0" numClasses="0" visitedMethods="0" numMethods="0" />
              <MetadataToken>100663746</MetadataToken>
              <Name>System.Void RMWebAPI.Providers.ApplicationOAuthProvider/&lt;GrantResourceOwnerCredentials&gt;d__0::SetStateMachine(System.Runtime.CompilerServices.IAsyncStateMachine)</Name>
              <SequencePoints />
              <BranchPoints />
              <MethodPoint vc="0" uspid="2678" ordinal="0" offset="0" />
            </Method>
          </Methods>
        </Class>
        <Class>
          <Summary numSequencePoints="11" visitedSequencePoints="0" numBranchPoints="2" visitedBranchPoints="0" sequenceCoverage="0" branchCoverage="0" maxCyclomaticComplexity="1" minCyclomaticComplexity="1" visitedClasses="0" numClasses="1" visitedMethods="0" numMethods="2" />
          <FullName>RMWebAPI.Results.ChallengeResult</FullName>
          <Methods>
            <Method visited="false" cyclomaticComplexity="1" sequenceCoverage="0" branchCoverage="0" isConstructor="false" isStatic="false" isGetter="true" isSetter="false">
              <Summary numSequencePoints="0" visitedSequencePoints="0" numBranchPoints="0" visitedBranchPoints="0" sequenceCoverage="0" branchCoverage="0" maxCyclomaticComplexity="1" minCyclomaticComplexity="1" visitedClasses="0" numClasses="0" visitedMethods="0" numMethods="0" />
              <MetadataToken>100663676</MetadataToken>
              <Name>System.String RMWebAPI.Results.ChallengeResult::get_LoginProvider()</Name>
              <SequencePoints />
              <BranchPoints />
              <MethodPoint vc="0" uspid="2679" ordinal="0" offset="0" />
            </Method>
            <Method visited="false" cyclomaticComplexity="1" sequenceCoverage="0" branchCoverage="0" isConstructor="false" isStatic="false" isGetter="false" isSetter="true">
              <Summary numSequencePoints="0" visitedSequencePoints="0" numBranchPoints="0" visitedBranchPoints="0" sequenceCoverage="0" branchCoverage="0" maxCyclomaticComplexity="1" minCyclomaticComplexity="1" visitedClasses="0" numClasses="0" visitedMethods="0" numMethods="0" />
              <MetadataToken>100663677</MetadataToken>
              <Name>System.Void RMWebAPI.Results.ChallengeResult::set_LoginProvider(System.String)</Name>
              <SequencePoints />
              <BranchPoints />
              <MethodPoint vc="0" uspid="2680" ordinal="0" offset="0" />
            </Method>
            <Method visited="false" cyclomaticComplexity="1" sequenceCoverage="0" branchCoverage="0" isConstructor="false" isStatic="false" isGetter="true" isSetter="false">
              <Summary numSequencePoints="0" visitedSequencePoints="0" numBranchPoints="0" visitedBranchPoints="0" sequenceCoverage="0" branchCoverage="0" maxCyclomaticComplexity="1" minCyclomaticComplexity="1" visitedClasses="0" numClasses="0" visitedMethods="0" numMethods="0" />
              <MetadataToken>100663678</MetadataToken>
              <Name>System.Net.Http.HttpRequestMessage RMWebAPI.Results.ChallengeResult::get_Request()</Name>
              <SequencePoints />
              <BranchPoints />
              <MethodPoint vc="0" uspid="2681" ordinal="0" offset="0" />
            </Method>
            <Method visited="false" cyclomaticComplexity="1" sequenceCoverage="0" branchCoverage="0" isConstructor="false" isStatic="false" isGetter="false" isSetter="true">
              <Summary numSequencePoints="0" visitedSequencePoints="0" numBranchPoints="0" visitedBranchPoints="0" sequenceCoverage="0" branchCoverage="0" maxCyclomaticComplexity="1" minCyclomaticComplexity="1" visitedClasses="0" numClasses="0" visitedMethods="0" numMethods="0" />
              <MetadataToken>100663679</MetadataToken>
              <Name>System.Void RMWebAPI.Results.ChallengeResult::set_Request(System.Net.Http.HttpRequestMessage)</Name>
              <SequencePoints />
              <BranchPoints />
              <MethodPoint vc="0" uspid="2682" ordinal="0" offset="0" />
            </Method>
            <Method visited="false" cyclomaticComplexity="1" sequenceCoverage="0" branchCoverage="0" isConstructor="true" isStatic="false" isGetter="false" isSetter="false">
              <Summary numSequencePoints="5" visitedSequencePoints="0" numBranchPoints="1" visitedBranchPoints="0" sequenceCoverage="0" branchCoverage="0" maxCyclomaticComplexity="1" minCyclomaticComplexity="1" visitedClasses="0" numClasses="0" visitedMethods="0" numMethods="1" />
              <MetadataToken>100663675</MetadataToken>
              <Name>System.Void RMWebAPI.Results.ChallengeResult::.ctor(System.String,System.Web.Http.ApiController)</Name>
              <FileRef uid="51" />
              <SequencePoints>
                <SequencePoint vc="0" uspid="2683" ordinal="0" offset="0" sl="14" sc="9" el="14" ec="79" bec="0" bev="0" fileid="51" />
                <SequencePoint vc="0" uspid="2684" ordinal="1" offset="7" sl="15" sc="9" el="15" ec="10" bec="0" bev="0" fileid="51" />
                <SequencePoint vc="0" uspid="2685" ordinal="2" offset="8" sl="16" sc="13" el="16" ec="43" bec="0" bev="0" fileid="51" />
                <SequencePoint vc="0" uspid="2686" ordinal="3" offset="16" sl="17" sc="13" el="17" ec="42" bec="0" bev="0" fileid="51" />
                <SequencePoint vc="0" uspid="2687" ordinal="4" offset="29" sl="18" sc="9" el="18" ec="10" bec="0" bev="0" fileid="51" />
              </SequencePoints>
              <BranchPoints />
              <MethodPoint xsi:type="SequencePoint" vc="0" uspid="2683" ordinal="0" offset="0" sl="14" sc="9" el="14" ec="79" bec="0" bev="0" fileid="51" />
            </Method>
            <Method visited="false" cyclomaticComplexity="1" sequenceCoverage="0" branchCoverage="0" isConstructor="false" isStatic="false" isGetter="false" isSetter="false">
              <Summary numSequencePoints="6" visitedSequencePoints="0" numBranchPoints="1" visitedBranchPoints="0" sequenceCoverage="0" branchCoverage="0" maxCyclomaticComplexity="1" minCyclomaticComplexity="1" visitedClasses="0" numClasses="0" visitedMethods="0" numMethods="1" />
              <MetadataToken>100663680</MetadataToken>
              <Name>System.Threading.Tasks.Task`1&lt;System.Net.Http.HttpResponseMessage&gt; RMWebAPI.Results.ChallengeResult::ExecuteAsync(System.Threading.CancellationToken)</Name>
              <FileRef uid="51" />
              <SequencePoints>
                <SequencePoint vc="0" uspid="2688" ordinal="0" offset="0" sl="24" sc="9" el="24" ec="10" bec="0" bev="0" fileid="51" />
                <SequencePoint vc="0" uspid="2689" ordinal="1" offset="1" sl="25" sc="13" el="25" ec="78" bec="0" bev="0" fileid="51" />
                <SequencePoint vc="0" uspid="2690" ordinal="2" offset="40" sl="27" sc="13" el="27" ec="97" bec="0" bev="0" fileid="51" />
                <SequencePoint vc="0" uspid="2691" ordinal="3" offset="51" sl="28" sc="13" el="28" ec="47" bec="0" bev="0" fileid="51" />
                <SequencePoint vc="0" uspid="2692" ordinal="4" offset="64" sl="29" sc="13" el="29" ec="46" bec="0" bev="0" fileid="51" />
                <SequencePoint vc="0" uspid="2693" ordinal="5" offset="73" sl="30" sc="9" el="30" ec="10" bec="0" bev="0" fileid="51" />
              </SequencePoints>
              <BranchPoints />
              <MethodPoint xsi:type="SequencePoint" vc="0" uspid="2688" ordinal="0" offset="0" sl="24" sc="9" el="24" ec="10" bec="0" bev="0" fileid="51" />
            </Method>
          </Methods>
        </Class>
        <Class>
          <Summary numSequencePoints="0" visitedSequencePoints="0" numBranchPoints="0" visitedBranchPoints="0" sequenceCoverage="0" branchCoverage="0" maxCyclomaticComplexity="4" minCyclomaticComplexity="1" visitedClasses="0" numClasses="0" visitedMethods="0" numMethods="0" />
          <FullName>&lt;&gt;f__AnonymousType0`3</FullName>
          <Methods>
            <Method visited="false" cyclomaticComplexity="1" sequenceCoverage="0" branchCoverage="0" isConstructor="false" isStatic="false" isGetter="true" isSetter="false">
              <Summary numSequencePoints="0" visitedSequencePoints="0" numBranchPoints="0" visitedBranchPoints="0" sequenceCoverage="0" branchCoverage="0" maxCyclomaticComplexity="1" minCyclomaticComplexity="1" visitedClasses="0" numClasses="0" visitedMethods="0" numMethods="0" />
              <MetadataToken>100663682</MetadataToken>
              <Name>&lt;controller&gt;j__TPar &lt;&gt;f__AnonymousType0`3::get_controller()</Name>
              <SequencePoints />
              <BranchPoints />
              <MethodPoint vc="0" uspid="2694" ordinal="0" offset="0" />
            </Method>
            <Method visited="false" cyclomaticComplexity="1" sequenceCoverage="0" branchCoverage="0" isConstructor="false" isStatic="false" isGetter="true" isSetter="false">
              <Summary numSequencePoints="0" visitedSequencePoints="0" numBranchPoints="0" visitedBranchPoints="0" sequenceCoverage="0" branchCoverage="0" maxCyclomaticComplexity="1" minCyclomaticComplexity="1" visitedClasses="0" numClasses="0" visitedMethods="0" numMethods="0" />
              <MetadataToken>100663683</MetadataToken>
              <Name>&lt;action&gt;j__TPar &lt;&gt;f__AnonymousType0`3::get_action()</Name>
              <SequencePoints />
              <BranchPoints />
              <MethodPoint vc="0" uspid="2695" ordinal="0" offset="0" />
            </Method>
            <Method visited="false" cyclomaticComplexity="1" sequenceCoverage="0" branchCoverage="0" isConstructor="false" isStatic="false" isGetter="true" isSetter="false">
              <Summary numSequencePoints="0" visitedSequencePoints="0" numBranchPoints="0" visitedBranchPoints="0" sequenceCoverage="0" branchCoverage="0" maxCyclomaticComplexity="1" minCyclomaticComplexity="1" visitedClasses="0" numClasses="0" visitedMethods="0" numMethods="0" />
              <MetadataToken>100663684</MetadataToken>
              <Name>&lt;id&gt;j__TPar &lt;&gt;f__AnonymousType0`3::get_id()</Name>
              <SequencePoints />
              <BranchPoints />
              <MethodPoint vc="0" uspid="2696" ordinal="0" offset="0" />
            </Method>
            <Method visited="false" cyclomaticComplexity="1" sequenceCoverage="0" branchCoverage="0" isConstructor="true" isStatic="false" isGetter="false" isSetter="false">
              <Summary numSequencePoints="0" visitedSequencePoints="0" numBranchPoints="0" visitedBranchPoints="0" sequenceCoverage="0" branchCoverage="0" maxCyclomaticComplexity="1" minCyclomaticComplexity="1" visitedClasses="0" numClasses="0" visitedMethods="0" numMethods="0" />
              <MetadataToken>100663681</MetadataToken>
              <Name>System.Void &lt;&gt;f__AnonymousType0`3::.ctor(&lt;controller&gt;j__TPar,&lt;action&gt;j__TPar,&lt;id&gt;j__TPar)</Name>
              <SequencePoints />
              <BranchPoints />
              <MethodPoint vc="0" uspid="2697" ordinal="0" offset="0" />
            </Method>
            <Method visited="false" cyclomaticComplexity="1" sequenceCoverage="0" branchCoverage="0" isConstructor="false" isStatic="false" isGetter="false" isSetter="false">
              <Summary numSequencePoints="0" visitedSequencePoints="0" numBranchPoints="0" visitedBranchPoints="0" sequenceCoverage="0" branchCoverage="0" maxCyclomaticComplexity="1" minCyclomaticComplexity="1" visitedClasses="0" numClasses="0" visitedMethods="0" numMethods="0" />
              <MetadataToken>100663685</MetadataToken>
              <Name>System.String &lt;&gt;f__AnonymousType0`3::ToString()</Name>
              <SequencePoints />
              <BranchPoints />
              <MethodPoint vc="0" uspid="2698" ordinal="0" offset="0" />
            </Method>
            <Method visited="false" cyclomaticComplexity="4" sequenceCoverage="0" branchCoverage="0" isConstructor="false" isStatic="false" isGetter="false" isSetter="false">
              <Summary numSequencePoints="0" visitedSequencePoints="0" numBranchPoints="0" visitedBranchPoints="0" sequenceCoverage="0" branchCoverage="0" maxCyclomaticComplexity="4" minCyclomaticComplexity="4" visitedClasses="0" numClasses="0" visitedMethods="0" numMethods="0" />
              <MetadataToken>100663686</MetadataToken>
              <Name>System.Boolean &lt;&gt;f__AnonymousType0`3::Equals(System.Object)</Name>
              <SequencePoints />
              <BranchPoints />
              <MethodPoint vc="0" uspid="2699" ordinal="0" offset="0" />
            </Method>
            <Method visited="false" cyclomaticComplexity="1" sequenceCoverage="0" branchCoverage="0" isConstructor="false" isStatic="false" isGetter="false" isSetter="false">
              <Summary numSequencePoints="0" visitedSequencePoints="0" numBranchPoints="0" visitedBranchPoints="0" sequenceCoverage="0" branchCoverage="0" maxCyclomaticComplexity="1" minCyclomaticComplexity="1" visitedClasses="0" numClasses="0" visitedMethods="0" numMethods="0" />
              <MetadataToken>100663687</MetadataToken>
              <Name>System.Int32 &lt;&gt;f__AnonymousType0`3::GetHashCode()</Name>
              <SequencePoints />
              <BranchPoints />
              <MethodPoint vc="0" uspid="2700" ordinal="0" offset="0" />
            </Method>
          </Methods>
        </Class>
        <Class>
          <Summary numSequencePoints="0" visitedSequencePoints="0" numBranchPoints="0" visitedBranchPoints="0" sequenceCoverage="0" branchCoverage="0" maxCyclomaticComplexity="2" minCyclomaticComplexity="1" visitedClasses="0" numClasses="0" visitedMethods="0" numMethods="0" />
          <FullName>&lt;&gt;f__AnonymousType1`1</FullName>
          <Methods>
            <Method visited="false" cyclomaticComplexity="1" sequenceCoverage="0" branchCoverage="0" isConstructor="false" isStatic="false" isGetter="true" isSetter="false">
              <Summary numSequencePoints="0" visitedSequencePoints="0" numBranchPoints="0" visitedBranchPoints="0" sequenceCoverage="0" branchCoverage="0" maxCyclomaticComplexity="1" minCyclomaticComplexity="1" visitedClasses="0" numClasses="0" visitedMethods="0" numMethods="0" />
              <MetadataToken>100663689</MetadataToken>
              <Name>&lt;id&gt;j__TPar &lt;&gt;f__AnonymousType1`1::get_id()</Name>
              <SequencePoints />
              <BranchPoints />
              <MethodPoint vc="0" uspid="2701" ordinal="0" offset="0" />
            </Method>
            <Method visited="false" cyclomaticComplexity="1" sequenceCoverage="0" branchCoverage="0" isConstructor="true" isStatic="false" isGetter="false" isSetter="false">
              <Summary numSequencePoints="0" visitedSequencePoints="0" numBranchPoints="0" visitedBranchPoints="0" sequenceCoverage="0" branchCoverage="0" maxCyclomaticComplexity="1" minCyclomaticComplexity="1" visitedClasses="0" numClasses="0" visitedMethods="0" numMethods="0" />
              <MetadataToken>100663688</MetadataToken>
              <Name>System.Void &lt;&gt;f__AnonymousType1`1::.ctor(&lt;id&gt;j__TPar)</Name>
              <SequencePoints />
              <BranchPoints />
              <MethodPoint vc="0" uspid="2702" ordinal="0" offset="0" />
            </Method>
            <Method visited="false" cyclomaticComplexity="1" sequenceCoverage="0" branchCoverage="0" isConstructor="false" isStatic="false" isGetter="false" isSetter="false">
              <Summary numSequencePoints="0" visitedSequencePoints="0" numBranchPoints="0" visitedBranchPoints="0" sequenceCoverage="0" branchCoverage="0" maxCyclomaticComplexity="1" minCyclomaticComplexity="1" visitedClasses="0" numClasses="0" visitedMethods="0" numMethods="0" />
              <MetadataToken>100663690</MetadataToken>
              <Name>System.String &lt;&gt;f__AnonymousType1`1::ToString()</Name>
              <SequencePoints />
              <BranchPoints />
              <MethodPoint vc="0" uspid="2703" ordinal="0" offset="0" />
            </Method>
            <Method visited="false" cyclomaticComplexity="2" sequenceCoverage="0" branchCoverage="0" isConstructor="false" isStatic="false" isGetter="false" isSetter="false">
              <Summary numSequencePoints="0" visitedSequencePoints="0" numBranchPoints="0" visitedBranchPoints="0" sequenceCoverage="0" branchCoverage="0" maxCyclomaticComplexity="2" minCyclomaticComplexity="2" visitedClasses="0" numClasses="0" visitedMethods="0" numMethods="0" />
              <MetadataToken>100663691</MetadataToken>
              <Name>System.Boolean &lt;&gt;f__AnonymousType1`1::Equals(System.Object)</Name>
              <SequencePoints />
              <BranchPoints />
              <MethodPoint vc="0" uspid="2704" ordinal="0" offset="0" />
            </Method>
            <Method visited="false" cyclomaticComplexity="1" sequenceCoverage="0" branchCoverage="0" isConstructor="false" isStatic="false" isGetter="false" isSetter="false">
              <Summary numSequencePoints="0" visitedSequencePoints="0" numBranchPoints="0" visitedBranchPoints="0" sequenceCoverage="0" branchCoverage="0" maxCyclomaticComplexity="1" minCyclomaticComplexity="1" visitedClasses="0" numClasses="0" visitedMethods="0" numMethods="0" />
              <MetadataToken>100663692</MetadataToken>
              <Name>System.Int32 &lt;&gt;f__AnonymousType1`1::GetHashCode()</Name>
              <SequencePoints />
              <BranchPoints />
              <MethodPoint vc="0" uspid="2705" ordinal="0" offset="0" />
            </Method>
          </Methods>
        </Class>
        <Class>
          <Summary numSequencePoints="0" visitedSequencePoints="0" numBranchPoints="0" visitedBranchPoints="0" sequenceCoverage="0" branchCoverage="0" maxCyclomaticComplexity="4" minCyclomaticComplexity="1" visitedClasses="0" numClasses="0" visitedMethods="0" numMethods="0" />
          <FullName>&lt;&gt;f__AnonymousType2`3</FullName>
          <Methods>
            <Method visited="false" cyclomaticComplexity="1" sequenceCoverage="0" branchCoverage="0" isConstructor="false" isStatic="false" isGetter="true" isSetter="false">
              <Summary numSequencePoints="0" visitedSequencePoints="0" numBranchPoints="0" visitedBranchPoints="0" sequenceCoverage="0" branchCoverage="0" maxCyclomaticComplexity="1" minCyclomaticComplexity="1" visitedClasses="0" numClasses="0" visitedMethods="0" numMethods="0" />
              <MetadataToken>100663694</MetadataToken>
              <Name>&lt;controller&gt;j__TPar &lt;&gt;f__AnonymousType2`3::get_controller()</Name>
              <SequencePoints />
              <BranchPoints />
              <MethodPoint vc="0" uspid="2706" ordinal="0" offset="0" />
            </Method>
            <Method visited="false" cyclomaticComplexity="1" sequenceCoverage="0" branchCoverage="0" isConstructor="false" isStatic="false" isGetter="true" isSetter="false">
              <Summary numSequencePoints="0" visitedSequencePoints="0" numBranchPoints="0" visitedBranchPoints="0" sequenceCoverage="0" branchCoverage="0" maxCyclomaticComplexity="1" minCyclomaticComplexity="1" visitedClasses="0" numClasses="0" visitedMethods="0" numMethods="0" />
              <MetadataToken>100663695</MetadataToken>
              <Name>&lt;action&gt;j__TPar &lt;&gt;f__AnonymousType2`3::get_action()</Name>
              <SequencePoints />
              <BranchPoints />
              <MethodPoint vc="0" uspid="2707" ordinal="0" offset="0" />
            </Method>
            <Method visited="false" cyclomaticComplexity="1" sequenceCoverage="0" branchCoverage="0" isConstructor="false" isStatic="false" isGetter="true" isSetter="false">
              <Summary numSequencePoints="0" visitedSequencePoints="0" numBranchPoints="0" visitedBranchPoints="0" sequenceCoverage="0" branchCoverage="0" maxCyclomaticComplexity="1" minCyclomaticComplexity="1" visitedClasses="0" numClasses="0" visitedMethods="0" numMethods="0" />
              <MetadataToken>100663696</MetadataToken>
              <Name>&lt;apiId&gt;j__TPar &lt;&gt;f__AnonymousType2`3::get_apiId()</Name>
              <SequencePoints />
              <BranchPoints />
              <MethodPoint vc="0" uspid="2708" ordinal="0" offset="0" />
            </Method>
            <Method visited="false" cyclomaticComplexity="1" sequenceCoverage="0" branchCoverage="0" isConstructor="true" isStatic="false" isGetter="false" isSetter="false">
              <Summary numSequencePoints="0" visitedSequencePoints="0" numBranchPoints="0" visitedBranchPoints="0" sequenceCoverage="0" branchCoverage="0" maxCyclomaticComplexity="1" minCyclomaticComplexity="1" visitedClasses="0" numClasses="0" visitedMethods="0" numMethods="0" />
              <MetadataToken>100663693</MetadataToken>
              <Name>System.Void &lt;&gt;f__AnonymousType2`3::.ctor(&lt;controller&gt;j__TPar,&lt;action&gt;j__TPar,&lt;apiId&gt;j__TPar)</Name>
              <SequencePoints />
              <BranchPoints />
              <MethodPoint vc="0" uspid="2709" ordinal="0" offset="0" />
            </Method>
            <Method visited="false" cyclomaticComplexity="1" sequenceCoverage="0" branchCoverage="0" isConstructor="false" isStatic="false" isGetter="false" isSetter="false">
              <Summary numSequencePoints="0" visitedSequencePoints="0" numBranchPoints="0" visitedBranchPoints="0" sequenceCoverage="0" branchCoverage="0" maxCyclomaticComplexity="1" minCyclomaticComplexity="1" visitedClasses="0" numClasses="0" visitedMethods="0" numMethods="0" />
              <MetadataToken>100663697</MetadataToken>
              <Name>System.String &lt;&gt;f__AnonymousType2`3::ToString()</Name>
              <SequencePoints />
              <BranchPoints />
              <MethodPoint vc="0" uspid="2710" ordinal="0" offset="0" />
            </Method>
            <Method visited="false" cyclomaticComplexity="4" sequenceCoverage="0" branchCoverage="0" isConstructor="false" isStatic="false" isGetter="false" isSetter="false">
              <Summary numSequencePoints="0" visitedSequencePoints="0" numBranchPoints="0" visitedBranchPoints="0" sequenceCoverage="0" branchCoverage="0" maxCyclomaticComplexity="4" minCyclomaticComplexity="4" visitedClasses="0" numClasses="0" visitedMethods="0" numMethods="0" />
              <MetadataToken>100663698</MetadataToken>
              <Name>System.Boolean &lt;&gt;f__AnonymousType2`3::Equals(System.Object)</Name>
              <SequencePoints />
              <BranchPoints />
              <MethodPoint vc="0" uspid="2711" ordinal="0" offset="0" />
            </Method>
            <Method visited="false" cyclomaticComplexity="1" sequenceCoverage="0" branchCoverage="0" isConstructor="false" isStatic="false" isGetter="false" isSetter="false">
              <Summary numSequencePoints="0" visitedSequencePoints="0" numBranchPoints="0" visitedBranchPoints="0" sequenceCoverage="0" branchCoverage="0" maxCyclomaticComplexity="1" minCyclomaticComplexity="1" visitedClasses="0" numClasses="0" visitedMethods="0" numMethods="0" />
              <MetadataToken>100663699</MetadataToken>
              <Name>System.Int32 &lt;&gt;f__AnonymousType2`3::GetHashCode()</Name>
              <SequencePoints />
              <BranchPoints />
              <MethodPoint vc="0" uspid="2712" ordinal="0" offset="0" />
            </Method>
          </Methods>
        </Class>
        <Class>
          <Summary numSequencePoints="0" visitedSequencePoints="0" numBranchPoints="0" visitedBranchPoints="0" sequenceCoverage="0" branchCoverage="0" maxCyclomaticComplexity="6" minCyclomaticComplexity="1" visitedClasses="0" numClasses="0" visitedMethods="0" numMethods="0" />
          <FullName>&lt;&gt;f__AnonymousType3`5</FullName>
          <Methods>
            <Method visited="false" cyclomaticComplexity="1" sequenceCoverage="0" branchCoverage="0" isConstructor="false" isStatic="false" isGetter="true" isSetter="false">
              <Summary numSequencePoints="0" visitedSequencePoints="0" numBranchPoints="0" visitedBranchPoints="0" sequenceCoverage="0" branchCoverage="0" maxCyclomaticComplexity="1" minCyclomaticComplexity="1" visitedClasses="0" numClasses="0" visitedMethods="0" numMethods="0" />
              <MetadataToken>100663731</MetadataToken>
              <Name>&lt;provider&gt;j__TPar &lt;&gt;f__AnonymousType3`5::get_provider()</Name>
              <SequencePoints />
              <BranchPoints />
              <MethodPoint vc="0" uspid="2713" ordinal="0" offset="0" />
            </Method>
            <Method visited="false" cyclomaticComplexity="1" sequenceCoverage="0" branchCoverage="0" isConstructor="false" isStatic="false" isGetter="true" isSetter="false">
              <Summary numSequencePoints="0" visitedSequencePoints="0" numBranchPoints="0" visitedBranchPoints="0" sequenceCoverage="0" branchCoverage="0" maxCyclomaticComplexity="1" minCyclomaticComplexity="1" visitedClasses="0" numClasses="0" visitedMethods="0" numMethods="0" />
              <MetadataToken>100663732</MetadataToken>
              <Name>&lt;response_type&gt;j__TPar &lt;&gt;f__AnonymousType3`5::get_response_type()</Name>
              <SequencePoints />
              <BranchPoints />
              <MethodPoint vc="0" uspid="2714" ordinal="0" offset="0" />
            </Method>
            <Method visited="false" cyclomaticComplexity="1" sequenceCoverage="0" branchCoverage="0" isConstructor="false" isStatic="false" isGetter="true" isSetter="false">
              <Summary numSequencePoints="0" visitedSequencePoints="0" numBranchPoints="0" visitedBranchPoints="0" sequenceCoverage="0" branchCoverage="0" maxCyclomaticComplexity="1" minCyclomaticComplexity="1" visitedClasses="0" numClasses="0" visitedMethods="0" numMethods="0" />
              <MetadataToken>100663733</MetadataToken>
              <Name>&lt;client_id&gt;j__TPar &lt;&gt;f__AnonymousType3`5::get_client_id()</Name>
              <SequencePoints />
              <BranchPoints />
              <MethodPoint vc="0" uspid="2715" ordinal="0" offset="0" />
            </Method>
            <Method visited="false" cyclomaticComplexity="1" sequenceCoverage="0" branchCoverage="0" isConstructor="false" isStatic="false" isGetter="true" isSetter="false">
              <Summary numSequencePoints="0" visitedSequencePoints="0" numBranchPoints="0" visitedBranchPoints="0" sequenceCoverage="0" branchCoverage="0" maxCyclomaticComplexity="1" minCyclomaticComplexity="1" visitedClasses="0" numClasses="0" visitedMethods="0" numMethods="0" />
              <MetadataToken>100663734</MetadataToken>
              <Name>&lt;redirect_uri&gt;j__TPar &lt;&gt;f__AnonymousType3`5::get_redirect_uri()</Name>
              <SequencePoints />
              <BranchPoints />
              <MethodPoint vc="0" uspid="2716" ordinal="0" offset="0" />
            </Method>
            <Method visited="false" cyclomaticComplexity="1" sequenceCoverage="0" branchCoverage="0" isConstructor="false" isStatic="false" isGetter="true" isSetter="false">
              <Summary numSequencePoints="0" visitedSequencePoints="0" numBranchPoints="0" visitedBranchPoints="0" sequenceCoverage="0" branchCoverage="0" maxCyclomaticComplexity="1" minCyclomaticComplexity="1" visitedClasses="0" numClasses="0" visitedMethods="0" numMethods="0" />
              <MetadataToken>100663735</MetadataToken>
              <Name>&lt;state&gt;j__TPar &lt;&gt;f__AnonymousType3`5::get_state()</Name>
              <SequencePoints />
              <BranchPoints />
              <MethodPoint vc="0" uspid="2717" ordinal="0" offset="0" />
            </Method>
            <Method visited="false" cyclomaticComplexity="1" sequenceCoverage="0" branchCoverage="0" isConstructor="true" isStatic="false" isGetter="false" isSetter="false">
              <Summary numSequencePoints="0" visitedSequencePoints="0" numBranchPoints="0" visitedBranchPoints="0" sequenceCoverage="0" branchCoverage="0" maxCyclomaticComplexity="1" minCyclomaticComplexity="1" visitedClasses="0" numClasses="0" visitedMethods="0" numMethods="0" />
              <MetadataToken>100663730</MetadataToken>
              <Name>System.Void &lt;&gt;f__AnonymousType3`5::.ctor(&lt;provider&gt;j__TPar,&lt;response_type&gt;j__TPar,&lt;client_id&gt;j__TPar,&lt;redirect_uri&gt;j__TPar,&lt;state&gt;j__TPar)</Name>
              <SequencePoints />
              <BranchPoints />
              <MethodPoint vc="0" uspid="2718" ordinal="0" offset="0" />
            </Method>
            <Method visited="false" cyclomaticComplexity="1" sequenceCoverage="0" branchCoverage="0" isConstructor="false" isStatic="false" isGetter="false" isSetter="false">
              <Summary numSequencePoints="0" visitedSequencePoints="0" numBranchPoints="0" visitedBranchPoints="0" sequenceCoverage="0" branchCoverage="0" maxCyclomaticComplexity="1" minCyclomaticComplexity="1" visitedClasses="0" numClasses="0" visitedMethods="0" numMethods="0" />
              <MetadataToken>100663736</MetadataToken>
              <Name>System.String &lt;&gt;f__AnonymousType3`5::ToString()</Name>
              <SequencePoints />
              <BranchPoints />
              <MethodPoint vc="0" uspid="2719" ordinal="0" offset="0" />
            </Method>
            <Method visited="false" cyclomaticComplexity="6" sequenceCoverage="0" branchCoverage="0" isConstructor="false" isStatic="false" isGetter="false" isSetter="false">
              <Summary numSequencePoints="0" visitedSequencePoints="0" numBranchPoints="0" visitedBranchPoints="0" sequenceCoverage="0" branchCoverage="0" maxCyclomaticComplexity="6" minCyclomaticComplexity="6" visitedClasses="0" numClasses="0" visitedMethods="0" numMethods="0" />
              <MetadataToken>100663737</MetadataToken>
              <Name>System.Boolean &lt;&gt;f__AnonymousType3`5::Equals(System.Object)</Name>
              <SequencePoints />
              <BranchPoints />
              <MethodPoint vc="0" uspid="2720" ordinal="0" offset="0" />
            </Method>
            <Method visited="false" cyclomaticComplexity="1" sequenceCoverage="0" branchCoverage="0" isConstructor="false" isStatic="false" isGetter="false" isSetter="false">
              <Summary numSequencePoints="0" visitedSequencePoints="0" numBranchPoints="0" visitedBranchPoints="0" sequenceCoverage="0" branchCoverage="0" maxCyclomaticComplexity="1" minCyclomaticComplexity="1" visitedClasses="0" numClasses="0" visitedMethods="0" numMethods="0" />
              <MetadataToken>100663738</MetadataToken>
              <Name>System.Int32 &lt;&gt;f__AnonymousType3`5::GetHashCode()</Name>
              <SequencePoints />
              <BranchPoints />
              <MethodPoint vc="0" uspid="2721" ordinal="0" offset="0" />
            </Method>
          </Methods>
        </Class>
      </Classes>
    </Module>
    <Module skippedDueTo="Filter" hash="21-F0-4E-BB-1B-85-40-9F-43-4C-AC-3B-71-B5-AA-D3-D3-4C-BE-DF">
      <FullName>E:\GitHub\RMWebAPI\RMWebAPI.Tests\bin\Debug\System.Web.Mvc.dll</FullName>
      <ModuleName>System.Web.Mvc</ModuleName>
      <Classes />
    </Module>
    <Module skippedDueTo="Filter" hash="C8-1B-95-44-2E-BF-5A-19-78-BF-E8-87-A8-C2-18-88-E9-90-3B-92">
      <FullName>C:\Windows\Microsoft.Net\assembly\GAC_MSIL\Microsoft.CSharp\v4.0_4.0.0.0__b03f5f7f11d50a3a\Microsoft.CSharp.dll</FullName>
      <ModuleName>Microsoft.CSharp</ModuleName>
      <Classes />
    </Module>
    <Module skippedDueTo="Filter" hash="79-A8-94-78-12-5A-20-71-0A-77-F6-BF-44-4F-76-CD-EE-98-04-1B">
      <FullName>C:\Windows\Microsoft.Net\assembly\GAC_MSIL\System.Core\v4.0_4.0.0.0__b77a5c561934e089\System.Core.dll</FullName>
      <ModuleName>System.Core</ModuleName>
      <Classes />
    </Module>
    <Module skippedDueTo="Filter" hash="5A-6C-7F-7A-AD-9C-F7-09-A9-F6-AD-91-20-64-57-83-B8-A0-7B-EE">
      <FullName>C:\Windows\Microsoft.Net\assembly\GAC_MSIL\System.Dynamic\v4.0_4.0.0.0__b03f5f7f11d50a3a\System.Dynamic.dll</FullName>
      <ModuleName>System.Dynamic</ModuleName>
      <Classes />
    </Module>
    <Module skippedDueTo="Filter" hash="">
      <FullName>RefEmit_InMemoryManifestModule</FullName>
      <ModuleName>Anonymously Hosted DynamicMethods Assembly</ModuleName>
      <Classes />
    </Module>
    <Module skippedDueTo="Filter" hash="8F-C3-92-B4-28-A7-81-A7-13-44-F1-25-D7-81-7B-9C-6F-38-5B-A5">
      <FullName>E:\GitHub\RMWebAPI\RMWebAPI.Tests\bin\Debug\System.Web.WebPages.dll</FullName>
      <ModuleName>System.Web.WebPages</ModuleName>
      <Classes />
    </Module>
    <Module skippedDueTo="Filter" hash="CC-2F-A7-6E-A2-C2-BE-F2-C9-A8-10-E1-7F-3B-20-56-D5-CF-A0-6F">
      <FullName>E:\GitHub\RMWebAPI\RMWebAPI.Tests\bin\Debug\System.Web.Http.dll</FullName>
      <ModuleName>System.Web.Http</ModuleName>
      <Classes />
    </Module>
  </Modules>
</CoverageSession>